Archive member included to satisfy reference by file (symbol)

.\CortexM3\ARM_GCC_541\Debug\Stepper.a(CyLib.o)
                              .\CortexM3\ARM_GCC_541\Debug\Cm3Start.o (CyHalt)
.\CortexM3\ARM_GCC_541\Debug\Stepper.a(cyPm.o)
                              .\CortexM3\ARM_GCC_541\Debug\Stepper.a(CyLib.o) (CyPmReadStatus)
.\CortexM3\ARM_GCC_541\Debug\Stepper.a(Pin_X1.o)
                              .\CortexM3\ARM_GCC_541\Debug\MotorDriver.o (Pin_X1_Write)
.\CortexM3\ARM_GCC_541\Debug\Stepper.a(Pin_X2.o)
                              .\CortexM3\ARM_GCC_541\Debug\MotorDriver.o (Pin_X2_Write)
.\CortexM3\ARM_GCC_541\Debug\Stepper.a(Pin_X3.o)
                              .\CortexM3\ARM_GCC_541\Debug\MotorDriver.o (Pin_X3_Read)
.\CortexM3\ARM_GCC_541\Debug\Stepper.a(Timer_StepperX.o)
                              .\CortexM3\ARM_GCC_541\Debug\MotorDriver.o (Timer_StepperX_Stop)
.\CortexM3\ARM_GCC_541\Debug\Stepper.a(stepper_isr.o)
                              .\CortexM3\ARM_GCC_541\Debug\MotorDriver.o (stepper_isr_StartEx)
.\CortexM3\ARM_GCC_541\Debug\Stepper.a(UART_1.o)
                              .\CortexM3\ARM_GCC_541\Debug\main.o (UART_1_Start)
.\CortexM3\ARM_GCC_541\Debug\Stepper.a(UART_1_IntClock.o)
                              .\CortexM3\ARM_GCC_541\Debug\Stepper.a(UART_1.o) (UART_1_IntClock_Start)
.\CortexM3\ARM_GCC_541\Debug\Stepper.a(uart_isr.o)
                              .\CortexM3\ARM_GCC_541\Debug\main.o (uart_isr_StartEx)
.\CortexM3\ARM_GCC_541\Debug\Stepper.a(CyBootAsmGnu.o)
                              .\CortexM3\ARM_GCC_541\Debug\cyfitter_cfg.o (CyDelayCycles)
.\CortexM3\ARM_GCC_541\Debug\Stepper.a(CyFlash.o)
                              .\CortexM3\ARM_GCC_541\Debug\Stepper.a(cyPm.o) (CyFlash_SetWaitCycles)
.\CortexM3\ARM_GCC_541\Debug\Stepper.a(CySpc.o)
                              .\CortexM3\ARM_GCC_541\Debug\Stepper.a(CyFlash.o) (CySpcStart)
c:/program files (x86)/cypress/psoc creator/4.2/psoc creator/import/gnu/arm/5.4.1/bin/../lib/gcc/arm-none-eabi/5.4.1/../../../../arm-none-eabi/lib/armv7-m\libm.a(lib_a-s_round.o)
                              .\CortexM3\ARM_GCC_541\Debug\MotorDriver.o (round)
c:/program files (x86)/cypress/psoc creator/4.2/psoc creator/import/gnu/arm/5.4.1/bin/../lib/gcc/arm-none-eabi/5.4.1/armv7-m\libgcc.a(_arm_addsubdf3.o)
                              c:/program files (x86)/cypress/psoc creator/4.2/psoc creator/import/gnu/arm/5.4.1/bin/../lib/gcc/arm-none-eabi/5.4.1/../../../../arm-none-eabi/lib/armv7-m\libm.a(lib_a-s_round.o) (__aeabi_dadd)
c:/program files (x86)/cypress/psoc creator/4.2/psoc creator/import/gnu/arm/5.4.1/bin/../lib/gcc/arm-none-eabi/5.4.1/armv7-m\libgcc.a(_arm_muldivdf3.o)
                              .\CortexM3\ARM_GCC_541\Debug\MotorDriver.o (__aeabi_ddiv)
c:/program files (x86)/cypress/psoc creator/4.2/psoc creator/import/gnu/arm/5.4.1/bin/../lib/gcc/arm-none-eabi/5.4.1/armv7-m\libgcc.a(_arm_fixdfsi.o)
                              .\CortexM3\ARM_GCC_541\Debug\MotorDriver.o (__aeabi_d2iz)
c:/program files (x86)/cypress/psoc creator/4.2/psoc creator/import/gnu/arm/5.4.1/bin/../lib/gcc/arm-none-eabi/5.4.1/armv7-m\libgcc.a(_arm_truncdfsf2.o)
                              .\CortexM3\ARM_GCC_541\Debug\MotorDriver.o (__aeabi_d2f)
c:/program files (x86)/cypress/psoc creator/4.2/psoc creator/import/gnu/arm/5.4.1/bin/../lib/gcc/arm-none-eabi/5.4.1/../../../../arm-none-eabi/lib/armv7-m\libg_nano.a(lib_a-errno.o)
                              .\CortexM3\ARM_GCC_541\Debug\Cm3Start.o (__errno)
c:/program files (x86)/cypress/psoc creator/4.2/psoc creator/import/gnu/arm/5.4.1/bin/../lib/gcc/arm-none-eabi/5.4.1/../../../../arm-none-eabi/lib/armv7-m\libg_nano.a(lib_a-exit.o)
                              c:/program files (x86)/cypress/psoc creator/4.2/psoc creator/import/gnu/arm/5.4.1/bin/../lib/gcc/arm-none-eabi/5.4.1/../../../../arm-none-eabi/lib/armv7-m/crt0.o (exit)
c:/program files (x86)/cypress/psoc creator/4.2/psoc creator/import/gnu/arm/5.4.1/bin/../lib/gcc/arm-none-eabi/5.4.1/../../../../arm-none-eabi/lib/armv7-m\libg_nano.a(lib_a-impure.o)
                              c:/program files (x86)/cypress/psoc creator/4.2/psoc creator/import/gnu/arm/5.4.1/bin/../lib/gcc/arm-none-eabi/5.4.1/../../../../arm-none-eabi/lib/armv7-m\libg_nano.a(lib_a-exit.o) (_global_impure_ptr)
c:/program files (x86)/cypress/psoc creator/4.2/psoc creator/import/gnu/arm/5.4.1/bin/../lib/gcc/arm-none-eabi/5.4.1/../../../../arm-none-eabi/lib/armv7-m\libg_nano.a(lib_a-init.o)
                              c:/program files (x86)/cypress/psoc creator/4.2/psoc creator/import/gnu/arm/5.4.1/bin/../lib/gcc/arm-none-eabi/5.4.1/../../../../arm-none-eabi/lib/armv7-m/crt0.o (__libc_init_array)
c:/program files (x86)/cypress/psoc creator/4.2/psoc creator/import/gnu/arm/5.4.1/bin/../lib/gcc/arm-none-eabi/5.4.1/../../../../arm-none-eabi/lib/armv7-m\libg_nano.a(lib_a-memcpy-stub.o)
                              .\CortexM3\ARM_GCC_541\Debug\cyfitter_cfg.o (memcpy)
c:/program files (x86)/cypress/psoc creator/4.2/psoc creator/import/gnu/arm/5.4.1/bin/../lib/gcc/arm-none-eabi/5.4.1/../../../../arm-none-eabi/lib/armv7-m\libg_nano.a(lib_a-memset.o)
                              c:/program files (x86)/cypress/psoc creator/4.2/psoc creator/import/gnu/arm/5.4.1/bin/../lib/gcc/arm-none-eabi/5.4.1/../../../../arm-none-eabi/lib/armv7-m/crt0.o (memset)

Allocating common symbols
Common symbol       size              file

stepperStateX       0x1               .\CortexM3\ARM_GCC_541\Debug\main.o
stepperPositionX    0x4               .\CortexM3\ARM_GCC_541\Debug\main.o
timerDoneFlag       0x1               .\CortexM3\ARM_GCC_541\Debug\main.o
dieTemperature      0x2               .\CortexM3\ARM_GCC_541\Debug\Stepper.a(CyFlash.o)

Discarded input sections

 .text          0x00000000        0x0 c:/program files (x86)/cypress/psoc creator/4.2/psoc creator/import/gnu/arm/5.4.1/bin/../lib/gcc/arm-none-eabi/5.4.1/armv7-m/crti.o
 .data          0x00000000        0x0 c:/program files (x86)/cypress/psoc creator/4.2/psoc creator/import/gnu/arm/5.4.1/bin/../lib/gcc/arm-none-eabi/5.4.1/armv7-m/crti.o
 .bss           0x00000000        0x0 c:/program files (x86)/cypress/psoc creator/4.2/psoc creator/import/gnu/arm/5.4.1/bin/../lib/gcc/arm-none-eabi/5.4.1/armv7-m/crti.o
 .data          0x00000000        0x4 c:/program files (x86)/cypress/psoc creator/4.2/psoc creator/import/gnu/arm/5.4.1/bin/../lib/gcc/arm-none-eabi/5.4.1/armv7-m/crtbegin.o
 .text          0x00000000       0x74 c:/program files (x86)/cypress/psoc creator/4.2/psoc creator/import/gnu/arm/5.4.1/bin/../lib/gcc/arm-none-eabi/5.4.1/../../../../arm-none-eabi/lib/armv7-m/crt0.o
 .data          0x00000000        0x0 c:/program files (x86)/cypress/psoc creator/4.2/psoc creator/import/gnu/arm/5.4.1/bin/../lib/gcc/arm-none-eabi/5.4.1/../../../../arm-none-eabi/lib/armv7-m/crt0.o
 .bss           0x00000000        0x0 c:/program files (x86)/cypress/psoc creator/4.2/psoc creator/import/gnu/arm/5.4.1/bin/../lib/gcc/arm-none-eabi/5.4.1/../../../../arm-none-eabi/lib/armv7-m/crt0.o
 .ARM.extab     0x00000000        0x0 c:/program files (x86)/cypress/psoc creator/4.2/psoc creator/import/gnu/arm/5.4.1/bin/../lib/gcc/arm-none-eabi/5.4.1/../../../../arm-none-eabi/lib/armv7-m/crt0.o
 .ARM.exidx     0x00000000        0x8 c:/program files (x86)/cypress/psoc creator/4.2/psoc creator/import/gnu/arm/5.4.1/bin/../lib/gcc/arm-none-eabi/5.4.1/../../../../arm-none-eabi/lib/armv7-m/crt0.o
 .text          0x00000000        0x0 .\CortexM3\ARM_GCC_541\Debug\main.o
 .data          0x00000000        0x0 .\CortexM3\ARM_GCC_541\Debug\main.o
 .text          0x00000000        0x0 .\CortexM3\ARM_GCC_541\Debug\MotorDriver.o
 .data          0x00000000        0x0 .\CortexM3\ARM_GCC_541\Debug\MotorDriver.o
 .bss           0x00000000        0x0 .\CortexM3\ARM_GCC_541\Debug\MotorDriver.o
 .text          0x00000000        0x0 .\CortexM3\ARM_GCC_541\Debug\cyfitter_cfg.o
 .data          0x00000000        0x0 .\CortexM3\ARM_GCC_541\Debug\cyfitter_cfg.o
 .bss           0x00000000        0x0 .\CortexM3\ARM_GCC_541\Debug\cyfitter_cfg.o
 .text.SetAnalogRoutingPumps
                0x00000000       0x10 .\CortexM3\ARM_GCC_541\Debug\cyfitter_cfg.o
 .text          0x00000000        0x0 .\CortexM3\ARM_GCC_541\Debug\cymetadata.o
 .data          0x00000000        0x0 .\CortexM3\ARM_GCC_541\Debug\cymetadata.o
 .bss           0x00000000        0x0 .\CortexM3\ARM_GCC_541\Debug\cymetadata.o
 .text          0x00000000        0x0 .\CortexM3\ARM_GCC_541\Debug\Cm3Start.o
 .data          0x00000000        0x4 .\CortexM3\ARM_GCC_541\Debug\Cm3Start.o
 .bss           0x00000000        0x0 .\CortexM3\ARM_GCC_541\Debug\Cm3Start.o
 .text._exit    0x00000000        0xc .\CortexM3\ARM_GCC_541\Debug\Cm3Start.o
 .text._sbrk    0x00000000       0x30 .\CortexM3\ARM_GCC_541\Debug\Cm3Start.o
 .text          0x00000000        0x0 .\CortexM3\ARM_GCC_541\Debug\Stepper.a(CyLib.o)
 .data          0x00000000       0x10 .\CortexM3\ARM_GCC_541\Debug\Stepper.a(CyLib.o)
 .bss           0x00000000       0x1c .\CortexM3\ARM_GCC_541\Debug\Stepper.a(CyLib.o)
 .text.CyUSB_PowerOnCheck
                0x00000000       0x48 .\CortexM3\ARM_GCC_541\Debug\Stepper.a(CyLib.o)
 .text.CyBusClk_Internal_SetDivider
                0x00000000       0x48 .\CortexM3\ARM_GCC_541\Debug\Stepper.a(CyLib.o)
 .text.CyPLL_OUT_Stop
                0x00000000       0x10 .\CortexM3\ARM_GCC_541\Debug\Stepper.a(CyLib.o)
 .text.CyIMO_Stop
                0x00000000       0x1c .\CortexM3\ARM_GCC_541\Debug\Stepper.a(CyLib.o)
 .text.CyIMO_EnableDoubler
                0x00000000       0x10 .\CortexM3\ARM_GCC_541\Debug\Stepper.a(CyLib.o)
 .text.CyIMO_DisableDoubler
                0x00000000       0x10 .\CortexM3\ARM_GCC_541\Debug\Stepper.a(CyLib.o)
 .text.CyMasterClk_SetSource
                0x00000000       0x18 .\CortexM3\ARM_GCC_541\Debug\Stepper.a(CyLib.o)
 .text.CyMasterClk_SetDivider
                0x00000000        0xc .\CortexM3\ARM_GCC_541\Debug\Stepper.a(CyLib.o)
 .text.CyBusClk_SetDivider
                0x00000000       0x70 .\CortexM3\ARM_GCC_541\Debug\Stepper.a(CyLib.o)
 .text.CyUsbClk_SetSource
                0x00000000       0x18 .\CortexM3\ARM_GCC_541\Debug\Stepper.a(CyLib.o)
 .text.CyILO_Start1K
                0x00000000       0x10 .\CortexM3\ARM_GCC_541\Debug\Stepper.a(CyLib.o)
 .text.CyILO_Stop1K
                0x00000000       0x10 .\CortexM3\ARM_GCC_541\Debug\Stepper.a(CyLib.o)
 .text.CyILO_Start100K
                0x00000000       0x10 .\CortexM3\ARM_GCC_541\Debug\Stepper.a(CyLib.o)
 .text.CyILO_Stop100K
                0x00000000       0x10 .\CortexM3\ARM_GCC_541\Debug\Stepper.a(CyLib.o)
 .text.CyPLL_OUT_Start
                0x00000000       0x78 .\CortexM3\ARM_GCC_541\Debug\Stepper.a(CyLib.o)
 .text.CyIMO_Start
                0x00000000       0x60 .\CortexM3\ARM_GCC_541\Debug\Stepper.a(CyLib.o)
 .text.CyILO_Enable33K
                0x00000000       0x10 .\CortexM3\ARM_GCC_541\Debug\Stepper.a(CyLib.o)
 .text.CyILO_Disable33K
                0x00000000       0x10 .\CortexM3\ARM_GCC_541\Debug\Stepper.a(CyLib.o)
 .text.CyILO_SetSource
                0x00000000       0x18 .\CortexM3\ARM_GCC_541\Debug\Stepper.a(CyLib.o)
 .text.CyILO_SetPowerMode
                0x00000000       0x24 .\CortexM3\ARM_GCC_541\Debug\Stepper.a(CyLib.o)
 .text.CyXTAL_32KHZ_Stop
                0x00000000       0x30 .\CortexM3\ARM_GCC_541\Debug\Stepper.a(CyLib.o)
 .text.CyXTAL_32KHZ_ReadStatus
                0x00000000       0x10 .\CortexM3\ARM_GCC_541\Debug\Stepper.a(CyLib.o)
 .text.CyXTAL_Start
                0x00000000       0xac .\CortexM3\ARM_GCC_541\Debug\Stepper.a(CyLib.o)
 .text.CyXTAL_Stop
                0x00000000       0x10 .\CortexM3\ARM_GCC_541\Debug\Stepper.a(CyLib.o)
 .text.CyXTAL_EnableErrStatus
                0x00000000       0x10 .\CortexM3\ARM_GCC_541\Debug\Stepper.a(CyLib.o)
 .text.CyXTAL_DisableErrStatus
                0x00000000       0x10 .\CortexM3\ARM_GCC_541\Debug\Stepper.a(CyLib.o)
 .text.CyXTAL_ReadStatus
                0x00000000       0x18 .\CortexM3\ARM_GCC_541\Debug\Stepper.a(CyLib.o)
 .text.CyXTAL_EnableFaultRecovery
                0x00000000       0x10 .\CortexM3\ARM_GCC_541\Debug\Stepper.a(CyLib.o)
 .text.CyXTAL_DisableFaultRecovery
                0x00000000       0x10 .\CortexM3\ARM_GCC_541\Debug\Stepper.a(CyLib.o)
 .text.CyXTAL_SetStartup
                0x00000000       0x18 .\CortexM3\ARM_GCC_541\Debug\Stepper.a(CyLib.o)
 .text.CyXTAL_SetFbVoltage
                0x00000000       0x18 .\CortexM3\ARM_GCC_541\Debug\Stepper.a(CyLib.o)
 .text.CyXTAL_SetWdVoltage
                0x00000000       0x18 .\CortexM3\ARM_GCC_541\Debug\Stepper.a(CyLib.o)
 .text.CyHalt   0x00000000        0x4 .\CortexM3\ARM_GCC_541\Debug\Stepper.a(CyLib.o)
 .text.CyPLL_OUT_SetPQ
                0x00000000       0x60 .\CortexM3\ARM_GCC_541\Debug\Stepper.a(CyLib.o)
 .text.CyPLL_OUT_SetSource
                0x00000000       0x34 .\CortexM3\ARM_GCC_541\Debug\Stepper.a(CyLib.o)
 .text.CyIMO_SetTrimValue
                0x00000000       0xcc .\CortexM3\ARM_GCC_541\Debug\Stepper.a(CyLib.o)
 .text.CyIMO_SetFreq
                0x00000000       0xf4 .\CortexM3\ARM_GCC_541\Debug\Stepper.a(CyLib.o)
 .text.CyIMO_SetSource
                0x00000000       0x58 .\CortexM3\ARM_GCC_541\Debug\Stepper.a(CyLib.o)
 .text.CySoftwareReset
                0x00000000       0x10 .\CortexM3\ARM_GCC_541\Debug\Stepper.a(CyLib.o)
 .text.CyDelay  0x00000000       0x2c .\CortexM3\ARM_GCC_541\Debug\Stepper.a(CyLib.o)
 .text.CyDelayUs
                0x00000000       0x14 .\CortexM3\ARM_GCC_541\Debug\Stepper.a(CyLib.o)
 .text.CyXTAL_32KHZ_SetPowerMode
                0x00000000       0x84 .\CortexM3\ARM_GCC_541\Debug\Stepper.a(CyLib.o)
 .text.CyXTAL_32KHZ_Start
                0x00000000       0x74 .\CortexM3\ARM_GCC_541\Debug\Stepper.a(CyLib.o)
 .text.CyDelayFreq
                0x00000000       0x4c .\CortexM3\ARM_GCC_541\Debug\Stepper.a(CyLib.o)
 .text.CyWdtStart
                0x00000000       0x40 .\CortexM3\ARM_GCC_541\Debug\Stepper.a(CyLib.o)
 .text.CyWdtClear
                0x00000000        0xc .\CortexM3\ARM_GCC_541\Debug\Stepper.a(CyLib.o)
 .text.CyVdStickyStatus
                0x00000000       0x2c .\CortexM3\ARM_GCC_541\Debug\Stepper.a(CyLib.o)
 .text.CyVdLvDigitEnable
                0x00000000       0x84 .\CortexM3\ARM_GCC_541\Debug\Stepper.a(CyLib.o)
 .text.CyVdLvAnalogEnable
                0x00000000       0x80 .\CortexM3\ARM_GCC_541\Debug\Stepper.a(CyLib.o)
 .text.CyVdLvDigitDisable
                0x00000000       0x30 .\CortexM3\ARM_GCC_541\Debug\Stepper.a(CyLib.o)
 .text.CyVdLvAnalogDisable
                0x00000000       0x28 .\CortexM3\ARM_GCC_541\Debug\Stepper.a(CyLib.o)
 .text.CyVdHvAnalogEnable
                0x00000000       0x54 .\CortexM3\ARM_GCC_541\Debug\Stepper.a(CyLib.o)
 .text.CyVdHvAnalogDisable
                0x00000000       0x20 .\CortexM3\ARM_GCC_541\Debug\Stepper.a(CyLib.o)
 .text.CyVdRealTimeStatus
                0x00000000       0x1c .\CortexM3\ARM_GCC_541\Debug\Stepper.a(CyLib.o)
 .text.CyDisableInts
                0x00000000       0x1c .\CortexM3\ARM_GCC_541\Debug\Stepper.a(CyLib.o)
 .text.CyEnableInts
                0x00000000       0x18 .\CortexM3\ARM_GCC_541\Debug\Stepper.a(CyLib.o)
 .text.CyFlushCache
                0x00000000       0x44 .\CortexM3\ARM_GCC_541\Debug\Stepper.a(CyLib.o)
 .text.CyIntSetSysVector
                0x00000000       0x28 .\CortexM3\ARM_GCC_541\Debug\Stepper.a(CyLib.o)
 .text.CyIntGetSysVector
                0x00000000       0x20 .\CortexM3\ARM_GCC_541\Debug\Stepper.a(CyLib.o)
 .text.CyIntSetVector
                0x00000000       0x28 .\CortexM3\ARM_GCC_541\Debug\Stepper.a(CyLib.o)
 .text.CyIntGetVector
                0x00000000       0x24 .\CortexM3\ARM_GCC_541\Debug\Stepper.a(CyLib.o)
 .text.CyIntSetPriority
                0x00000000       0x30 .\CortexM3\ARM_GCC_541\Debug\Stepper.a(CyLib.o)
 .text.CyIntGetPriority
                0x00000000       0x20 .\CortexM3\ARM_GCC_541\Debug\Stepper.a(CyLib.o)
 .text.CyIntGetState
                0x00000000       0x24 .\CortexM3\ARM_GCC_541\Debug\Stepper.a(CyLib.o)
 .text.CySysTickStop
                0x00000000       0x10 .\CortexM3\ARM_GCC_541\Debug\Stepper.a(CyLib.o)
 .text.CySysTickEnableInterrupt
                0x00000000       0x10 .\CortexM3\ARM_GCC_541\Debug\Stepper.a(CyLib.o)
 .text.CySysTickEnable
                0x00000000       0x18 .\CortexM3\ARM_GCC_541\Debug\Stepper.a(CyLib.o)
 .text.CySysTickDisableInterrupt
                0x00000000       0x10 .\CortexM3\ARM_GCC_541\Debug\Stepper.a(CyLib.o)
 .text.CySysTickSetReload
                0x00000000       0x10 .\CortexM3\ARM_GCC_541\Debug\Stepper.a(CyLib.o)
 .text.CySysTickGetReload
                0x00000000       0x10 .\CortexM3\ARM_GCC_541\Debug\Stepper.a(CyLib.o)
 .text.CySysTickGetValue
                0x00000000       0x10 .\CortexM3\ARM_GCC_541\Debug\Stepper.a(CyLib.o)
 .text.CySysTickSetClockSource
                0x00000000       0x20 .\CortexM3\ARM_GCC_541\Debug\Stepper.a(CyLib.o)
 .text.CySysTickGetClockSource
                0x00000000       0x10 .\CortexM3\ARM_GCC_541\Debug\Stepper.a(CyLib.o)
 .text.CySysTickGetCountFlag
                0x00000000       0x10 .\CortexM3\ARM_GCC_541\Debug\Stepper.a(CyLib.o)
 .text.CySysTickServiceCallbacks
                0x00000000       0x28 .\CortexM3\ARM_GCC_541\Debug\Stepper.a(CyLib.o)
 .text.CySysTickClear
                0x00000000        0xc .\CortexM3\ARM_GCC_541\Debug\Stepper.a(CyLib.o)
 .text.CySysTickInit
                0x00000000       0x58 .\CortexM3\ARM_GCC_541\Debug\Stepper.a(CyLib.o)
 .text.CySysTickStart
                0x00000000       0x1c .\CortexM3\ARM_GCC_541\Debug\Stepper.a(CyLib.o)
 .text.CySysTickSetCallback
                0x00000000       0x10 .\CortexM3\ARM_GCC_541\Debug\Stepper.a(CyLib.o)
 .text.CySysTickGetCallback
                0x00000000       0x10 .\CortexM3\ARM_GCC_541\Debug\Stepper.a(CyLib.o)
 .text.CyGetUniqueId
                0x00000000       0x70 .\CortexM3\ARM_GCC_541\Debug\Stepper.a(CyLib.o)
 .text          0x00000000        0x0 .\CortexM3\ARM_GCC_541\Debug\Stepper.a(cyPm.o)
 .data          0x00000000        0x0 .\CortexM3\ARM_GCC_541\Debug\Stepper.a(cyPm.o)
 .bss           0x00000000       0x43 .\CortexM3\ARM_GCC_541\Debug\Stepper.a(cyPm.o)
 .text.CyPmHibSlpSaveSet
                0x00000000      0x1dc .\CortexM3\ARM_GCC_541\Debug\Stepper.a(cyPm.o)
 .text.CyPmHibSlpRestore
                0x00000000       0xd8 .\CortexM3\ARM_GCC_541\Debug\Stepper.a(cyPm.o)
 .text.CyPmHviLviSaveDisable
                0x00000000       0xa0 .\CortexM3\ARM_GCC_541\Debug\Stepper.a(cyPm.o)
 .text.CyPmHibSaveSet
                0x00000000       0x98 .\CortexM3\ARM_GCC_541\Debug\Stepper.a(cyPm.o)
 .text.CyPmHviLviRestore
                0x00000000       0x48 .\CortexM3\ARM_GCC_541\Debug\Stepper.a(cyPm.o)
 .text.CyPmHibRestore
                0x00000000       0x60 .\CortexM3\ARM_GCC_541\Debug\Stepper.a(cyPm.o)
 .text.CyPmSaveClocks
                0x00000000      0x218 .\CortexM3\ARM_GCC_541\Debug\Stepper.a(cyPm.o)
 .text.CyPmRestoreClocks
                0x00000000      0x24c .\CortexM3\ARM_GCC_541\Debug\Stepper.a(cyPm.o)
 .text.CyPmAltAct
                0x00000000       0x6c .\CortexM3\ARM_GCC_541\Debug\Stepper.a(cyPm.o)
 .text.CyPmSleep
                0x00000000       0xf4 .\CortexM3\ARM_GCC_541\Debug\Stepper.a(cyPm.o)
 .text.CyPmHibernateEx
                0x00000000       0xf4 .\CortexM3\ARM_GCC_541\Debug\Stepper.a(cyPm.o)
 .text.CyPmHibernate
                0x00000000        0xc .\CortexM3\ARM_GCC_541\Debug\Stepper.a(cyPm.o)
 .text.CyPmReadStatus
                0x00000000       0x30 .\CortexM3\ARM_GCC_541\Debug\Stepper.a(cyPm.o)
 .text.CyPmCtwSetInterval
                0x00000000       0x5c .\CortexM3\ARM_GCC_541\Debug\Stepper.a(cyPm.o)
 .text.CyPmOppsSet
                0x00000000       0x2c .\CortexM3\ARM_GCC_541\Debug\Stepper.a(cyPm.o)
 .text.CyPmFtwSetInterval
                0x00000000       0x5c .\CortexM3\ARM_GCC_541\Debug\Stepper.a(cyPm.o)
 .rodata        0x00000000        0xf .\CortexM3\ARM_GCC_541\Debug\Stepper.a(cyPm.o)
 .text          0x00000000        0x0 .\CortexM3\ARM_GCC_541\Debug\Stepper.a(Pin_X1.o)
 .data          0x00000000        0x0 .\CortexM3\ARM_GCC_541\Debug\Stepper.a(Pin_X1.o)
 .bss           0x00000000        0x0 .\CortexM3\ARM_GCC_541\Debug\Stepper.a(Pin_X1.o)
 .text.Pin_X1_SetDriveMode
                0x00000000       0x18 .\CortexM3\ARM_GCC_541\Debug\Stepper.a(Pin_X1.o)
 .text.Pin_X1_Read
                0x00000000       0x10 .\CortexM3\ARM_GCC_541\Debug\Stepper.a(Pin_X1.o)
 .text.Pin_X1_ReadDataReg
                0x00000000       0x10 .\CortexM3\ARM_GCC_541\Debug\Stepper.a(Pin_X1.o)
 .text          0x00000000        0x0 .\CortexM3\ARM_GCC_541\Debug\Stepper.a(Pin_X2.o)
 .data          0x00000000        0x0 .\CortexM3\ARM_GCC_541\Debug\Stepper.a(Pin_X2.o)
 .bss           0x00000000        0x0 .\CortexM3\ARM_GCC_541\Debug\Stepper.a(Pin_X2.o)
 .text.Pin_X2_SetDriveMode
                0x00000000       0x18 .\CortexM3\ARM_GCC_541\Debug\Stepper.a(Pin_X2.o)
 .text.Pin_X2_Read
                0x00000000       0x10 .\CortexM3\ARM_GCC_541\Debug\Stepper.a(Pin_X2.o)
 .text.Pin_X2_ReadDataReg
                0x00000000       0x10 .\CortexM3\ARM_GCC_541\Debug\Stepper.a(Pin_X2.o)
 .text          0x00000000        0x0 .\CortexM3\ARM_GCC_541\Debug\Stepper.a(Pin_X3.o)
 .data          0x00000000        0x0 .\CortexM3\ARM_GCC_541\Debug\Stepper.a(Pin_X3.o)
 .bss           0x00000000        0x0 .\CortexM3\ARM_GCC_541\Debug\Stepper.a(Pin_X3.o)
 .text.Pin_X3_Write
                0x00000000       0x18 .\CortexM3\ARM_GCC_541\Debug\Stepper.a(Pin_X3.o)
 .text.Pin_X3_SetDriveMode
                0x00000000       0x18 .\CortexM3\ARM_GCC_541\Debug\Stepper.a(Pin_X3.o)
 .text.Pin_X3_ReadDataReg
                0x00000000       0x10 .\CortexM3\ARM_GCC_541\Debug\Stepper.a(Pin_X3.o)
 .text          0x00000000        0x0 .\CortexM3\ARM_GCC_541\Debug\Stepper.a(Timer_StepperX.o)
 .data          0x00000000        0x0 .\CortexM3\ARM_GCC_541\Debug\Stepper.a(Timer_StepperX.o)
 .text.Timer_StepperX_SoftwareCapture
                0x00000000        0xc .\CortexM3\ARM_GCC_541\Debug\Stepper.a(Timer_StepperX.o)
 .text.Timer_StepperX_ReadStatusRegister
                0x00000000        0xc .\CortexM3\ARM_GCC_541\Debug\Stepper.a(Timer_StepperX.o)
 .text.Timer_StepperX_ReadControlRegister
                0x00000000        0xc .\CortexM3\ARM_GCC_541\Debug\Stepper.a(Timer_StepperX.o)
 .text.Timer_StepperX_WriteControlRegister
                0x00000000        0xc .\CortexM3\ARM_GCC_541\Debug\Stepper.a(Timer_StepperX.o)
 .text.Timer_StepperX_ReadPeriod
                0x00000000        0xc .\CortexM3\ARM_GCC_541\Debug\Stepper.a(Timer_StepperX.o)
 .text.Timer_StepperX_ReadCapture
                0x00000000        0xc .\CortexM3\ARM_GCC_541\Debug\Stepper.a(Timer_StepperX.o)
 .text.Timer_StepperX_ReadCounter
                0x00000000       0x14 .\CortexM3\ARM_GCC_541\Debug\Stepper.a(Timer_StepperX.o)
 .text          0x00000000        0x0 .\CortexM3\ARM_GCC_541\Debug\Stepper.a(stepper_isr.o)
 .data          0x00000000        0x0 .\CortexM3\ARM_GCC_541\Debug\Stepper.a(stepper_isr.o)
 .bss           0x00000000        0x0 .\CortexM3\ARM_GCC_541\Debug\Stepper.a(stepper_isr.o)
 .text.stepper_isr_Interrupt
                0x00000000        0x4 .\CortexM3\ARM_GCC_541\Debug\Stepper.a(stepper_isr.o)
 .text.stepper_isr_GetVector
                0x00000000        0xc .\CortexM3\ARM_GCC_541\Debug\Stepper.a(stepper_isr.o)
 .text.stepper_isr_GetPriority
                0x00000000        0xc .\CortexM3\ARM_GCC_541\Debug\Stepper.a(stepper_isr.o)
 .text.stepper_isr_GetState
                0x00000000       0x10 .\CortexM3\ARM_GCC_541\Debug\Stepper.a(stepper_isr.o)
 .text.stepper_isr_Start
                0x00000000       0x1c .\CortexM3\ARM_GCC_541\Debug\Stepper.a(stepper_isr.o)
 .text.stepper_isr_Stop
                0x00000000       0x14 .\CortexM3\ARM_GCC_541\Debug\Stepper.a(stepper_isr.o)
 .text.stepper_isr_SetPending
                0x00000000        0xc .\CortexM3\ARM_GCC_541\Debug\Stepper.a(stepper_isr.o)
 .text.stepper_isr_ClearPending
                0x00000000        0xc .\CortexM3\ARM_GCC_541\Debug\Stepper.a(stepper_isr.o)
 .text          0x00000000        0x0 .\CortexM3\ARM_GCC_541\Debug\Stepper.a(UART_1.o)
 .data          0x00000000        0x0 .\CortexM3\ARM_GCC_541\Debug\Stepper.a(UART_1.o)
 .text.UART_1_Stop
                0x00000000       0x3c .\CortexM3\ARM_GCC_541\Debug\Stepper.a(UART_1.o)
 .text.UART_1_ReadControlRegister
                0x00000000        0x4 .\CortexM3\ARM_GCC_541\Debug\Stepper.a(UART_1.o)
 .text.UART_1_WriteControlRegister
                0x00000000        0x4 .\CortexM3\ARM_GCC_541\Debug\Stepper.a(UART_1.o)
 .text.UART_1_SetRxInterruptMode
                0x00000000        0xc .\CortexM3\ARM_GCC_541\Debug\Stepper.a(UART_1.o)
 .text.UART_1_ReadRxStatus
                0x00000000       0x10 .\CortexM3\ARM_GCC_541\Debug\Stepper.a(UART_1.o)
 .text.UART_1_GetChar
                0x00000000       0x2c .\CortexM3\ARM_GCC_541\Debug\Stepper.a(UART_1.o)
 .text.UART_1_GetByte
                0x00000000       0x14 .\CortexM3\ARM_GCC_541\Debug\Stepper.a(UART_1.o)
 .text.UART_1_GetRxBufferSize
                0x00000000       0x18 .\CortexM3\ARM_GCC_541\Debug\Stepper.a(UART_1.o)
 .text.UART_1_ClearRxBuffer
                0x00000000       0x24 .\CortexM3\ARM_GCC_541\Debug\Stepper.a(UART_1.o)
 .text.UART_1_SetRxAddressMode
                0x00000000        0x4 .\CortexM3\ARM_GCC_541\Debug\Stepper.a(UART_1.o)
 .text.UART_1_SetRxAddress1
                0x00000000        0xc .\CortexM3\ARM_GCC_541\Debug\Stepper.a(UART_1.o)
 .text.UART_1_SetRxAddress2
                0x00000000        0xc .\CortexM3\ARM_GCC_541\Debug\Stepper.a(UART_1.o)
 .text.UART_1_SetTxInterruptMode
                0x00000000        0xc .\CortexM3\ARM_GCC_541\Debug\Stepper.a(UART_1.o)
 .text.UART_1_WriteTxData
                0x00000000       0x14 .\CortexM3\ARM_GCC_541\Debug\Stepper.a(UART_1.o)
 .text.UART_1_ReadTxStatus
                0x00000000        0xc .\CortexM3\ARM_GCC_541\Debug\Stepper.a(UART_1.o)
 .text.UART_1_PutArray
                0x00000000       0x28 .\CortexM3\ARM_GCC_541\Debug\Stepper.a(UART_1.o)
 .text.UART_1_PutCRLF
                0x00000000       0x20 .\CortexM3\ARM_GCC_541\Debug\Stepper.a(UART_1.o)
 .text.UART_1_GetTxBufferSize
                0x00000000       0x24 .\CortexM3\ARM_GCC_541\Debug\Stepper.a(UART_1.o)
 .text.UART_1_ClearTxBuffer
                0x00000000       0x24 .\CortexM3\ARM_GCC_541\Debug\Stepper.a(UART_1.o)
 .text.UART_1_SendBreak
                0x00000000       0x5c .\CortexM3\ARM_GCC_541\Debug\Stepper.a(UART_1.o)
 .text.UART_1_SetTxAddressMode
                0x00000000        0x4 .\CortexM3\ARM_GCC_541\Debug\Stepper.a(UART_1.o)
 .text          0x00000000        0x0 .\CortexM3\ARM_GCC_541\Debug\Stepper.a(UART_1_IntClock.o)
 .data          0x00000000        0x0 .\CortexM3\ARM_GCC_541\Debug\Stepper.a(UART_1_IntClock.o)
 .bss           0x00000000        0x0 .\CortexM3\ARM_GCC_541\Debug\Stepper.a(UART_1_IntClock.o)
 .text.UART_1_IntClock_Stop
                0x00000000       0x1c .\CortexM3\ARM_GCC_541\Debug\Stepper.a(UART_1_IntClock.o)
 .text.UART_1_IntClock_StopBlock
                0x00000000       0x6c .\CortexM3\ARM_GCC_541\Debug\Stepper.a(UART_1_IntClock.o)
 .text.UART_1_IntClock_StandbyPower
                0x00000000       0x20 .\CortexM3\ARM_GCC_541\Debug\Stepper.a(UART_1_IntClock.o)
 .text.UART_1_IntClock_GetDividerRegister
                0x00000000        0xc .\CortexM3\ARM_GCC_541\Debug\Stepper.a(UART_1_IntClock.o)
 .text.UART_1_IntClock_SetModeRegister
                0x00000000       0x14 .\CortexM3\ARM_GCC_541\Debug\Stepper.a(UART_1_IntClock.o)
 .text.UART_1_IntClock_ClearModeRegister
                0x00000000       0x18 .\CortexM3\ARM_GCC_541\Debug\Stepper.a(UART_1_IntClock.o)
 .text.UART_1_IntClock_GetModeRegister
                0x00000000       0x10 .\CortexM3\ARM_GCC_541\Debug\Stepper.a(UART_1_IntClock.o)
 .text.UART_1_IntClock_GetSourceRegister
                0x00000000       0x10 .\CortexM3\ARM_GCC_541\Debug\Stepper.a(UART_1_IntClock.o)
 .text.UART_1_IntClock_SetDividerRegister
                0x00000000       0xdc .\CortexM3\ARM_GCC_541\Debug\Stepper.a(UART_1_IntClock.o)
 .text.UART_1_IntClock_SetSourceRegister
                0x00000000       0x5c .\CortexM3\ARM_GCC_541\Debug\Stepper.a(UART_1_IntClock.o)
 .text          0x00000000        0x0 .\CortexM3\ARM_GCC_541\Debug\Stepper.a(uart_isr.o)
 .data          0x00000000        0x0 .\CortexM3\ARM_GCC_541\Debug\Stepper.a(uart_isr.o)
 .bss           0x00000000        0x0 .\CortexM3\ARM_GCC_541\Debug\Stepper.a(uart_isr.o)
 .text.uart_isr_Interrupt
                0x00000000        0x4 .\CortexM3\ARM_GCC_541\Debug\Stepper.a(uart_isr.o)
 .text.uart_isr_GetVector
                0x00000000        0xc .\CortexM3\ARM_GCC_541\Debug\Stepper.a(uart_isr.o)
 .text.uart_isr_GetPriority
                0x00000000        0xc .\CortexM3\ARM_GCC_541\Debug\Stepper.a(uart_isr.o)
 .text.uart_isr_GetState
                0x00000000       0x18 .\CortexM3\ARM_GCC_541\Debug\Stepper.a(uart_isr.o)
 .text.uart_isr_Start
                0x00000000       0x1c .\CortexM3\ARM_GCC_541\Debug\Stepper.a(uart_isr.o)
 .text.uart_isr_Stop
                0x00000000       0x14 .\CortexM3\ARM_GCC_541\Debug\Stepper.a(uart_isr.o)
 .text.uart_isr_SetPending
                0x00000000        0xc .\CortexM3\ARM_GCC_541\Debug\Stepper.a(uart_isr.o)
 .text.uart_isr_ClearPending
                0x00000000        0xc .\CortexM3\ARM_GCC_541\Debug\Stepper.a(uart_isr.o)
 .data          0x00000000        0x0 .\CortexM3\ARM_GCC_541\Debug\Stepper.a(CyBootAsmGnu.o)
 .bss           0x00000000        0x0 .\CortexM3\ARM_GCC_541\Debug\Stepper.a(CyBootAsmGnu.o)
 .text          0x00000000        0x0 .\CortexM3\ARM_GCC_541\Debug\Stepper.a(CyFlash.o)
 .data          0x00000000        0x0 .\CortexM3\ARM_GCC_541\Debug\Stepper.a(CyFlash.o)
 .bss           0x00000000        0x0 .\CortexM3\ARM_GCC_541\Debug\Stepper.a(CyFlash.o)
 .text.CySetTempInt
                0x00000000       0x60 .\CortexM3\ARM_GCC_541\Debug\Stepper.a(CyFlash.o)
 .text.CyFlash_Start
                0x00000000       0x54 .\CortexM3\ARM_GCC_541\Debug\Stepper.a(CyFlash.o)
 .text.CyFlash_Stop
                0x00000000       0x24 .\CortexM3\ARM_GCC_541\Debug\Stepper.a(CyFlash.o)
 .text.CyFlash_EraseRow
                0x00000000       0x78 .\CortexM3\ARM_GCC_541\Debug\Stepper.a(CyFlash.o)
 .text.CyFlashGetSpcAlgorithm
                0x00000000       0x4c .\CortexM3\ARM_GCC_541\Debug\Stepper.a(CyFlash.o)
 .text.CySetTemp
                0x00000000       0x14 .\CortexM3\ARM_GCC_541\Debug\Stepper.a(CyFlash.o)
 .text.CySetFlashEEBuffer
                0x00000000       0x20 .\CortexM3\ARM_GCC_541\Debug\Stepper.a(CyFlash.o)
 .text.CyWriteRowFull
                0x00000000       0xf8 .\CortexM3\ARM_GCC_541\Debug\Stepper.a(CyFlash.o)
 .text.CyWriteRowData
                0x00000000       0x14 .\CortexM3\ARM_GCC_541\Debug\Stepper.a(CyFlash.o)
 .text.CyFlash_SetWaitCycles
                0x00000000       0x7c .\CortexM3\ARM_GCC_541\Debug\Stepper.a(CyFlash.o)
 .text.CyEEPROM_Start
                0x00000000       0x54 .\CortexM3\ARM_GCC_541\Debug\Stepper.a(CyFlash.o)
 .text.CyEEPROM_Stop
                0x00000000       0x24 .\CortexM3\ARM_GCC_541\Debug\Stepper.a(CyFlash.o)
 .text.CyEEPROM_ReadReserve
                0x00000000       0x1c .\CortexM3\ARM_GCC_541\Debug\Stepper.a(CyFlash.o)
 .text.CyEEPROM_ReadRelease
                0x00000000       0x10 .\CortexM3\ARM_GCC_541\Debug\Stepper.a(CyFlash.o)
 COMMON         0x00000000        0x2 .\CortexM3\ARM_GCC_541\Debug\Stepper.a(CyFlash.o)
 .text          0x00000000        0x0 .\CortexM3\ARM_GCC_541\Debug\Stepper.a(CySpc.o)
 .data          0x00000000        0x0 .\CortexM3\ARM_GCC_541\Debug\Stepper.a(CySpc.o)
 .bss           0x00000000        0x8 .\CortexM3\ARM_GCC_541\Debug\Stepper.a(CySpc.o)
 .text.CySpcStart
                0x00000000       0x24 .\CortexM3\ARM_GCC_541\Debug\Stepper.a(CySpc.o)
 .text.CySpcStop
                0x00000000       0x24 .\CortexM3\ARM_GCC_541\Debug\Stepper.a(CySpc.o)
 .text.CySpcReadData
                0x00000000       0x34 .\CortexM3\ARM_GCC_541\Debug\Stepper.a(CySpc.o)
 .text.CySpcLoadMultiByte
                0x00000000       0x78 .\CortexM3\ARM_GCC_541\Debug\Stepper.a(CySpc.o)
 .text.CySpcLoadRow
                0x00000000       0x50 .\CortexM3\ARM_GCC_541\Debug\Stepper.a(CySpc.o)
 .text.CySpcLoadRowFull
                0x00000000       0x80 .\CortexM3\ARM_GCC_541\Debug\Stepper.a(CySpc.o)
 .text.CySpcWriteRow
                0x00000000       0x4c .\CortexM3\ARM_GCC_541\Debug\Stepper.a(CySpc.o)
 .text.CySpcEraseSector
                0x00000000       0x3c .\CortexM3\ARM_GCC_541\Debug\Stepper.a(CySpc.o)
 .text.CySpcEraseRow
                0x00000000       0x4c .\CortexM3\ARM_GCC_541\Debug\Stepper.a(CySpc.o)
 .text.CySpcGetTemp
                0x00000000       0x3c .\CortexM3\ARM_GCC_541\Debug\Stepper.a(CySpc.o)
 .text.CySpcLock
                0x00000000       0x4c .\CortexM3\ARM_GCC_541\Debug\Stepper.a(CySpc.o)
 .text.CySpcUnlock
                0x00000000       0x38 .\CortexM3\ARM_GCC_541\Debug\Stepper.a(CySpc.o)
 .text.CySpcGetAlgorithm
                0x00000000       0x28 .\CortexM3\ARM_GCC_541\Debug\Stepper.a(CySpc.o)
 .text          0x00000000        0x0 c:/program files (x86)/cypress/psoc creator/4.2/psoc creator/import/gnu/arm/5.4.1/bin/../lib/gcc/arm-none-eabi/5.4.1/../../../../arm-none-eabi/lib/armv7-m\libm.a(lib_a-s_round.o)
 .data          0x00000000        0x0 c:/program files (x86)/cypress/psoc creator/4.2/psoc creator/import/gnu/arm/5.4.1/bin/../lib/gcc/arm-none-eabi/5.4.1/../../../../arm-none-eabi/lib/armv7-m\libm.a(lib_a-s_round.o)
 .bss           0x00000000        0x0 c:/program files (x86)/cypress/psoc creator/4.2/psoc creator/import/gnu/arm/5.4.1/bin/../lib/gcc/arm-none-eabi/5.4.1/../../../../arm-none-eabi/lib/armv7-m\libm.a(lib_a-s_round.o)
 .data          0x00000000        0x0 c:/program files (x86)/cypress/psoc creator/4.2/psoc creator/import/gnu/arm/5.4.1/bin/../lib/gcc/arm-none-eabi/5.4.1/armv7-m\libgcc.a(_arm_addsubdf3.o)
 .bss           0x00000000        0x0 c:/program files (x86)/cypress/psoc creator/4.2/psoc creator/import/gnu/arm/5.4.1/bin/../lib/gcc/arm-none-eabi/5.4.1/armv7-m\libgcc.a(_arm_addsubdf3.o)
 .data          0x00000000        0x0 c:/program files (x86)/cypress/psoc creator/4.2/psoc creator/import/gnu/arm/5.4.1/bin/../lib/gcc/arm-none-eabi/5.4.1/armv7-m\libgcc.a(_arm_muldivdf3.o)
 .bss           0x00000000        0x0 c:/program files (x86)/cypress/psoc creator/4.2/psoc creator/import/gnu/arm/5.4.1/bin/../lib/gcc/arm-none-eabi/5.4.1/armv7-m\libgcc.a(_arm_muldivdf3.o)
 .data          0x00000000        0x0 c:/program files (x86)/cypress/psoc creator/4.2/psoc creator/import/gnu/arm/5.4.1/bin/../lib/gcc/arm-none-eabi/5.4.1/armv7-m\libgcc.a(_arm_fixdfsi.o)
 .bss           0x00000000        0x0 c:/program files (x86)/cypress/psoc creator/4.2/psoc creator/import/gnu/arm/5.4.1/bin/../lib/gcc/arm-none-eabi/5.4.1/armv7-m\libgcc.a(_arm_fixdfsi.o)
 .data          0x00000000        0x0 c:/program files (x86)/cypress/psoc creator/4.2/psoc creator/import/gnu/arm/5.4.1/bin/../lib/gcc/arm-none-eabi/5.4.1/armv7-m\libgcc.a(_arm_truncdfsf2.o)
 .bss           0x00000000        0x0 c:/program files (x86)/cypress/psoc creator/4.2/psoc creator/import/gnu/arm/5.4.1/bin/../lib/gcc/arm-none-eabi/5.4.1/armv7-m\libgcc.a(_arm_truncdfsf2.o)
 .text          0x00000000        0x0 c:/program files (x86)/cypress/psoc creator/4.2/psoc creator/import/gnu/arm/5.4.1/bin/../lib/gcc/arm-none-eabi/5.4.1/../../../../arm-none-eabi/lib/armv7-m\libg_nano.a(lib_a-errno.o)
 .data          0x00000000        0x0 c:/program files (x86)/cypress/psoc creator/4.2/psoc creator/import/gnu/arm/5.4.1/bin/../lib/gcc/arm-none-eabi/5.4.1/../../../../arm-none-eabi/lib/armv7-m\libg_nano.a(lib_a-errno.o)
 .bss           0x00000000        0x0 c:/program files (x86)/cypress/psoc creator/4.2/psoc creator/import/gnu/arm/5.4.1/bin/../lib/gcc/arm-none-eabi/5.4.1/../../../../arm-none-eabi/lib/armv7-m\libg_nano.a(lib_a-errno.o)
 .text          0x00000000        0x0 c:/program files (x86)/cypress/psoc creator/4.2/psoc creator/import/gnu/arm/5.4.1/bin/../lib/gcc/arm-none-eabi/5.4.1/../../../../arm-none-eabi/lib/armv7-m\libg_nano.a(lib_a-exit.o)
 .data          0x00000000        0x0 c:/program files (x86)/cypress/psoc creator/4.2/psoc creator/import/gnu/arm/5.4.1/bin/../lib/gcc/arm-none-eabi/5.4.1/../../../../arm-none-eabi/lib/armv7-m\libg_nano.a(lib_a-exit.o)
 .bss           0x00000000        0x0 c:/program files (x86)/cypress/psoc creator/4.2/psoc creator/import/gnu/arm/5.4.1/bin/../lib/gcc/arm-none-eabi/5.4.1/../../../../arm-none-eabi/lib/armv7-m\libg_nano.a(lib_a-exit.o)
 .text.exit     0x00000000       0x28 c:/program files (x86)/cypress/psoc creator/4.2/psoc creator/import/gnu/arm/5.4.1/bin/../lib/gcc/arm-none-eabi/5.4.1/../../../../arm-none-eabi/lib/armv7-m\libg_nano.a(lib_a-exit.o)
 .text          0x00000000        0x0 c:/program files (x86)/cypress/psoc creator/4.2/psoc creator/import/gnu/arm/5.4.1/bin/../lib/gcc/arm-none-eabi/5.4.1/../../../../arm-none-eabi/lib/armv7-m\libg_nano.a(lib_a-impure.o)
 .data          0x00000000        0x0 c:/program files (x86)/cypress/psoc creator/4.2/psoc creator/import/gnu/arm/5.4.1/bin/../lib/gcc/arm-none-eabi/5.4.1/../../../../arm-none-eabi/lib/armv7-m\libg_nano.a(lib_a-impure.o)
 .bss           0x00000000        0x0 c:/program files (x86)/cypress/psoc creator/4.2/psoc creator/import/gnu/arm/5.4.1/bin/../lib/gcc/arm-none-eabi/5.4.1/../../../../arm-none-eabi/lib/armv7-m\libg_nano.a(lib_a-impure.o)
 .rodata._global_impure_ptr
                0x00000000        0x4 c:/program files (x86)/cypress/psoc creator/4.2/psoc creator/import/gnu/arm/5.4.1/bin/../lib/gcc/arm-none-eabi/5.4.1/../../../../arm-none-eabi/lib/armv7-m\libg_nano.a(lib_a-impure.o)
 .text          0x00000000        0x0 c:/program files (x86)/cypress/psoc creator/4.2/psoc creator/import/gnu/arm/5.4.1/bin/../lib/gcc/arm-none-eabi/5.4.1/../../../../arm-none-eabi/lib/armv7-m\libg_nano.a(lib_a-init.o)
 .data          0x00000000        0x0 c:/program files (x86)/cypress/psoc creator/4.2/psoc creator/import/gnu/arm/5.4.1/bin/../lib/gcc/arm-none-eabi/5.4.1/../../../../arm-none-eabi/lib/armv7-m\libg_nano.a(lib_a-init.o)
 .bss           0x00000000        0x0 c:/program files (x86)/cypress/psoc creator/4.2/psoc creator/import/gnu/arm/5.4.1/bin/../lib/gcc/arm-none-eabi/5.4.1/../../../../arm-none-eabi/lib/armv7-m\libg_nano.a(lib_a-init.o)
 .text          0x00000000        0x0 c:/program files (x86)/cypress/psoc creator/4.2/psoc creator/import/gnu/arm/5.4.1/bin/../lib/gcc/arm-none-eabi/5.4.1/../../../../arm-none-eabi/lib/armv7-m\libg_nano.a(lib_a-memcpy-stub.o)
 .data          0x00000000        0x0 c:/program files (x86)/cypress/psoc creator/4.2/psoc creator/import/gnu/arm/5.4.1/bin/../lib/gcc/arm-none-eabi/5.4.1/../../../../arm-none-eabi/lib/armv7-m\libg_nano.a(lib_a-memcpy-stub.o)
 .bss           0x00000000        0x0 c:/program files (x86)/cypress/psoc creator/4.2/psoc creator/import/gnu/arm/5.4.1/bin/../lib/gcc/arm-none-eabi/5.4.1/../../../../arm-none-eabi/lib/armv7-m\libg_nano.a(lib_a-memcpy-stub.o)
 .text          0x00000000        0x0 c:/program files (x86)/cypress/psoc creator/4.2/psoc creator/import/gnu/arm/5.4.1/bin/../lib/gcc/arm-none-eabi/5.4.1/../../../../arm-none-eabi/lib/armv7-m\libg_nano.a(lib_a-memset.o)
 .data          0x00000000        0x0 c:/program files (x86)/cypress/psoc creator/4.2/psoc creator/import/gnu/arm/5.4.1/bin/../lib/gcc/arm-none-eabi/5.4.1/../../../../arm-none-eabi/lib/armv7-m\libg_nano.a(lib_a-memset.o)
 .bss           0x00000000        0x0 c:/program files (x86)/cypress/psoc creator/4.2/psoc creator/import/gnu/arm/5.4.1/bin/../lib/gcc/arm-none-eabi/5.4.1/../../../../arm-none-eabi/lib/armv7-m\libg_nano.a(lib_a-memset.o)
 .text          0x00000000        0x0 c:/program files (x86)/cypress/psoc creator/4.2/psoc creator/import/gnu/arm/5.4.1/bin/../lib/gcc/arm-none-eabi/5.4.1/armv7-m/crtend.o
 .data          0x00000000        0x0 c:/program files (x86)/cypress/psoc creator/4.2/psoc creator/import/gnu/arm/5.4.1/bin/../lib/gcc/arm-none-eabi/5.4.1/armv7-m/crtend.o
 .bss           0x00000000        0x0 c:/program files (x86)/cypress/psoc creator/4.2/psoc creator/import/gnu/arm/5.4.1/bin/../lib/gcc/arm-none-eabi/5.4.1/armv7-m/crtend.o
 .text          0x00000000        0x0 c:/program files (x86)/cypress/psoc creator/4.2/psoc creator/import/gnu/arm/5.4.1/bin/../lib/gcc/arm-none-eabi/5.4.1/armv7-m/crtn.o
 .data          0x00000000        0x0 c:/program files (x86)/cypress/psoc creator/4.2/psoc creator/import/gnu/arm/5.4.1/bin/../lib/gcc/arm-none-eabi/5.4.1/armv7-m/crtn.o
 .bss           0x00000000        0x0 c:/program files (x86)/cypress/psoc creator/4.2/psoc creator/import/gnu/arm/5.4.1/bin/../lib/gcc/arm-none-eabi/5.4.1/armv7-m/crtn.o

Memory Configuration

Name             Origin             Length             Attributes
rom              0x00000000         0x00040000         xr
ram              0x1fff8000         0x00010000         xrw
*default*        0x00000000         0xffffffff

Linker script and memory map

LOAD c:/program files (x86)/cypress/psoc creator/4.2/psoc creator/import/gnu/arm/5.4.1/bin/../lib/gcc/arm-none-eabi/5.4.1/armv7-m/crti.o
LOAD c:/program files (x86)/cypress/psoc creator/4.2/psoc creator/import/gnu/arm/5.4.1/bin/../lib/gcc/arm-none-eabi/5.4.1/armv7-m/crtbegin.o
LOAD c:/program files (x86)/cypress/psoc creator/4.2/psoc creator/import/gnu/arm/5.4.1/bin/../lib/gcc/arm-none-eabi/5.4.1/../../../../arm-none-eabi/lib/armv7-m/crt0.o
START GROUP
LOAD .\CortexM3\ARM_GCC_541\Debug\main.o
LOAD .\CortexM3\ARM_GCC_541\Debug\MotorDriver.o
LOAD .\CortexM3\ARM_GCC_541\Debug\cyfitter_cfg.o
LOAD .\CortexM3\ARM_GCC_541\Debug\cymetadata.o
LOAD .\CortexM3\ARM_GCC_541\Debug\Cm3Start.o
LOAD .\CortexM3\ARM_GCC_541\Debug\Stepper.a
LOAD C:\Program Files (x86)\Cypress\PSoC Creator\4.2\PSoC Creator\psoc\content\cycomponentlibrary\CyComponentLibrary.cylib\CortexM3\ARM_GCC_541\Debug\CyComponentLibrary.a
LOAD c:/program files (x86)/cypress/psoc creator/4.2/psoc creator/import/gnu/arm/5.4.1/bin/../lib/gcc/arm-none-eabi/5.4.1/../../../../arm-none-eabi/lib/armv7-m\libm.a
END GROUP
START GROUP
LOAD c:/program files (x86)/cypress/psoc creator/4.2/psoc creator/import/gnu/arm/5.4.1/bin/../lib/gcc/arm-none-eabi/5.4.1/armv7-m\libgcc.a
LOAD c:/program files (x86)/cypress/psoc creator/4.2/psoc creator/import/gnu/arm/5.4.1/bin/../lib/gcc/arm-none-eabi/5.4.1/../../../../arm-none-eabi/lib/armv7-m\libg_nano.a
LOAD c:/program files (x86)/cypress/psoc creator/4.2/psoc creator/import/gnu/arm/5.4.1/bin/../lib/gcc/arm-none-eabi/5.4.1/../../../../arm-none-eabi/lib/armv7-m\libc_nano.a
END GROUP
START GROUP
LOAD c:/program files (x86)/cypress/psoc creator/4.2/psoc creator/import/gnu/arm/5.4.1/bin/../lib/gcc/arm-none-eabi/5.4.1/armv7-m\libgcc.a
LOAD c:/program files (x86)/cypress/psoc creator/4.2/psoc creator/import/gnu/arm/5.4.1/bin/../lib/gcc/arm-none-eabi/5.4.1/../../../../arm-none-eabi/lib/armv7-m\libc_nano.a
END GROUP
LOAD c:/program files (x86)/cypress/psoc creator/4.2/psoc creator/import/gnu/arm/5.4.1/bin/../lib/gcc/arm-none-eabi/5.4.1/armv7-m/crtend.o
LOAD c:/program files (x86)/cypress/psoc creator/4.2/psoc creator/import/gnu/arm/5.4.1/bin/../lib/gcc/arm-none-eabi/5.4.1/armv7-m/crtn.o
START GROUP
LOAD c:/program files (x86)/cypress/psoc creator/4.2/psoc creator/import/gnu/arm/5.4.1/bin/../lib/gcc/arm-none-eabi/5.4.1/armv7-m\libgcc.a
LOAD c:/program files (x86)/cypress/psoc creator/4.2/psoc creator/import/gnu/arm/5.4.1/bin/../lib/gcc/arm-none-eabi/5.4.1/../../../../arm-none-eabi/lib/armv7-m\libc.a
LOAD c:/program files (x86)/cypress/psoc creator/4.2/psoc creator/import/gnu/arm/5.4.1/bin/../lib/gcc/arm-none-eabi/5.4.1/../../../../arm-none-eabi/lib/armv7-m\libnosys.a
END GROUP
                0x00000000                CY_APPL_ORIGIN = 0x0
                0x00000100                CY_FLASH_ROW_SIZE = 0x100
                0x00000020                CY_ECC_ROW_SIZE = 0x20
                0x00000000                CY_EE_IN_BTLDR = 0x0
                0x00000000                CY_APPL_LOADABLE = 0x0
                0x00000800                CY_EE_SIZE = 0x800
                0x00000001                CY_APPL_NUM = 0x1
                0x00000001                CY_APPL_MAX = 0x1
                0x00000040                CY_METADATA_SIZE = 0x40
                0x00000000                CY_APPL_LOADABLE = 0x0
                0x00000000                CY_CHECKSUM_EXCLUDE_SIZE = ALIGN (0x0, CY_FLASH_ROW_SIZE)
                [!provide]                PROVIDE (__cy_heap_start, _end)
                0x00000001                PROVIDE (__cy_region_num, ((__cy_regions_end - __cy_regions) / 0x10))
                0x20008000                PROVIDE (__cy_stack, (ORIGIN (ram) + LENGTH (ram)))
                [!provide]                PROVIDE (__cy_heap_end, (__cy_stack - 0x800))

.cybootloader   0x00000000        0x0
 *(.cybootloader)
                0x00000000                appl1_start = CY_APPL_ORIGIN?CY_APPL_ORIGIN:ALIGN (CY_FLASH_ROW_SIZE)
                0x0001ff00                appl2_start = (appl1_start + ALIGN ((((LENGTH (rom) - appl1_start) - (0x2 * CY_FLASH_ROW_SIZE)) / 0x2), CY_FLASH_ROW_SIZE))
                0x00000000                appl_start = (CY_APPL_NUM == 0x1)?appl1_start:appl2_start
                0x00000000                ecc_offset = ((appl_start / CY_FLASH_ROW_SIZE) * CY_ECC_ROW_SIZE)
                0x00000000                ee_offset = (CY_APPL_LOADABLE && ! (CY_EE_IN_BTLDR))?((CY_EE_SIZE / CY_APPL_MAX) * (CY_APPL_NUM - 0x1)):0x0
                0x00000800                ee_size = (CY_APPL_LOADABLE && ! (CY_EE_IN_BTLDR))?(CY_EE_SIZE / CY_APPL_MAX):CY_EE_SIZE
                [!provide]                PROVIDE (CY_ECC_OFFSET, ecc_offset)

.text           0x00000000     0x122a
 CREATE_OBJECT_SYMBOLS
                0x00000000                PROVIDE (__cy_interrupt_vector, RomVectors)
 *(.romvectors)
 .romvectors    0x00000000       0x10 .\CortexM3\ARM_GCC_541\Debug\Cm3Start.o
                0x00000000                RomVectors
                0x00000001                ASSERT ((. != __cy_interrupt_vector), No interrupt vector)
                0x00000001                ASSERT (CY_APPL_ORIGIN?(SIZEOF (.cybootloader) <= CY_APPL_ORIGIN):0x1, Wrong image location)
                0x00000010                PROVIDE (__cy_reset, Reset)
 *(.text.Reset)
 .text.Reset    0x00000010       0x18 .\CortexM3\ARM_GCC_541\Debug\Cm3Start.o
                0x00000010                Reset
                0x00000001                ASSERT ((. != __cy_reset), No reset code)
 *(.dma_init)
                0x00000001                ASSERT ((((appl_start + .) <= 0x10000) || 0x1), DMA Init must be within the first 64k of flash)
 *(.text .text.* .gnu.linkonce.t.*)
 .text          0x00000028       0x5c c:/program files (x86)/cypress/psoc creator/4.2/psoc creator/import/gnu/arm/5.4.1/bin/../lib/gcc/arm-none-eabi/5.4.1/armv7-m/crtbegin.o
 .text.uart_isr_handler
                0x00000084       0x18 .\CortexM3\ARM_GCC_541\Debug\main.o
                0x00000084                uart_isr_handler
 .text.main     0x0000009c       0x30 .\CortexM3\ARM_GCC_541\Debug\main.o
                0x0000009c                main
 .text.stepper_isr_handler
                0x000000cc       0x14 .\CortexM3\ARM_GCC_541\Debug\MotorDriver.o
                0x000000cc                stepper_isr_handler
 .text.moveStepX
                0x000000e0       0x50 .\CortexM3\ARM_GCC_541\Debug\MotorDriver.o
 .text.rotateCounterClockwiseX
                0x00000130       0x2c .\CortexM3\ARM_GCC_541\Debug\MotorDriver.o
 .text.resetPositionX
                0x0000015c       0x3c .\CortexM3\ARM_GCC_541\Debug\MotorDriver.o
 .text.rotateClockwiseX
                0x00000198       0x38 .\CortexM3\ARM_GCC_541\Debug\MotorDriver.o
 .text.initX    0x000001d0       0x28 .\CortexM3\ARM_GCC_541\Debug\MotorDriver.o
                0x000001d0                initX
 .text.moveDegreesX
                0x000001f8       0x98 .\CortexM3\ARM_GCC_541\Debug\MotorDriver.o
                0x000001f8                moveDegreesX
 .text.CyClockStartupError
                0x00000290        0x4 .\CortexM3\ARM_GCC_541\Debug\cyfitter_cfg.o
 .text.cfg_write_bytes32
                0x00000294       0x34 .\CortexM3\ARM_GCC_541\Debug\cyfitter_cfg.o
 .text.AnalogSetDefault
                0x000002c8       0x28 .\CortexM3\ARM_GCC_541\Debug\cyfitter_cfg.o
 .text.CYMEMZERO
                0x000002f0        0xc .\CortexM3\ARM_GCC_541\Debug\cyfitter_cfg.o
 .text.ClockSetup
                0x000002fc       0xc8 .\CortexM3\ARM_GCC_541\Debug\cyfitter_cfg.o
 .text.CYCONFIGCPY
                0x000003c4        0x8 .\CortexM3\ARM_GCC_541\Debug\cyfitter_cfg.o
 .text.cyfitter_cfg
                0x000003cc      0x110 .\CortexM3\ARM_GCC_541\Debug\cyfitter_cfg.o
                0x000003cc                cyfitter_cfg
 .text.IntDefaultHandler
                0x000004dc       0x10 .\CortexM3\ARM_GCC_541\Debug\Cm3Start.o
                0x000004dc                IntDefaultHandler
 .text.Start_c  0x000004ec       0x4c .\CortexM3\ARM_GCC_541\Debug\Cm3Start.o
                0x000004ec                Start_c
 .text.initialize_psoc
                0x00000538       0x68 .\CortexM3\ARM_GCC_541\Debug\Cm3Start.o
                0x00000538                initialize_psoc
 .text.Pin_X1_Write
                0x000005a0       0x18 .\CortexM3\ARM_GCC_541\Debug\Stepper.a(Pin_X1.o)
                0x000005a0                Pin_X1_Write
 .text.Pin_X2_Write
                0x000005b8       0x18 .\CortexM3\ARM_GCC_541\Debug\Stepper.a(Pin_X2.o)
                0x000005b8                Pin_X2_Write
 .text.Pin_X3_Read
                0x000005d0       0x10 .\CortexM3\ARM_GCC_541\Debug\Stepper.a(Pin_X3.o)
                0x000005d0                Pin_X3_Read
 .text.Timer_StepperX_Enable
                0x000005e0       0x28 .\CortexM3\ARM_GCC_541\Debug\Stepper.a(Timer_StepperX.o)
                0x000005e0                Timer_StepperX_Enable
 .text.Timer_StepperX_Stop
                0x00000608       0x28 .\CortexM3\ARM_GCC_541\Debug\Stepper.a(Timer_StepperX.o)
                0x00000608                Timer_StepperX_Stop
 .text.Timer_StepperX_SetInterruptMode
                0x00000630        0xc .\CortexM3\ARM_GCC_541\Debug\Stepper.a(Timer_StepperX.o)
                0x00000630                Timer_StepperX_SetInterruptMode
 .text.Timer_StepperX_WritePeriod
                0x0000063c        0xc .\CortexM3\ARM_GCC_541\Debug\Stepper.a(Timer_StepperX.o)
                0x0000063c                Timer_StepperX_WritePeriod
 .text.Timer_StepperX_WriteCounter
                0x00000648        0xc .\CortexM3\ARM_GCC_541\Debug\Stepper.a(Timer_StepperX.o)
                0x00000648                Timer_StepperX_WriteCounter
 .text.Timer_StepperX_Init
                0x00000654       0x70 .\CortexM3\ARM_GCC_541\Debug\Stepper.a(Timer_StepperX.o)
                0x00000654                Timer_StepperX_Init
 .text.Timer_StepperX_Start
                0x000006c4       0x1c .\CortexM3\ARM_GCC_541\Debug\Stepper.a(Timer_StepperX.o)
                0x000006c4                Timer_StepperX_Start
 .text.stepper_isr_SetVector
                0x000006e0        0xc .\CortexM3\ARM_GCC_541\Debug\Stepper.a(stepper_isr.o)
                0x000006e0                stepper_isr_SetVector
 .text.stepper_isr_SetPriority
                0x000006ec       0x10 .\CortexM3\ARM_GCC_541\Debug\Stepper.a(stepper_isr.o)
                0x000006ec                stepper_isr_SetPriority
 .text.stepper_isr_Enable
                0x000006fc        0xc .\CortexM3\ARM_GCC_541\Debug\Stepper.a(stepper_isr.o)
                0x000006fc                stepper_isr_Enable
 .text.stepper_isr_Disable
                0x00000708        0xc .\CortexM3\ARM_GCC_541\Debug\Stepper.a(stepper_isr.o)
                0x00000708                stepper_isr_Disable
 .text.stepper_isr_StartEx
                0x00000714       0x1c .\CortexM3\ARM_GCC_541\Debug\Stepper.a(stepper_isr.o)
                0x00000714                stepper_isr_StartEx
 .text.UART_1_Init
                0x00000730       0x28 .\CortexM3\ARM_GCC_541\Debug\Stepper.a(UART_1.o)
                0x00000730                UART_1_Init
 .text.UART_1_Enable
                0x00000758       0x3c .\CortexM3\ARM_GCC_541\Debug\Stepper.a(UART_1.o)
                0x00000758                UART_1_Enable
 .text.UART_1_Start
                0x00000794       0x1c .\CortexM3\ARM_GCC_541\Debug\Stepper.a(UART_1.o)
                0x00000794                UART_1_Start
 .text.UART_1_ReadRxData
                0x000007b0        0xc .\CortexM3\ARM_GCC_541\Debug\Stepper.a(UART_1.o)
                0x000007b0                UART_1_ReadRxData
 .text.UART_1_PutChar
                0x000007bc       0x18 .\CortexM3\ARM_GCC_541\Debug\Stepper.a(UART_1.o)
                0x000007bc                UART_1_PutChar
 .text.UART_1_PutString
                0x000007d4       0x24 .\CortexM3\ARM_GCC_541\Debug\Stepper.a(UART_1.o)
                0x000007d4                UART_1_PutString
 .text.UART_1_IntClock_Start
                0x000007f8       0x1c .\CortexM3\ARM_GCC_541\Debug\Stepper.a(UART_1_IntClock.o)
                0x000007f8                UART_1_IntClock_Start
 .text.uart_isr_SetVector
                0x00000814        0xc .\CortexM3\ARM_GCC_541\Debug\Stepper.a(uart_isr.o)
                0x00000814                uart_isr_SetVector
 .text.uart_isr_SetPriority
                0x00000820       0x10 .\CortexM3\ARM_GCC_541\Debug\Stepper.a(uart_isr.o)
                0x00000820                uart_isr_SetPriority
 .text.uart_isr_Enable
                0x00000830        0xc .\CortexM3\ARM_GCC_541\Debug\Stepper.a(uart_isr.o)
                0x00000830                uart_isr_Enable
 .text.uart_isr_Disable
                0x0000083c        0xc .\CortexM3\ARM_GCC_541\Debug\Stepper.a(uart_isr.o)
                0x0000083c                uart_isr_Disable
 .text.uart_isr_StartEx
                0x00000848       0x1c .\CortexM3\ARM_GCC_541\Debug\Stepper.a(uart_isr.o)
                0x00000848                uart_isr_StartEx
 *fill*         0x00000864        0x4 
 .text          0x00000868       0x20 .\CortexM3\ARM_GCC_541\Debug\Stepper.a(CyBootAsmGnu.o)
                0x00000868                CyDelayCycles
                0x00000878                CyEnterCriticalSection
                0x00000880                CyExitCriticalSection
 .text.round    0x00000888       0xa0 c:/program files (x86)/cypress/psoc creator/4.2/psoc creator/import/gnu/arm/5.4.1/bin/../lib/gcc/arm-none-eabi/5.4.1/../../../../arm-none-eabi/lib/armv7-m\libm.a(lib_a-s_round.o)
                0x00000888                round
 .text          0x00000928      0x370 c:/program files (x86)/cypress/psoc creator/4.2/psoc creator/import/gnu/arm/5.4.1/bin/../lib/gcc/arm-none-eabi/5.4.1/armv7-m\libgcc.a(_arm_addsubdf3.o)
                0x00000928                __aeabi_drsub
                0x00000930                __aeabi_dsub
                0x00000930                __subdf3
                0x00000934                __aeabi_dadd
                0x00000934                __adddf3
                0x00000bac                __floatunsidf
                0x00000bac                __aeabi_ui2d
                0x00000bcc                __floatsidf
                0x00000bcc                __aeabi_i2d
                0x00000bf0                __aeabi_f2d
                0x00000bf0                __extendsfdf2
                0x00000c2c                __floatundidf
                0x00000c2c                __aeabi_ul2d
                0x00000c3c                __floatdidf
                0x00000c3c                __aeabi_l2d
 .text          0x00000c98      0x424 c:/program files (x86)/cypress/psoc creator/4.2/psoc creator/import/gnu/arm/5.4.1/bin/../lib/gcc/arm-none-eabi/5.4.1/armv7-m\libgcc.a(_arm_muldivdf3.o)
                0x00000c98                __aeabi_dmul
                0x00000c98                __muldf3
                0x00000eec                __divdf3
                0x00000eec                __aeabi_ddiv
 .text          0x000010bc       0x50 c:/program files (x86)/cypress/psoc creator/4.2/psoc creator/import/gnu/arm/5.4.1/bin/../lib/gcc/arm-none-eabi/5.4.1/armv7-m\libgcc.a(_arm_fixdfsi.o)
                0x000010bc                __aeabi_d2iz
                0x000010bc                __fixdfsi
 .text          0x0000110c       0xa0 c:/program files (x86)/cypress/psoc creator/4.2/psoc creator/import/gnu/arm/5.4.1/bin/../lib/gcc/arm-none-eabi/5.4.1/armv7-m\libgcc.a(_arm_truncdfsf2.o)
                0x0000110c                __truncdfsf2
                0x0000110c                __aeabi_d2f
 .text.__errno  0x000011ac        0xc c:/program files (x86)/cypress/psoc creator/4.2/psoc creator/import/gnu/arm/5.4.1/bin/../lib/gcc/arm-none-eabi/5.4.1/../../../../arm-none-eabi/lib/armv7-m\libg_nano.a(lib_a-errno.o)
                0x000011ac                __errno
 .text.__libc_init_array
                0x000011b8       0x4c c:/program files (x86)/cypress/psoc creator/4.2/psoc creator/import/gnu/arm/5.4.1/bin/../lib/gcc/arm-none-eabi/5.4.1/../../../../arm-none-eabi/lib/armv7-m\libg_nano.a(lib_a-init.o)
                0x000011b8                __libc_init_array
 .text.memcpy   0x00001204       0x16 c:/program files (x86)/cypress/psoc creator/4.2/psoc creator/import/gnu/arm/5.4.1/bin/../lib/gcc/arm-none-eabi/5.4.1/../../../../arm-none-eabi/lib/armv7-m\libg_nano.a(lib_a-memcpy-stub.o)
                0x00001204                memcpy
 .text.memset   0x0000121a       0x10 c:/program files (x86)/cypress/psoc creator/4.2/psoc creator/import/gnu/arm/5.4.1/bin/../lib/gcc/arm-none-eabi/5.4.1/../../../../arm-none-eabi/lib/armv7-m\libg_nano.a(lib_a-memset.o)
                0x0000121a                memset
 *(.plt)
 *(.gnu.warning)
 *(.glue_7t)
 .glue_7t       0x0000122a        0x0 linker stubs
 *(.glue_7)
 .glue_7        0x0000122a        0x0 linker stubs
 *(.vfp11_veneer)
 .vfp11_veneer  0x0000122a        0x0 linker stubs
 *(.bootloader)
 *(.ARM.extab* .gnu.linkonce.armextab.*)
 *(.gcc_except_table)

.v4_bx          0x0000122c        0x0
 .v4_bx         0x0000122c        0x0 linker stubs

.iplt           0x0000122c        0x0
 .iplt          0x0000122c        0x0 c:/program files (x86)/cypress/psoc creator/4.2/psoc creator/import/gnu/arm/5.4.1/bin/../lib/gcc/arm-none-eabi/5.4.1/armv7-m/crtbegin.o

.eh_frame_hdr
 *(.eh_frame_hdr)

.eh_frame       0x0000122c        0x4
 *(.eh_frame)
 .eh_frame      0x0000122c        0x0 c:/program files (x86)/cypress/psoc creator/4.2/psoc creator/import/gnu/arm/5.4.1/bin/../lib/gcc/arm-none-eabi/5.4.1/armv7-m/crtbegin.o
 .eh_frame      0x0000122c        0x4 c:/program files (x86)/cypress/psoc creator/4.2/psoc creator/import/gnu/arm/5.4.1/bin/../lib/gcc/arm-none-eabi/5.4.1/armv7-m/crtend.o
                [!provide]                PROVIDE (__exidx_start, .)

.ARM.exidx
 *(.ARM.exidx* .gnu.linkonce.armexidx.*)
                0x00001230                __exidx_end = .

.rodata         0x00001230       0xa8
 *(.rodata .rodata.* .gnu.linkonce.r.*)
 .rodata.str1.4
                0x00001230       0x2c .\CortexM3\ARM_GCC_541\Debug\MotorDriver.o
                                 0x29 (size before relaxing)
 .rodata        0x0000125c       0x42 .\CortexM3\ARM_GCC_541\Debug\cyfitter_cfg.o
 .rodata.str1.1
                0x0000129e        0x2 c:/program files (x86)/cypress/psoc creator/4.2/psoc creator/import/gnu/arm/5.4.1/bin/../lib/gcc/arm-none-eabi/5.4.1/../../../../arm-none-eabi/lib/armv7-m\libg_nano.a(lib_a-impure.o)
                0x000012a0                . = ALIGN (0x4)
 *(.init)
 .init          0x000012a0        0x4 c:/program files (x86)/cypress/psoc creator/4.2/psoc creator/import/gnu/arm/5.4.1/bin/../lib/gcc/arm-none-eabi/5.4.1/armv7-m/crti.o
                0x000012a0                _init
 .init          0x000012a4        0x8 c:/program files (x86)/cypress/psoc creator/4.2/psoc creator/import/gnu/arm/5.4.1/bin/../lib/gcc/arm-none-eabi/5.4.1/armv7-m/crtn.o
                0x000012ac                . = ALIGN (0x4)
                0x000012ac                __preinit_array_start = .
 *(.preinit_array)
                0x000012ac                __preinit_array_end = .
                0x000012ac                . = ALIGN (0x4)
                0x000012ac                __init_array_start = .
 *(SORT(.init_array.*))
 *(.init_array)
 .init_array    0x000012ac        0x4 c:/program files (x86)/cypress/psoc creator/4.2/psoc creator/import/gnu/arm/5.4.1/bin/../lib/gcc/arm-none-eabi/5.4.1/armv7-m/crtbegin.o
 .init_array    0x000012b0        0x4 .\CortexM3\ARM_GCC_541\Debug\Cm3Start.o
                0x000012b4                __init_array_end = .
                0x000012b4                . = ALIGN (0x4)
 *(.fini)
 .fini          0x000012b4        0x4 c:/program files (x86)/cypress/psoc creator/4.2/psoc creator/import/gnu/arm/5.4.1/bin/../lib/gcc/arm-none-eabi/5.4.1/armv7-m/crti.o
                0x000012b4                _fini
 .fini          0x000012b8        0x8 c:/program files (x86)/cypress/psoc creator/4.2/psoc creator/import/gnu/arm/5.4.1/bin/../lib/gcc/arm-none-eabi/5.4.1/armv7-m/crtn.o
                0x000012c0                . = ALIGN (0x4)
                0x000012c0                __fini_array_start = .
 *(.fini_array)
 .fini_array    0x000012c0        0x4 c:/program files (x86)/cypress/psoc creator/4.2/psoc creator/import/gnu/arm/5.4.1/bin/../lib/gcc/arm-none-eabi/5.4.1/armv7-m/crtbegin.o
 *(SORT(.fini_array.*))
                0x000012c4                __fini_array_end = .
                0x000012c4                . = ALIGN (0x4)
 *crtbegin.o(.ctors)
 *(EXCLUDE_FILE(*crtend.o) .ctors)
 *(SORT(.ctors.*))
 *crtend.o(.ctors)
                0x000012c4                . = ALIGN (0x4)
 *crtbegin.o(.dtors)
 *(EXCLUDE_FILE(*crtend.o) .dtors)
 *(SORT(.dtors.*))
 *crtend.o(.dtors)
                0x000012c4                . = ALIGN (0x4)
                0x000012c4                __cy_regions = .
                0x000012c4        0x4 LONG 0x12d8 __cy_region_init_ram
                0x000012c8        0x4 LONG 0x1fff80c8 __cy_region_start_data
                0x000012cc        0x4 LONG 0x68 __cy_region_init_size_ram
                0x000012d0        0x4 LONG 0x30 __cy_region_zero_size_ram
                0x000012d4                __cy_regions_end = .
                0x000012d8                . = ALIGN (0x8)
 *fill*         0x000012d4        0x4 
                0x000012d8                _etext = .

.cy_checksum_exclude
                0x000012d8        0x0
 *(.cy_checksum_exclude)

.ramvectors     0x1fff8000       0xc0
                0x1fff8000                __cy_region_start_ram = .
 *(.ramvectors)
 .ramvectors    0x1fff8000       0xc0 .\CortexM3\ARM_GCC_541\Debug\Cm3Start.o
                0x1fff8000                CyRamVectors

.noinit         0x1fff80c0        0x1
 *(.noinit)
 .noinit        0x1fff80c0        0x1 .\CortexM3\ARM_GCC_541\Debug\Stepper.a(CyLib.o)
                0x1fff80c0                CyResetStatus

.data           0x1fff80c8       0x68 load address 0x000012d8
                0x1fff80c8                __cy_region_start_data = .
 *(.jcr)
 .jcr           0x1fff80c8        0x0 c:/program files (x86)/cypress/psoc creator/4.2/psoc creator/import/gnu/arm/5.4.1/bin/../lib/gcc/arm-none-eabi/5.4.1/armv7-m/crtbegin.o
 .jcr           0x1fff80c8        0x4 c:/program files (x86)/cypress/psoc creator/4.2/psoc creator/import/gnu/arm/5.4.1/bin/../lib/gcc/arm-none-eabi/5.4.1/armv7-m/crtend.o
 *(.got.plt)
 *(.got)
 *(.shdata)
 *(.data .data.* .gnu.linkonce.d.*)
 .data.impure_data
                0x1fff80cc       0x60 c:/program files (x86)/cypress/psoc creator/4.2/psoc creator/import/gnu/arm/5.4.1/bin/../lib/gcc/arm-none-eabi/5.4.1/../../../../arm-none-eabi/lib/armv7-m\libg_nano.a(lib_a-impure.o)
 .data._impure_ptr
                0x1fff812c        0x4 c:/program files (x86)/cypress/psoc creator/4.2/psoc creator/import/gnu/arm/5.4.1/bin/../lib/gcc/arm-none-eabi/5.4.1/../../../../arm-none-eabi/lib/armv7-m\libg_nano.a(lib_a-impure.o)
                0x1fff812c                _impure_ptr
                0x1fff8130                . = ALIGN (0x8)
 *(.ram)
                0x1fff8130                _edata = .

.igot.plt       0x1fff8130        0x0 load address 0x00001340
 .igot.plt      0x1fff8130        0x0 c:/program files (x86)/cypress/psoc creator/4.2/psoc creator/import/gnu/arm/5.4.1/bin/../lib/gcc/arm-none-eabi/5.4.1/armv7-m/crtbegin.o

.bss            0x1fff8130       0x30 load address 0x00001340
                0x1fff8130                PROVIDE (__bss_start__, .)
 *(.shbss)
 *(.bss .bss.* .gnu.linkonce.b.*)
 .bss           0x1fff8130       0x1c c:/program files (x86)/cypress/psoc creator/4.2/psoc creator/import/gnu/arm/5.4.1/bin/../lib/gcc/arm-none-eabi/5.4.1/armv7-m/crtbegin.o
 .bss           0x1fff814c        0x1 .\CortexM3\ARM_GCC_541\Debug\main.o
                0x1fff814c                moveFlag
 .bss           0x1fff814d        0x1 .\CortexM3\ARM_GCC_541\Debug\Stepper.a(Timer_StepperX.o)
                0x1fff814d                Timer_StepperX_initVar
 .bss           0x1fff814e        0x2 .\CortexM3\ARM_GCC_541\Debug\Stepper.a(UART_1.o)
                0x1fff814e                UART_1_initVar
 *(COMMON)
 COMMON         0x1fff8150        0x9 .\CortexM3\ARM_GCC_541\Debug\main.o
                0x1fff8150                stepperStateX
                0x1fff8154                stepperPositionX
                0x1fff8158                timerDoneFlag
                0x1fff8160                . = ALIGN (0x8)
 *fill*         0x1fff8159        0x7 
 *(.ram.b)
                0x1fff8160                _end = .
                0x1fff8160                __end = .
                0x1fff8160                PROVIDE (end, .)
                0x1fff8160                PROVIDE (__bss_end__, .)
                0x000012d8                __cy_region_init_ram = LOADADDR (.data)
                0x00000068                __cy_region_init_size_ram = (_edata - ADDR (.data))
                0x00000030                __cy_region_zero_size_ram = (_end - _edata)

.heap           0x1fff8160       0x80 load address 0x00001340
                0x1fff8160                . = _end
                0x1fff81e0                . = (. + 0x80)
 *fill*         0x1fff8160       0x80 
                0x1fff81e0                __cy_heap_limit = .

.stack          0x20007800      0x800
                0x20007800                __cy_stack_limit = .
                0x20008000                . = (. + 0x800)
 *fill*         0x20007800      0x800 
                0x00000001                ASSERT ((__cy_stack_limit >= __cy_heap_limit), region RAM overflowed with stack)
                0x00000000                cy_checksum_exclude_size = (CY_APPL_LOADABLE == 0x1)?SIZEOF (.cy_checksum_exclude):0x0
                0x00000001                ASSERT ((cy_checksum_exclude_size <= CY_CHECKSUM_EXCLUDE_SIZE), CY_BOOT: Section .cy_checksum_exclude size exceedes specified limit.)

.cyloadermeta
 *(.cyloadermeta)

.cyloadablemeta
 *(.cyloadablemeta)

.cyconfigecc    0x80000000      0x410
 *(.cyconfigecc)
 .cyconfigecc   0x80000000      0x410 .\CortexM3\ARM_GCC_541\Debug\cymetadata.o
                0x80000000                cy_meta_configecc

.cycustnvl      0x90000000        0x4
 *(.cycustnvl)
 .cycustnvl     0x90000000        0x4 .\CortexM3\ARM_GCC_541\Debug\cymetadata.o
                0x90000000                cy_meta_custnvl

.cywolatch      0x90100000        0x4
 *(.cywolatch)
 .cywolatch     0x90100000        0x4 .\CortexM3\ARM_GCC_541\Debug\cymetadata.o
                0x90100000                cy_meta_wonvl

.cyeeprom       0x90200000        0x0
 *(.cyeeprom)
                0x00000001                ASSERT ((. <= ((0x90200000 + ee_offset) + ee_size)), .cyeeprom data will not fit in EEPROM)

.cyflashprotect
                0x90400000      0x100
 *(.cyflashprotect)
 .cyflashprotect
                0x90400000      0x100 .\CortexM3\ARM_GCC_541\Debug\cymetadata.o
                0x90400000                cy_meta_flashprotect

.cymeta         0x90500000        0xc
 *(.cymeta)
 .cymeta        0x90500000        0xc .\CortexM3\ARM_GCC_541\Debug\cymetadata.o
                0x90500000                cy_metadata

.rel.dyn        0x00001340        0x0 load address 0x9050000c
 .rel.iplt      0x00001340        0x0 c:/program files (x86)/cypress/psoc creator/4.2/psoc creator/import/gnu/arm/5.4.1/bin/../lib/gcc/arm-none-eabi/5.4.1/armv7-m/crtbegin.o

.stab
 *(.stab)

.stabstr
 *(.stabstr)

.debug
 *(.debug)

.line
 *(.line)

.debug_srcinfo
 *(.debug_srcinfo)

.debug_sfnames
 *(.debug_sfnames)

.debug_aranges  0x00000000      0x920
 *(.debug_aranges)
 .debug_aranges
                0x00000000       0x28 .\CortexM3\ARM_GCC_541\Debug\main.o
 .debug_aranges
                0x00000028       0x50 .\CortexM3\ARM_GCC_541\Debug\MotorDriver.o
 .debug_aranges
                0x00000078       0x58 .\CortexM3\ARM_GCC_541\Debug\cyfitter_cfg.o
 .debug_aranges
                0x000000d0       0x18 .\CortexM3\ARM_GCC_541\Debug\cymetadata.o
 .debug_aranges
                0x000000e8       0x48 .\CortexM3\ARM_GCC_541\Debug\Cm3Start.o
 .debug_aranges
                0x00000130      0x2a0 .\CortexM3\ARM_GCC_541\Debug\Stepper.a(CyLib.o)
 .debug_aranges
                0x000003d0       0x98 .\CortexM3\ARM_GCC_541\Debug\Stepper.a(cyPm.o)
 .debug_aranges
                0x00000468       0x38 .\CortexM3\ARM_GCC_541\Debug\Stepper.a(Pin_X1.o)
 .debug_aranges
                0x000004a0       0x38 .\CortexM3\ARM_GCC_541\Debug\Stepper.a(Pin_X2.o)
 .debug_aranges
                0x000004d8       0x38 .\CortexM3\ARM_GCC_541\Debug\Stepper.a(Pin_X3.o)
 .debug_aranges
                0x00000510       0x88 .\CortexM3\ARM_GCC_541\Debug\Stepper.a(Timer_StepperX.o)
 .debug_aranges
                0x00000598       0x80 .\CortexM3\ARM_GCC_541\Debug\Stepper.a(stepper_isr.o)
 .debug_aranges
                0x00000618       0xf0 .\CortexM3\ARM_GCC_541\Debug\Stepper.a(UART_1.o)
 .debug_aranges
                0x00000708       0x70 .\CortexM3\ARM_GCC_541\Debug\Stepper.a(UART_1_IntClock.o)
 .debug_aranges
                0x00000778       0x80 .\CortexM3\ARM_GCC_541\Debug\Stepper.a(uart_isr.o)
 .debug_aranges
                0x000007f8       0x20 .\CortexM3\ARM_GCC_541\Debug\Stepper.a(CyBootAsmGnu.o)
 .debug_aranges
                0x00000818       0x88 .\CortexM3\ARM_GCC_541\Debug\Stepper.a(CyFlash.o)
 .debug_aranges
                0x000008a0       0x80 .\CortexM3\ARM_GCC_541\Debug\Stepper.a(CySpc.o)

.debug_pubnames
 *(.debug_pubnames)

.debug_info     0x00000000     0x4e2f
 *(.debug_info .gnu.linkonce.wi.*)
 .debug_info    0x00000000      0x1d8 .\CortexM3\ARM_GCC_541\Debug\main.o
 .debug_info    0x000001d8      0x3d8 .\CortexM3\ARM_GCC_541\Debug\MotorDriver.o
 .debug_info    0x000005b0      0x594 .\CortexM3\ARM_GCC_541\Debug\cyfitter_cfg.o
 .debug_info    0x00000b44      0x135 .\CortexM3\ARM_GCC_541\Debug\cymetadata.o
 .debug_info    0x00000c79      0x3bb .\CortexM3\ARM_GCC_541\Debug\Cm3Start.o
 .debug_info    0x00001034     0x1374 .\CortexM3\ARM_GCC_541\Debug\Stepper.a(CyLib.o)
 .debug_info    0x000023a8      0xa2a .\CortexM3\ARM_GCC_541\Debug\Stepper.a(cyPm.o)
 .debug_info    0x00002dd2      0x11f .\CortexM3\ARM_GCC_541\Debug\Stepper.a(Pin_X1.o)
 .debug_info    0x00002ef1      0x11f .\CortexM3\ARM_GCC_541\Debug\Stepper.a(Pin_X2.o)
 .debug_info    0x00003010      0x11f .\CortexM3\ARM_GCC_541\Debug\Stepper.a(Pin_X3.o)
 .debug_info    0x0000312f      0x295 .\CortexM3\ARM_GCC_541\Debug\Stepper.a(Timer_StepperX.o)
 .debug_info    0x000033c4      0x2d2 .\CortexM3\ARM_GCC_541\Debug\Stepper.a(stepper_isr.o)
 .debug_info    0x00003696      0x60c .\CortexM3\ARM_GCC_541\Debug\Stepper.a(UART_1.o)
 .debug_info    0x00003ca2      0x283 .\CortexM3\ARM_GCC_541\Debug\Stepper.a(UART_1_IntClock.o)
 .debug_info    0x00003f25      0x2d2 .\CortexM3\ARM_GCC_541\Debug\Stepper.a(uart_isr.o)
 .debug_info    0x000041f7       0x9b .\CortexM3\ARM_GCC_541\Debug\Stepper.a(CyBootAsmGnu.o)
 .debug_info    0x00004292      0x64d .\CortexM3\ARM_GCC_541\Debug\Stepper.a(CyFlash.o)
 .debug_info    0x000048df      0x550 .\CortexM3\ARM_GCC_541\Debug\Stepper.a(CySpc.o)

.debug_abbrev   0x00000000     0x1677
 *(.debug_abbrev)
 .debug_abbrev  0x00000000      0x100 .\CortexM3\ARM_GCC_541\Debug\main.o
 .debug_abbrev  0x00000100      0x170 .\CortexM3\ARM_GCC_541\Debug\MotorDriver.o
 .debug_abbrev  0x00000270      0x20d .\CortexM3\ARM_GCC_541\Debug\cyfitter_cfg.o
 .debug_abbrev  0x0000047d       0x66 .\CortexM3\ARM_GCC_541\Debug\cymetadata.o
 .debug_abbrev  0x000004e3      0x1e8 .\CortexM3\ARM_GCC_541\Debug\Cm3Start.o
 .debug_abbrev  0x000006cb      0x254 .\CortexM3\ARM_GCC_541\Debug\Stepper.a(CyLib.o)
 .debug_abbrev  0x0000091f      0x1ab .\CortexM3\ARM_GCC_541\Debug\Stepper.a(cyPm.o)
 .debug_abbrev  0x00000aca       0x90 .\CortexM3\ARM_GCC_541\Debug\Stepper.a(Pin_X1.o)
 .debug_abbrev  0x00000b5a       0x90 .\CortexM3\ARM_GCC_541\Debug\Stepper.a(Pin_X2.o)
 .debug_abbrev  0x00000bea       0x90 .\CortexM3\ARM_GCC_541\Debug\Stepper.a(Pin_X3.o)
 .debug_abbrev  0x00000c7a      0x11a .\CortexM3\ARM_GCC_541\Debug\Stepper.a(Timer_StepperX.o)
 .debug_abbrev  0x00000d94      0x173 .\CortexM3\ARM_GCC_541\Debug\Stepper.a(stepper_isr.o)
 .debug_abbrev  0x00000f07      0x175 .\CortexM3\ARM_GCC_541\Debug\Stepper.a(UART_1.o)
 .debug_abbrev  0x0000107c      0x139 .\CortexM3\ARM_GCC_541\Debug\Stepper.a(UART_1_IntClock.o)
 .debug_abbrev  0x000011b5      0x173 .\CortexM3\ARM_GCC_541\Debug\Stepper.a(uart_isr.o)
 .debug_abbrev  0x00001328       0x14 .\CortexM3\ARM_GCC_541\Debug\Stepper.a(CyBootAsmGnu.o)
 .debug_abbrev  0x0000133c      0x1a7 .\CortexM3\ARM_GCC_541\Debug\Stepper.a(CyFlash.o)
 .debug_abbrev  0x000014e3      0x194 .\CortexM3\ARM_GCC_541\Debug\Stepper.a(CySpc.o)

.debug_line     0x00000000     0x2438
 *(.debug_line)
 .debug_line    0x00000000      0x1a8 .\CortexM3\ARM_GCC_541\Debug\main.o
 .debug_line    0x000001a8      0x308 .\CortexM3\ARM_GCC_541\Debug\MotorDriver.o
 .debug_line    0x000004b0      0x1f5 .\CortexM3\ARM_GCC_541\Debug\cyfitter_cfg.o
 .debug_line    0x000006a5      0x141 .\CortexM3\ARM_GCC_541\Debug\cymetadata.o
 .debug_line    0x000007e6      0x234 .\CortexM3\ARM_GCC_541\Debug\Cm3Start.o
 .debug_line    0x00000a1a      0x816 .\CortexM3\ARM_GCC_541\Debug\Stepper.a(CyLib.o)
 .debug_line    0x00001230      0x367 .\CortexM3\ARM_GCC_541\Debug\Stepper.a(cyPm.o)
 .debug_line    0x00001597       0x93 .\CortexM3\ARM_GCC_541\Debug\Stepper.a(Pin_X1.o)
 .debug_line    0x0000162a       0x93 .\CortexM3\ARM_GCC_541\Debug\Stepper.a(Pin_X2.o)
 .debug_line    0x000016bd       0x93 .\CortexM3\ARM_GCC_541\Debug\Stepper.a(Pin_X3.o)
 .debug_line    0x00001750      0x15d .\CortexM3\ARM_GCC_541\Debug\Stepper.a(Timer_StepperX.o)
 .debug_line    0x000018ad      0x138 .\CortexM3\ARM_GCC_541\Debug\Stepper.a(stepper_isr.o)
 .debug_line    0x000019e5      0x2c0 .\CortexM3\ARM_GCC_541\Debug\Stepper.a(UART_1.o)
 .debug_line    0x00001ca5      0x17e .\CortexM3\ARM_GCC_541\Debug\Stepper.a(UART_1_IntClock.o)
 .debug_line    0x00001e23      0x135 .\CortexM3\ARM_GCC_541\Debug\Stepper.a(uart_isr.o)
 .debug_line    0x00001f58       0x66 .\CortexM3\ARM_GCC_541\Debug\Stepper.a(CyBootAsmGnu.o)
 .debug_line    0x00001fbe      0x21a .\CortexM3\ARM_GCC_541\Debug\Stepper.a(CyFlash.o)
 .debug_line    0x000021d8      0x260 .\CortexM3\ARM_GCC_541\Debug\Stepper.a(CySpc.o)

.debug_frame    0x00000000     0x171c
 *(.debug_frame)
 .debug_frame   0x00000000       0x48 .\CortexM3\ARM_GCC_541\Debug\main.o
 .debug_frame   0x00000048       0xd8 .\CortexM3\ARM_GCC_541\Debug\MotorDriver.o
 .debug_frame   0x00000120       0xe4 .\CortexM3\ARM_GCC_541\Debug\cyfitter_cfg.o
 .debug_frame   0x00000204       0xb8 .\CortexM3\ARM_GCC_541\Debug\Cm3Start.o
 .debug_frame   0x000002bc      0x738 .\CortexM3\ARM_GCC_541\Debug\Stepper.a(CyLib.o)
 .debug_frame   0x000009f4      0x1f8 .\CortexM3\ARM_GCC_541\Debug\Stepper.a(cyPm.o)
 .debug_frame   0x00000bec       0x50 .\CortexM3\ARM_GCC_541\Debug\Stepper.a(Pin_X1.o)
 .debug_frame   0x00000c3c       0x50 .\CortexM3\ARM_GCC_541\Debug\Stepper.a(Pin_X2.o)
 .debug_frame   0x00000c8c       0x50 .\CortexM3\ARM_GCC_541\Debug\Stepper.a(Pin_X3.o)
 .debug_frame   0x00000cdc      0x108 .\CortexM3\ARM_GCC_541\Debug\Stepper.a(Timer_StepperX.o)
 .debug_frame   0x00000de4      0x104 .\CortexM3\ARM_GCC_541\Debug\Stepper.a(stepper_isr.o)
 .debug_frame   0x00000ee8      0x250 .\CortexM3\ARM_GCC_541\Debug\Stepper.a(UART_1.o)
 .debug_frame   0x00001138       0xe0 .\CortexM3\ARM_GCC_541\Debug\Stepper.a(UART_1_IntClock.o)
 .debug_frame   0x00001218      0x104 .\CortexM3\ARM_GCC_541\Debug\Stepper.a(uart_isr.o)
 .debug_frame   0x0000131c      0x194 .\CortexM3\ARM_GCC_541\Debug\Stepper.a(CyFlash.o)
 .debug_frame   0x000014b0      0x180 .\CortexM3\ARM_GCC_541\Debug\Stepper.a(CySpc.o)
 .debug_frame   0x00001630       0x30 c:/program files (x86)/cypress/psoc creator/4.2/psoc creator/import/gnu/arm/5.4.1/bin/../lib/gcc/arm-none-eabi/5.4.1/../../../../arm-none-eabi/lib/armv7-m\libm.a(lib_a-s_round.o)
 .debug_frame   0x00001660       0x20 c:/program files (x86)/cypress/psoc creator/4.2/psoc creator/import/gnu/arm/5.4.1/bin/../lib/gcc/arm-none-eabi/5.4.1/../../../../arm-none-eabi/lib/armv7-m\libg_nano.a(lib_a-errno.o)
 .debug_frame   0x00001680       0x28 c:/program files (x86)/cypress/psoc creator/4.2/psoc creator/import/gnu/arm/5.4.1/bin/../lib/gcc/arm-none-eabi/5.4.1/../../../../arm-none-eabi/lib/armv7-m\libg_nano.a(lib_a-exit.o)
 .debug_frame   0x000016a8       0x2c c:/program files (x86)/cypress/psoc creator/4.2/psoc creator/import/gnu/arm/5.4.1/bin/../lib/gcc/arm-none-eabi/5.4.1/../../../../arm-none-eabi/lib/armv7-m\libg_nano.a(lib_a-init.o)
 .debug_frame   0x000016d4       0x28 c:/program files (x86)/cypress/psoc creator/4.2/psoc creator/import/gnu/arm/5.4.1/bin/../lib/gcc/arm-none-eabi/5.4.1/../../../../arm-none-eabi/lib/armv7-m\libg_nano.a(lib_a-memcpy-stub.o)
 .debug_frame   0x000016fc       0x20 c:/program files (x86)/cypress/psoc creator/4.2/psoc creator/import/gnu/arm/5.4.1/bin/../lib/gcc/arm-none-eabi/5.4.1/../../../../arm-none-eabi/lib/armv7-m\libg_nano.a(lib_a-memset.o)

.debug_str      0x00000000     0x1dca
 *(.debug_str)
 .debug_str     0x00000000      0x215 .\CortexM3\ARM_GCC_541\Debug\main.o
                                0x25d (size before relaxing)
 .debug_str     0x00000215       0xeb .\CortexM3\ARM_GCC_541\Debug\MotorDriver.o
                                0x2f2 (size before relaxing)
 .debug_str     0x00000300      0x1b6 .\CortexM3\ARM_GCC_541\Debug\cyfitter_cfg.o
                                0x34f (size before relaxing)
 .debug_str     0x000004b6       0x7f .\CortexM3\ARM_GCC_541\Debug\cymetadata.o
                                0x1ef (size before relaxing)
 .debug_str     0x00000535      0x144 .\CortexM3\ARM_GCC_541\Debug\Cm3Start.o
                                0x315 (size before relaxing)
 .debug_str     0x00000679      0x84e .\CortexM3\ARM_GCC_541\Debug\Stepper.a(CyLib.o)
                                0xa52 (size before relaxing)
 .debug_str     0x00000ec7      0x365 .\CortexM3\ARM_GCC_541\Debug\Stepper.a(cyPm.o)
                                0x73e (size before relaxing)
 .debug_str     0x0000122c       0x5e .\CortexM3\ARM_GCC_541\Debug\Stepper.a(Pin_X1.o)
                                0x1f2 (size before relaxing)
 .debug_str     0x0000128a       0x53 .\CortexM3\ARM_GCC_541\Debug\Stepper.a(Pin_X2.o)
                                0x1f2 (size before relaxing)
 .debug_str     0x000012dd       0x54 .\CortexM3\ARM_GCC_541\Debug\Stepper.a(Pin_X3.o)
                                0x1f2 (size before relaxing)
 .debug_str     0x00001331      0x1c9 .\CortexM3\ARM_GCC_541\Debug\Stepper.a(Timer_StepperX.o)
                                0x390 (size before relaxing)
 .debug_str     0x000014fa      0x126 .\CortexM3\ARM_GCC_541\Debug\Stepper.a(stepper_isr.o)
                                0x305 (size before relaxing)
 .debug_str     0x00001620      0x2ad .\CortexM3\ARM_GCC_541\Debug\Stepper.a(UART_1.o)
                                0x4be (size before relaxing)
 .debug_str     0x000018cd      0x197 .\CortexM3\ARM_GCC_541\Debug\Stepper.a(UART_1_IntClock.o)
                                0x359 (size before relaxing)
 .debug_str     0x00001a64       0xff .\CortexM3\ARM_GCC_541\Debug\Stepper.a(uart_isr.o)
                                0x2db (size before relaxing)
 .debug_str     0x00001b63      0x1bb .\CortexM3\ARM_GCC_541\Debug\Stepper.a(CyFlash.o)
                                0x3cb (size before relaxing)
 .debug_str     0x00001d1e       0xac .\CortexM3\ARM_GCC_541\Debug\Stepper.a(CySpc.o)
                                0x343 (size before relaxing)

.debug_loc      0x00000000     0x2021
 *(.debug_loc)
 .debug_loc     0x00000000       0xe6 .\CortexM3\ARM_GCC_541\Debug\MotorDriver.o
 .debug_loc     0x000000e6      0x259 .\CortexM3\ARM_GCC_541\Debug\cyfitter_cfg.o
 .debug_loc     0x0000033f      0x144 .\CortexM3\ARM_GCC_541\Debug\Cm3Start.o
 .debug_loc     0x00000483      0xa11 .\CortexM3\ARM_GCC_541\Debug\Stepper.a(CyLib.o)
 .debug_loc     0x00000e94      0x1e4 .\CortexM3\ARM_GCC_541\Debug\Stepper.a(cyPm.o)
 .debug_loc     0x00001078       0x42 .\CortexM3\ARM_GCC_541\Debug\Stepper.a(Pin_X1.o)
 .debug_loc     0x000010ba       0x42 .\CortexM3\ARM_GCC_541\Debug\Stepper.a(Pin_X2.o)
 .debug_loc     0x000010fc       0x42 .\CortexM3\ARM_GCC_541\Debug\Stepper.a(Pin_X3.o)
 .debug_loc     0x0000113e       0x56 .\CortexM3\ARM_GCC_541\Debug\Stepper.a(stepper_isr.o)
 .debug_loc     0x00001194      0x258 .\CortexM3\ARM_GCC_541\Debug\Stepper.a(UART_1.o)
 .debug_loc     0x000013ec      0x128 .\CortexM3\ARM_GCC_541\Debug\Stepper.a(UART_1_IntClock.o)
 .debug_loc     0x00001514       0x56 .\CortexM3\ARM_GCC_541\Debug\Stepper.a(uart_isr.o)
 .debug_loc     0x0000156a      0x3b2 .\CortexM3\ARM_GCC_541\Debug\Stepper.a(CyFlash.o)
 .debug_loc     0x0000191c      0x705 .\CortexM3\ARM_GCC_541\Debug\Stepper.a(CySpc.o)

.debug_macinfo
 *(.debug_macinfo)

.debug_ranges   0x00000000      0x818
 *(.debug_ranges)
 .debug_ranges  0x00000000       0x18 .\CortexM3\ARM_GCC_541\Debug\main.o
 .debug_ranges  0x00000018       0x70 .\CortexM3\ARM_GCC_541\Debug\MotorDriver.o
 .debug_ranges  0x00000088       0x48 .\CortexM3\ARM_GCC_541\Debug\cyfitter_cfg.o
 .debug_ranges  0x000000d0       0x38 .\CortexM3\ARM_GCC_541\Debug\Cm3Start.o
 .debug_ranges  0x00000108      0x290 .\CortexM3\ARM_GCC_541\Debug\Stepper.a(CyLib.o)
 .debug_ranges  0x00000398       0x88 .\CortexM3\ARM_GCC_541\Debug\Stepper.a(cyPm.o)
 .debug_ranges  0x00000420       0x28 .\CortexM3\ARM_GCC_541\Debug\Stepper.a(Pin_X1.o)
 .debug_ranges  0x00000448       0x28 .\CortexM3\ARM_GCC_541\Debug\Stepper.a(Pin_X2.o)
 .debug_ranges  0x00000470       0x28 .\CortexM3\ARM_GCC_541\Debug\Stepper.a(Pin_X3.o)
 .debug_ranges  0x00000498       0x78 .\CortexM3\ARM_GCC_541\Debug\Stepper.a(Timer_StepperX.o)
 .debug_ranges  0x00000510       0x70 .\CortexM3\ARM_GCC_541\Debug\Stepper.a(stepper_isr.o)
 .debug_ranges  0x00000580       0xe0 .\CortexM3\ARM_GCC_541\Debug\Stepper.a(UART_1.o)
 .debug_ranges  0x00000660       0x60 .\CortexM3\ARM_GCC_541\Debug\Stepper.a(UART_1_IntClock.o)
 .debug_ranges  0x000006c0       0x70 .\CortexM3\ARM_GCC_541\Debug\Stepper.a(uart_isr.o)
 .debug_ranges  0x00000730       0x78 .\CortexM3\ARM_GCC_541\Debug\Stepper.a(CyFlash.o)
 .debug_ranges  0x000007a8       0x70 .\CortexM3\ARM_GCC_541\Debug\Stepper.a(CySpc.o)

.comment        0x00000000       0x6e
 .comment       0x00000000       0x6e .\CortexM3\ARM_GCC_541\Debug\main.o
                                 0x6f (size before relaxing)
 .comment       0x0000006e       0x6f .\CortexM3\ARM_GCC_541\Debug\MotorDriver.o
 .comment       0x0000006e       0x6f .\CortexM3\ARM_GCC_541\Debug\cyfitter_cfg.o
 .comment       0x0000006e       0x6f .\CortexM3\ARM_GCC_541\Debug\cymetadata.o
 .comment       0x0000006e       0x6f .\CortexM3\ARM_GCC_541\Debug\Cm3Start.o
 .comment       0x0000006e       0x6f .\CortexM3\ARM_GCC_541\Debug\Stepper.a(CyLib.o)
 .comment       0x0000006e       0x6f .\CortexM3\ARM_GCC_541\Debug\Stepper.a(cyPm.o)
 .comment       0x0000006e       0x6f .\CortexM3\ARM_GCC_541\Debug\Stepper.a(Pin_X1.o)
 .comment       0x0000006e       0x6f .\CortexM3\ARM_GCC_541\Debug\Stepper.a(Pin_X2.o)
 .comment       0x0000006e       0x6f .\CortexM3\ARM_GCC_541\Debug\Stepper.a(Pin_X3.o)
 .comment       0x0000006e       0x6f .\CortexM3\ARM_GCC_541\Debug\Stepper.a(Timer_StepperX.o)
 .comment       0x0000006e       0x6f .\CortexM3\ARM_GCC_541\Debug\Stepper.a(stepper_isr.o)
 .comment       0x0000006e       0x6f .\CortexM3\ARM_GCC_541\Debug\Stepper.a(UART_1.o)
 .comment       0x0000006e       0x6f .\CortexM3\ARM_GCC_541\Debug\Stepper.a(UART_1_IntClock.o)
 .comment       0x0000006e       0x6f .\CortexM3\ARM_GCC_541\Debug\Stepper.a(uart_isr.o)
 .comment       0x0000006e       0x6f .\CortexM3\ARM_GCC_541\Debug\Stepper.a(CyFlash.o)
 .comment       0x0000006e       0x6f .\CortexM3\ARM_GCC_541\Debug\Stepper.a(CySpc.o)

.debug_weaknames
 *(.debug_weaknames)

.debug_funcnames
 *(.debug_funcnames)

.debug_typenames
 *(.debug_typenames)

.debug_varnames
 *(.debug_varnames)

.note.gnu.arm.ident
 *(.note.gnu.arm.ident)

.ARM.attributes
                0x00000000       0x29
 *(.ARM.attributes)
 .ARM.attributes
                0x00000000       0x1d c:/program files (x86)/cypress/psoc creator/4.2/psoc creator/import/gnu/arm/5.4.1/bin/../lib/gcc/arm-none-eabi/5.4.1/armv7-m/crti.o
 .ARM.attributes
                0x0000001d       0x2d c:/program files (x86)/cypress/psoc creator/4.2/psoc creator/import/gnu/arm/5.4.1/bin/../lib/gcc/arm-none-eabi/5.4.1/armv7-m/crtbegin.o
 .ARM.attributes
                0x0000004a       0x1b c:/program files (x86)/cypress/psoc creator/4.2/psoc creator/import/gnu/arm/5.4.1/bin/../lib/gcc/arm-none-eabi/5.4.1/../../../../arm-none-eabi/lib/armv7-m/crt0.o
 .ARM.attributes
                0x00000065       0x33 .\CortexM3\ARM_GCC_541\Debug\main.o
 .ARM.attributes
                0x00000098       0x33 .\CortexM3\ARM_GCC_541\Debug\MotorDriver.o
 .ARM.attributes
                0x000000cb       0x33 .\CortexM3\ARM_GCC_541\Debug\cyfitter_cfg.o
 .ARM.attributes
                0x000000fe       0x33 .\CortexM3\ARM_GCC_541\Debug\cymetadata.o
 .ARM.attributes
                0x00000131       0x33 .\CortexM3\ARM_GCC_541\Debug\Cm3Start.o
 .ARM.attributes
                0x00000164       0x33 .\CortexM3\ARM_GCC_541\Debug\Stepper.a(CyLib.o)
 .ARM.attributes
                0x00000197       0x33 .\CortexM3\ARM_GCC_541\Debug\Stepper.a(cyPm.o)
 .ARM.attributes
                0x000001ca       0x33 .\CortexM3\ARM_GCC_541\Debug\Stepper.a(Pin_X1.o)
 .ARM.attributes
                0x000001fd       0x33 .\CortexM3\ARM_GCC_541\Debug\Stepper.a(Pin_X2.o)
 .ARM.attributes
                0x00000230       0x33 .\CortexM3\ARM_GCC_541\Debug\Stepper.a(Pin_X3.o)
 .ARM.attributes
                0x00000263       0x33 .\CortexM3\ARM_GCC_541\Debug\Stepper.a(Timer_StepperX.o)
 .ARM.attributes
                0x00000296       0x33 .\CortexM3\ARM_GCC_541\Debug\Stepper.a(stepper_isr.o)
 .ARM.attributes
                0x000002c9       0x33 .\CortexM3\ARM_GCC_541\Debug\Stepper.a(UART_1.o)
 .ARM.attributes
                0x000002fc       0x33 .\CortexM3\ARM_GCC_541\Debug\Stepper.a(UART_1_IntClock.o)
 .ARM.attributes
                0x0000032f       0x33 .\CortexM3\ARM_GCC_541\Debug\Stepper.a(uart_isr.o)
 .ARM.attributes
                0x00000362       0x21 .\CortexM3\ARM_GCC_541\Debug\Stepper.a(CyBootAsmGnu.o)
 .ARM.attributes
                0x00000383       0x33 .\CortexM3\ARM_GCC_541\Debug\Stepper.a(CyFlash.o)
 .ARM.attributes
                0x000003b6       0x33 .\CortexM3\ARM_GCC_541\Debug\Stepper.a(CySpc.o)
 .ARM.attributes
                0x000003e9       0x2d c:/program files (x86)/cypress/psoc creator/4.2/psoc creator/import/gnu/arm/5.4.1/bin/../lib/gcc/arm-none-eabi/5.4.1/../../../../arm-none-eabi/lib/armv7-m\libm.a(lib_a-s_round.o)
 .ARM.attributes
                0x00000416       0x1d c:/program files (x86)/cypress/psoc creator/4.2/psoc creator/import/gnu/arm/5.4.1/bin/../lib/gcc/arm-none-eabi/5.4.1/armv7-m\libgcc.a(_arm_addsubdf3.o)
 .ARM.attributes
                0x00000433       0x1d c:/program files (x86)/cypress/psoc creator/4.2/psoc creator/import/gnu/arm/5.4.1/bin/../lib/gcc/arm-none-eabi/5.4.1/armv7-m\libgcc.a(_arm_muldivdf3.o)
 .ARM.attributes
                0x00000450       0x1d c:/program files (x86)/cypress/psoc creator/4.2/psoc creator/import/gnu/arm/5.4.1/bin/../lib/gcc/arm-none-eabi/5.4.1/armv7-m\libgcc.a(_arm_fixdfsi.o)
 .ARM.attributes
                0x0000046d       0x1d c:/program files (x86)/cypress/psoc creator/4.2/psoc creator/import/gnu/arm/5.4.1/bin/../lib/gcc/arm-none-eabi/5.4.1/armv7-m\libgcc.a(_arm_truncdfsf2.o)
 .ARM.attributes
                0x0000048a       0x2d c:/program files (x86)/cypress/psoc creator/4.2/psoc creator/import/gnu/arm/5.4.1/bin/../lib/gcc/arm-none-eabi/5.4.1/../../../../arm-none-eabi/lib/armv7-m\libg_nano.a(lib_a-errno.o)
 .ARM.attributes
                0x000004b7       0x2d c:/program files (x86)/cypress/psoc creator/4.2/psoc creator/import/gnu/arm/5.4.1/bin/../lib/gcc/arm-none-eabi/5.4.1/../../../../arm-none-eabi/lib/armv7-m\libg_nano.a(lib_a-exit.o)
 .ARM.attributes
                0x000004e4       0x2d c:/program files (x86)/cypress/psoc creator/4.2/psoc creator/import/gnu/arm/5.4.1/bin/../lib/gcc/arm-none-eabi/5.4.1/../../../../arm-none-eabi/lib/armv7-m\libg_nano.a(lib_a-impure.o)
 .ARM.attributes
                0x00000511       0x2d c:/program files (x86)/cypress/psoc creator/4.2/psoc creator/import/gnu/arm/5.4.1/bin/../lib/gcc/arm-none-eabi/5.4.1/../../../../arm-none-eabi/lib/armv7-m\libg_nano.a(lib_a-init.o)
 .ARM.attributes
                0x0000053e       0x2d c:/program files (x86)/cypress/psoc creator/4.2/psoc creator/import/gnu/arm/5.4.1/bin/../lib/gcc/arm-none-eabi/5.4.1/../../../../arm-none-eabi/lib/armv7-m\libg_nano.a(lib_a-memcpy-stub.o)
 .ARM.attributes
                0x0000056b       0x2d c:/program files (x86)/cypress/psoc creator/4.2/psoc creator/import/gnu/arm/5.4.1/bin/../lib/gcc/arm-none-eabi/5.4.1/../../../../arm-none-eabi/lib/armv7-m\libg_nano.a(lib_a-memset.o)
 .ARM.attributes
                0x00000598       0x2d c:/program files (x86)/cypress/psoc creator/4.2/psoc creator/import/gnu/arm/5.4.1/bin/../lib/gcc/arm-none-eabi/5.4.1/armv7-m/crtend.o
 .ARM.attributes
                0x000005c5       0x1d c:/program files (x86)/cypress/psoc creator/4.2/psoc creator/import/gnu/arm/5.4.1/bin/../lib/gcc/arm-none-eabi/5.4.1/armv7-m/crtn.o

/DISCARD/
 *(.note.GNU-stack)
OUTPUT(C:\Users\jens1\Desktop\Skoleting\I3E3PRJ_Repo\PSoC\MotorDriver\Stepper.cydsn\CortexM3\ARM_GCC_541\Debug\Stepper.elf elf32-littlearm)
