Archive member included to satisfy reference by file (symbol)

.\CortexM3\ARM_GCC_541\Debug\PSoCcontroller.a(CyLib.o)
                              .\CortexM3\ARM_GCC_541\Debug\Cm3Start.o (CyHalt)
.\CortexM3\ARM_GCC_541\Debug\PSoCcontroller.a(cyPm.o)
                              .\CortexM3\ARM_GCC_541\Debug\main.o (CyPmAltAct)
.\CortexM3\ARM_GCC_541\Debug\PSoCcontroller.a(Timer_Sonar.o)
                              .\CortexM3\ARM_GCC_541\Debug\SonarDriver.o (Timer_Sonar_WriteCounter)
.\CortexM3\ARM_GCC_541\Debug\PSoCcontroller.a(Trigger_1.o)
                              .\CortexM3\ARM_GCC_541\Debug\SonarDriver.o (Trigger_1_Write)
.\CortexM3\ARM_GCC_541\Debug\PSoCcontroller.a(Trigger_2.o)
                              .\CortexM3\ARM_GCC_541\Debug\SonarDriver.o (Trigger_2_Write)
.\CortexM3\ARM_GCC_541\Debug\PSoCcontroller.a(Echo_1.o)
                              .\CortexM3\ARM_GCC_541\Debug\SonarDriver.o (Echo_1_Read)
.\CortexM3\ARM_GCC_541\Debug\PSoCcontroller.a(Echo_2.o)
                              .\CortexM3\ARM_GCC_541\Debug\SonarDriver.o (Echo_2_Read)
.\CortexM3\ARM_GCC_541\Debug\PSoCcontroller.a(UART_1.o)
                              .\CortexM3\ARM_GCC_541\Debug\main.o (UART_1_ReadRxData)
.\CortexM3\ARM_GCC_541\Debug\PSoCcontroller.a(UART_1_IntClock.o)
                              .\CortexM3\ARM_GCC_541\Debug\PSoCcontroller.a(UART_1.o) (UART_1_IntClock_Start)
.\CortexM3\ARM_GCC_541\Debug\PSoCcontroller.a(Delay_Timer.o)
                              .\CortexM3\ARM_GCC_541\Debug\main.o (Delay_Timer_Stop)
.\CortexM3\ARM_GCC_541\Debug\PSoCcontroller.a(ISR_delay.o)
                              .\CortexM3\ARM_GCC_541\Debug\main.o (ISR_delay_StartEx)
.\CortexM3\ARM_GCC_541\Debug\PSoCcontroller.a(ADC_Moisture.o)
                              .\CortexM3\ARM_GCC_541\Debug\MoistureSensor.o (ADC_Moisture_Start)
.\CortexM3\ARM_GCC_541\Debug\PSoCcontroller.a(ADC_Moisture_INT.o)
                              .\CortexM3\ARM_GCC_541\Debug\PSoCcontroller.a(ADC_Moisture.o) (ADC_Moisture_ISR)
.\CortexM3\ARM_GCC_541\Debug\PSoCcontroller.a(ADC_Moisture_theACLK.o)
                              .\CortexM3\ARM_GCC_541\Debug\PSoCcontroller.a(ADC_Moisture.o) (ADC_Moisture_theACLK_SetModeRegister)
.\CortexM3\ARM_GCC_541\Debug\PSoCcontroller.a(ISR_WaterLevel.o)
                              .\CortexM3\ARM_GCC_541\Debug\main.o (ISR_WaterLevel_StartEx)
.\CortexM3\ARM_GCC_541\Debug\PSoCcontroller.a(Timer_StepperX.o)
                              .\CortexM3\ARM_GCC_541\Debug\main.o (Timer_StepperX_Stop)
.\CortexM3\ARM_GCC_541\Debug\PSoCcontroller.a(ISR_stepperY.o)
                              .\CortexM3\ARM_GCC_541\Debug\MotorDriverY.o (ISR_stepperY_StartEx)
.\CortexM3\ARM_GCC_541\Debug\PSoCcontroller.a(Timer_StepperY.o)
                              .\CortexM3\ARM_GCC_541\Debug\main.o (Timer_StepperY_Stop)
.\CortexM3\ARM_GCC_541\Debug\PSoCcontroller.a(ISR_stepperX.o)
                              .\CortexM3\ARM_GCC_541\Debug\MotorDriverX.o (ISR_stepperX_StartEx)
.\CortexM3\ARM_GCC_541\Debug\PSoCcontroller.a(Pin_X1.o)
                              .\CortexM3\ARM_GCC_541\Debug\MotorDriverX.o (Pin_X1_Write)
.\CortexM3\ARM_GCC_541\Debug\PSoCcontroller.a(Pin_X2.o)
                              .\CortexM3\ARM_GCC_541\Debug\MotorDriverX.o (Pin_X2_Write)
.\CortexM3\ARM_GCC_541\Debug\PSoCcontroller.a(Pin_X3.o)
                              .\CortexM3\ARM_GCC_541\Debug\MotorDriverX.o (Pin_X3_Read)
.\CortexM3\ARM_GCC_541\Debug\PSoCcontroller.a(Pin_Y1.o)
                              .\CortexM3\ARM_GCC_541\Debug\MotorDriverY.o (Pin_Y1_Write)
.\CortexM3\ARM_GCC_541\Debug\PSoCcontroller.a(Pin_Y2.o)
                              .\CortexM3\ARM_GCC_541\Debug\MotorDriverY.o (Pin_Y2_Write)
.\CortexM3\ARM_GCC_541\Debug\PSoCcontroller.a(Pin_Y3.o)
                              .\CortexM3\ARM_GCC_541\Debug\MotorDriverY.o (Pin_Y3_Read)
.\CortexM3\ARM_GCC_541\Debug\PSoCcontroller.a(ADC_SAR_WaSens.o)
                              .\CortexM3\ARM_GCC_541\Debug\WaterSensor.o (ADC_SAR_WaSens_Start)
.\CortexM3\ARM_GCC_541\Debug\PSoCcontroller.a(ADC_SAR_WaSens_INT.o)
                              .\CortexM3\ARM_GCC_541\Debug\PSoCcontroller.a(ADC_SAR_WaSens.o) (ADC_SAR_WaSens_ISR)
.\CortexM3\ARM_GCC_541\Debug\PSoCcontroller.a(Pin_WaterPump.o)
                              .\CortexM3\ARM_GCC_541\Debug\WaterPump.o (Pin_WaterPump_Write)
.\CortexM3\ARM_GCC_541\Debug\PSoCcontroller.a(ADC_SAR_WaSens_theACLK.o)
                              .\CortexM3\ARM_GCC_541\Debug\PSoCcontroller.a(ADC_SAR_WaSens.o) (ADC_SAR_WaSens_theACLK_SetModeRegister)
.\CortexM3\ARM_GCC_541\Debug\PSoCcontroller.a(Pin_Low_WL.o)
                              .\CortexM3\ARM_GCC_541\Debug\main.o (Pin_Low_WL_Write)
.\CortexM3\ARM_GCC_541\Debug\PSoCcontroller.a(SPI_1.o)
                              .\CortexM3\ARM_GCC_541\Debug\main.o (SPI_1_ReadRxStatus)
.\CortexM3\ARM_GCC_541\Debug\PSoCcontroller.a(SPI_1_INT.o)
[...]
Memory Configuration

Name             Origin             Length             Attributes
rom              0x00000000         0x00040000         xr
ram              0x1fff8000         0x00010000         xrw
*default*        0x00000000         0xffffffff

Linker script and memory map

LOAD c:/program files (x86)/cypress/psoc creator/4.2/psoc creator/import/gnu/arm/5.4.1/bin/../lib/gcc/arm-none-eabi/5.4.1/armv7-m/crti.o
LOAD c:/program files (x86)/cypress/psoc creator/4.2/psoc creator/import/gnu/arm/5.4.1/bin/../lib/gcc/arm-none-eabi/5.4.1/armv7-m/crtbegin.o
LOAD c:/program files (x86)/cypress/psoc creator/4.2/psoc creator/import/gnu/arm/5.4.1/bin/../lib/gcc/arm-none-eabi/5.4.1/../../../../arm-none-eabi/lib/armv7-m/crt0.o
START GROUP
LOAD .\CortexM3\ARM_GCC_541\Debug\main.o
LOAD .\CortexM3\ARM_GCC_541\Debug\CircularBuffer.o
LOAD .\CortexM3\ARM_GCC_541\Debug\MoistureSensor.o
LOAD .\CortexM3\ARM_GCC_541\Debug\MotorDriverX.o
LOAD .\CortexM3\ARM_GCC_541\Debug\MotorDriverY.o
LOAD .\CortexM3\ARM_GCC_541\Debug\SPI_driver_PSoC.o
LOAD .\CortexM3\ARM_GCC_541\Debug\WaterPump.o
LOAD .\CortexM3\ARM_GCC_541\Debug\SonarDriver.o
LOAD .\CortexM3\ARM_GCC_541\Debug\WaterSensor.o
LOAD .\CortexM3\ARM_GCC_541\Debug\cyfitter_cfg.o
LOAD .\CortexM3\ARM_GCC_541\Debug\cymetadata.o
LOAD .\CortexM3\ARM_GCC_541\Debug\Cm3Start.o
LOAD .\CortexM3\ARM_GCC_541\Debug\PSoCcontroller.a
LOAD C:\Program Files (x86)\Cypress\PSoC Creator\4.2\PSoC Creator\psoc\content\cycomponentlibrary\CyComponentLibrary.cylib\CortexM3\ARM_GCC_541\Debug\CyComponentLibrary.a
LOAD c:/program files (x86)/cypress/psoc creator/4.2/psoc creator/import/gnu/arm/5.4.1/bin/../lib/gcc/arm-none-eabi/5.4.1/../../../../arm-none-eabi/lib/armv7-m\libm.a
END GROUP
START GROUP
LOAD c:/program files (x86)/cypress/psoc creator/4.2/psoc creator/import/gnu/arm/5.4.1/bin/../lib/gcc/arm-none-eabi/5.4.1/armv7-m\libgcc.a
LOAD c:/program files (x86)/cypress/psoc creator/4.2/psoc creator/import/gnu/arm/5.4.1/bin/../lib/gcc/arm-none-eabi/5.4.1/../../../../arm-none-eabi/lib/armv7-m\libg_nano.a
LOAD c:/program files (x86)/cypress/psoc creator/4.2/psoc creator/import/gnu/arm/5.4.1/bin/../lib/gcc/arm-none-eabi/5.4.1/../../../../arm-none-eabi/lib/armv7-m\libc_nano.a
END GROUP
START GROUP
LOAD c:/program files (x86)/cypress/psoc creator/4.2/psoc creator/import/gnu/arm/5.4.1/bin/../lib/gcc/arm-none-eabi/5.4.1/armv7-m\libgcc.a
LOAD c:/program files (x86)/cypress/psoc creator/4.2/psoc creator/import/gnu/arm/5.4.1/bin/../lib/gcc/arm-none-eabi/5.4.1/../../../../arm-none-eabi/lib/armv7-m\libc_nano.a
END GROUP
LOAD c:/program files (x86)/cypress/psoc creator/4.2/psoc creator/import/gnu/arm/5.4.1/bin/../lib/gcc/arm-none-eabi/5.4.1/armv7-m/crtend.o
LOAD c:/program files (x86)/cypress/psoc creator/4.2/psoc creator/import/gnu/arm/5.4.1/bin/../lib/gcc/arm-none-eabi/5.4.1/armv7-m/crtn.o
START GROUP
LOAD c:/program files (x86)/cypress/psoc creator/4.2/psoc creator/import/gnu/arm/5.4.1/bin/../lib/gcc/arm-none-eabi/5.4.1/armv7-m\libgcc.a
LOAD c:/program files (x86)/cypress/psoc creator/4.2/psoc creator/import/gnu/arm/5.4.1/bin/../lib/gcc/arm-none-eabi/5.4.1/../../../../arm-none-eabi/lib/armv7-m\libc.a
LOAD c:/program files (x86)/cypress/psoc creator/4.2/psoc creator/import/gnu/arm/5.4.1/bin/../lib/gcc/arm-none-eabi/5.4.1/../../../../arm-none-eabi/lib/armv7-m\libnosys.a
END GROUP
                0x00000000                CY_APPL_ORIGIN = 0x0
                0x00000100                CY_FLASH_ROW_SIZE = 0x100
                0x00000020                CY_ECC_ROW_SIZE = 0x20
                0x00000000                CY_EE_IN_BTLDR = 0x0
                0x00000000                CY_APPL_LOADABLE = 0x0
                0x00000800                CY_EE_SIZE = 0x800
                0x00000001                CY_APPL_NUM = 0x1
                0x00000001                CY_APPL_MAX = 0x1
                0x00000040                CY_METADATA_SIZE = 0x40
                0x00000000                CY_APPL_LOADABLE = 0x0
                0x00000000                CY_CHECKSUM_EXCLUDE_SIZE = ALIGN (0x0, CY_FLASH_ROW_SIZE)
                [!provide]                PROVIDE (__cy_heap_start, _end)
                0x00000001                PROVIDE (__cy_region_num, ((__cy_regions_end - __cy_regions) / 0x10))
                0x20008000                PROVIDE (__cy_stack, (ORIGIN (ram) + LENGTH (ram)))
                [!provide]                PROVIDE (__cy_heap_end, (__cy_stack - 0x800))

.cybootloader   0x00000000        0x0
 *(.cybootloader)
                0x00000000                appl1_start = CY_APPL_ORIGIN?CY_APPL_ORIGIN:ALIGN (CY_FLASH_ROW_SIZE)
                0x0001ff00                appl2_start = (appl1_start + ALIGN ((((LENGTH (rom) - appl1_start) - (0x2 * CY_FLASH_ROW_SIZE)) / 0x2), CY_FLASH_ROW_SIZE))
                0x00000000                appl_start = (CY_APPL_NUM == 0x1)?appl1_start:appl2_start
                0x00000000                ecc_offset = ((appl_start / CY_FLASH_ROW_SIZE) * CY_ECC_ROW_SIZE)
                0x00000000                ee_offset = (CY_APPL_LOADABLE && ! (CY_EE_IN_BTLDR))?((CY_EE_SIZE / CY_APPL_MAX) * (CY_APPL_NUM - 0x1)):0x0
                0x00000800                ee_size = (CY_APPL_LOADABLE && ! (CY_EE_IN_BTLDR))?(CY_EE_SIZE / CY_APPL_MAX):CY_EE_SIZE
                [!provide]                PROVIDE (CY_ECC_OFFSET, ecc_offset)

.text           0x00000000     0x3096
 CREATE_OBJECT_SYMBOLS
                0x00000000                PROVIDE (__cy_interrupt_vector, RomVectors)
 *(.romvectors)
 .romvectors    0x00000000       0x10 .\CortexM3\ARM_GCC_541\Debug\Cm3Start.o
                0x00000000                RomVectors
                0x00000001                ASSERT ((. != __cy_interrupt_vector), No interrupt vector)
                0x00000001                ASSERT (CY_APPL_ORIGIN?(SIZEOF (.cybootloader) <= CY_APPL_ORIGIN):0x1, Wrong image location)
                0x00000010                PROVIDE (__cy_reset, Reset)
 *(.text.Reset)
 .text.Reset    0x00000010       0x18 .\CortexM3\ARM_GCC_541\Debug\Cm3Start.o
                0x00000010                Reset
                0x00000001                ASSERT ((. != __cy_reset), No reset code)
 *(.dma_init)
                0x00000001                ASSERT ((((appl_start + .) <= 0x10000) || 0x1), DMA Init must be within the first 64k of flash)
 *(.text .text.* .gnu.linkonce.t.*)
 .text          0x00000028       0x5c c:/program files (x86)/cypress/psoc creator/4.2/psoc creator/import/gnu/arm/5.4.1/bin/../lib/gcc/arm-none-eabi/5.4.1/armv7-m/crtbegin.o
 .text.WaterLevelISRhandler
                0x00000084        0xc .\CortexM3\ARM_GCC_541\Debug\main.o
                0x00000084                WaterLevelISRhandler
 .text.DelayTimerInterrupt
                0x00000090        0xc .\CortexM3\ARM_GCC_541\Debug\main.o
                0x00000090                DelayTimerInterrupt
 .text.manualMode
                0x0000009c       0x18 .\CortexM3\ARM_GCC_541\Debug\main.o
                0x0000009c                manualMode
 .text.automatiskVanding
                0x000000b4       0x80 .\CortexM3\ARM_GCC_541\Debug\main.o
                0x000000b4                automatiskVanding
 .text.standbyMode
                0x00000134        0x8 .\CortexM3\ARM_GCC_541\Debug\main.o
                0x00000134                standbyMode
 .text.ISR_SPI_RX_handler
                0x0000013c       0x20 .\CortexM3\ARM_GCC_541\Debug\main.o
                0x0000013c                ISR_SPI_RX_handler
 .text.setMode  0x0000015c       0x24 .\CortexM3\ARM_GCC_541\Debug\main.o
                0x0000015c                setMode
 .text.main     0x00000180       0x90 .\CortexM3\ARM_GCC_541\Debug\main.o
                0x00000180                main
 .text.checkForPigeonAndShoot
                0x00000210      0x19c .\CortexM3\ARM_GCC_541\Debug\main.o
                0x00000210                checkForPigeonAndShoot
 .text.normalMode
                0x000003ac       0x28 .\CortexM3\ARM_GCC_541\Debug\main.o
                0x000003ac                normalMode
 .text.powersavingMode
                0x000003d4       0x30 .\CortexM3\ARM_GCC_541\Debug\main.o
                0x000003d4                powersavingMode
 .text.isFull   0x00000404       0x24 .\CortexM3\ARM_GCC_541\Debug\CircularBuffer.o
 .text.isEmpty  0x00000428       0x14 .\CortexM3\ARM_GCC_541\Debug\CircularBuffer.o
 .text.push     0x0000043c       0x4c .\CortexM3\ARM_GCC_541\Debug\CircularBuffer.o
                0x0000043c                push
 .text.pop      0x00000488       0x48 .\CortexM3\ARM_GCC_541\Debug\CircularBuffer.o
                0x00000488                pop
 .text.clearBuffer
                0x000004d0        0xc .\CortexM3\ARM_GCC_541\Debug\CircularBuffer.o
 .text.initCircbuf
                0x000004dc       0x44 .\CortexM3\ARM_GCC_541\Debug\CircularBuffer.o
                0x000004dc                initCircbuf
 .text.MoistureSensor_init
                0x00000520        0x8 .\CortexM3\ARM_GCC_541\Debug\MoistureSensor.o
                0x00000520                MoistureSensor_init
 .text.MoistureSensor_getResult
                0x00000528       0x18 .\CortexM3\ARM_GCC_541\Debug\MoistureSensor.o
                0x00000528                MoistureSensor_getResult
 .text.stepperX_isr_handler
                0x00000540       0x14 .\CortexM3\ARM_GCC_541\Debug\MotorDriverX.o
                0x00000540                stepperX_isr_handler
 .text.moveStepX
                0x00000554       0x50 .\CortexM3\ARM_GCC_541\Debug\MotorDriverX.o
                0x00000554                moveStepX
 .text.rotateClockwiseX
                0x000005a4       0x30 .\CortexM3\ARM_GCC_541\Debug\MotorDriverX.o
                0x000005a4                rotateClockwiseX
 .text.rotateCounterClockwiseX
                0x000005d4       0x2c .\CortexM3\ARM_GCC_541\Debug\MotorDriverX.o
                0x000005d4                rotateCounterClockwiseX
 .text.resetPositionX
                0x00000600       0x34 .\CortexM3\ARM_GCC_541\Debug\MotorDriverX.o
                0x00000600                resetPositionX
 .text.initStepperX
                0x00000634       0x28 .\CortexM3\ARM_GCC_541\Debug\MotorDriverX.o
                0x00000634                initStepperX
 *fill*         0x0000065c        0x4 
 .text.moveDegreesX
                0x00000660       0xa0 .\CortexM3\ARM_GCC_541\Debug\MotorDriverX.o
                0x00000660                moveDegreesX
 .text.stepperY_isr_handler
                0x00000700       0x14 .\CortexM3\ARM_GCC_541\Debug\MotorDriverY.o
                0x00000700                stepperY_isr_handler
 .text.moveStepY
                0x00000714       0x50 .\CortexM3\ARM_GCC_541\Debug\MotorDriverY.o
                0x00000714                moveStepY
 .text.rotateClockwiseY
                0x00000764       0x30 .\CortexM3\ARM_GCC_541\Debug\MotorDriverY.o
                0x00000764                rotateClockwiseY
 .text.rotateCounterClockwiseY
                0x00000794       0x2c .\CortexM3\ARM_GCC_541\Debug\MotorDriverY.o
                0x00000794                rotateCounterClockwiseY
 .text.resetPositionY
                0x000007c0       0x34 .\CortexM3\ARM_GCC_541\Debug\MotorDriverY.o
                0x000007c0                resetPositionY
 .text.initStepperY
                0x000007f4       0x28 .\CortexM3\ARM_GCC_541\Debug\MotorDriverY.o
                0x000007f4                initStepperY
 *fill*         0x0000081c        0x4 
 .text.moveDegreesY
                0x00000820       0xa0 .\CortexM3\ARM_GCC_541\Debug\MotorDriverY.o
                0x00000820                moveDegreesY
 .text.SPI_start
                0x000008c0       0x24 .\CortexM3\ARM_GCC_541\Debug\SPI_driver_PSoC.o
                0x000008c0                SPI_start
 .text.SPI_send_pigeon_detected
                0x000008e4       0x1c .\CortexM3\ARM_GCC_541\Debug\SPI_driver_PSoC.o
                0x000008e4                SPI_send_pigeon_detected
 .text.SPI_send_resetToDefault
                0x00000900       0x1c .\CortexM3\ARM_GCC_541\Debug\SPI_driver_PSoC.o
                0x00000900                SPI_send_resetToDefault
 .text.SPI_send_pigeon_shot_position
                0x0000091c       0x64 .\CortexM3\ARM_GCC_541\Debug\SPI_driver_PSoC.o
                0x0000091c                SPI_send_pigeon_shot_position
 .text.SPI_send_waterlevel
                0x00000980       0x44 .\CortexM3\ARM_GCC_541\Debug\SPI_driver_PSoC.o
                0x00000980                SPI_send_waterlevel
 .text.Handle_SPI_recieved
                0x000009c4      0x108 .\CortexM3\ARM_GCC_541\Debug\SPI_driver_PSoC.o
                0x000009c4                Handle_SPI_recieved
 .text.initWaterPump
                0x00000acc        0xc .\CortexM3\ARM_GCC_541\Debug\WaterPump.o
                0x00000acc                initWaterPump
 .text.WaterPump_fireWater
                0x00000ad8       0x18 .\CortexM3\ARM_GCC_541\Debug\WaterPump.o
                0x00000ad8                WaterPump_fireWater
 .text.Sonar_Start
                0x00000af0       0x20 .\CortexM3\ARM_GCC_541\Debug\SonarDriver.o
                0x00000af0                Sonar_Start
 .text.Sonar_GetPosition
                0x00000b10      0x238 .\CortexM3\ARM_GCC_541\Debug\SonarDriver.o
                0x00000b10                Sonar_GetPosition
 .text.WaSensInit
                0x00000d48        0x8 .\CortexM3\ARM_GCC_541\Debug\WaterSensor.o
                0x00000d48                WaSensInit
 .text.WaSensMeasure
                0x00000d50       0x80 .\CortexM3\ARM_GCC_541\Debug\WaterSensor.o
                0x00000d50                WaSensMeasure
 .text.CyClockStartupError
                0x00000dd0        0x4 .\CortexM3\ARM_GCC_541\Debug\cyfitter_cfg.o
 .text.cfg_write_bytes32
                0x00000dd4       0x34 .\CortexM3\ARM_GCC_541\Debug\cyfitter_cfg.o
 .text.CYMEMZERO
                0x00000e08        0xc .\CortexM3\ARM_GCC_541\Debug\cyfitter_cfg.o
 .text.AnalogSetDefault
                0x00000e14       0x94 .\CortexM3\ARM_GCC_541\Debug\cyfitter_cfg.o
 .text.CYCONFIGCPY
                0x00000ea8        0x8 .\CortexM3\ARM_GCC_541\Debug\cyfitter_cfg.o
 .text.ClockSetup
                0x00000eb0      0x108 .\CortexM3\ARM_GCC_541\Debug\cyfitter_cfg.o
 .text.cyfitter_cfg
                0x00000fb8      0x134 .\CortexM3\ARM_GCC_541\Debug\cyfitter_cfg.o
                0x00000fb8                cyfitter_cfg
 .text.IntDefaultHandler
                0x000010ec       0x10 .\CortexM3\ARM_GCC_541\Debug\Cm3Start.o
                0x000010ec                IntDefaultHandler
 .text.Start_c  0x000010fc       0x4c .\CortexM3\ARM_GCC_541\Debug\Cm3Start.o
                0x000010fc                Start_c
 .text.initialize_psoc
                0x00001148       0x68 .\CortexM3\ARM_GCC_541\Debug\Cm3Start.o
                0x00001148                initialize_psoc
 .text.CyILO_Start1K
                0x000011b0       0x10 .\CortexM3\ARM_GCC_541\Debug\PSoCcontroller.a(CyLib.o)
                0x000011b0                CyILO_Start1K
 .text.CyILO_Start100K
                0x000011c0       0x10 .\CortexM3\ARM_GCC_541\Debug\PSoCcontroller.a(CyLib.o)
                0x000011c0                CyILO_Start100K
 .text.CyILO_SetPowerMode
                0x000011d0       0x24 .\CortexM3\ARM_GCC_541\Debug\PSoCcontroller.a(CyLib.o)
                0x000011d0                CyILO_SetPowerMode
 .text.CyHalt   0x000011f4        0x4 .\CortexM3\ARM_GCC_541\Debug\PSoCcontroller.a(CyLib.o)
                0x000011f4                CyHalt
 .text.CyDelay  0x000011f8       0x2c .\CortexM3\ARM_GCC_541\Debug\PSoCcontroller.a(CyLib.o)
                0x000011f8                CyDelay
 .text.CyDelayUs
                0x00001224       0x14 .\CortexM3\ARM_GCC_541\Debug\PSoCcontroller.a(CyLib.o)
                0x00001224                CyDelayUs
 .text.CyVdStickyStatus
                0x00001238       0x2c .\CortexM3\ARM_GCC_541\Debug\PSoCcontroller.a(CyLib.o)
                0x00001238                CyVdStickyStatus
 .text.CyVdLvDigitEnable
                0x00001264       0x84 .\CortexM3\ARM_GCC_541\Debug\PSoCcontroller.a(CyLib.o)
                0x00001264                CyVdLvDigitEnable
 .text.CyVdLvAnalogEnable
                0x000012e8       0x80 .\CortexM3\ARM_GCC_541\Debug\PSoCcontroller.a(CyLib.o)
                0x000012e8                CyVdLvAnalogEnable
 .text.CyVdLvDigitDisable
                0x00001368       0x30 .\CortexM3\ARM_GCC_541\Debug\PSoCcontroller.a(CyLib.o)
                0x00001368                CyVdLvDigitDisable
 .text.CyVdLvAnalogDisable
                0x00001398       0x28 .\CortexM3\ARM_GCC_541\Debug\PSoCcontroller.a(CyLib.o)
                0x00001398                CyVdLvAnalogDisable
 .text.CyVdHvAnalogEnable
                0x000013c0       0x54 .\CortexM3\ARM_GCC_541\Debug\PSoCcontroller.a(CyLib.o)
                0x000013c0                CyVdHvAnalogEnable
 .text.CyVdHvAnalogDisable
                0x00001414       0x20 .\CortexM3\ARM_GCC_541\Debug\PSoCcontroller.a(CyLib.o)
                0x00001414                CyVdHvAnalogDisable
 .text.CyIntSetVector
                0x00001434       0x28 .\CortexM3\ARM_GCC_541\Debug\PSoCcontroller.a(CyLib.o)
                0x00001434                CyIntSetVector
 .text.CyIntSetPriority
                0x0000145c       0x30 .\CortexM3\ARM_GCC_541\Debug\PSoCcontroller.a(CyLib.o)
                0x0000145c                CyIntSetPriority
 .text.CyPmHibSlpSaveSet
                0x0000148c      0x1dc .\CortexM3\ARM_GCC_541\Debug\PSoCcontroller.a(cyPm.o)
 .text.CyPmHibSlpRestore
                0x00001668       0xd8 .\CortexM3\ARM_GCC_541\Debug\PSoCcontroller.a(cyPm.o)
 .text.CyPmHviLviSaveDisable
                0x00001740       0xa0 .\CortexM3\ARM_GCC_541\Debug\PSoCcontroller.a(cyPm.o)
 .text.CyPmHibSaveSet
                0x000017e0       0x98 .\CortexM3\ARM_GCC_541\Debug\PSoCcontroller.a(cyPm.o)
 .text.CyPmHviLviRestore
                0x00001878       0x48 .\CortexM3\ARM_GCC_541\Debug\PSoCcontroller.a(cyPm.o)
 .text.CyPmHibRestore
                0x000018c0       0x60 .\CortexM3\ARM_GCC_541\Debug\PSoCcontroller.a(cyPm.o)
 .text.CyPmAltAct
                0x00001920       0x6c .\CortexM3\ARM_GCC_541\Debug\PSoCcontroller.a(cyPm.o)
                0x00001920                CyPmAltAct
 .text.CyPmHibernateEx
                0x0000198c       0xf4 .\CortexM3\ARM_GCC_541\Debug\PSoCcontroller.a(cyPm.o)
                0x0000198c                CyPmHibernateEx
 .text.CyPmHibernate
                0x00001a80        0xc .\CortexM3\ARM_GCC_541\Debug\PSoCcontroller.a(cyPm.o)
                0x00001a80                CyPmHibernate
 .text.Timer_Sonar_Enable
                0x00001a8c       0x10 .\CortexM3\ARM_GCC_541\Debug\PSoCcontroller.a(Timer_Sonar.o)
                0x00001a8c                Timer_Sonar_Enable
 .text.Timer_Sonar_SetInterruptMode
                0x00001a9c        0xc .\CortexM3\ARM_GCC_541\Debug\PSoCcontroller.a(Timer_Sonar.o)
                0x00001a9c                Timer_Sonar_SetInterruptMode
 .text.Timer_Sonar_ReadStatusRegister
                0x00001aa8        0xc .\CortexM3\ARM_GCC_541\Debug\PSoCcontroller.a(Timer_Sonar.o)
                0x00001aa8                Timer_Sonar_ReadStatusRegister
 .text.Timer_Sonar_WritePeriod
                0x00001ab4       0x10 .\CortexM3\ARM_GCC_541\Debug\PSoCcontroller.a(Timer_Sonar.o)
                0x00001ab4                Timer_Sonar_WritePeriod
 .text.Timer_Sonar_ReadCapture
                0x00001ac4       0x10 .\CortexM3\ARM_GCC_541\Debug\PSoCcontroller.a(Timer_Sonar.o)
                0x00001ac4                Timer_Sonar_ReadCapture
 .text.Timer_Sonar_WriteCounter
                0x00001ad4       0x10 .\CortexM3\ARM_GCC_541\Debug\PSoCcontroller.a(Timer_Sonar.o)
                0x00001ad4                Timer_Sonar_WriteCounter
 .text.Timer_Sonar_ReadCounter
                0x00001ae4       0x18 .\CortexM3\ARM_GCC_541\Debug\PSoCcontroller.a(Timer_Sonar.o)
                0x00001ae4                Timer_Sonar_ReadCounter
 .text.Timer_Sonar_ClearFIFO
                0x00001afc       0x14 .\CortexM3\ARM_GCC_541\Debug\PSoCcontroller.a(Timer_Sonar.o)
                0x00001afc                Timer_Sonar_ClearFIFO
 .text.Timer_Sonar_Init
                0x00001b10       0x34 .\CortexM3\ARM_GCC_541\Debug\PSoCcontroller.a(Timer_Sonar.o)
                0x00001b10                Timer_Sonar_Init
 .text.Timer_Sonar_Start
                0x00001b44       0x1c .\CortexM3\ARM_GCC_541\Debug\PSoCcontroller.a(Timer_Sonar.o)
                0x00001b44                Timer_Sonar_Start
 .text.Trigger_1_Write
                0x00001b60       0x18 .\CortexM3\ARM_GCC_541\Debug\PSoCcontroller.a(Trigger_1.o)
                0x00001b60                Trigger_1_Write
 .text.Trigger_2_Write
                0x00001b78       0x18 .\CortexM3\ARM_GCC_541\Debug\PSoCcontroller.a(Trigger_2.o)
                0x00001b78                Trigger_2_Write
 .text.Echo_1_Read
                0x00001b90       0x10 .\CortexM3\ARM_GCC_541\Debug\PSoCcontroller.a(Echo_1.o)
                0x00001b90                Echo_1_Read
 .text.Echo_2_Read
                0x00001ba0       0x10 .\CortexM3\ARM_GCC_541\Debug\PSoCcontroller.a(Echo_2.o)
                0x00001ba0                Echo_2_Read
 .text.UART_1_PutChar
                0x00001bb0       0x18 .\CortexM3\ARM_GCC_541\Debug\PSoCcontroller.a(UART_1.o)
                0x00001bb0                UART_1_PutChar
 .text.UART_1_PutString
                0x00001bc8       0x24 .\CortexM3\ARM_GCC_541\Debug\PSoCcontroller.a(UART_1.o)
                0x00001bc8                UART_1_PutString
 .text.Delay_Timer_Enable
                0x00001bec       0x10 .\CortexM3\ARM_GCC_541\Debug\PSoCcontroller.a(Delay_Timer.o)
                0x00001bec                Delay_Timer_Enable
 .text.Delay_Timer_Stop
                0x00001bfc       0x10 .\CortexM3\ARM_GCC_541\Debug\PSoCcontroller.a(Delay_Timer.o)
                0x00001bfc                Delay_Timer_Stop
 .text.Delay_Timer_SetInterruptMode
                0x00001c0c        0xc .\CortexM3\ARM_GCC_541\Debug\PSoCcontroller.a(Delay_Timer.o)
                0x00001c0c                Delay_Timer_SetInterruptMode
 .text.Delay_Timer_ReadStatusRegister
                0x00001c18        0xc .\CortexM3\ARM_GCC_541\Debug\PSoCcontroller.a(Delay_Timer.o)
                0x00001c18                Delay_Timer_ReadStatusRegister
 .text.Delay_Timer_WritePeriod
                0x00001c24        0xc .\CortexM3\ARM_GCC_541\Debug\PSoCcontroller.a(Delay_Timer.o)
                0x00001c24                Delay_Timer_WritePeriod
 .text.Delay_Timer_ReadCapture
                0x00001c30        0xc .\CortexM3\ARM_GCC_541\Debug\PSoCcontroller.a(Delay_Timer.o)
                0x00001c30                Delay_Timer_ReadCapture
 .text.Delay_Timer_WriteCounter
                0x00001c3c        0xc .\CortexM3\ARM_GCC_541\Debug\PSoCcontroller.a(Delay_Timer.o)
                0x00001c3c                Delay_Timer_WriteCounter
 .text.Delay_Timer_ClearFIFO
                0x00001c48       0x14 .\CortexM3\ARM_GCC_541\Debug\PSoCcontroller.a(Delay_Timer.o)
                0x00001c48                Delay_Timer_ClearFIFO
 .text.Delay_Timer_Init
                0x00001c5c       0x34 .\CortexM3\ARM_GCC_541\Debug\PSoCcontroller.a(Delay_Timer.o)
                0x00001c5c                Delay_Timer_Init
 .text.Delay_Timer_Start
                0x00001c90       0x1c .\CortexM3\ARM_GCC_541\Debug\PSoCcontroller.a(Delay_Timer.o)
                0x00001c90                Delay_Timer_Start
 .text.ISR_delay_SetVector
                0x00001cac        0xc .\CortexM3\ARM_GCC_541\Debug\PSoCcontroller.a(ISR_delay.o)
                0x00001cac                ISR_delay_SetVector
 .text.ISR_delay_SetPriority
                0x00001cb8       0x10 .\CortexM3\ARM_GCC_541\Debug\PSoCcontroller.a(ISR_delay.o)
                0x00001cb8                ISR_delay_SetPriority
 .text.ISR_delay_Enable
                0x00001cc8        0xc .\CortexM3\ARM_GCC_541\Debug\PSoCcontroller.a(ISR_delay.o)
                0x00001cc8                ISR_delay_Enable
 .text.ISR_delay_Disable
                0x00001cd4        0xc .\CortexM3\ARM_GCC_541\Debug\PSoCcontroller.a(ISR_delay.o)
                0x00001cd4                ISR_delay_Disable
 .text.ISR_delay_StartEx
                0x00001ce0       0x1c .\CortexM3\ARM_GCC_541\Debug\PSoCcontroller.a(ISR_delay.o)
                0x00001ce0                ISR_delay_StartEx
 .text.ADC_Moisture_CalcGain
                0x00001cfc       0x64 .\CortexM3\ARM_GCC_541\Debug\PSoCcontroller.a(ADC_Moisture.o)
 .text.ADC_Moisture_Enable
                0x00001d60       0x94 .\CortexM3\ARM_GCC_541\Debug\PSoCcontroller.a(ADC_Moisture.o)
                0x00001d60                ADC_Moisture_Enable
 .text.ADC_Moisture_SetResolution
                0x00001df4       0x38 .\CortexM3\ARM_GCC_541\Debug\PSoCcontroller.a(ADC_Moisture.o)
                0x00001df4                ADC_Moisture_SetResolution
 .text.ADC_Moisture_Init
                0x00001e2c       0x3c .\CortexM3\ARM_GCC_541\Debug\PSoCcontroller.a(ADC_Moisture.o)
                0x00001e2c                ADC_Moisture_Init
 .text.ADC_Moisture_Start
                0x00001e68       0x1c .\CortexM3\ARM_GCC_541\Debug\PSoCcontroller.a(ADC_Moisture.o)
                0x00001e68                ADC_Moisture_Start
 .text.ADC_Moisture_StartConvert
                0x00001e84       0x10 .\CortexM3\ARM_GCC_541\Debug\PSoCcontroller.a(ADC_Moisture.o)
                0x00001e84                ADC_Moisture_StartConvert
 .text.ADC_Moisture_IsEndConversion
                0x00001e94       0x24 .\CortexM3\ARM_GCC_541\Debug\PSoCcontroller.a(ADC_Moisture.o)
                0x00001e94                ADC_Moisture_IsEndConversion
 .text.ADC_Moisture_GetResult16
                0x00001eb8       0x18 .\CortexM3\ARM_GCC_541\Debug\PSoCcontroller.a(ADC_Moisture.o)
                0x00001eb8                ADC_Moisture_GetResult16
 .text.ADC_Moisture_ISR
                0x00001ed0        0x4 .\CortexM3\ARM_GCC_541\Debug\PSoCcontroller.a(ADC_Moisture_INT.o)
                0x00001ed0                ADC_Moisture_ISR
 .text.ADC_Moisture_theACLK_SetModeRegister
                0x00001ed4       0x14 .\CortexM3\ARM_GCC_541\Debug\PSoCcontroller.a(ADC_Moisture_theACLK.o)
                0x00001ed4                ADC_Moisture_theACLK_SetModeRegister
 .text.ISR_WaterLevel_SetVector
                0x00001ee8        0xc .\CortexM3\ARM_GCC_541\Debug\PSoCcontroller.a(ISR_WaterLevel.o)
                0x00001ee8                ISR_WaterLevel_SetVector
 .text.ISR_WaterLevel_SetPriority
                0x00001ef4       0x10 .\CortexM3\ARM_GCC_541\Debug\PSoCcontroller.a(ISR_WaterLevel.o)
                0x00001ef4                ISR_WaterLevel_SetPriority
 .text.ISR_WaterLevel_Enable
                0x00001f04        0xc .\CortexM3\ARM_GCC_541\Debug\PSoCcontroller.a(ISR_WaterLevel.o)
                0x00001f04                ISR_WaterLevel_Enable
 .text.ISR_WaterLevel_Disable
                0x00001f10        0xc .\CortexM3\ARM_GCC_541\Debug\PSoCcontroller.a(ISR_WaterLevel.o)
                0x00001f10                ISR_WaterLevel_Disable
 .text.ISR_WaterLevel_StartEx
                0x00001f1c       0x1c .\CortexM3\ARM_GCC_541\Debug\PSoCcontroller.a(ISR_WaterLevel.o)
                0x00001f1c                ISR_WaterLevel_StartEx
 .text.Timer_StepperX_Enable
                0x00001f38       0x10 .\CortexM3\ARM_GCC_541\Debug\PSoCcontroller.a(Timer_StepperX.o)
                0x00001f38                Timer_StepperX_Enable
 .text.Timer_StepperX_Stop
                0x00001f48       0x10 .\CortexM3\ARM_GCC_541\Debug\PSoCcontroller.a(Timer_StepperX.o)
                0x00001f48                Timer_StepperX_Stop
 .text.Timer_StepperX_SetInterruptMode
                0x00001f58        0xc .\CortexM3\ARM_GCC_541\Debug\PSoCcontroller.a(Timer_StepperX.o)
                0x00001f58                Timer_StepperX_SetInterruptMode
 .text.Timer_StepperX_ReadStatusRegister
                0x00001f64        0xc .\CortexM3\ARM_GCC_541\Debug\PSoCcontroller.a(Timer_StepperX.o)
                0x00001f64                Timer_StepperX_ReadStatusRegister
 .text.Timer_StepperX_WritePeriod
                0x00001f70        0xc .\CortexM3\ARM_GCC_541\Debug\PSoCcontroller.a(Timer_StepperX.o)
                0x00001f70                Timer_StepperX_WritePeriod
 .text.Timer_StepperX_ReadCapture
                0x00001f7c        0xc .\CortexM3\ARM_GCC_541\Debug\PSoCcontroller.a(Timer_StepperX.o)
                0x00001f7c                Timer_StepperX_ReadCapture
 .text.Timer_StepperX_WriteCounter
                0x00001f88        0xc .\CortexM3\ARM_GCC_541\Debug\PSoCcontroller.a(Timer_StepperX.o)
                0x00001f88                Timer_StepperX_WriteCounter
 .text.Timer_StepperX_ClearFIFO
                0x00001f94       0x14 .\CortexM3\ARM_GCC_541\Debug\PSoCcontroller.a(Timer_StepperX.o)
                0x00001f94                Timer_StepperX_ClearFIFO
 .text.Timer_StepperX_Init
                0x00001fa8       0x34 .\CortexM3\ARM_GCC_541\Debug\PSoCcontroller.a(Timer_StepperX.o)
                0x00001fa8                Timer_StepperX_Init
 .text.Timer_StepperX_Start
                0x00001fdc       0x1c .\CortexM3\ARM_GCC_541\Debug\PSoCcontroller.a(Timer_StepperX.o)
                0x00001fdc                Timer_StepperX_Start
 .text.ISR_stepperY_SetVector
                0x00001ff8        0xc .\CortexM3\ARM_GCC_541\Debug\PSoCcontroller.a(ISR_stepperY.o)
                0x00001ff8                ISR_stepperY_SetVector
 .text.ISR_stepperY_SetPriority
                0x00002004       0x10 .\CortexM3\ARM_GCC_541\Debug\PSoCcontroller.a(ISR_stepperY.o)
                0x00002004                ISR_stepperY_SetPriority
 .text.ISR_stepperY_Enable
                0x00002014        0xc .\CortexM3\ARM_GCC_541\Debug\PSoCcontroller.a(ISR_stepperY.o)
                0x00002014                ISR_stepperY_Enable
 .text.ISR_stepperY_Disable
                0x00002020        0xc .\CortexM3\ARM_GCC_541\Debug\PSoCcontroller.a(ISR_stepperY.o)
                0x00002020                ISR_stepperY_Disable
 .text.ISR_stepperY_StartEx
                0x0000202c       0x1c .\CortexM3\ARM_GCC_541\Debug\PSoCcontroller.a(ISR_stepperY.o)
                0x0000202c                ISR_stepperY_StartEx
 .text.Timer_StepperY_Enable
                0x00002048       0x10 .\CortexM3\ARM_GCC_541\Debug\PSoCcontroller.a(Timer_StepperY.o)
                0x00002048                Timer_StepperY_Enable
 .text.Timer_StepperY_Stop
                0x00002058       0x10 .\CortexM3\ARM_GCC_541\Debug\PSoCcontroller.a(Timer_StepperY.o)
                0x00002058                Timer_StepperY_Stop
 .text.Timer_StepperY_SetInterruptMode
                0x00002068        0xc .\CortexM3\ARM_GCC_541\Debug\PSoCcontroller.a(Timer_StepperY.o)
                0x00002068                Timer_StepperY_SetInterruptMode
 .text.Timer_StepperY_ReadStatusRegister
                0x00002074        0xc .\CortexM3\ARM_GCC_541\Debug\PSoCcontroller.a(Timer_StepperY.o)
                0x00002074                Timer_StepperY_ReadStatusRegister
 .text.Timer_StepperY_WritePeriod
                0x00002080        0xc .\CortexM3\ARM_GCC_541\Debug\PSoCcontroller.a(Timer_StepperY.o)
                0x00002080                Timer_StepperY_WritePeriod
 .text.Timer_StepperY_ReadCapture
                0x0000208c        0xc .\CortexM3\ARM_GCC_541\Debug\PSoCcontroller.a(Timer_StepperY.o)
                0x0000208c                Timer_StepperY_ReadCapture
 .text.Timer_StepperY_WriteCounter
                0x00002098        0xc .\CortexM3\ARM_GCC_541\Debug\PSoCcontroller.a(Timer_StepperY.o)
                0x00002098                Timer_StepperY_WriteCounter
 .text.Timer_StepperY_ClearFIFO
                0x000020a4       0x14 .\CortexM3\ARM_GCC_541\Debug\PSoCcontroller.a(Timer_StepperY.o)
                0x000020a4                Timer_StepperY_ClearFIFO
 .text.Timer_StepperY_Init
                0x000020b8       0x34 .\CortexM3\ARM_GCC_541\Debug\PSoCcontroller.a(Timer_StepperY.o)
                0x000020b8                Timer_StepperY_Init
 .text.Timer_StepperY_Start
                0x000020ec       0x1c .\CortexM3\ARM_GCC_541\Debug\PSoCcontroller.a(Timer_StepperY.o)
                0x000020ec                Timer_StepperY_Start
 .text.ISR_stepperX_SetVector
                0x00002108        0xc .\CortexM3\ARM_GCC_541\Debug\PSoCcontroller.a(ISR_stepperX.o)
                0x00002108                ISR_stepperX_SetVector
 .text.ISR_stepperX_SetPriority
                0x00002114       0x10 .\CortexM3\ARM_GCC_541\Debug\PSoCcontroller.a(ISR_stepperX.o)
                0x00002114                ISR_stepperX_SetPriority
 .text.ISR_stepperX_Enable
                0x00002124        0xc .\CortexM3\ARM_GCC_541\Debug\PSoCcontroller.a(ISR_stepperX.o)
                0x00002124                ISR_stepperX_Enable
 .text.ISR_stepperX_Disable
                0x00002130        0xc .\CortexM3\ARM_GCC_541\Debug\PSoCcontroller.a(ISR_stepperX.o)
                0x00002130                ISR_stepperX_Disable
 .text.ISR_stepperX_StartEx
                0x0000213c       0x1c .\CortexM3\ARM_GCC_541\Debug\PSoCcontroller.a(ISR_stepperX.o)
                0x0000213c                ISR_stepperX_StartEx
 .text.Pin_X1_Write
                0x00002158       0x18 .\CortexM3\ARM_GCC_541\Debug\PSoCcontroller.a(Pin_X1.o)
                0x00002158                Pin_X1_Write
 .text.Pin_X2_Write
                0x00002170       0x18 .\CortexM3\ARM_GCC_541\Debug\PSoCcontroller.a(Pin_X2.o)
                0x00002170                Pin_X2_Write
 .text.Pin_X3_Read
                0x00002188       0x10 .\CortexM3\ARM_GCC_541\Debug\PSoCcontroller.a(Pin_X3.o)
                0x00002188                Pin_X3_Read
 .text.Pin_Y1_Write
                0x00002198       0x18 .\CortexM3\ARM_GCC_541\Debug\PSoCcontroller.a(Pin_Y1.o)
                0x00002198                Pin_Y1_Write
 .text.Pin_Y2_Write
                0x000021b0       0x18 .\CortexM3\ARM_GCC_541\Debug\PSoCcontroller.a(Pin_Y2.o)
                0x000021b0                Pin_Y2_Write
 .text.Pin_Y3_Read
                0x000021c8       0x10 .\CortexM3\ARM_GCC_541\Debug\PSoCcontroller.a(Pin_Y3.o)
                0x000021c8                Pin_Y3_Read
 .text.ADC_SAR_WaSens_CalcGain
                0x000021d8       0x64 .\CortexM3\ARM_GCC_541\Debug\PSoCcontroller.a(ADC_SAR_WaSens.o)
 .text.ADC_SAR_WaSens_Enable
                0x0000223c       0x94 .\CortexM3\ARM_GCC_541\Debug\PSoCcontroller.a(ADC_SAR_WaSens.o)
                0x0000223c                ADC_SAR_WaSens_Enable
 .text.ADC_SAR_WaSens_SetResolution
                0x000022d0       0x38 .\CortexM3\ARM_GCC_541\Debug\PSoCcontroller.a(ADC_SAR_WaSens.o)
                0x000022d0                ADC_SAR_WaSens_SetResolution
 .text.ADC_SAR_WaSens_Init
                0x00002308       0x3c .\CortexM3\ARM_GCC_541\Debug\PSoCcontroller.a(ADC_SAR_WaSens.o)
                0x00002308                ADC_SAR_WaSens_Init
 .text.ADC_SAR_WaSens_Start
                0x00002344       0x1c .\CortexM3\ARM_GCC_541\Debug\PSoCcontroller.a(ADC_SAR_WaSens.o)
                0x00002344                ADC_SAR_WaSens_Start
 .text.ADC_SAR_WaSens_StartConvert
                0x00002360       0x10 .\CortexM3\ARM_GCC_541\Debug\PSoCcontroller.a(ADC_SAR_WaSens.o)
                0x00002360                ADC_SAR_WaSens_StartConvert
 .text.ADC_SAR_WaSens_IsEndConversion
                0x00002370       0x24 .\CortexM3\ARM_GCC_541\Debug\PSoCcontroller.a(ADC_SAR_WaSens.o)
                0x00002370                ADC_SAR_WaSens_IsEndConversion
 .text.ADC_SAR_WaSens_GetResult16
                0x00002394       0x18 .\CortexM3\ARM_GCC_541\Debug\PSoCcontroller.a(ADC_SAR_WaSens.o)
                0x00002394                ADC_SAR_WaSens_GetResult16
 .text.ADC_SAR_WaSens_ISR
                0x000023ac        0x4 .\CortexM3\ARM_GCC_541\Debug\PSoCcontroller.a(ADC_SAR_WaSens_INT.o)
                0x000023ac                ADC_SAR_WaSens_ISR
 .text.Pin_WaterPump_Write
                0x000023b0       0x18 .\CortexM3\ARM_GCC_541\Debug\PSoCcontroller.a(Pin_WaterPump.o)
                0x000023b0                Pin_WaterPump_Write
 .text.ADC_SAR_WaSens_theACLK_SetModeRegister
                0x000023c8       0x14 .\CortexM3\ARM_GCC_541\Debug\PSoCcontroller.a(ADC_SAR_WaSens_theACLK.o)
                0x000023c8                ADC_SAR_WaSens_theACLK_SetModeRegister
 .text.Pin_Low_WL_Write
                0x000023dc       0x18 .\CortexM3\ARM_GCC_541\Debug\PSoCcontroller.a(Pin_Low_WL.o)
                0x000023dc                Pin_Low_WL_Write
 .text.SPI_1_Enable
                0x000023f4       0x3c .\CortexM3\ARM_GCC_541\Debug\PSoCcontroller.a(SPI_1.o)
                0x000023f4                SPI_1_Enable
 .text.SPI_1_ReadTxStatus
                0x00002430        0xc .\CortexM3\ARM_GCC_541\Debug\PSoCcontroller.a(SPI_1.o)
                0x00002430                SPI_1_ReadTxStatus
 .text.SPI_1_ReadRxStatus
                0x0000243c        0xc .\CortexM3\ARM_GCC_541\Debug\PSoCcontroller.a(SPI_1.o)
                0x0000243c                SPI_1_ReadRxStatus
 .text.SPI_1_WriteTxDataZero
                0x00002448        0xc .\CortexM3\ARM_GCC_541\Debug\PSoCcontroller.a(SPI_1.o)
                0x00002448                SPI_1_WriteTxDataZero
 .text.SPI_1_ReadRxData
                0x00002454        0xc .\CortexM3\ARM_GCC_541\Debug\PSoCcontroller.a(SPI_1.o)
                0x00002454                SPI_1_ReadRxData
 .text.SPI_1_ClearFIFO
                0x00002460       0x3c .\CortexM3\ARM_GCC_541\Debug\PSoCcontroller.a(SPI_1.o)
                0x00002460                SPI_1_ClearFIFO
 .text.SPI_1_Init
                0x0000249c       0x4c .\CortexM3\ARM_GCC_541\Debug\PSoCcontroller.a(SPI_1.o)
                0x0000249c                SPI_1_Init
 .text.SPI_1_Start
                0x000024e8       0x1c .\CortexM3\ARM_GCC_541\Debug\PSoCcontroller.a(SPI_1.o)
                0x000024e8                SPI_1_Start
 .text.SPI_1_RX_ISR
                0x00002504        0x4 .\CortexM3\ARM_GCC_541\Debug\PSoCcontroller.a(SPI_1_INT.o)
                0x00002504                SPI_1_RX_ISR
 .text.SPI_ISR_SetVector
                0x00002508        0xc .\CortexM3\ARM_GCC_541\Debug\PSoCcontroller.a(SPI_ISR.o)
                0x00002508                SPI_ISR_SetVector
 .text.SPI_ISR_SetPriority
                0x00002514       0x10 .\CortexM3\ARM_GCC_541\Debug\PSoCcontroller.a(SPI_ISR.o)
                0x00002514                SPI_ISR_SetPriority
 .text.SPI_ISR_Enable
                0x00002524        0xc .\CortexM3\ARM_GCC_541\Debug\PSoCcontroller.a(SPI_ISR.o)
                0x00002524                SPI_ISR_Enable
 .text.SPI_ISR_Disable
                0x00002530        0xc .\CortexM3\ARM_GCC_541\Debug\PSoCcontroller.a(SPI_ISR.o)
                0x00002530                SPI_ISR_Disable
 .text.SPI_ISR_StartEx
                0x0000253c       0x1c .\CortexM3\ARM_GCC_541\Debug\PSoCcontroller.a(SPI_ISR.o)
                0x0000253c                SPI_ISR_StartEx
 .text.SPI_read_req_Write
                0x00002558       0x18 .\CortexM3\ARM_GCC_541\Debug\PSoCcontroller.a(SPI_read_req.o)
                0x00002558                SPI_read_req_Write
 .text          0x00002570       0x20 .\CortexM3\ARM_GCC_541\Debug\PSoCcontroller.a(CyBootAsmGnu.o)
                0x00002570                CyDelayCycles
                0x00002580                CyEnterCriticalSection
                0x00002588                CyExitCriticalSection
 .text.CySetReg24
                0x00002590       0x14 .\CortexM3\ARM_GCC_541\Debug\PSoCcontroller.a(cyutils.o)
                0x00002590                CySetReg24
 .text.round    0x000025a4       0xa0 c:/program files (x86)/cypress/psoc creator/4.2/psoc creator/import/gnu/arm/5.4.1/bin/../lib/gcc/arm-none-eabi/5.4.1/../../../../arm-none-eabi/lib/armv7-m\libm.a(lib_a-s_round.o)
                0x000025a4                round
 .text          0x00002644      0x370 c:/program files (x86)/cypress/psoc creator/4.2/psoc creator/import/gnu/arm/5.4.1/bin/../lib/gcc/arm-none-eabi/5.4.1/armv7-m\libgcc.a(_arm_addsubdf3.o)
                0x00002644                __aeabi_drsub
                0x0000264c                __aeabi_dsub
                0x0000264c                __subdf3
                0x00002650                __aeabi_dadd
                0x00002650                __adddf3
                0x000028c8                __floatunsidf
                0x000028c8                __aeabi_ui2d
                0x000028e8                __floatsidf
                0x000028e8                __aeabi_i2d
                0x0000290c                __aeabi_f2d
                0x0000290c                __extendsfdf2
                0x00002948                __floatundidf
                0x00002948                __aeabi_ul2d
                0x00002958                __floatdidf
                0x00002958                __aeabi_l2d
 .text          0x000029b4      0x424 c:/program files (x86)/cypress/psoc creator/4.2/psoc creator/import/gnu/arm/5.4.1/bin/../lib/gcc/arm-none-eabi/5.4.1/armv7-m\libgcc.a(_arm_muldivdf3.o)
                0x000029b4                __aeabi_dmul
                0x000029b4                __muldf3
                0x00002c08                __divdf3
                0x00002c08                __aeabi_ddiv
 .text          0x00002dd8      0x110 c:/program files (x86)/cypress/psoc creator/4.2/psoc creator/import/gnu/arm/5.4.1/bin/../lib/gcc/arm-none-eabi/5.4.1/armv7-m\libgcc.a(_arm_cmpdf2.o)
                0x00002dd8                __gtdf2
                0x00002dd8                __gedf2
                0x00002de0                __ltdf2
                0x00002de0                __ledf2
                0x00002de8                __nedf2
                0x00002de8                __eqdf2
                0x00002de8                __cmpdf2
                0x00002e64                __aeabi_cdrcmple
                0x00002e74                __aeabi_cdcmpeq
                0x00002e74                __aeabi_cdcmple
                0x00002e84                __aeabi_dcmpeq
                0x00002e98                __aeabi_dcmplt
                0x00002eac                __aeabi_dcmple
                0x00002ec0                __aeabi_dcmpge
                0x00002ed4                __aeabi_dcmpgt
 .text          0x00002ee8       0x50 c:/program files (x86)/cypress/psoc creator/4.2/psoc creator/import/gnu/arm/5.4.1/bin/../lib/gcc/arm-none-eabi/5.4.1/armv7-m\libgcc.a(_arm_fixdfsi.o)
                0x00002ee8                __aeabi_d2iz
                0x00002ee8                __fixdfsi
 .text          0x00002f38       0x40 c:/program files (x86)/cypress/psoc creator/4.2/psoc creator/import/gnu/arm/5.4.1/bin/../lib/gcc/arm-none-eabi/5.4.1/armv7-m\libgcc.a(_arm_fixunsdfsi.o)
                0x00002f38                __aeabi_d2uiz
                0x00002f38                __fixunsdfsi
 .text          0x00002f78       0xa0 c:/program files (x86)/cypress/psoc creator/4.2/psoc creator/import/gnu/arm/5.4.1/bin/../lib/gcc/arm-none-eabi/5.4.1/armv7-m\libgcc.a(_arm_truncdfsf2.o)
                0x00002f78                __truncdfsf2
                0x00002f78                __aeabi_d2f
 .text.__errno  0x00003018        0xc c:/program files (x86)/cypress/psoc creator/4.2/psoc creator/import/gnu/arm/5.4.1/bin/../lib/gcc/arm-none-eabi/5.4.1/../../../../arm-none-eabi/lib/armv7-m\libg_nano.a(lib_a-errno.o)
                0x00003018                __errno
 .text.__libc_init_array
                0x00003024       0x4c c:/program files (x86)/cypress/psoc creator/4.2/psoc creator/import/gnu/arm/5.4.1/bin/../lib/gcc/arm-none-eabi/5.4.1/../../../../arm-none-eabi/lib/armv7-m\libg_nano.a(lib_a-init.o)
                0x00003024                __libc_init_array
 .text.memcpy   0x00003070       0x16 c:/program files (x86)/cypress/psoc creator/4.2/psoc creator/import/gnu/arm/5.4.1/bin/../lib/gcc/arm-none-eabi/5.4.1/../../../../arm-none-eabi/lib/armv7-m\libg_nano.a(lib_a-memcpy-stub.o)
                0x00003070                memcpy
 .text.memset   0x00003086       0x10 c:/program files (x86)/cypress/psoc creator/4.2/psoc creator/import/gnu/arm/5.4.1/bin/../lib/gcc/arm-none-eabi/5.4.1/../../../../arm-none-eabi/lib/armv7-m\libg_nano.a(lib_a-memset.o)
                0x00003086                memset
 *(.plt)
 *(.gnu.warning)
 *(.glue_7t)
 .glue_7t       0x00003096        0x0 linker stubs
 *(.glue_7)
 .glue_7        0x00003096        0x0 linker stubs
 *(.vfp11_veneer)
 .vfp11_veneer  0x00003096        0x0 linker stubs
 *(.bootloader)
 *(.ARM.extab* .gnu.linkonce.armextab.*)
 *(.gcc_except_table)

.v4_bx          0x00003098        0x0
 .v4_bx         0x00003098        0x0 linker stubs

.iplt           0x00003098        0x0
 .iplt          0x00003098        0x0 c:/program files (x86)/cypress/psoc creator/4.2/psoc creator/import/gnu/arm/5.4.1/bin/../lib/gcc/arm-none-eabi/5.4.1/armv7-m/crtbegin.o

.eh_frame_hdr
 *(.eh_frame_hdr)

.eh_frame       0x00003098        0x4
 *(.eh_frame)
 .eh_frame      0x00003098        0x0 c:/program files (x86)/cypress/psoc creator/4.2/psoc creator/import/gnu/arm/5.4.1/bin/../lib/gcc/arm-none-eabi/5.4.1/armv7-m/crtbegin.o
 .eh_frame      0x00003098        0x4 c:/program files (x86)/cypress/psoc creator/4.2/psoc creator/import/gnu/arm/5.4.1/bin/../lib/gcc/arm-none-eabi/5.4.1/armv7-m/crtend.o
                [!provide]                PROVIDE (__exidx_start, .)

.ARM.exidx
 *(.ARM.exidx* .gnu.linkonce.armexidx.*)
                0x0000309c                __exidx_end = .

.rodata         0x0000309c       0x9c
 *(.rodata .rodata.* .gnu.linkonce.r.*)
 .rodata.str1.4
                0x0000309c       0x1c .\CortexM3\ARM_GCC_541\Debug\SPI_driver_PSoC.o
                                 0x1f (size before relaxing)
 .rodata.str1.4
                0x000030b8       0x20 .\CortexM3\ARM_GCC_541\Debug\SonarDriver.o
                                 0x1f (size before relaxing)
 .rodata        0x000030d8       0x24 .\CortexM3\ARM_GCC_541\Debug\cyfitter_cfg.o
 .rodata.str1.1
                0x000030fc        0x2 c:/program files (x86)/cypress/psoc creator/4.2/psoc creator/import/gnu/arm/5.4.1/bin/../lib/gcc/arm-none-eabi/5.4.1/../../../../arm-none-eabi/lib/armv7-m\libg_nano.a(lib_a-impure.o)
                0x00003100                . = ALIGN (0x4)
 *fill*         0x000030fe        0x2 
 *(.init)
 .init          0x00003100        0x4 c:/program files (x86)/cypress/psoc creator/4.2/psoc creator/import/gnu/arm/5.4.1/bin/../lib/gcc/arm-none-eabi/5.4.1/armv7-m/crti.o
                0x00003100                _init
 .init          0x00003104        0x8 c:/program files (x86)/cypress/psoc creator/4.2/psoc creator/import/gnu/arm/5.4.1/bin/../lib/gcc/arm-none-eabi/5.4.1/armv7-m/crtn.o
                0x0000310c                . = ALIGN (0x4)
                0x0000310c                __preinit_array_start = .
 *(.preinit_array)
                0x0000310c                __preinit_array_end = .
                0x0000310c                . = ALIGN (0x4)
                0x0000310c                __init_array_start = .
 *(SORT(.init_array.*))
 *(.init_array)
 .init_array    0x0000310c        0x4 c:/program files (x86)/cypress/psoc creator/4.2/psoc creator/import/gnu/arm/5.4.1/bin/../lib/gcc/arm-none-eabi/5.4.1/armv7-m/crtbegin.o
 .init_array    0x00003110        0x4 .\CortexM3\ARM_GCC_541\Debug\Cm3Start.o
                0x00003114                __init_array_end = .
                0x00003114                . = ALIGN (0x4)
 *(.fini)
 .fini          0x00003114        0x4 c:/program files (x86)/cypress/psoc creator/4.2/psoc creator/import/gnu/arm/5.4.1/bin/../lib/gcc/arm-none-eabi/5.4.1/armv7-m/crti.o
                0x00003114                _fini
 .fini          0x00003118        0x8 c:/program files (x86)/cypress/psoc creator/4.2/psoc creator/import/gnu/arm/5.4.1/bin/../lib/gcc/arm-none-eabi/5.4.1/armv7-m/crtn.o
                0x00003120                . = ALIGN (0x4)
                0x00003120                __fini_array_start = .
 *(.fini_array)
 .fini_array    0x00003120        0x4 c:/program files (x86)/cypress/psoc creator/4.2/psoc creator/import/gnu/arm/5.4.1/bin/../lib/gcc/arm-none-eabi/5.4.1/armv7-m/crtbegin.o
 *(SORT(.fini_array.*))
                0x00003124                __fini_array_end = .
                0x00003124                . = ALIGN (0x4)
 *crtbegin.o(.ctors)
 *(EXCLUDE_FILE(*crtend.o) .ctors)
 *(SORT(.ctors.*))
 *crtend.o(.ctors)
                0x00003124                . = ALIGN (0x4)
 *crtbegin.o(.dtors)
 *(EXCLUDE_FILE(*crtend.o) .dtors)
 *(SORT(.dtors.*))
 *crtend.o(.dtors)
                0x00003124                . = ALIGN (0x4)
                0x00003124                __cy_regions = .
                0x00003124        0x4 LONG 0x3138 __cy_region_init_ram
                0x00003128        0x4 LONG 0x1fff80c8 __cy_region_start_data
                0x0000312c        0x4 LONG 0x90 __cy_region_init_size_ram
                0x00003130        0x4 LONG 0x290 __cy_region_zero_size_ram
                0x00003134                __cy_regions_end = .
                0x00003138                . = ALIGN (0x8)
 *fill*         0x00003134        0x4 
                0x00003138                _etext = .

.cy_checksum_exclude
                0x00003138        0x0
 *(.cy_checksum_exclude)

.ramvectors     0x1fff8000       0xc0
                0x1fff8000                __cy_region_start_ram = .
 *(.ramvectors)
 .ramvectors    0x1fff8000       0xc0 .\CortexM3\ARM_GCC_541\Debug\Cm3Start.o
                0x1fff8000                CyRamVectors

.noinit         0x1fff80c0        0x1
 *(.noinit)
 .noinit        0x1fff80c0        0x1 .\CortexM3\ARM_GCC_541\Debug\PSoCcontroller.a(CyLib.o)
                0x1fff80c0                CyResetStatus

.data           0x1fff80c8       0x90 load address 0x00003138
                0x1fff80c8                __cy_region_start_data = .
 *(.jcr)
 .jcr           0x1fff80c8        0x0 c:/program files (x86)/cypress/psoc creator/4.2/psoc creator/import/gnu/arm/5.4.1/bin/../lib/gcc/arm-none-eabi/5.4.1/armv7-m/crtbegin.o
 .jcr           0x1fff80c8        0x4 c:/program files (x86)/cypress/psoc creator/4.2/psoc creator/import/gnu/arm/5.4.1/bin/../lib/gcc/arm-none-eabi/5.4.1/armv7-m/crtend.o
 *(.got.plt)
 *(.got)
 *(.shdata)
 *(.data .data.* .gnu.linkonce.d.*)
 .data          0x1fff80cc       0x14 .\CortexM3\ARM_GCC_541\Debug\main.o
                0x1fff80cc                states
 .data          0x1fff80e0       0x10 .\CortexM3\ARM_GCC_541\Debug\PSoCcontroller.a(CyLib.o)
                0x1fff80e0                cydelay_32k_ms
                0x1fff80e4                cydelay_freq_khz
                0x1fff80e8                cydelay_freq_mhz
                0x1fff80ec                cydelay_freq_hz
 .data.impure_data
                0x1fff80f0       0x60 c:/program files (x86)/cypress/psoc creator/4.2/psoc creator/import/gnu/arm/5.4.1/bin/../lib/gcc/arm-none-eabi/5.4.1/../../../../arm-none-eabi/lib/armv7-m\libg_nano.a(lib_a-impure.o)
 .data._impure_ptr
                0x1fff8150        0x4 c:/program files (x86)/cypress/psoc creator/4.2/psoc creator/import/gnu/arm/5.4.1/bin/../lib/gcc/arm-none-eabi/5.4.1/../../../../arm-none-eabi/lib/armv7-m\libg_nano.a(lib_a-impure.o)
                0x1fff8150                _impure_ptr
                0x1fff8158                . = ALIGN (0x8)
 *fill*         0x1fff8154        0x4 
 *(.ram)
                0x1fff8158                _edata = .

.igot.plt       0x1fff8158        0x0 load address 0x000031c8
 .igot.plt      0x1fff8158        0x0 c:/program files (x86)/cypress/psoc creator/4.2/psoc creator/import/gnu/arm/5.4.1/bin/../lib/gcc/arm-none-eabi/5.4.1/armv7-m/crtbegin.o

.bss            0x1fff8158      0x290 load address 0x000031c8
                0x1fff8158                PROVIDE (__bss_start__, .)
 *(.shbss)
 *(.bss .bss.* .gnu.linkonce.b.*)
 .bss           0x1fff8158       0x1c c:/program files (x86)/cypress/psoc creator/4.2/psoc creator/import/gnu/arm/5.4.1/bin/../lib/gcc/arm-none-eabi/5.4.1/armv7-m/crtbegin.o
 .bss           0x1fff8174       0x1c .\CortexM3\ARM_GCC_541\Debug\PSoCcontroller.a(CyLib.o)
                0x1fff818c                CySysTickInitVar
 .bss           0x1fff8190       0x43 .\CortexM3\ARM_GCC_541\Debug\PSoCcontroller.a(cyPm.o)
 .bss           0x1fff81d3        0x1 .\CortexM3\ARM_GCC_541\Debug\PSoCcontroller.a(Timer_Sonar.o)
                0x1fff81d3                Timer_Sonar_initVar
 .bss           0x1fff81d4        0x2 .\CortexM3\ARM_GCC_541\Debug\PSoCcontroller.a(UART_1.o)
                0x1fff81d4                UART_1_initVar
 .bss           0x1fff81d6        0x1 .\CortexM3\ARM_GCC_541\Debug\PSoCcontroller.a(Delay_Timer.o)
                0x1fff81d6                Delay_Timer_initVar
 .bss           0x1fff81d7        0x1 .\CortexM3\ARM_GCC_541\Debug\PSoCcontroller.a(ADC_Moisture.o)
                0x1fff81d7                ADC_Moisture_initVar
 .bss           0x1fff81d8        0x1 .\CortexM3\ARM_GCC_541\Debug\PSoCcontroller.a(Timer_StepperX.o)
                0x1fff81d8                Timer_StepperX_initVar
 .bss           0x1fff81d9        0x1 .\CortexM3\ARM_GCC_541\Debug\PSoCcontroller.a(Timer_StepperY.o)
                0x1fff81d9                Timer_StepperY_initVar
 .bss           0x1fff81da        0x1 .\CortexM3\ARM_GCC_541\Debug\PSoCcontroller.a(ADC_SAR_WaSens.o)
                0x1fff81da                ADC_SAR_WaSens_initVar
 .bss           0x1fff81db        0x1 .\CortexM3\ARM_GCC_541\Debug\PSoCcontroller.a(SPI_1.o)
                0x1fff81db                SPI_1_initVar
 *(COMMON)
 *fill*         0x1fff81dc        0x4 
 COMMON         0x1fff81e0      0x1e9 .\CortexM3\ARM_GCC_541\Debug\main.o
                0x1fff81e0                stepperStateY
                0x1fff81e1                stepperStateX
                0x1fff81e4                currentState
                0x1fff81e8                msg
                0x1fff82e8                stepperPositionX
                0x1fff82ec                SPI_recieved
                0x1fff82ed                SPI_recieved_flag
                0x1fff82ee                mode
                0x1fff82f0                circBuf
                0x1fff83a8                noWater
                0x1fff83ac                timerDoneFlagX
                0x1fff83b0                pigeonPosition
                0x1fff83c0                sonarTimerDone
                0x1fff83c4                stepperPositionY
                0x1fff83c8                timerDoneFlagY
 *fill*         0x1fff83c9        0x3 
 COMMON         0x1fff83cc        0xa .\CortexM3\ARM_GCC_541\Debug\PSoCcontroller.a(ADC_Moisture.o)
                0x1fff83cc                ADC_Moisture_countsPer10Volt
                0x1fff83d0                ADC_Moisture_shift
                0x1fff83d2                ADC_Moisture_countsPerVolt
                0x1fff83d4                ADC_Moisture_offset
 *fill*         0x1fff83d6        0x2 
 COMMON         0x1fff83d8        0xc .\CortexM3\ARM_GCC_541\Debug\PSoCcontroller.a(ADC_SAR_WaSens.o)
                0x1fff83d8                ADC_SAR_WaSens_offset
                0x1fff83dc                ADC_SAR_WaSens_countsPer10Volt
                0x1fff83e0                ADC_SAR_WaSens_shift
                0x1fff83e2                ADC_SAR_WaSens_countsPerVolt
                0x1fff83e8                . = ALIGN (0x8)
 *fill*         0x1fff83e4        0x4 
 *(.ram.b)
                0x1fff83e8                _end = .
                0x1fff83e8                __end = .
                0x1fff83e8                PROVIDE (end, .)
                0x1fff83e8                PROVIDE (__bss_end__, .)
                0x00003138                __cy_region_init_ram = LOADADDR (.data)
                0x00000090                __cy_region_init_size_ram = (_edata - ADDR (.data))
                0x00000290                __cy_region_zero_size_ram = (_end - _edata)

.heap           0x1fff83e8       0x80 load address 0x000031c8
                0x1fff83e8                . = _end
                0x1fff8468                . = (. + 0x80)
 *fill*         0x1fff83e8       0x80 
                0x1fff8468                __cy_heap_limit = .

.stack          0x20007800      0x800
                0x20007800                __cy_stack_limit = .
                0x20008000                . = (. + 0x800)
 *fill*         0x20007800      0x800 
                0x00000001                ASSERT ((__cy_stack_limit >= __cy_heap_limit), region RAM overflowed with stack)
                0x00000000                cy_checksum_exclude_size = (CY_APPL_LOADABLE == 0x1)?SIZEOF (.cy_checksum_exclude):0x0
                0x00000001                ASSERT ((cy_checksum_exclude_size <= CY_CHECKSUM_EXCLUDE_SIZE), CY_BOOT: Section .cy_checksum_exclude size exceedes specified limit.)

.cyloadermeta
 *(.cyloadermeta)

.cyloadablemeta
 *(.cyloadablemeta)

.cyconfigecc    0x80000000      0x998
 *(.cyconfigecc)
 .cyconfigecc   0x80000000      0x998 .\CortexM3\ARM_GCC_541\Debug\cymetadata.o
                0x80000000                cy_meta_configecc

.cycustnvl      0x90000000        0x4
 *(.cycustnvl)
 .cycustnvl     0x90000000        0x4 .\CortexM3\ARM_GCC_541\Debug\cymetadata.o
                0x90000000                cy_meta_custnvl

.cywolatch      0x90100000        0x4
 *(.cywolatch)
 .cywolatch     0x90100000        0x4 .\CortexM3\ARM_GCC_541\Debug\cymetadata.o
                0x90100000                cy_meta_wonvl

.cyeeprom       0x90200000        0x0
 *(.cyeeprom)
                0x00000001                ASSERT ((. <= ((0x90200000 + ee_offset) + ee_size)), .cyeeprom data will not fit in EEPROM)

.cyflashprotect
                0x90400000      0x100
 *(.cyflashprotect)
 .cyflashprotect
                0x90400000      0x100 .\CortexM3\ARM_GCC_541\Debug\cymetadata.o
                0x90400000                cy_meta_flashprotect

.cymeta         0x90500000        0xc
 *(.cymeta)
 .cymeta        0x90500000        0xc .\CortexM3\ARM_GCC_541\Debug\cymetadata.o
                0x90500000                cy_metadata

.rel.dyn        0x000031c8        0x0 load address 0x9050000c
 .rel.iplt      0x000031c8        0x0 c:/program files (x86)/cypress/psoc creator/4.2/psoc creator/import/gnu/arm/5.4.1/bin/../lib/gcc/arm-none-eabi/5.4.1/armv7-m/crtbegin.o

.stab
 *(.stab)

.stabstr
 *(.stabstr)

.debug
 *(.debug)

.line
 *(.line)

.debug_srcinfo
 *(.debug_srcinfo)

.debug_sfnames
 *(.debug_sfnames)

.debug_aranges  0x00000000     0x1430
 *(.debug_aranges)
 .debug_aranges
                0x00000000       0x88 .\CortexM3\ARM_GCC_541\Debug\main.o
 .debug_aranges
                0x00000088       0x48 .\CortexM3\ARM_GCC_541\Debug\CircularBuffer.o
 .debug_aranges
                0x000000d0       0x28 .\CortexM3\ARM_GCC_541\Debug\MoistureSensor.o
 .debug_aranges
                0x000000f8       0x50 .\CortexM3\ARM_GCC_541\Debug\MotorDriverX.o
 .debug_aranges
                0x00000148       0x50 .\CortexM3\ARM_GCC_541\Debug\MotorDriverY.o
 .debug_aranges
                0x00000198       0x58 .\CortexM3\ARM_GCC_541\Debug\SPI_driver_PSoC.o
 .debug_aranges
                0x000001f0       0x28 .\CortexM3\ARM_GCC_541\Debug\WaterPump.o
 .debug_aranges
                0x00000218       0x28 .\CortexM3\ARM_GCC_541\Debug\SonarDriver.o
 .debug_aranges
                0x00000240       0x28 .\CortexM3\ARM_GCC_541\Debug\WaterSensor.o
 .debug_aranges
                0x00000268       0x58 .\CortexM3\ARM_GCC_541\Debug\cyfitter_cfg.o
 .debug_aranges
                0x000002c0       0x18 .\CortexM3\ARM_GCC_541\Debug\cymetadata.o
 .debug_aranges
                0x000002d8       0x48 .\CortexM3\ARM_GCC_541\Debug\Cm3Start.o
 .debug_aranges
                0x00000320      0x2a0 .\CortexM3\ARM_GCC_541\Debug\PSoCcontroller.a(CyLib.o)
 .debug_aranges
                0x000005c0       0x98 .\CortexM3\ARM_GCC_541\Debug\PSoCcontroller.a(cyPm.o)
 .debug_aranges
                0x00000658       0x90 .\CortexM3\ARM_GCC_541\Debug\PSoCcontroller.a(Timer_Sonar.o)
 .debug_aranges
                0x000006e8       0x38 .\CortexM3\ARM_GCC_541\Debug\PSoCcontroller.a(Trigger_1.o)
 .debug_aranges
                0x00000720       0x38 .\CortexM3\ARM_GCC_541\Debug\PSoCcontroller.a(Trigger_2.o)
 .debug_aranges
                0x00000758       0x38 .\CortexM3\ARM_GCC_541\Debug\PSoCcontroller.a(Echo_1.o)
 .debug_aranges
                0x00000790       0x38 .\CortexM3\ARM_GCC_541\Debug\PSoCcontroller.a(Echo_2.o)
 .debug_aranges
                0x000007c8       0xf0 .\CortexM3\ARM_GCC_541\Debug\PSoCcontroller.a(UART_1.o)
 .debug_aranges
                0x000008b8       0x70 .\CortexM3\ARM_GCC_541\Debug\PSoCcontroller.a(UART_1_IntClock.o)
 .debug_aranges
                0x00000928       0x90 .\CortexM3\ARM_GCC_541\Debug\PSoCcontroller.a(Delay_Timer.o)
 .debug_aranges
                0x000009b8       0x80 .\CortexM3\ARM_GCC_541\Debug\PSoCcontroller.a(ISR_delay.o)
 .debug_aranges
                0x00000a38       0xa8 .\CortexM3\ARM_GCC_541\Debug\PSoCcontroller.a(ADC_Moisture.o)
 .debug_aranges
                0x00000ae0       0x20 .\CortexM3\ARM_GCC_541\Debug\PSoCcontroller.a(ADC_Moisture_INT.o)
 .debug_aranges
                0x00000b00       0x80 .\CortexM3\ARM_GCC_541\Debug\PSoCcontroller.a(ADC_Moisture_theACLK.o)
 .debug_aranges
                0x00000b80       0x80 .\CortexM3\ARM_GCC_541\Debug\PSoCcontroller.a(ISR_WaterLevel.o)
 .debug_aranges
                0x00000c00       0x90 .\CortexM3\ARM_GCC_541\Debug\PSoCcontroller.a(Timer_StepperX.o)
 .debug_aranges
                0x00000c90       0x80 .\CortexM3\ARM_GCC_541\Debug\PSoCcontroller.a(ISR_stepperY.o)
 .debug_aranges
                0x00000d10       0x90 .\CortexM3\ARM_GCC_541\Debug\PSoCcontroller.a(Timer_StepperY.o)
 .debug_aranges
                0x00000da0       0x80 .\CortexM3\ARM_GCC_541\Debug\PSoCcontroller.a(ISR_stepperX.o)
 .debug_aranges
                0x00000e20       0x38 .\CortexM3\ARM_GCC_541\Debug\PSoCcontroller.a(Pin_X1.o)
 .debug_aranges
                0x00000e58       0x38 .\CortexM3\ARM_GCC_541\Debug\PSoCcontroller.a(Pin_X2.o)
 .debug_aranges
                0x00000e90       0x38 .\CortexM3\ARM_GCC_541\Debug\PSoCcontroller.a(Pin_X3.o)
 .debug_aranges
                0x00000ec8       0x38 .\CortexM3\ARM_GCC_541\Debug\PSoCcontroller.a(Pin_Y1.o)
 .debug_aranges
                0x00000f00       0x38 .\CortexM3\ARM_GCC_541\Debug\PSoCcontroller.a(Pin_Y2.o)
 .debug_aranges
                0x00000f38       0x38 .\CortexM3\ARM_GCC_541\Debug\PSoCcontroller.a(Pin_Y3.o)
 .debug_aranges
                0x00000f70       0xa8 .\CortexM3\ARM_GCC_541\Debug\PSoCcontroller.a(ADC_SAR_WaSens.o)
 .debug_aranges
                0x00001018       0x20 .\CortexM3\ARM_GCC_541\Debug\PSoCcontroller.a(ADC_SAR_WaSens_INT.o)
 .debug_aranges
                0x00001038       0x38 .\CortexM3\ARM_GCC_541\Debug\PSoCcontroller.a(Pin_WaterPump.o)
 .debug_aranges
                0x00001070       0x80 .\CortexM3\ARM_GCC_541\Debug\PSoCcontroller.a(ADC_SAR_WaSens_theACLK.o)
 .debug_aranges
                0x000010f0       0x38 .\CortexM3\ARM_GCC_541\Debug\PSoCcontroller.a(Pin_Low_WL.o)
 .debug_aranges
                0x00001128       0xe0 .\CortexM3\ARM_GCC_541\Debug\PSoCcontroller.a(SPI_1.o)
 .debug_aranges
                0x00001208       0x28 .\CortexM3\ARM_GCC_541\Debug\PSoCcontroller.a(SPI_1_INT.o)
 .debug_aranges
                0x00001230       0x80 .\CortexM3\ARM_GCC_541\Debug\PSoCcontroller.a(SPI_ISR.o)
 .debug_aranges
                0x000012b0       0x38 .\CortexM3\ARM_GCC_541\Debug\PSoCcontroller.a(SPI_read_req.o)
 .debug_aranges
                0x000012e8       0x20 .\CortexM3\ARM_GCC_541\Debug\PSoCcontroller.a(CyBootAsmGnu.o)
 .debug_aranges
                0x00001308       0x88 .\CortexM3\ARM_GCC_541\Debug\PSoCcontroller.a(CyFlash.o)
 .debug_aranges
                0x00001390       0x80 .\CortexM3\ARM_GCC_541\Debug\PSoCcontroller.a(CySpc.o)
 .debug_aranges
                0x00001410       0x20 .\CortexM3\ARM_GCC_541\Debug\PSoCcontroller.a(cyutils.o)

.debug_pubnames
 *(.debug_pubnames)

.debug_info     0x00000000     0xa795
 *(.debug_info .gnu.linkonce.wi.*)
 .debug_info    0x00000000      0xbc7 .\CortexM3\ARM_GCC_541\Debug\main.o
 .debug_info    0x00000bc7      0x2f8 .\CortexM3\ARM_GCC_541\Debug\CircularBuffer.o
 .debug_info    0x00000ebf      0x140 .\CortexM3\ARM_GCC_541\Debug\MoistureSensor.o
 .debug_info    0x00000fff      0x3ab .\CortexM3\ARM_GCC_541\Debug\MotorDriverX.o
 .debug_info    0x000013aa      0x3de .\CortexM3\ARM_GCC_541\Debug\MotorDriverY.o
 .debug_info    0x00001788      0x8b0 .\CortexM3\ARM_GCC_541\Debug\SPI_driver_PSoC.o
 .debug_info    0x00002038      0x12d .\CortexM3\ARM_GCC_541\Debug\WaterPump.o
 .debug_info    0x00002165      0x400 .\CortexM3\ARM_GCC_541\Debug\SonarDriver.o
 .debug_info    0x00002565      0x377 .\CortexM3\ARM_GCC_541\Debug\WaterSensor.o
 .debug_info    0x000028dc      0x5a8 .\CortexM3\ARM_GCC_541\Debug\cyfitter_cfg.o
 .debug_info    0x00002e84      0x139 .\CortexM3\ARM_GCC_541\Debug\cymetadata.o
 .debug_info    0x00002fbd      0x3bb .\CortexM3\ARM_GCC_541\Debug\Cm3Start.o
 .debug_info    0x00003378     0x1374 .\CortexM3\ARM_GCC_541\Debug\PSoCcontroller.a(CyLib.o)
 .debug_info    0x000046ec      0xa2a .\CortexM3\ARM_GCC_541\Debug\PSoCcontroller.a(cyPm.o)
 .debug_info    0x00005116      0x338 .\CortexM3\ARM_GCC_541\Debug\PSoCcontroller.a(Timer_Sonar.o)
 .debug_info    0x0000544e      0x11f .\CortexM3\ARM_GCC_541\Debug\PSoCcontroller.a(Trigger_1.o)
 .debug_info    0x0000556d      0x11f .\CortexM3\ARM_GCC_541\Debug\PSoCcontroller.a(Trigger_2.o)
 .debug_info    0x0000568c      0x11f .\CortexM3\ARM_GCC_541\Debug\PSoCcontroller.a(Echo_1.o)
 .debug_info    0x000057ab      0x11f .\CortexM3\ARM_GCC_541\Debug\PSoCcontroller.a(Echo_2.o)
 .debug_info    0x000058ca      0x60c .\CortexM3\ARM_GCC_541\Debug\PSoCcontroller.a(UART_1.o)
 .debug_info    0x00005ed6      0x283 .\CortexM3\ARM_GCC_541\Debug\PSoCcontroller.a(UART_1_IntClock.o)
 .debug_info    0x00006159      0x2f0 .\CortexM3\ARM_GCC_541\Debug\PSoCcontroller.a(Delay_Timer.o)
 .debug_info    0x00006449      0x2d2 .\CortexM3\ARM_GCC_541\Debug\PSoCcontroller.a(ISR_delay.o)
 .debug_info    0x0000671b      0x5c0 .\CortexM3\ARM_GCC_541\Debug\PSoCcontroller.a(ADC_Moisture.o)
 .debug_info    0x00006cdb       0x92 .\CortexM3\ARM_GCC_541\Debug\PSoCcontroller.a(ADC_Moisture_INT.o)
 .debug_info    0x00006d6d      0x2c4 .\CortexM3\ARM_GCC_541\Debug\PSoCcontroller.a(ADC_Moisture_theACLK.o)
 .debug_info    0x00007031      0x2d2 .\CortexM3\ARM_GCC_541\Debug\PSoCcontroller.a(ISR_WaterLevel.o)
 .debug_info    0x00007303      0x2f0 .\CortexM3\ARM_GCC_541\Debug\PSoCcontroller.a(Timer_StepperX.o)
 .debug_info    0x000075f3      0x2d2 .\CortexM3\ARM_GCC_541\Debug\PSoCcontroller.a(ISR_stepperY.o)
 .debug_info    0x000078c5      0x2f0 .\CortexM3\ARM_GCC_541\Debug\PSoCcontroller.a(Timer_StepperY.o)
 .debug_info    0x00007bb5      0x2d2 .\CortexM3\ARM_GCC_541\Debug\PSoCcontroller.a(ISR_stepperX.o)
 .debug_info    0x00007e87      0x11f .\CortexM3\ARM_GCC_541\Debug\PSoCcontroller.a(Pin_X1.o)
 .debug_info    0x00007fa6      0x11f .\CortexM3\ARM_GCC_541\Debug\PSoCcontroller.a(Pin_X2.o)
 .debug_info    0x000080c5      0x11f .\CortexM3\ARM_GCC_541\Debug\PSoCcontroller.a(Pin_X3.o)
 .debug_info    0x000081e4      0x11f .\CortexM3\ARM_GCC_541\Debug\PSoCcontroller.a(Pin_Y1.o)
 .debug_info    0x00008303      0x11f .\CortexM3\ARM_GCC_541\Debug\PSoCcontroller.a(Pin_Y2.o)
 .debug_info    0x00008422      0x11f .\CortexM3\ARM_GCC_541\Debug\PSoCcontroller.a(Pin_Y3.o)
 .debug_info    0x00008541      0x5c0 .\CortexM3\ARM_GCC_541\Debug\PSoCcontroller.a(ADC_SAR_WaSens.o)
 .debug_info    0x00008b01       0x92 .\CortexM3\ARM_GCC_541\Debug\PSoCcontroller.a(ADC_SAR_WaSens_INT.o)
 .debug_info    0x00008b93      0x11f .\CortexM3\ARM_GCC_541\Debug\PSoCcontroller.a(Pin_WaterPump.o)
 .debug_info    0x00008cb2      0x2c4 .\CortexM3\ARM_GCC_541\Debug\PSoCcontroller.a(ADC_SAR_WaSens_theACLK.o)
 .debug_info    0x00008f76      0x11f .\CortexM3\ARM_GCC_541\Debug\PSoCcontroller.a(Pin_Low_WL.o)
 .debug_info    0x00009095      0x517 .\CortexM3\ARM_GCC_541\Debug\PSoCcontroller.a(SPI_1.o)
 .debug_info    0x000095ac       0xb1 .\CortexM3\ARM_GCC_541\Debug\PSoCcontroller.a(SPI_1_INT.o)
 .debug_info    0x0000965d      0x2d2 .\CortexM3\ARM_GCC_541\Debug\PSoCcontroller.a(SPI_ISR.o)
 .debug_info    0x0000992f      0x11f .\CortexM3\ARM_GCC_541\Debug\PSoCcontroller.a(SPI_read_req.o)
 .debug_info    0x00009a4e       0xbc .\CortexM3\ARM_GCC_541\Debug\PSoCcontroller.a(CyBootAsmGnu.o)
 .debug_info    0x00009b0a      0x64d .\CortexM3\ARM_GCC_541\Debug\PSoCcontroller.a(CyFlash.o)
 .debug_info    0x0000a157      0x550 .\CortexM3\ARM_GCC_541\Debug\PSoCcontroller.a(CySpc.o)
 .debug_info    0x0000a6a7       0xee .\CortexM3\ARM_GCC_541\Debug\PSoCcontroller.a(cyutils.o)

.debug_abbrev   0x00000000     0x35da
 *(.debug_abbrev)
 .debug_abbrev  0x00000000      0x222 .\CortexM3\ARM_GCC_541\Debug\main.o
 .debug_abbrev  0x00000222      0x170 .\CortexM3\ARM_GCC_541\Debug\CircularBuffer.o
 .debug_abbrev  0x00000392       0xba .\CortexM3\ARM_GCC_541\Debug\MoistureSensor.o
 .debug_abbrev  0x0000044c      0x165 .\CortexM3\ARM_GCC_541\Debug\MotorDriverX.o
 .debug_abbrev  0x000005b1      0x165 .\CortexM3\ARM_GCC_541\Debug\MotorDriverY.o
 .debug_abbrev  0x00000716      0x180 .\CortexM3\ARM_GCC_541\Debug\SPI_driver_PSoC.o
 .debug_abbrev  0x00000896       0xad .\CortexM3\ARM_GCC_541\Debug\WaterPump.o
 .debug_abbrev  0x00000943      0x126 .\CortexM3\ARM_GCC_541\Debug\SonarDriver.o
 .debug_abbrev  0x00000a69      0x170 .\CortexM3\ARM_GCC_541\Debug\WaterSensor.o
 .debug_abbrev  0x00000bd9      0x1fe .\CortexM3\ARM_GCC_541\Debug\cyfitter_cfg.o
 .debug_abbrev  0x00000dd7       0x77 .\CortexM3\ARM_GCC_541\Debug\cymetadata.o
 .debug_abbrev  0x00000e4e      0x1e8 .\CortexM3\ARM_GCC_541\Debug\Cm3Start.o
 .debug_abbrev  0x00001036      0x254 .\CortexM3\ARM_GCC_541\Debug\PSoCcontroller.a(CyLib.o)
 .debug_abbrev  0x0000128a      0x1ab .\CortexM3\ARM_GCC_541\Debug\PSoCcontroller.a(cyPm.o)
 .debug_abbrev  0x00001435      0x14b .\CortexM3\ARM_GCC_541\Debug\PSoCcontroller.a(Timer_Sonar.o)
 .debug_abbrev  0x00001580       0x90 .\CortexM3\ARM_GCC_541\Debug\PSoCcontroller.a(Trigger_1.o)
 .debug_abbrev  0x00001610       0x90 .\CortexM3\ARM_GCC_541\Debug\PSoCcontroller.a(Trigger_2.o)
 .debug_abbrev  0x000016a0       0x90 .\CortexM3\ARM_GCC_541\Debug\PSoCcontroller.a(Echo_1.o)
 .debug_abbrev  0x00001730       0x90 .\CortexM3\ARM_GCC_541\Debug\PSoCcontroller.a(Echo_2.o)
 .debug_abbrev  0x000017c0      0x175 .\CortexM3\ARM_GCC_541\Debug\PSoCcontroller.a(UART_1.o)
 .debug_abbrev  0x00001935      0x139 .\CortexM3\ARM_GCC_541\Debug\PSoCcontroller.a(UART_1_IntClock.o)
 .debug_abbrev  0x00001a6e      0x12b .\CortexM3\ARM_GCC_541\Debug\PSoCcontroller.a(Delay_Timer.o)
 .debug_abbrev  0x00001b99      0x173 .\CortexM3\ARM_GCC_541\Debug\PSoCcontroller.a(ISR_delay.o)
 .debug_abbrev  0x00001d0c      0x1ac .\CortexM3\ARM_GCC_541\Debug\PSoCcontroller.a(ADC_Moisture.o)
 .debug_abbrev  0x00001eb8       0x42 .\CortexM3\ARM_GCC_541\Debug\PSoCcontroller.a(ADC_Moisture_INT.o)
 .debug_abbrev  0x00001efa      0x121 .\CortexM3\ARM_GCC_541\Debug\PSoCcontroller.a(ADC_Moisture_theACLK.o)
 .debug_abbrev  0x0000201b      0x173 .\CortexM3\ARM_GCC_541\Debug\PSoCcontroller.a(ISR_WaterLevel.o)
 .debug_abbrev  0x0000218e      0x12b .\CortexM3\ARM_GCC_541\Debug\PSoCcontroller.a(Timer_StepperX.o)
 .debug_abbrev  0x000022b9      0x173 .\CortexM3\ARM_GCC_541\Debug\PSoCcontroller.a(ISR_stepperY.o)
 .debug_abbrev  0x0000242c      0x12b .\CortexM3\ARM_GCC_541\Debug\PSoCcontroller.a(Timer_StepperY.o)
 .debug_abbrev  0x00002557      0x173 .\CortexM3\ARM_GCC_541\Debug\PSoCcontroller.a(ISR_stepperX.o)
 .debug_abbrev  0x000026ca       0x90 .\CortexM3\ARM_GCC_541\Debug\PSoCcontroller.a(Pin_X1.o)
 .debug_abbrev  0x0000275a       0x90 .\CortexM3\ARM_GCC_541\Debug\PSoCcontroller.a(Pin_X2.o)
 .debug_abbrev  0x000027ea       0x90 .\CortexM3\ARM_GCC_541\Debug\PSoCcontroller.a(Pin_X3.o)
 .debug_abbrev  0x0000287a       0x90 .\CortexM3\ARM_GCC_541\Debug\PSoCcontroller.a(Pin_Y1.o)
 .debug_abbrev  0x0000290a       0x90 .\CortexM3\ARM_GCC_541\Debug\PSoCcontroller.a(Pin_Y2.o)
 .debug_abbrev  0x0000299a       0x90 .\CortexM3\ARM_GCC_541\Debug\PSoCcontroller.a(Pin_Y3.o)
 .debug_abbrev  0x00002a2a      0x1ac .\CortexM3\ARM_GCC_541\Debug\PSoCcontroller.a(ADC_SAR_WaSens.o)
 .debug_abbrev  0x00002bd6       0x42 .\CortexM3\ARM_GCC_541\Debug\PSoCcontroller.a(ADC_SAR_WaSens_INT.o)
 .debug_abbrev  0x00002c18       0x90 .\CortexM3\ARM_GCC_541\Debug\PSoCcontroller.a(Pin_WaterPump.o)
 .debug_abbrev  0x00002ca8      0x121 .\CortexM3\ARM_GCC_541\Debug\PSoCcontroller.a(ADC_SAR_WaSens_theACLK.o)
 .debug_abbrev  0x00002dc9       0x90 .\CortexM3\ARM_GCC_541\Debug\PSoCcontroller.a(Pin_Low_WL.o)
 .debug_abbrev  0x00002e59      0x15f .\CortexM3\ARM_GCC_541\Debug\PSoCcontroller.a(SPI_1.o)
 .debug_abbrev  0x00002fb8       0x42 .\CortexM3\ARM_GCC_541\Debug\PSoCcontroller.a(SPI_1_INT.o)
 .debug_abbrev  0x00002ffa      0x173 .\CortexM3\ARM_GCC_541\Debug\PSoCcontroller.a(SPI_ISR.o)
 .debug_abbrev  0x0000316d       0x90 .\CortexM3\ARM_GCC_541\Debug\PSoCcontroller.a(SPI_read_req.o)
 .debug_abbrev  0x000031fd       0x14 .\CortexM3\ARM_GCC_541\Debug\PSoCcontroller.a(CyBootAsmGnu.o)
 .debug_abbrev  0x00003211      0x1a7 .\CortexM3\ARM_GCC_541\Debug\PSoCcontroller.a(CyFlash.o)
 .debug_abbrev  0x000033b8      0x194 .\CortexM3\ARM_GCC_541\Debug\PSoCcontroller.a(CySpc.o)
 .debug_abbrev  0x0000354c       0x8e .\CortexM3\ARM_GCC_541\Debug\PSoCcontroller.a(cyutils.o)

.debug_line     0x00000000     0x4f66
 *(.debug_line)
 .debug_line    0x00000000      0x484 .\CortexM3\ARM_GCC_541\Debug\main.o
 .debug_line    0x00000484      0x1f1 .\CortexM3\ARM_GCC_541\Debug\CircularBuffer.o
 .debug_line    0x00000675      0x18c .\CortexM3\ARM_GCC_541\Debug\MoistureSensor.o
 .debug_line    0x00000801      0x2fb .\CortexM3\ARM_GCC_541\Debug\MotorDriverX.o
 .debug_line    0x00000afc      0x311 .\CortexM3\ARM_GCC_541\Debug\MotorDriverY.o
 .debug_line    0x00000e0d      0x2d8 .\CortexM3\ARM_GCC_541\Debug\SPI_driver_PSoC.o
 .debug_line    0x000010e5      0x180 .\CortexM3\ARM_GCC_541\Debug\WaterPump.o
 .debug_line    0x00001265      0x245 .\CortexM3\ARM_GCC_541\Debug\SonarDriver.o
 .debug_line    0x000014aa      0x1d2 .\CortexM3\ARM_GCC_541\Debug\WaterSensor.o
 .debug_line    0x0000167c      0x1f6 .\CortexM3\ARM_GCC_541\Debug\cyfitter_cfg.o
 .debug_line    0x00001872      0x141 .\CortexM3\ARM_GCC_541\Debug\cymetadata.o
 .debug_line    0x000019b3      0x234 .\CortexM3\ARM_GCC_541\Debug\Cm3Start.o
 .debug_line    0x00001be7      0x816 .\CortexM3\ARM_GCC_541\Debug\PSoCcontroller.a(CyLib.o)
 .debug_line    0x000023fd      0x367 .\CortexM3\ARM_GCC_541\Debug\PSoCcontroller.a(cyPm.o)
 .debug_line    0x00002764      0x176 .\CortexM3\ARM_GCC_541\Debug\PSoCcontroller.a(Timer_Sonar.o)
 .debug_line    0x000028da       0x96 .\CortexM3\ARM_GCC_541\Debug\PSoCcontroller.a(Trigger_1.o)
 .debug_line    0x00002970       0x96 .\CortexM3\ARM_GCC_541\Debug\PSoCcontroller.a(Trigger_2.o)
 .debug_line    0x00002a06       0x93 .\CortexM3\ARM_GCC_541\Debug\PSoCcontroller.a(Echo_1.o)
 .debug_line    0x00002a99       0x93 .\CortexM3\ARM_GCC_541\Debug\PSoCcontroller.a(Echo_2.o)
 .debug_line    0x00002b2c      0x2c0 .\CortexM3\ARM_GCC_541\Debug\PSoCcontroller.a(UART_1.o)
 .debug_line    0x00002dec      0x17e .\CortexM3\ARM_GCC_541\Debug\PSoCcontroller.a(UART_1_IntClock.o)
 .debug_line    0x00002f6a      0x176 .\CortexM3\ARM_GCC_541\Debug\PSoCcontroller.a(Delay_Timer.o)
 .debug_line    0x000030e0      0x136 .\CortexM3\ARM_GCC_541\Debug\PSoCcontroller.a(ISR_delay.o)
 .debug_line    0x00003216      0x226 .\CortexM3\ARM_GCC_541\Debug\PSoCcontroller.a(ADC_Moisture.o)
 .debug_line    0x0000343c       0x59 .\CortexM3\ARM_GCC_541\Debug\PSoCcontroller.a(ADC_Moisture_INT.o)
 .debug_line    0x00003495      0x1a6 .\CortexM3\ARM_GCC_541\Debug\PSoCcontroller.a(ADC_Moisture_theACLK.o)
 .debug_line    0x0000363b      0x13b .\CortexM3\ARM_GCC_541\Debug\PSoCcontroller.a(ISR_WaterLevel.o)
 .debug_line    0x00003776      0x179 .\CortexM3\ARM_GCC_541\Debug\PSoCcontroller.a(Timer_StepperX.o)
 .debug_line    0x000038ef      0x139 .\CortexM3\ARM_GCC_541\Debug\PSoCcontroller.a(ISR_stepperY.o)
 .debug_line    0x00003a28      0x179 .\CortexM3\ARM_GCC_541\Debug\PSoCcontroller.a(Timer_StepperY.o)
 .debug_line    0x00003ba1      0x139 .\CortexM3\ARM_GCC_541\Debug\PSoCcontroller.a(ISR_stepperX.o)
 .debug_line    0x00003cda       0x93 .\CortexM3\ARM_GCC_541\Debug\PSoCcontroller.a(Pin_X1.o)
 .debug_line    0x00003d6d       0x93 .\CortexM3\ARM_GCC_541\Debug\PSoCcontroller.a(Pin_X2.o)
 .debug_line    0x00003e00       0x93 .\CortexM3\ARM_GCC_541\Debug\PSoCcontroller.a(Pin_X3.o)
 .debug_line    0x00003e93       0x93 .\CortexM3\ARM_GCC_541\Debug\PSoCcontroller.a(Pin_Y1.o)
 .debug_line    0x00003f26       0x93 .\CortexM3\ARM_GCC_541\Debug\PSoCcontroller.a(Pin_Y2.o)
 .debug_line    0x00003fb9       0x93 .\CortexM3\ARM_GCC_541\Debug\PSoCcontroller.a(Pin_Y3.o)
 .debug_line    0x0000404c      0x22a .\CortexM3\ARM_GCC_541\Debug\PSoCcontroller.a(ADC_SAR_WaSens.o)
 .debug_line    0x00004276       0x5b .\CortexM3\ARM_GCC_541\Debug\PSoCcontroller.a(ADC_SAR_WaSens_INT.o)
 .debug_line    0x000042d1       0x9a .\CortexM3\ARM_GCC_541\Debug\PSoCcontroller.a(Pin_WaterPump.o)
 .debug_line    0x0000436b      0x1a8 .\CortexM3\ARM_GCC_541\Debug\PSoCcontroller.a(ADC_SAR_WaSens_theACLK.o)
 .debug_line    0x00004513       0x97 .\CortexM3\ARM_GCC_541\Debug\PSoCcontroller.a(Pin_Low_WL.o)
 .debug_line    0x000045aa      0x24d .\CortexM3\ARM_GCC_541\Debug\PSoCcontroller.a(SPI_1.o)
 .debug_line    0x000047f7       0x62 .\CortexM3\ARM_GCC_541\Debug\PSoCcontroller.a(SPI_1_INT.o)
 .debug_line    0x00004859      0x134 .\CortexM3\ARM_GCC_541\Debug\PSoCcontroller.a(SPI_ISR.o)
 .debug_line    0x0000498d       0x99 .\CortexM3\ARM_GCC_541\Debug\PSoCcontroller.a(SPI_read_req.o)
 .debug_line    0x00004a26       0x66 .\CortexM3\ARM_GCC_541\Debug\PSoCcontroller.a(CyBootAsmGnu.o)
 .debug_line    0x00004a8c      0x21a .\CortexM3\ARM_GCC_541\Debug\PSoCcontroller.a(CyFlash.o)
 .debug_line    0x00004ca6      0x260 .\CortexM3\ARM_GCC_541\Debug\PSoCcontroller.a(CySpc.o)
 .debug_line    0x00004f06       0x60 .\CortexM3\ARM_GCC_541\Debug\PSoCcontroller.a(cyutils.o)

.debug_frame    0x00000000     0x2e50
 *(.debug_frame)
 .debug_frame   0x00000000      0x1a0 .\CortexM3\ARM_GCC_541\Debug\main.o
 .debug_frame   0x000001a0       0x90 .\CortexM3\ARM_GCC_541\Debug\CircularBuffer.o
 .debug_frame   0x00000230       0x48 .\CortexM3\ARM_GCC_541\Debug\MoistureSensor.o
 .debug_frame   0x00000278       0xd8 .\CortexM3\ARM_GCC_541\Debug\MotorDriverX.o
 .debug_frame   0x00000350       0xd8 .\CortexM3\ARM_GCC_541\Debug\MotorDriverY.o
 .debug_frame   0x00000428       0xf4 .\CortexM3\ARM_GCC_541\Debug\SPI_driver_PSoC.o
 .debug_frame   0x0000051c       0x48 .\CortexM3\ARM_GCC_541\Debug\WaterPump.o
 .debug_frame   0x00000564       0x5c .\CortexM3\ARM_GCC_541\Debug\SonarDriver.o
 .debug_frame   0x000005c0       0x4c .\CortexM3\ARM_GCC_541\Debug\WaterSensor.o
 .debug_frame   0x0000060c       0xfc .\CortexM3\ARM_GCC_541\Debug\cyfitter_cfg.o
 .debug_frame   0x00000708       0xb8 .\CortexM3\ARM_GCC_541\Debug\Cm3Start.o
 .debug_frame   0x000007c0      0x738 .\CortexM3\ARM_GCC_541\Debug\PSoCcontroller.a(CyLib.o)
 .debug_frame   0x00000ef8      0x1f8 .\CortexM3\ARM_GCC_541\Debug\PSoCcontroller.a(cyPm.o)
 .debug_frame   0x000010f0      0x13c .\CortexM3\ARM_GCC_541\Debug\PSoCcontroller.a(Timer_Sonar.o)
 .debug_frame   0x0000122c       0x50 .\CortexM3\ARM_GCC_541\Debug\PSoCcontroller.a(Trigger_1.o)
 .debug_frame   0x0000127c       0x50 .\CortexM3\ARM_GCC_541\Debug\PSoCcontroller.a(Trigger_2.o)
 .debug_frame   0x000012cc       0x50 .\CortexM3\ARM_GCC_541\Debug\PSoCcontroller.a(Echo_1.o)
 .debug_frame   0x0000131c       0x50 .\CortexM3\ARM_GCC_541\Debug\PSoCcontroller.a(Echo_2.o)
 .debug_frame   0x0000136c      0x250 .\CortexM3\ARM_GCC_541\Debug\PSoCcontroller.a(UART_1.o)
 .debug_frame   0x000015bc       0xe0 .\CortexM3\ARM_GCC_541\Debug\PSoCcontroller.a(UART_1_IntClock.o)
 .debug_frame   0x0000169c      0x124 .\CortexM3\ARM_GCC_541\Debug\PSoCcontroller.a(Delay_Timer.o)
 .debug_frame   0x000017c0      0x104 .\CortexM3\ARM_GCC_541\Debug\PSoCcontroller.a(ISR_delay.o)
 .debug_frame   0x000018c4      0x1b0 .\CortexM3\ARM_GCC_541\Debug\PSoCcontroller.a(ADC_Moisture.o)
 .debug_frame   0x00001a74       0x20 .\CortexM3\ARM_GCC_541\Debug\PSoCcontroller.a(ADC_Moisture_INT.o)
 .debug_frame   0x00001a94      0x100 .\CortexM3\ARM_GCC_541\Debug\PSoCcontroller.a(ADC_Moisture_theACLK.o)
 .debug_frame   0x00001b94      0x104 .\CortexM3\ARM_GCC_541\Debug\PSoCcontroller.a(ISR_WaterLevel.o)
 .debug_frame   0x00001c98      0x124 .\CortexM3\ARM_GCC_541\Debug\PSoCcontroller.a(Timer_StepperX.o)
 .debug_frame   0x00001dbc      0x104 .\CortexM3\ARM_GCC_541\Debug\PSoCcontroller.a(ISR_stepperY.o)
 .debug_frame   0x00001ec0      0x124 .\CortexM3\ARM_GCC_541\Debug\PSoCcontroller.a(Timer_StepperY.o)
 .debug_frame   0x00001fe4      0x104 .\CortexM3\ARM_GCC_541\Debug\PSoCcontroller.a(ISR_stepperX.o)
 .debug_frame   0x000020e8       0x50 .\CortexM3\ARM_GCC_541\Debug\PSoCcontroller.a(Pin_X1.o)
 .debug_frame   0x00002138       0x50 .\CortexM3\ARM_GCC_541\Debug\PSoCcontroller.a(Pin_X2.o)
 .debug_frame   0x00002188       0x50 .\CortexM3\ARM_GCC_541\Debug\PSoCcontroller.a(Pin_X3.o)
 .debug_frame   0x000021d8       0x50 .\CortexM3\ARM_GCC_541\Debug\PSoCcontroller.a(Pin_Y1.o)
 .debug_frame   0x00002228       0x50 .\CortexM3\ARM_GCC_541\Debug\PSoCcontroller.a(Pin_Y2.o)
 .debug_frame   0x00002278       0x50 .\CortexM3\ARM_GCC_541\Debug\PSoCcontroller.a(Pin_Y3.o)
 .debug_frame   0x000022c8      0x1b0 .\CortexM3\ARM_GCC_541\Debug\PSoCcontroller.a(ADC_SAR_WaSens.o)
 .debug_frame   0x00002478       0x20 .\CortexM3\ARM_GCC_541\Debug\PSoCcontroller.a(ADC_SAR_WaSens_INT.o)
 .debug_frame   0x00002498       0x50 .\CortexM3\ARM_GCC_541\Debug\PSoCcontroller.a(Pin_WaterPump.o)
 .debug_frame   0x000024e8      0x100 .\CortexM3\ARM_GCC_541\Debug\PSoCcontroller.a(ADC_SAR_WaSens_theACLK.o)
 .debug_frame   0x000025e8       0x50 .\CortexM3\ARM_GCC_541\Debug\PSoCcontroller.a(Pin_Low_WL.o)
 .debug_frame   0x00002638      0x1f8 .\CortexM3\ARM_GCC_541\Debug\PSoCcontroller.a(SPI_1.o)
 .debug_frame   0x00002830       0x30 .\CortexM3\ARM_GCC_541\Debug\PSoCcontroller.a(SPI_1_INT.o)
 .debug_frame   0x00002860      0x104 .\CortexM3\ARM_GCC_541\Debug\PSoCcontroller.a(SPI_ISR.o)
 .debug_frame   0x00002964       0x50 .\CortexM3\ARM_GCC_541\Debug\PSoCcontroller.a(SPI_read_req.o)
 .debug_frame   0x000029b4      0x194 .\CortexM3\ARM_GCC_541\Debug\PSoCcontroller.a(CyFlash.o)
 .debug_frame   0x00002b48      0x180 .\CortexM3\ARM_GCC_541\Debug\PSoCcontroller.a(CySpc.o)
 .debug_frame   0x00002cc8       0x20 .\CortexM3\ARM_GCC_541\Debug\PSoCcontroller.a(cyutils.o)
 .debug_frame   0x00002ce8       0x30 c:/program files (x86)/cypress/psoc creator/4.2/psoc creator/import/gnu/arm/5.4.1/bin/../lib/gcc/arm-none-eabi/5.4.1/../../../../arm-none-eabi/lib/armv7-m\libm.a(lib_a-s_round.o)
 .debug_frame   0x00002d18       0x44 c:/program files (x86)/cypress/psoc creator/4.2/psoc creator/import/gnu/arm/5.4.1/bin/../lib/gcc/arm-none-eabi/5.4.1/armv7-m\libgcc.a(_aeabi_ldivmod.o)
 .debug_frame   0x00002d5c       0x38 c:/program files (x86)/cypress/psoc creator/4.2/psoc creator/import/gnu/arm/5.4.1/bin/../lib/gcc/arm-none-eabi/5.4.1/armv7-m\libgcc.a(_udivmoddi4.o)
 .debug_frame   0x00002d94       0x20 c:/program files (x86)/cypress/psoc creator/4.2/psoc creator/import/gnu/arm/5.4.1/bin/../lib/gcc/arm-none-eabi/5.4.1/../../../../arm-none-eabi/lib/armv7-m\libg_nano.a(lib_a-errno.o)
 .debug_frame   0x00002db4       0x28 c:/program files (x86)/cypress/psoc creator/4.2/psoc creator/import/gnu/arm/5.4.1/bin/../lib/gcc/arm-none-eabi/5.4.1/../../../../arm-none-eabi/lib/armv7-m\libg_nano.a(lib_a-exit.o)
 .debug_frame   0x00002ddc       0x2c c:/program files (x86)/cypress/psoc creator/4.2/psoc creator/import/gnu/arm/5.4.1/bin/../lib/gcc/arm-none-eabi/5.4.1/../../../../arm-none-eabi/lib/armv7-m\libg_nano.a(lib_a-init.o)
 .debug_frame   0x00002e08       0x28 c:/program files (x86)/cypress/psoc creator/4.2/psoc creator/import/gnu/arm/5.4.1/bin/../lib/gcc/arm-none-eabi/5.4.1/../../../../arm-none-eabi/lib/armv7-m\libg_nano.a(lib_a-memcpy-stub.o)
 .debug_frame   0x00002e30       0x20 c:/program files (x86)/cypress/psoc creator/4.2/psoc creator/import/gnu/arm/5.4.1/bin/../lib/gcc/arm-none-eabi/5.4.1/../../../../arm-none-eabi/lib/armv7-m\libg_nano.a(lib_a-memset.o)

.debug_str      0x00000000     0x3c8e
 *(.debug_str)
 .debug_str     0x00000000      0x6b4 .\CortexM3\ARM_GCC_541\Debug\main.o
                                0x74a (size before relaxing)
 .debug_str     0x000006b4       0x37 .\CortexM3\ARM_GCC_541\Debug\CircularBuffer.o
                                0x276 (size before relaxing)
 .debug_str     0x000006eb       0x74 .\CortexM3\ARM_GCC_541\Debug\MoistureSensor.o
                                0x267 (size before relaxing)
 .debug_str     0x0000075f       0xc3 .\CortexM3\ARM_GCC_541\Debug\MotorDriverX.o
                                0x30d (size before relaxing)
 .debug_str     0x00000822       0xb6 .\CortexM3\ARM_GCC_541\Debug\MotorDriverY.o
                                0x33b (size before relaxing)
 .debug_str     0x000008d8       0xc2 .\CortexM3\ARM_GCC_541\Debug\SPI_driver_PSoC.o
                                0x4fa (size before relaxing)
 .debug_str     0x0000099a       0x14 .\CortexM3\ARM_GCC_541\Debug\WaterPump.o
                                0x208 (size before relaxing)
 .debug_str     0x000009ae       0xe2 .\CortexM3\ARM_GCC_541\Debug\SonarDriver.o
                                0x33a (size before relaxing)
 .debug_str     0x00000a90       0xab .\CortexM3\ARM_GCC_541\Debug\WaterSensor.o
                                0x3c1 (size before relaxing)
 .debug_str     0x00000b3b      0x180 .\CortexM3\ARM_GCC_541\Debug\cyfitter_cfg.o
                                0x34b (size before relaxing)
 .debug_str     0x00000cbb       0x75 .\CortexM3\ARM_GCC_541\Debug\cymetadata.o
                                0x210 (size before relaxing)
 .debug_str     0x00000d30      0x139 .\CortexM3\ARM_GCC_541\Debug\Cm3Start.o
                                0x336 (size before relaxing)
 .debug_str     0x00000e69      0x828 .\CortexM3\ARM_GCC_541\Debug\PSoCcontroller.a(CyLib.o)
                                0xa73 (size before relaxing)
 .debug_str     0x00001691      0x34c .\CortexM3\ARM_GCC_541\Debug\PSoCcontroller.a(cyPm.o)
                                0x75f (size before relaxing)
 .debug_str     0x000019dd      0x1af .\CortexM3\ARM_GCC_541\Debug\PSoCcontroller.a(Timer_Sonar.o)
                                0x3de (size before relaxing)
 .debug_str     0x00001b8c       0x6a .\CortexM3\ARM_GCC_541\Debug\PSoCcontroller.a(Trigger_1.o)
                                0x222 (size before relaxing)
 .debug_str     0x00001bf6       0x5f .\CortexM3\ARM_GCC_541\Debug\PSoCcontroller.a(Trigger_2.o)
                                0x222 (size before relaxing)
 .debug_str     0x00001c55       0x54 .\CortexM3\ARM_GCC_541\Debug\PSoCcontroller.a(Echo_1.o)
                                0x213 (size before relaxing)
 .debug_str     0x00001ca9       0x54 .\CortexM3\ARM_GCC_541\Debug\PSoCcontroller.a(Echo_2.o)
                                0x213 (size before relaxing)
 .debug_str     0x00001cfd      0x2ab .\CortexM3\ARM_GCC_541\Debug\PSoCcontroller.a(UART_1.o)
                                0x4df (size before relaxing)
 .debug_str     0x00001fa8      0x197 .\CortexM3\ARM_GCC_541\Debug\PSoCcontroller.a(UART_1_IntClock.o)
                                0x37a (size before relaxing)
 .debug_str     0x0000213f      0x14f .\CortexM3\ARM_GCC_541\Debug\PSoCcontroller.a(Delay_Timer.o)
                                0x3d3 (size before relaxing)
 .debug_str     0x0000228e      0x10c .\CortexM3\ARM_GCC_541\Debug\PSoCcontroller.a(ISR_delay.o)
                                0x30a (size before relaxing)
 .debug_str     0x0000239a      0x251 .\CortexM3\ARM_GCC_541\Debug\PSoCcontroller.a(ADC_Moisture.o)
                                0x534 (size before relaxing)
 .debug_str     0x000025eb       0x3b .\CortexM3\ARM_GCC_541\Debug\PSoCcontroller.a(ADC_Moisture_INT.o)
                                0x1cd (size before relaxing)
 .debug_str     0x00002626      0x1e3 .\CortexM3\ARM_GCC_541\Debug\PSoCcontroller.a(ADC_Moisture_theACLK.o)
                                0x40b (size before relaxing)
 .debug_str     0x00002809      0x14d .\CortexM3\ARM_GCC_541\Debug\PSoCcontroller.a(ISR_WaterLevel.o)
                                0x350 (size before relaxing)
 .debug_str     0x00002956      0x1cf .\CortexM3\ARM_GCC_541\Debug\PSoCcontroller.a(Timer_StepperX.o)
                                0x409 (size before relaxing)
 .debug_str     0x00002b25      0x133 .\CortexM3\ARM_GCC_541\Debug\PSoCcontroller.a(ISR_stepperY.o)
                                0x334 (size before relaxing)
 .debug_str     0x00002c58      0x1cf .\CortexM3\ARM_GCC_541\Debug\PSoCcontroller.a(Timer_StepperY.o)
                                0x409 (size before relaxing)
 .debug_str     0x00002e27      0x133 .\CortexM3\ARM_GCC_541\Debug\PSoCcontroller.a(ISR_stepperX.o)
                                0x334 (size before relaxing)
 .debug_str     0x00002f5a       0x53 .\CortexM3\ARM_GCC_541\Debug\PSoCcontroller.a(Pin_X1.o)
                                0x213 (size before relaxing)
 .debug_str     0x00002fad       0x53 .\CortexM3\ARM_GCC_541\Debug\PSoCcontroller.a(Pin_X2.o)
                                0x213 (size before relaxing)
 .debug_str     0x00003000       0x54 .\CortexM3\ARM_GCC_541\Debug\PSoCcontroller.a(Pin_X3.o)
                                0x213 (size before relaxing)
 .debug_str     0x00003054       0x53 .\CortexM3\ARM_GCC_541\Debug\PSoCcontroller.a(Pin_Y1.o)
                                0x213 (size before relaxing)
 .debug_str     0x000030a7       0x53 .\CortexM3\ARM_GCC_541\Debug\PSoCcontroller.a(Pin_Y2.o)
                                0x213 (size before relaxing)
 .debug_str     0x000030fa       0x54 .\CortexM3\ARM_GCC_541\Debug\PSoCcontroller.a(Pin_Y3.o)
                                0x213 (size before relaxing)
 .debug_str     0x0000314e      0x236 .\CortexM3\ARM_GCC_541\Debug\PSoCcontroller.a(ADC_SAR_WaSens.o)
                                0x566 (size before relaxing)
 .debug_str     0x00003384       0x3f .\CortexM3\ARM_GCC_541\Debug\PSoCcontroller.a(ADC_SAR_WaSens_INT.o)
                                0x1d1 (size before relaxing)
 .debug_str     0x000033c3       0x6f .\CortexM3\ARM_GCC_541\Debug\PSoCcontroller.a(Pin_WaterPump.o)
                                0x236 (size before relaxing)
 .debug_str     0x00003432      0x1f4 .\CortexM3\ARM_GCC_541\Debug\PSoCcontroller.a(ADC_SAR_WaSens_theACLK.o)
                                0x427 (size before relaxing)
 .debug_str     0x00003626       0x63 .\CortexM3\ARM_GCC_541\Debug\PSoCcontroller.a(Pin_Low_WL.o)
                                0x227 (size before relaxing)
 .debug_str     0x00003689      0x1dd .\CortexM3\ARM_GCC_541\Debug\PSoCcontroller.a(SPI_1.o)
                                0x47b (size before relaxing)
 .debug_str     0x00003866       0x3d .\CortexM3\ARM_GCC_541\Debug\PSoCcontroller.a(SPI_1_INT.o)
                                0x1e4 (size before relaxing)
 .debug_str     0x000038a3       0xf2 .\CortexM3\ARM_GCC_541\Debug\PSoCcontroller.a(SPI_ISR.o)
                                0x2ee (size before relaxing)
 .debug_str     0x00003995       0x6b .\CortexM3\ARM_GCC_541\Debug\PSoCcontroller.a(SPI_read_req.o)
                                0x231 (size before relaxing)
 .debug_str     0x00003a00      0x1b4 .\CortexM3\ARM_GCC_541\Debug\PSoCcontroller.a(CyFlash.o)
                                0x3ec (size before relaxing)
 .debug_str     0x00003bb4       0xac .\CortexM3\ARM_GCC_541\Debug\PSoCcontroller.a(CySpc.o)
                                0x364 (size before relaxing)
 .debug_str     0x00003c60       0x2e .\CortexM3\ARM_GCC_541\Debug\PSoCcontroller.a(cyutils.o)
                                0x1de (size before relaxing)

.debug_loc      0x00000000     0x3148
 *(.debug_loc)
 .debug_loc     0x00000000       0x85 .\CortexM3\ARM_GCC_541\Debug\main.o
 .debug_loc     0x00000085      0x15e .\CortexM3\ARM_GCC_541\Debug\CircularBuffer.o
 .debug_loc     0x000001e3       0xd1 .\CortexM3\ARM_GCC_541\Debug\MotorDriverX.o
 .debug_loc     0x000002b4       0xbb .\CortexM3\ARM_GCC_541\Debug\MotorDriverY.o
 .debug_loc     0x0000036f       0x63 .\CortexM3\ARM_GCC_541\Debug\SPI_driver_PSoC.o
 .debug_loc     0x000003d2       0x3a .\CortexM3\ARM_GCC_541\Debug\WaterPump.o
 .debug_loc     0x0000040c      0x11e .\CortexM3\ARM_GCC_541\Debug\SonarDriver.o
 .debug_loc     0x0000052a       0x31 .\CortexM3\ARM_GCC_541\Debug\WaterSensor.o
 .debug_loc     0x0000055b      0x1fd .\CortexM3\ARM_GCC_541\Debug\cyfitter_cfg.o
 .debug_loc     0x00000758      0x144 .\CortexM3\ARM_GCC_541\Debug\Cm3Start.o
 .debug_loc     0x0000089c      0xa11 .\CortexM3\ARM_GCC_541\Debug\PSoCcontroller.a(CyLib.o)
 .debug_loc     0x000012ad      0x1e4 .\CortexM3\ARM_GCC_541\Debug\PSoCcontroller.a(cyPm.o)
 .debug_loc     0x00001491       0x6b .\CortexM3\ARM_GCC_541\Debug\PSoCcontroller.a(Timer_Sonar.o)
 .debug_loc     0x000014fc       0x42 .\CortexM3\ARM_GCC_541\Debug\PSoCcontroller.a(Trigger_1.o)
 .debug_loc     0x0000153e       0x42 .\CortexM3\ARM_GCC_541\Debug\PSoCcontroller.a(Trigger_2.o)
 .debug_loc     0x00001580       0x42 .\CortexM3\ARM_GCC_541\Debug\PSoCcontroller.a(Echo_1.o)
 .debug_loc     0x000015c2       0x42 .\CortexM3\ARM_GCC_541\Debug\PSoCcontroller.a(Echo_2.o)
 .debug_loc     0x00001604      0x258 .\CortexM3\ARM_GCC_541\Debug\PSoCcontroller.a(UART_1.o)
 .debug_loc     0x0000185c      0x128 .\CortexM3\ARM_GCC_541\Debug\PSoCcontroller.a(UART_1_IntClock.o)
 .debug_loc     0x00001984       0x13 .\CortexM3\ARM_GCC_541\Debug\PSoCcontroller.a(Delay_Timer.o)
 .debug_loc     0x00001997       0x56 .\CortexM3\ARM_GCC_541\Debug\PSoCcontroller.a(ISR_delay.o)
 .debug_loc     0x000019ed      0x295 .\CortexM3\ARM_GCC_541\Debug\PSoCcontroller.a(ADC_Moisture.o)
 .debug_loc     0x00001c82      0x14d .\CortexM3\ARM_GCC_541\Debug\PSoCcontroller.a(ADC_Moisture_theACLK.o)
 .debug_loc     0x00001dcf       0x56 .\CortexM3\ARM_GCC_541\Debug\PSoCcontroller.a(ISR_WaterLevel.o)
 .debug_loc     0x00001e25       0x13 .\CortexM3\ARM_GCC_541\Debug\PSoCcontroller.a(Timer_StepperX.o)
 .debug_loc     0x00001e38       0x56 .\CortexM3\ARM_GCC_541\Debug\PSoCcontroller.a(ISR_stepperY.o)
 .debug_loc     0x00001e8e       0x13 .\CortexM3\ARM_GCC_541\Debug\PSoCcontroller.a(Timer_StepperY.o)