Archive member included to satisfy reference by file (symbol)

.\CortexM3\ARM_GCC_541\Debug\PSoCcontroller.a(CyLib.o)
                              .\CortexM3\ARM_GCC_541\Debug\Cm3Start.o (CyHalt)
.\CortexM3\ARM_GCC_541\Debug\PSoCcontroller.a(cyPm.o)
                              .\CortexM3\ARM_GCC_541\Debug\main.o (CyPmAltAct)
.\CortexM3\ARM_GCC_541\Debug\PSoCcontroller.a(Timer_Sonar.o)
                              .\CortexM3\ARM_GCC_541\Debug\SonarDriver.o (Timer_Sonar_WriteCounter)
.\CortexM3\ARM_GCC_541\Debug\PSoCcontroller.a(Trigger_1.o)
                              .\CortexM3\ARM_GCC_541\Debug\SonarDriver.o (Trigger_1_Write)
.\CortexM3\ARM_GCC_541\Debug\PSoCcontroller.a(Trigger_2.o)
                              .\CortexM3\ARM_GCC_541\Debug\SonarDriver.o (Trigger_2_Write)
.\CortexM3\ARM_GCC_541\Debug\PSoCcontroller.a(Echo_1.o)
                              .\CortexM3\ARM_GCC_541\Debug\SonarDriver.o (Echo_1_Read)
.\CortexM3\ARM_GCC_541\Debug\PSoCcontroller.a(Echo_2.o)
                              .\CortexM3\ARM_GCC_541\Debug\SonarDriver.o (Echo_2_Read)
.\CortexM3\ARM_GCC_541\Debug\PSoCcontroller.a(UART_1.o)
                              .\CortexM3\ARM_GCC_541\Debug\main.o (UART_1_Start)
.\CortexM3\ARM_GCC_541\Debug\PSoCcontroller.a(UART_1_IntClock.o)
                              .\CortexM3\ARM_GCC_541\Debug\PSoCcontroller.a(UART_1.o) (UART_1_IntClock_Start)
.\CortexM3\ARM_GCC_541\Debug\PSoCcontroller.a(Delay_Timer.o)
                              .\CortexM3\ARM_GCC_541\Debug\main.o (Delay_Timer_Stop)
.\CortexM3\ARM_GCC_541\Debug\PSoCcontroller.a(ISR_delay.o)
                              .\CortexM3\ARM_GCC_541\Debug\main.o (ISR_delay_StartEx)
.\CortexM3\ARM_GCC_541\Debug\PSoCcontroller.a(ADC_Moisture.o)
                              .\CortexM3\ARM_GCC_541\Debug\MoistureSensor.o (ADC_Moisture_Start)
.\CortexM3\ARM_GCC_541\Debug\PSoCcontroller.a(ADC_Moisture_INT.o)
                              .\CortexM3\ARM_GCC_541\Debug\PSoCcontroller.a(ADC_Moisture.o) (ADC_Moisture_ISR)
.\CortexM3\ARM_GCC_541\Debug\PSoCcontroller.a(ADC_Moisture_theACLK.o)
                              .\CortexM3\ARM_GCC_541\Debug\PSoCcontroller.a(ADC_Moisture.o) (ADC_Moisture_theACLK_SetModeRegister)
.\CortexM3\ARM_GCC_541\Debug\PSoCcontroller.a(Timer_StepperX.o)
                              .\CortexM3\ARM_GCC_541\Debug\main.o (Timer_StepperX_Stop)
.\CortexM3\ARM_GCC_541\Debug\PSoCcontroller.a(ISR_stepperY.o)
                              .\CortexM3\ARM_GCC_541\Debug\MotorDriverY.o (ISR_stepperY_StartEx)
.\CortexM3\ARM_GCC_541\Debug\PSoCcontroller.a(Timer_StepperY.o)
                              .\CortexM3\ARM_GCC_541\Debug\main.o (Timer_StepperY_Stop)
.\CortexM3\ARM_GCC_541\Debug\PSoCcontroller.a(ISR_stepperX.o)
                              .\CortexM3\ARM_GCC_541\Debug\MotorDriverX.o (ISR_stepperX_StartEx)
.\CortexM3\ARM_GCC_541\Debug\PSoCcontroller.a(Pin_X1.o)
                              .\CortexM3\ARM_GCC_541\Debug\MotorDriverX.o (Pin_X1_Write)
.\CortexM3\ARM_GCC_541\Debug\PSoCcontroller.a(Pin_X2.o)
                              .\CortexM3\ARM_GCC_541\Debug\MotorDriverX.o (Pin_X2_Write)
.\CortexM3\ARM_GCC_541\Debug\PSoCcontroller.a(Pin_X3.o)
                              .\CortexM3\ARM_GCC_541\Debug\MotorDriverX.o (Pin_X3_Read)
.\CortexM3\ARM_GCC_541\Debug\PSoCcontroller.a(Pin_Y1.o)
                              .\CortexM3\ARM_GCC_541\Debug\MotorDriverY.o (Pin_Y1_Write)
.\CortexM3\ARM_GCC_541\Debug\PSoCcontroller.a(Pin_Y2.o)
                              .\CortexM3\ARM_GCC_541\Debug\MotorDriverY.o (Pin_Y2_Write)
.\CortexM3\ARM_GCC_541\Debug\PSoCcontroller.a(Pin_Y3.o)
                              .\CortexM3\ARM_GCC_541\Debug\MotorDriverY.o (Pin_Y3_Read)
.\CortexM3\ARM_GCC_541\Debug\PSoCcontroller.a(ADC_SAR_WaSens.o)
                              .\CortexM3\ARM_GCC_541\Debug\WaterSensor.o (ADC_SAR_WaSens_Start)
.\CortexM3\ARM_GCC_541\Debug\PSoCcontroller.a(ADC_SAR_WaSens_INT.o)
                              .\CortexM3\ARM_GCC_541\Debug\PSoCcontroller.a(ADC_SAR_WaSens.o) (ADC_SAR_WaSens_ISR)
.\CortexM3\ARM_GCC_541\Debug\PSoCcontroller.a(Pin_WaterPump.o)
                              .\CortexM3\ARM_GCC_541\Debug\WaterPump.o (Pin_WaterPump_Write)
.\CortexM3\ARM_GCC_541\Debug\PSoCcontroller.a(ADC_SAR_WaSens_theACLK.o)
                              .\CortexM3\ARM_GCC_541\Debug\PSoCcontroller.a(ADC_SAR_WaSens.o) (ADC_SAR_WaSens_theACLK_SetModeRegister)
.\CortexM3\ARM_GCC_541\Debug\PSoCcontroller.a(SPI_1.o)
                              .\CortexM3\ARM_GCC_541\Debug\main.o (SPI_1_ReadRxStatus)
.\CortexM3\ARM_GCC_541\Debug\PSoCcontroller.a(SPI_1_INT.o)
                              .\CortexM3\ARM_GCC_541\Debug\PSoCcontroller.a(SPI_1.o) (SPI_1_RX_ISR)
.\CortexM3\ARM_GCC_541\Debug\PSoCcontroller.a(SPI_ISR.o)
                              .\CortexM3\ARM_GCC_541\Debug\SPI_driver_PSoC.o (SPI_ISR_StartEx)
.\CortexM3\ARM_GCC_541\Debug\PSoCcontroller.a(SPI_read_req.o)
[...]
Memory Configuration

Name             Origin             Length             Attributes
rom              0x00000000         0x00040000         xr
ram              0x1fff8000         0x00010000         xrw
*default*        0x00000000         0xffffffff

Linker script and memory map

LOAD c:/program files (x86)/cypress/psoc creator/4.2/psoc creator/import/gnu/arm/5.4.1/bin/../lib/gcc/arm-none-eabi/5.4.1/armv7-m/crti.o
LOAD c:/program files (x86)/cypress/psoc creator/4.2/psoc creator/import/gnu/arm/5.4.1/bin/../lib/gcc/arm-none-eabi/5.4.1/armv7-m/crtbegin.o
LOAD c:/program files (x86)/cypress/psoc creator/4.2/psoc creator/import/gnu/arm/5.4.1/bin/../lib/gcc/arm-none-eabi/5.4.1/../../../../arm-none-eabi/lib/armv7-m/crt0.o
START GROUP
LOAD .\CortexM3\ARM_GCC_541\Debug\main.o
LOAD .\CortexM3\ARM_GCC_541\Debug\CircularBuffer.o
LOAD .\CortexM3\ARM_GCC_541\Debug\MoistureSensor.o
LOAD .\CortexM3\ARM_GCC_541\Debug\MotorDriverX.o
LOAD .\CortexM3\ARM_GCC_541\Debug\MotorDriverY.o
LOAD .\CortexM3\ARM_GCC_541\Debug\SPI_driver_PSoC.o
LOAD .\CortexM3\ARM_GCC_541\Debug\WaterPump.o
LOAD .\CortexM3\ARM_GCC_541\Debug\SonarDriver.o
LOAD .\CortexM3\ARM_GCC_541\Debug\WaterSensor.o
LOAD .\CortexM3\ARM_GCC_541\Debug\cyfitter_cfg.o
LOAD .\CortexM3\ARM_GCC_541\Debug\cymetadata.o
LOAD .\CortexM3\ARM_GCC_541\Debug\Cm3Start.o
LOAD .\CortexM3\ARM_GCC_541\Debug\PSoCcontroller.a
LOAD C:\Program Files (x86)\Cypress\PSoC Creator\4.2\PSoC Creator\psoc\content\cycomponentlibrary\CyComponentLibrary.cylib\CortexM3\ARM_GCC_541\Debug\CyComponentLibrary.a
LOAD c:/program files (x86)/cypress/psoc creator/4.2/psoc creator/import/gnu/arm/5.4.1/bin/../lib/gcc/arm-none-eabi/5.4.1/../../../../arm-none-eabi/lib/armv7-m\libm.a
END GROUP
START GROUP
LOAD c:/program files (x86)/cypress/psoc creator/4.2/psoc creator/import/gnu/arm/5.4.1/bin/../lib/gcc/arm-none-eabi/5.4.1/armv7-m\libgcc.a
LOAD c:/program files (x86)/cypress/psoc creator/4.2/psoc creator/import/gnu/arm/5.4.1/bin/../lib/gcc/arm-none-eabi/5.4.1/../../../../arm-none-eabi/lib/armv7-m\libg_nano.a
LOAD c:/program files (x86)/cypress/psoc creator/4.2/psoc creator/import/gnu/arm/5.4.1/bin/../lib/gcc/arm-none-eabi/5.4.1/../../../../arm-none-eabi/lib/armv7-m\libc_nano.a
END GROUP
START GROUP
LOAD c:/program files (x86)/cypress/psoc creator/4.2/psoc creator/import/gnu/arm/5.4.1/bin/../lib/gcc/arm-none-eabi/5.4.1/armv7-m\libgcc.a
LOAD c:/program files (x86)/cypress/psoc creator/4.2/psoc creator/import/gnu/arm/5.4.1/bin/../lib/gcc/arm-none-eabi/5.4.1/../../../../arm-none-eabi/lib/armv7-m\libc_nano.a
END GROUP
LOAD c:/program files (x86)/cypress/psoc creator/4.2/psoc creator/import/gnu/arm/5.4.1/bin/../lib/gcc/arm-none-eabi/5.4.1/armv7-m/crtend.o
LOAD c:/program files (x86)/cypress/psoc creator/4.2/psoc creator/import/gnu/arm/5.4.1/bin/../lib/gcc/arm-none-eabi/5.4.1/armv7-m/crtn.o
START GROUP
LOAD c:/program files (x86)/cypress/psoc creator/4.2/psoc creator/import/gnu/arm/5.4.1/bin/../lib/gcc/arm-none-eabi/5.4.1/armv7-m\libgcc.a
LOAD c:/program files (x86)/cypress/psoc creator/4.2/psoc creator/import/gnu/arm/5.4.1/bin/../lib/gcc/arm-none-eabi/5.4.1/../../../../arm-none-eabi/lib/armv7-m\libc.a
LOAD c:/program files (x86)/cypress/psoc creator/4.2/psoc creator/import/gnu/arm/5.4.1/bin/../lib/gcc/arm-none-eabi/5.4.1/../../../../arm-none-eabi/lib/armv7-m\libnosys.a
END GROUP
                0x00000000                CY_APPL_ORIGIN = 0x0
                0x00000100                CY_FLASH_ROW_SIZE = 0x100
                0x00000020                CY_ECC_ROW_SIZE = 0x20
                0x00000000                CY_EE_IN_BTLDR = 0x0
                0x00000000                CY_APPL_LOADABLE = 0x0
                0x00000800                CY_EE_SIZE = 0x800
                0x00000001                CY_APPL_NUM = 0x1
                0x00000001                CY_APPL_MAX = 0x1
                0x00000040                CY_METADATA_SIZE = 0x40
                0x00000000                CY_APPL_LOADABLE = 0x0
                0x00000000                CY_CHECKSUM_EXCLUDE_SIZE = ALIGN (0x0, CY_FLASH_ROW_SIZE)
                [!provide]                PROVIDE (__cy_heap_start, _end)
                0x00000001                PROVIDE (__cy_region_num, ((__cy_regions_end - __cy_regions) / 0x10))
                0x20008000                PROVIDE (__cy_stack, (ORIGIN (ram) + LENGTH (ram)))
                [!provide]                PROVIDE (__cy_heap_end, (__cy_stack - 0x800))

.cybootloader   0x00000000        0x0
 *(.cybootloader)
                0x00000000                appl1_start = CY_APPL_ORIGIN?CY_APPL_ORIGIN:ALIGN (CY_FLASH_ROW_SIZE)
                0x0001ff00                appl2_start = (appl1_start + ALIGN ((((LENGTH (rom) - appl1_start) - (0x2 * CY_FLASH_ROW_SIZE)) / 0x2), CY_FLASH_ROW_SIZE))
                0x00000000                appl_start = (CY_APPL_NUM == 0x1)?appl1_start:appl2_start
                0x00000000                ecc_offset = ((appl_start / CY_FLASH_ROW_SIZE) * CY_ECC_ROW_SIZE)
                0x00000000                ee_offset = (CY_APPL_LOADABLE && ! (CY_EE_IN_BTLDR))?((CY_EE_SIZE / CY_APPL_MAX) * (CY_APPL_NUM - 0x1)):0x0
                0x00000800                ee_size = (CY_APPL_LOADABLE && ! (CY_EE_IN_BTLDR))?(CY_EE_SIZE / CY_APPL_MAX):CY_EE_SIZE
                [!provide]                PROVIDE (CY_ECC_OFFSET, ecc_offset)

.text           0x00000000     0x30b6
 CREATE_OBJECT_SYMBOLS
                0x00000000                PROVIDE (__cy_interrupt_vector, RomVectors)
 *(.romvectors)
 .romvectors    0x00000000       0x10 .\CortexM3\ARM_GCC_541\Debug\Cm3Start.o
                0x00000000                RomVectors
                0x00000001                ASSERT ((. != __cy_interrupt_vector), No interrupt vector)
                0x00000001                ASSERT (CY_APPL_ORIGIN?(SIZEOF (.cybootloader) <= CY_APPL_ORIGIN):0x1, Wrong image location)
                0x00000010                PROVIDE (__cy_reset, Reset)
 *(.text.Reset)
 .text.Reset    0x00000010       0x18 .\CortexM3\ARM_GCC_541\Debug\Cm3Start.o
                0x00000010                Reset
                0x00000001                ASSERT ((. != __cy_reset), No reset code)
 *(.dma_init)
                0x00000001                ASSERT ((((appl_start + .) <= 0x10000) || 0x1), DMA Init must be within the first 64k of flash)
 *(.text .text.* .gnu.linkonce.t.*)
 .text          0x00000028       0x5c c:/program files (x86)/cypress/psoc creator/4.2/psoc creator/import/gnu/arm/5.4.1/bin/../lib/gcc/arm-none-eabi/5.4.1/armv7-m/crtbegin.o
 .text.manualMode
                0x00000084       0x18 .\CortexM3\ARM_GCC_541\Debug\main.o
                0x00000084                manualMode
 .text.DelayTimerInterrupt
                0x0000009c        0xc .\CortexM3\ARM_GCC_541\Debug\main.o
                0x0000009c                DelayTimerInterrupt
 .text.automatiskVanding
                0x000000a8       0x30 .\CortexM3\ARM_GCC_541\Debug\main.o
                0x000000a8                automatiskVanding
 .text.standbyMode
                0x000000d8        0x8 .\CortexM3\ARM_GCC_541\Debug\main.o
                0x000000d8                standbyMode
 .text.ISR_SPI_RX_handler
                0x000000e0       0x20 .\CortexM3\ARM_GCC_541\Debug\main.o
                0x000000e0                ISR_SPI_RX_handler
 .text.setMode  0x00000100       0x24 .\CortexM3\ARM_GCC_541\Debug\main.o
                0x00000100                setMode
 .text.main     0x00000124       0x70 .\CortexM3\ARM_GCC_541\Debug\main.o
                0x00000124                main
 .text.checkForPigeonAndShoot
                0x00000194      0x1dc .\CortexM3\ARM_GCC_541\Debug\main.o
                0x00000194                checkForPigeonAndShoot
 .text.normalMode
                0x00000370       0x28 .\CortexM3\ARM_GCC_541\Debug\main.o
                0x00000370                normalMode
 .text.powersavingMode
                0x00000398       0x30 .\CortexM3\ARM_GCC_541\Debug\main.o
                0x00000398                powersavingMode
 .text.isFull   0x000003c8       0x24 .\CortexM3\ARM_GCC_541\Debug\CircularBuffer.o
 .text.isEmpty  0x000003ec       0x14 .\CortexM3\ARM_GCC_541\Debug\CircularBuffer.o
 .text.push     0x00000400       0x4c .\CortexM3\ARM_GCC_541\Debug\CircularBuffer.o
                0x00000400                push
 .text.pop      0x0000044c       0x48 .\CortexM3\ARM_GCC_541\Debug\CircularBuffer.o
                0x0000044c                pop
 .text.clearBuffer
                0x00000494        0xc .\CortexM3\ARM_GCC_541\Debug\CircularBuffer.o
 .text.initCircbuf
                0x000004a0       0x44 .\CortexM3\ARM_GCC_541\Debug\CircularBuffer.o
                0x000004a0                initCircbuf
 .text.MoistureSensor_init
                0x000004e4        0x8 .\CortexM3\ARM_GCC_541\Debug\MoistureSensor.o
                0x000004e4                MoistureSensor_init
 .text.MoistureSensor_getResult
                0x000004ec       0x18 .\CortexM3\ARM_GCC_541\Debug\MoistureSensor.o
                0x000004ec                MoistureSensor_getResult
 .text.stepperX_isr_handler
                0x00000504       0x14 .\CortexM3\ARM_GCC_541\Debug\MotorDriverX.o
                0x00000504                stepperX_isr_handler
 .text.moveStepX
                0x00000518       0x50 .\CortexM3\ARM_GCC_541\Debug\MotorDriverX.o
                0x00000518                moveStepX
 .text.rotateClockwiseX
                0x00000568       0x30 .\CortexM3\ARM_GCC_541\Debug\MotorDriverX.o
                0x00000568                rotateClockwiseX
 .text.rotateCounterClockwiseX
                0x00000598       0x2c .\CortexM3\ARM_GCC_541\Debug\MotorDriverX.o
                0x00000598                rotateCounterClockwiseX
 .text.resetPositionX
                0x000005c4       0x34 .\CortexM3\ARM_GCC_541\Debug\MotorDriverX.o
                0x000005c4                resetPositionX
 .text.moveDegreesX
                0x000005f8       0xa0 .\CortexM3\ARM_GCC_541\Debug\MotorDriverX.o
                0x000005f8                moveDegreesX
 .text.initStepperX
                0x00000698       0x30 .\CortexM3\ARM_GCC_541\Debug\MotorDriverX.o
                0x00000698                initStepperX
 .text.stepperY_isr_handler
                0x000006c8       0x14 .\CortexM3\ARM_GCC_541\Debug\MotorDriverY.o
                0x000006c8                stepperY_isr_handler
 .text.moveStepY
                0x000006dc       0x50 .\CortexM3\ARM_GCC_541\Debug\MotorDriverY.o
                0x000006dc                moveStepY
 .text.rotateClockwiseY
                0x0000072c       0x30 .\CortexM3\ARM_GCC_541\Debug\MotorDriverY.o
                0x0000072c                rotateClockwiseY
 .text.rotateCounterClockwiseY
                0x0000075c       0x2c .\CortexM3\ARM_GCC_541\Debug\MotorDriverY.o
                0x0000075c                rotateCounterClockwiseY
 .text.resetPositionY
                0x00000788       0x34 .\CortexM3\ARM_GCC_541\Debug\MotorDriverY.o
                0x00000788                resetPositionY
 *fill*         0x000007bc        0x4 
 .text.moveDegreesY
                0x000007c0       0xa0 .\CortexM3\ARM_GCC_541\Debug\MotorDriverY.o
                0x000007c0                moveDegreesY
 .text.initStepperY
                0x00000860       0x30 .\CortexM3\ARM_GCC_541\Debug\MotorDriverY.o
                0x00000860                initStepperY
 .text.SPI_start
                0x00000890       0x24 .\CortexM3\ARM_GCC_541\Debug\SPI_driver_PSoC.o
                0x00000890                SPI_start
 .text.SPI_send_pigeon_detected
                0x000008b4       0x1c .\CortexM3\ARM_GCC_541\Debug\SPI_driver_PSoC.o
                0x000008b4                SPI_send_pigeon_detected
 .text.SPI_send_resetToDefault
                0x000008d0       0x1c .\CortexM3\ARM_GCC_541\Debug\SPI_driver_PSoC.o
                0x000008d0                SPI_send_resetToDefault
 .text.SPI_send_flowers_watered
                0x000008ec       0x1c .\CortexM3\ARM_GCC_541\Debug\SPI_driver_PSoC.o
                0x000008ec                SPI_send_flowers_watered
 .text.SPI_send_pigeon_shot_position
                0x00000908       0x64 .\CortexM3\ARM_GCC_541\Debug\SPI_driver_PSoC.o
                0x00000908                SPI_send_pigeon_shot_position
 .text.SPI_send_waterlevel
                0x0000096c       0x44 .\CortexM3\ARM_GCC_541\Debug\SPI_driver_PSoC.o
                0x0000096c                SPI_send_waterlevel
 .text.Handle_SPI_recieved
                0x000009b0      0x108 .\CortexM3\ARM_GCC_541\Debug\SPI_driver_PSoC.o
                0x000009b0                Handle_SPI_recieved
 .text.initWaterPump
                0x00000ab8        0xc .\CortexM3\ARM_GCC_541\Debug\WaterPump.o
                0x00000ab8                initWaterPump
 .text.WaterPump_fireWater
                0x00000ac4       0x18 .\CortexM3\ARM_GCC_541\Debug\WaterPump.o
                0x00000ac4                WaterPump_fireWater
 .text.Sonar_Start
                0x00000adc       0x20 .\CortexM3\ARM_GCC_541\Debug\SonarDriver.o
                0x00000adc                Sonar_Start
 .text.Sonar_GetPosition
                0x00000afc      0x238 .\CortexM3\ARM_GCC_541\Debug\SonarDriver.o
                0x00000afc                Sonar_GetPosition
 .text.WaSensInit
                0x00000d34        0x8 .\CortexM3\ARM_GCC_541\Debug\WaterSensor.o
                0x00000d34                WaSensInit
 *fill*         0x00000d3c        0x4 
 .text.WaSensMeasure
                0x00000d40       0x80 .\CortexM3\ARM_GCC_541\Debug\WaterSensor.o
                0x00000d40                WaSensMeasure
 .text.CyClockStartupError
                0x00000dc0        0x4 .\CortexM3\ARM_GCC_541\Debug\cyfitter_cfg.o
 .text.cfg_write_bytes32
                0x00000dc4       0x34 .\CortexM3\ARM_GCC_541\Debug\cyfitter_cfg.o
 .text.CYMEMZERO
                0x00000df8        0xc .\CortexM3\ARM_GCC_541\Debug\cyfitter_cfg.o
 .text.AnalogSetDefault
                0x00000e04       0x9c .\CortexM3\ARM_GCC_541\Debug\cyfitter_cfg.o
 .text.CYCONFIGCPY
                0x00000ea0        0x8 .\CortexM3\ARM_GCC_541\Debug\cyfitter_cfg.o
 .text.ClockSetup
                0x00000ea8      0x108 .\CortexM3\ARM_GCC_541\Debug\cyfitter_cfg.o
 .text.cyfitter_cfg
                0x00000fb0      0x124 .\CortexM3\ARM_GCC_541\Debug\cyfitter_cfg.o
                0x00000fb0                cyfitter_cfg
 .text.IntDefaultHandler
                0x000010d4       0x10 .\CortexM3\ARM_GCC_541\Debug\Cm3Start.o
                0x000010d4                IntDefaultHandler
 .text.Start_c  0x000010e4       0x4c .\CortexM3\ARM_GCC_541\Debug\Cm3Start.o
                0x000010e4                Start_c
 .text.initialize_psoc
                0x00001130       0x68 .\CortexM3\ARM_GCC_541\Debug\Cm3Start.o
                0x00001130                initialize_psoc
 .text.CyILO_Start1K
                0x00001198       0x10 .\CortexM3\ARM_GCC_541\Debug\PSoCcontroller.a(CyLib.o)
                0x00001198                CyILO_Start1K
 .text.CyILO_Start100K
                0x000011a8       0x10 .\CortexM3\ARM_GCC_541\Debug\PSoCcontroller.a(CyLib.o)
                0x000011a8                CyILO_Start100K
 .text.CyILO_SetPowerMode
                0x000011b8       0x24 .\CortexM3\ARM_GCC_541\Debug\PSoCcontroller.a(CyLib.o)
                0x000011b8                CyILO_SetPowerMode
 .text.CyHalt   0x000011dc        0x4 .\CortexM3\ARM_GCC_541\Debug\PSoCcontroller.a(CyLib.o)
                0x000011dc                CyHalt
 .text.CyDelay  0x000011e0       0x2c .\CortexM3\ARM_GCC_541\Debug\PSoCcontroller.a(CyLib.o)
                0x000011e0                CyDelay
 .text.CyDelayUs
                0x0000120c       0x14 .\CortexM3\ARM_GCC_541\Debug\PSoCcontroller.a(CyLib.o)
                0x0000120c                CyDelayUs
 .text.CyVdStickyStatus
                0x00001220       0x2c .\CortexM3\ARM_GCC_541\Debug\PSoCcontroller.a(CyLib.o)
                0x00001220                CyVdStickyStatus
 .text.CyVdLvDigitEnable
                0x0000124c       0x84 .\CortexM3\ARM_GCC_541\Debug\PSoCcontroller.a(CyLib.o)
                0x0000124c                CyVdLvDigitEnable
 .text.CyVdLvAnalogEnable
                0x000012d0       0x80 .\CortexM3\ARM_GCC_541\Debug\PSoCcontroller.a(CyLib.o)
                0x000012d0                CyVdLvAnalogEnable
 .text.CyVdLvDigitDisable
                0x00001350       0x30 .\CortexM3\ARM_GCC_541\Debug\PSoCcontroller.a(CyLib.o)
                0x00001350                CyVdLvDigitDisable
 .text.CyVdLvAnalogDisable
                0x00001380       0x28 .\CortexM3\ARM_GCC_541\Debug\PSoCcontroller.a(CyLib.o)
                0x00001380                CyVdLvAnalogDisable
 .text.CyVdHvAnalogEnable
                0x000013a8       0x54 .\CortexM3\ARM_GCC_541\Debug\PSoCcontroller.a(CyLib.o)
                0x000013a8                CyVdHvAnalogEnable
 .text.CyVdHvAnalogDisable
                0x000013fc       0x20 .\CortexM3\ARM_GCC_541\Debug\PSoCcontroller.a(CyLib.o)
                0x000013fc                CyVdHvAnalogDisable
 .text.CyIntSetVector
                0x0000141c       0x28 .\CortexM3\ARM_GCC_541\Debug\PSoCcontroller.a(CyLib.o)
                0x0000141c                CyIntSetVector
 .text.CyIntSetPriority
                0x00001444       0x30 .\CortexM3\ARM_GCC_541\Debug\PSoCcontroller.a(CyLib.o)
                0x00001444                CyIntSetPriority
 .text.CyPmHibSlpSaveSet
                0x00001474      0x1dc .\CortexM3\ARM_GCC_541\Debug\PSoCcontroller.a(cyPm.o)
 .text.CyPmHibSlpRestore
                0x00001650       0xd8 .\CortexM3\ARM_GCC_541\Debug\PSoCcontroller.a(cyPm.o)
 .text.CyPmHviLviSaveDisable
                0x00001728       0xa0 .\CortexM3\ARM_GCC_541\Debug\PSoCcontroller.a(cyPm.o)
 .text.CyPmHibSaveSet
                0x000017c8       0x98 .\CortexM3\ARM_GCC_541\Debug\PSoCcontroller.a(cyPm.o)
 .text.CyPmHviLviRestore
                0x00001860       0x48 .\CortexM3\ARM_GCC_541\Debug\PSoCcontroller.a(cyPm.o)
 .text.CyPmHibRestore
                0x000018a8       0x60 .\CortexM3\ARM_GCC_541\Debug\PSoCcontroller.a(cyPm.o)
 .text.CyPmAltAct
                0x00001908       0x6c .\CortexM3\ARM_GCC_541\Debug\PSoCcontroller.a(cyPm.o)
                0x00001908                CyPmAltAct
 .text.CyPmHibernateEx
                0x00001974       0xf4 .\CortexM3\ARM_GCC_541\Debug\PSoCcontroller.a(cyPm.o)
                0x00001974                CyPmHibernateEx
 .text.CyPmHibernate
                0x00001a68        0xc .\CortexM3\ARM_GCC_541\Debug\PSoCcontroller.a(cyPm.o)
                0x00001a68                CyPmHibernate
 .text.Timer_Sonar_Enable
                0x00001a74       0x10 .\CortexM3\ARM_GCC_541\Debug\PSoCcontroller.a(Timer_Sonar.o)
                0x00001a74                Timer_Sonar_Enable
 .text.Timer_Sonar_SetInterruptMode
                0x00001a84        0xc .\CortexM3\ARM_GCC_541\Debug\PSoCcontroller.a(Timer_Sonar.o)
                0x00001a84                Timer_Sonar_SetInterruptMode
 .text.Timer_Sonar_ReadStatusRegister
                0x00001a90        0xc .\CortexM3\ARM_GCC_541\Debug\PSoCcontroller.a(Timer_Sonar.o)
                0x00001a90                Timer_Sonar_ReadStatusRegister
 .text.Timer_Sonar_WritePeriod
                0x00001a9c       0x10 .\CortexM3\ARM_GCC_541\Debug\PSoCcontroller.a(Timer_Sonar.o)
                0x00001a9c                Timer_Sonar_WritePeriod
 .text.Timer_Sonar_ReadCapture
                0x00001aac       0x10 .\CortexM3\ARM_GCC_541\Debug\PSoCcontroller.a(Timer_Sonar.o)
                0x00001aac                Timer_Sonar_ReadCapture
 .text.Timer_Sonar_WriteCounter
                0x00001abc       0x10 .\CortexM3\ARM_GCC_541\Debug\PSoCcontroller.a(Timer_Sonar.o)
                0x00001abc                Timer_Sonar_WriteCounter
 .text.Timer_Sonar_ReadCounter
                0x00001acc       0x18 .\CortexM3\ARM_GCC_541\Debug\PSoCcontroller.a(Timer_Sonar.o)
                0x00001acc                Timer_Sonar_ReadCounter
 .text.Timer_Sonar_ClearFIFO
                0x00001ae4       0x14 .\CortexM3\ARM_GCC_541\Debug\PSoCcontroller.a(Timer_Sonar.o)
                0x00001ae4                Timer_Sonar_ClearFIFO
 .text.Timer_Sonar_Init
                0x00001af8       0x34 .\CortexM3\ARM_GCC_541\Debug\PSoCcontroller.a(Timer_Sonar.o)
                0x00001af8                Timer_Sonar_Init
 .text.Timer_Sonar_Start
                0x00001b2c       0x1c .\CortexM3\ARM_GCC_541\Debug\PSoCcontroller.a(Timer_Sonar.o)
                0x00001b2c                Timer_Sonar_Start
 .text.Trigger_1_Write
                0x00001b48       0x18 .\CortexM3\ARM_GCC_541\Debug\PSoCcontroller.a(Trigger_1.o)
                0x00001b48                Trigger_1_Write
 .text.Trigger_2_Write
                0x00001b60       0x18 .\CortexM3\ARM_GCC_541\Debug\PSoCcontroller.a(Trigger_2.o)
                0x00001b60                Trigger_2_Write
 .text.Echo_1_Read
                0x00001b78       0x10 .\CortexM3\ARM_GCC_541\Debug\PSoCcontroller.a(Echo_1.o)
                0x00001b78                Echo_1_Read
 .text.Echo_2_Read
                0x00001b88       0x10 .\CortexM3\ARM_GCC_541\Debug\PSoCcontroller.a(Echo_2.o)
                0x00001b88                Echo_2_Read
 .text.UART_1_Init
                0x00001b98       0x28 .\CortexM3\ARM_GCC_541\Debug\PSoCcontroller.a(UART_1.o)
                0x00001b98                UART_1_Init
 .text.UART_1_Enable
                0x00001bc0       0x3c .\CortexM3\ARM_GCC_541\Debug\PSoCcontroller.a(UART_1.o)
                0x00001bc0                UART_1_Enable
 .text.UART_1_Start
                0x00001bfc       0x1c .\CortexM3\ARM_GCC_541\Debug\PSoCcontroller.a(UART_1.o)
                0x00001bfc                UART_1_Start
 .text.UART_1_PutChar
                0x00001c18       0x18 .\CortexM3\ARM_GCC_541\Debug\PSoCcontroller.a(UART_1.o)
                0x00001c18                UART_1_PutChar
 .text.UART_1_PutString
                0x00001c30       0x24 .\CortexM3\ARM_GCC_541\Debug\PSoCcontroller.a(UART_1.o)
                0x00001c30                UART_1_PutString
 .text.UART_1_IntClock_Start
                0x00001c54       0x1c .\CortexM3\ARM_GCC_541\Debug\PSoCcontroller.a(UART_1_IntClock.o)
                0x00001c54                UART_1_IntClock_Start
 .text.Delay_Timer_Enable
                0x00001c70       0x10 .\CortexM3\ARM_GCC_541\Debug\PSoCcontroller.a(Delay_Timer.o)
                0x00001c70                Delay_Timer_Enable
 .text.Delay_Timer_Stop
                0x00001c80       0x10 .\CortexM3\ARM_GCC_541\Debug\PSoCcontroller.a(Delay_Timer.o)
                0x00001c80                Delay_Timer_Stop
 .text.Delay_Timer_SetInterruptMode
                0x00001c90        0xc .\CortexM3\ARM_GCC_541\Debug\PSoCcontroller.a(Delay_Timer.o)
                0x00001c90                Delay_Timer_SetInterruptMode
 .text.Delay_Timer_ReadStatusRegister
                0x00001c9c        0xc .\CortexM3\ARM_GCC_541\Debug\PSoCcontroller.a(Delay_Timer.o)
                0x00001c9c                Delay_Timer_ReadStatusRegister
 .text.Delay_Timer_WritePeriod
                0x00001ca8        0xc .\CortexM3\ARM_GCC_541\Debug\PSoCcontroller.a(Delay_Timer.o)
                0x00001ca8                Delay_Timer_WritePeriod
 .text.Delay_Timer_ReadCapture
                0x00001cb4        0xc .\CortexM3\ARM_GCC_541\Debug\PSoCcontroller.a(Delay_Timer.o)
                0x00001cb4                Delay_Timer_ReadCapture
 .text.Delay_Timer_WriteCounter
                0x00001cc0        0xc .\CortexM3\ARM_GCC_541\Debug\PSoCcontroller.a(Delay_Timer.o)
                0x00001cc0                Delay_Timer_WriteCounter
 .text.Delay_Timer_ClearFIFO
                0x00001ccc       0x14 .\CortexM3\ARM_GCC_541\Debug\PSoCcontroller.a(Delay_Timer.o)
                0x00001ccc                Delay_Timer_ClearFIFO
 .text.Delay_Timer_Init
                0x00001ce0       0x34 .\CortexM3\ARM_GCC_541\Debug\PSoCcontroller.a(Delay_Timer.o)
                0x00001ce0                Delay_Timer_Init
 .text.Delay_Timer_Start
                0x00001d14       0x1c .\CortexM3\ARM_GCC_541\Debug\PSoCcontroller.a(Delay_Timer.o)
                0x00001d14                Delay_Timer_Start
 .text.ISR_delay_SetVector
                0x00001d30        0xc .\CortexM3\ARM_GCC_541\Debug\PSoCcontroller.a(ISR_delay.o)
                0x00001d30                ISR_delay_SetVector
 .text.ISR_delay_SetPriority
                0x00001d3c       0x10 .\CortexM3\ARM_GCC_541\Debug\PSoCcontroller.a(ISR_delay.o)
                0x00001d3c                ISR_delay_SetPriority
 .text.ISR_delay_Enable
                0x00001d4c        0xc .\CortexM3\ARM_GCC_541\Debug\PSoCcontroller.a(ISR_delay.o)
                0x00001d4c                ISR_delay_Enable
 .text.ISR_delay_Disable
                0x00001d58        0xc .\CortexM3\ARM_GCC_541\Debug\PSoCcontroller.a(ISR_delay.o)
                0x00001d58                ISR_delay_Disable
 .text.ISR_delay_StartEx
                0x00001d64       0x1c .\CortexM3\ARM_GCC_541\Debug\PSoCcontroller.a(ISR_delay.o)
                0x00001d64                ISR_delay_StartEx
 .text.ADC_Moisture_CalcGain
                0x00001d80       0x64 .\CortexM3\ARM_GCC_541\Debug\PSoCcontroller.a(ADC_Moisture.o)
 .text.ADC_Moisture_Enable
                0x00001de4       0x94 .\CortexM3\ARM_GCC_541\Debug\PSoCcontroller.a(ADC_Moisture.o)
                0x00001de4                ADC_Moisture_Enable
 .text.ADC_Moisture_SetResolution
                0x00001e78       0x38 .\CortexM3\ARM_GCC_541\Debug\PSoCcontroller.a(ADC_Moisture.o)
                0x00001e78                ADC_Moisture_SetResolution
 .text.ADC_Moisture_Init
                0x00001eb0       0x3c .\CortexM3\ARM_GCC_541\Debug\PSoCcontroller.a(ADC_Moisture.o)
                0x00001eb0                ADC_Moisture_Init
 .text.ADC_Moisture_Start
                0x00001eec       0x1c .\CortexM3\ARM_GCC_541\Debug\PSoCcontroller.a(ADC_Moisture.o)
                0x00001eec                ADC_Moisture_Start
 .text.ADC_Moisture_StartConvert
                0x00001f08       0x10 .\CortexM3\ARM_GCC_541\Debug\PSoCcontroller.a(ADC_Moisture.o)
                0x00001f08                ADC_Moisture_StartConvert
 .text.ADC_Moisture_IsEndConversion
                0x00001f18       0x24 .\CortexM3\ARM_GCC_541\Debug\PSoCcontroller.a(ADC_Moisture.o)
                0x00001f18                ADC_Moisture_IsEndConversion
 .text.ADC_Moisture_GetResult16
                0x00001f3c       0x18 .\CortexM3\ARM_GCC_541\Debug\PSoCcontroller.a(ADC_Moisture.o)
                0x00001f3c                ADC_Moisture_GetResult16
 .text.ADC_Moisture_ISR
                0x00001f54        0x4 .\CortexM3\ARM_GCC_541\Debug\PSoCcontroller.a(ADC_Moisture_INT.o)
                0x00001f54                ADC_Moisture_ISR
 .text.ADC_Moisture_theACLK_SetModeRegister
                0x00001f58       0x14 .\CortexM3\ARM_GCC_541\Debug\PSoCcontroller.a(ADC_Moisture_theACLK.o)
                0x00001f58                ADC_Moisture_theACLK_SetModeRegister
 .text.Timer_StepperX_Enable
                0x00001f6c       0x10 .\CortexM3\ARM_GCC_541\Debug\PSoCcontroller.a(Timer_StepperX.o)
                0x00001f6c                Timer_StepperX_Enable
 .text.Timer_StepperX_Stop
                0x00001f7c       0x10 .\CortexM3\ARM_GCC_541\Debug\PSoCcontroller.a(Timer_StepperX.o)
                0x00001f7c                Timer_StepperX_Stop
 .text.Timer_StepperX_SetInterruptMode
                0x00001f8c        0xc .\CortexM3\ARM_GCC_541\Debug\PSoCcontroller.a(Timer_StepperX.o)
                0x00001f8c                Timer_StepperX_SetInterruptMode
 .text.Timer_StepperX_ReadStatusRegister
                0x00001f98        0xc .\CortexM3\ARM_GCC_541\Debug\PSoCcontroller.a(Timer_StepperX.o)
                0x00001f98                Timer_StepperX_ReadStatusRegister
 .text.Timer_StepperX_WritePeriod
                0x00001fa4        0xc .\CortexM3\ARM_GCC_541\Debug\PSoCcontroller.a(Timer_StepperX.o)
                0x00001fa4                Timer_StepperX_WritePeriod
 .text.Timer_StepperX_ReadCapture
                0x00001fb0        0xc .\CortexM3\ARM_GCC_541\Debug\PSoCcontroller.a(Timer_StepperX.o)
                0x00001fb0                Timer_StepperX_ReadCapture
 .text.Timer_StepperX_WriteCounter
                0x00001fbc        0xc .\CortexM3\ARM_GCC_541\Debug\PSoCcontroller.a(Timer_StepperX.o)
                0x00001fbc                Timer_StepperX_WriteCounter
 .text.Timer_StepperX_ClearFIFO
                0x00001fc8       0x14 .\CortexM3\ARM_GCC_541\Debug\PSoCcontroller.a(Timer_StepperX.o)
                0x00001fc8                Timer_StepperX_ClearFIFO
 .text.Timer_StepperX_Init
                0x00001fdc       0x34 .\CortexM3\ARM_GCC_541\Debug\PSoCcontroller.a(Timer_StepperX.o)
                0x00001fdc                Timer_StepperX_Init
 .text.Timer_StepperX_Start
                0x00002010       0x1c .\CortexM3\ARM_GCC_541\Debug\PSoCcontroller.a(Timer_StepperX.o)
                0x00002010                Timer_StepperX_Start
 .text.ISR_stepperY_SetVector
                0x0000202c        0xc .\CortexM3\ARM_GCC_541\Debug\PSoCcontroller.a(ISR_stepperY.o)
                0x0000202c                ISR_stepperY_SetVector
 .text.ISR_stepperY_SetPriority
                0x00002038       0x10 .\CortexM3\ARM_GCC_541\Debug\PSoCcontroller.a(ISR_stepperY.o)
                0x00002038                ISR_stepperY_SetPriority
 .text.ISR_stepperY_Enable
                0x00002048        0xc .\CortexM3\ARM_GCC_541\Debug\PSoCcontroller.a(ISR_stepperY.o)
                0x00002048                ISR_stepperY_Enable
 .text.ISR_stepperY_Disable
                0x00002054        0xc .\CortexM3\ARM_GCC_541\Debug\PSoCcontroller.a(ISR_stepperY.o)
                0x00002054                ISR_stepperY_Disable
 .text.ISR_stepperY_StartEx
                0x00002060       0x1c .\CortexM3\ARM_GCC_541\Debug\PSoCcontroller.a(ISR_stepperY.o)
                0x00002060                ISR_stepperY_StartEx
 .text.Timer_StepperY_Enable
                0x0000207c       0x10 .\CortexM3\ARM_GCC_541\Debug\PSoCcontroller.a(Timer_StepperY.o)
                0x0000207c                Timer_StepperY_Enable
 .text.Timer_StepperY_Stop
                0x0000208c       0x10 .\CortexM3\ARM_GCC_541\Debug\PSoCcontroller.a(Timer_StepperY.o)
                0x0000208c                Timer_StepperY_Stop
 .text.Timer_StepperY_SetInterruptMode
                0x0000209c        0xc .\CortexM3\ARM_GCC_541\Debug\PSoCcontroller.a(Timer_StepperY.o)
                0x0000209c                Timer_StepperY_SetInterruptMode
 .text.Timer_StepperY_ReadStatusRegister
                0x000020a8        0xc .\CortexM3\ARM_GCC_541\Debug\PSoCcontroller.a(Timer_StepperY.o)
                0x000020a8                Timer_StepperY_ReadStatusRegister
 .text.Timer_StepperY_WritePeriod
                0x000020b4        0xc .\CortexM3\ARM_GCC_541\Debug\PSoCcontroller.a(Timer_StepperY.o)
                0x000020b4                Timer_StepperY_WritePeriod
 .text.Timer_StepperY_ReadCapture
                0x000020c0        0xc .\CortexM3\ARM_GCC_541\Debug\PSoCcontroller.a(Timer_StepperY.o)
                0x000020c0                Timer_StepperY_ReadCapture
 .text.Timer_StepperY_WriteCounter
                0x000020cc        0xc .\CortexM3\ARM_GCC_541\Debug\PSoCcontroller.a(Timer_StepperY.o)
                0x000020cc                Timer_StepperY_WriteCounter
 .text.Timer_StepperY_ClearFIFO
                0x000020d8       0x14 .\CortexM3\ARM_GCC_541\Debug\PSoCcontroller.a(Timer_StepperY.o)
                0x000020d8                Timer_StepperY_ClearFIFO
 .text.Timer_StepperY_Init
                0x000020ec       0x34 .\CortexM3\ARM_GCC_541\Debug\PSoCcontroller.a(Timer_StepperY.o)
                0x000020ec                Timer_StepperY_Init
 .text.Timer_StepperY_Start
                0x00002120       0x1c .\CortexM3\ARM_GCC_541\Debug\PSoCcontroller.a(Timer_StepperY.o)
                0x00002120                Timer_StepperY_Start
 .text.ISR_stepperX_SetVector
                0x0000213c        0xc .\CortexM3\ARM_GCC_541\Debug\PSoCcontroller.a(ISR_stepperX.o)
                0x0000213c                ISR_stepperX_SetVector
 .text.ISR_stepperX_SetPriority
                0x00002148       0x10 .\CortexM3\ARM_GCC_541\Debug\PSoCcontroller.a(ISR_stepperX.o)
                0x00002148                ISR_stepperX_SetPriority
 .text.ISR_stepperX_Enable
                0x00002158        0xc .\CortexM3\ARM_GCC_541\Debug\PSoCcontroller.a(ISR_stepperX.o)
                0x00002158                ISR_stepperX_Enable
 .text.ISR_stepperX_Disable
                0x00002164        0xc .\CortexM3\ARM_GCC_541\Debug\PSoCcontroller.a(ISR_stepperX.o)
                0x00002164                ISR_stepperX_Disable
 .text.ISR_stepperX_StartEx
                0x00002170       0x1c .\CortexM3\ARM_GCC_541\Debug\PSoCcontroller.a(ISR_stepperX.o)
                0x00002170                ISR_stepperX_StartEx
 .text.Pin_X1_Write
                0x0000218c       0x18 .\CortexM3\ARM_GCC_541\Debug\PSoCcontroller.a(Pin_X1.o)
                0x0000218c                Pin_X1_Write
 .text.Pin_X2_Write
                0x000021a4       0x18 .\CortexM3\ARM_GCC_541\Debug\PSoCcontroller.a(Pin_X2.o)
                0x000021a4                Pin_X2_Write
 .text.Pin_X3_Read
                0x000021bc       0x10 .\CortexM3\ARM_GCC_541\Debug\PSoCcontroller.a(Pin_X3.o)
                0x000021bc                Pin_X3_Read
 .text.Pin_Y1_Write
                0x000021cc       0x18 .\CortexM3\ARM_GCC_541\Debug\PSoCcontroller.a(Pin_Y1.o)
                0x000021cc                Pin_Y1_Write
 .text.Pin_Y2_Write
                0x000021e4       0x18 .\CortexM3\ARM_GCC_541\Debug\PSoCcontroller.a(Pin_Y2.o)
                0x000021e4                Pin_Y2_Write
 .text.Pin_Y3_Read
                0x000021fc       0x10 .\CortexM3\ARM_GCC_541\Debug\PSoCcontroller.a(Pin_Y3.o)
                0x000021fc                Pin_Y3_Read
 .text.ADC_SAR_WaSens_CalcGain
                0x0000220c       0x64 .\CortexM3\ARM_GCC_541\Debug\PSoCcontroller.a(ADC_SAR_WaSens.o)
 .text.ADC_SAR_WaSens_Enable
                0x00002270       0x94 .\CortexM3\ARM_GCC_541\Debug\PSoCcontroller.a(ADC_SAR_WaSens.o)
                0x00002270                ADC_SAR_WaSens_Enable
 .text.ADC_SAR_WaSens_SetResolution
                0x00002304       0x38 .\CortexM3\ARM_GCC_541\Debug\PSoCcontroller.a(ADC_SAR_WaSens.o)
                0x00002304                ADC_SAR_WaSens_SetResolution
 .text.ADC_SAR_WaSens_Init
                0x0000233c       0x3c .\CortexM3\ARM_GCC_541\Debug\PSoCcontroller.a(ADC_SAR_WaSens.o)
                0x0000233c                ADC_SAR_WaSens_Init
 .text.ADC_SAR_WaSens_Start
                0x00002378       0x1c .\CortexM3\ARM_GCC_541\Debug\PSoCcontroller.a(ADC_SAR_WaSens.o)
                0x00002378                ADC_SAR_WaSens_Start
 .text.ADC_SAR_WaSens_StartConvert
                0x00002394       0x10 .\CortexM3\ARM_GCC_541\Debug\PSoCcontroller.a(ADC_SAR_WaSens.o)
                0x00002394                ADC_SAR_WaSens_StartConvert
 .text.ADC_SAR_WaSens_IsEndConversion
                0x000023a4       0x24 .\CortexM3\ARM_GCC_541\Debug\PSoCcontroller.a(ADC_SAR_WaSens.o)
                0x000023a4                ADC_SAR_WaSens_IsEndConversion
 .text.ADC_SAR_WaSens_GetResult16
                0x000023c8       0x18 .\CortexM3\ARM_GCC_541\Debug\PSoCcontroller.a(ADC_SAR_WaSens.o)
                0x000023c8                ADC_SAR_WaSens_GetResult16
 .text.ADC_SAR_WaSens_ISR
                0x000023e0        0x4 .\CortexM3\ARM_GCC_541\Debug\PSoCcontroller.a(ADC_SAR_WaSens_INT.o)
                0x000023e0                ADC_SAR_WaSens_ISR
 .text.Pin_WaterPump_Write
                0x000023e4       0x18 .\CortexM3\ARM_GCC_541\Debug\PSoCcontroller.a(Pin_WaterPump.o)
                0x000023e4                Pin_WaterPump_Write
 .text.ADC_SAR_WaSens_theACLK_SetModeRegister
                0x000023fc       0x14 .\CortexM3\ARM_GCC_541\Debug\PSoCcontroller.a(ADC_SAR_WaSens_theACLK.o)
                0x000023fc                ADC_SAR_WaSens_theACLK_SetModeRegister
 .text.SPI_1_Enable
                0x00002410       0x3c .\CortexM3\ARM_GCC_541\Debug\PSoCcontroller.a(SPI_1.o)
                0x00002410                SPI_1_Enable
 .text.SPI_1_ReadTxStatus
                0x0000244c        0xc .\CortexM3\ARM_GCC_541\Debug\PSoCcontroller.a(SPI_1.o)
                0x0000244c                SPI_1_ReadTxStatus
 .text.SPI_1_ReadRxStatus
                0x00002458        0xc .\CortexM3\ARM_GCC_541\Debug\PSoCcontroller.a(SPI_1.o)
                0x00002458                SPI_1_ReadRxStatus
 .text.SPI_1_WriteTxDataZero
                0x00002464        0xc .\CortexM3\ARM_GCC_541\Debug\PSoCcontroller.a(SPI_1.o)
                0x00002464                SPI_1_WriteTxDataZero
 .text.SPI_1_ReadRxData
                0x00002470        0xc .\CortexM3\ARM_GCC_541\Debug\PSoCcontroller.a(SPI_1.o)
                0x00002470                SPI_1_ReadRxData
 .text.SPI_1_ClearFIFO
                0x0000247c       0x3c .\CortexM3\ARM_GCC_541\Debug\PSoCcontroller.a(SPI_1.o)
                0x0000247c                SPI_1_ClearFIFO
 .text.SPI_1_Init
                0x000024b8       0x4c .\CortexM3\ARM_GCC_541\Debug\PSoCcontroller.a(SPI_1.o)
                0x000024b8                SPI_1_Init
 .text.SPI_1_Start
                0x00002504       0x1c .\CortexM3\ARM_GCC_541\Debug\PSoCcontroller.a(SPI_1.o)
                0x00002504                SPI_1_Start
 .text.SPI_1_RX_ISR
                0x00002520        0x4 .\CortexM3\ARM_GCC_541\Debug\PSoCcontroller.a(SPI_1_INT.o)
                0x00002520                SPI_1_RX_ISR
 .text.SPI_ISR_SetVector
                0x00002524        0xc .\CortexM3\ARM_GCC_541\Debug\PSoCcontroller.a(SPI_ISR.o)
                0x00002524                SPI_ISR_SetVector
 .text.SPI_ISR_SetPriority
                0x00002530       0x10 .\CortexM3\ARM_GCC_541\Debug\PSoCcontroller.a(SPI_ISR.o)
                0x00002530                SPI_ISR_SetPriority
 .text.SPI_ISR_Enable
                0x00002540        0xc .\CortexM3\ARM_GCC_541\Debug\PSoCcontroller.a(SPI_ISR.o)
                0x00002540                SPI_ISR_Enable
 .text.SPI_ISR_Disable
                0x0000254c        0xc .\CortexM3\ARM_GCC_541\Debug\PSoCcontroller.a(SPI_ISR.o)
                0x0000254c                SPI_ISR_Disable
 .text.SPI_ISR_StartEx
                0x00002558       0x1c .\CortexM3\ARM_GCC_541\Debug\PSoCcontroller.a(SPI_ISR.o)
                0x00002558                SPI_ISR_StartEx
 .text.SPI_read_req_Write
                0x00002574       0x18 .\CortexM3\ARM_GCC_541\Debug\PSoCcontroller.a(SPI_read_req.o)
                0x00002574                SPI_read_req_Write
 *fill*         0x0000258c        0x4 
 .text          0x00002590       0x20 .\CortexM3\ARM_GCC_541\Debug\PSoCcontroller.a(CyBootAsmGnu.o)
                0x00002590                CyDelayCycles
                0x000025a0                CyEnterCriticalSection
                0x000025a8                CyExitCriticalSection
 .text.CySetReg24
                0x000025b0       0x14 .\CortexM3\ARM_GCC_541\Debug\PSoCcontroller.a(cyutils.o)
                0x000025b0                CySetReg24
 .text.round    0x000025c4       0xa0 c:/program files (x86)/cypress/psoc creator/4.2/psoc creator/import/gnu/arm/5.4.1/bin/../lib/gcc/arm-none-eabi/5.4.1/../../../../arm-none-eabi/lib/armv7-m\libm.a(lib_a-s_round.o)
                0x000025c4                round
 .text          0x00002664      0x370 c:/program files (x86)/cypress/psoc creator/4.2/psoc creator/import/gnu/arm/5.4.1/bin/../lib/gcc/arm-none-eabi/5.4.1/armv7-m\libgcc.a(_arm_addsubdf3.o)
                0x00002664                __aeabi_drsub
                0x0000266c                __aeabi_dsub
                0x0000266c                __subdf3
                0x00002670                __aeabi_dadd
                0x00002670                __adddf3
                0x000028e8                __floatunsidf
                0x000028e8                __aeabi_ui2d
                0x00002908                __floatsidf
                0x00002908                __aeabi_i2d
                0x0000292c                __aeabi_f2d
                0x0000292c                __extendsfdf2
                0x00002968                __floatundidf
                0x00002968                __aeabi_ul2d
                0x00002978                __floatdidf
                0x00002978                __aeabi_l2d
 .text          0x000029d4      0x424 c:/program files (x86)/cypress/psoc creator/4.2/psoc creator/import/gnu/arm/5.4.1/bin/../lib/gcc/arm-none-eabi/5.4.1/armv7-m\libgcc.a(_arm_muldivdf3.o)
                0x000029d4                __aeabi_dmul
                0x000029d4                __muldf3
                0x00002c28                __divdf3
                0x00002c28                __aeabi_ddiv
 .text          0x00002df8      0x110 c:/program files (x86)/cypress/psoc creator/4.2/psoc creator/import/gnu/arm/5.4.1/bin/../lib/gcc/arm-none-eabi/5.4.1/armv7-m\libgcc.a(_arm_cmpdf2.o)
                0x00002df8                __gtdf2
                0x00002df8                __gedf2
                0x00002e00                __ltdf2
                0x00002e00                __ledf2
                0x00002e08                __nedf2
                0x00002e08                __eqdf2
                0x00002e08                __cmpdf2
                0x00002e84                __aeabi_cdrcmple
                0x00002e94                __aeabi_cdcmpeq
                0x00002e94                __aeabi_cdcmple
                0x00002ea4                __aeabi_dcmpeq
                0x00002eb8                __aeabi_dcmplt
                0x00002ecc                __aeabi_dcmple
                0x00002ee0                __aeabi_dcmpge
                0x00002ef4                __aeabi_dcmpgt
 .text          0x00002f08       0x50 c:/program files (x86)/cypress/psoc creator/4.2/psoc creator/import/gnu/arm/5.4.1/bin/../lib/gcc/arm-none-eabi/5.4.1/armv7-m\libgcc.a(_arm_fixdfsi.o)
                0x00002f08                __aeabi_d2iz
                0x00002f08                __fixdfsi
 .text          0x00002f58       0x40 c:/program files (x86)/cypress/psoc creator/4.2/psoc creator/import/gnu/arm/5.4.1/bin/../lib/gcc/arm-none-eabi/5.4.1/armv7-m\libgcc.a(_arm_fixunsdfsi.o)
                0x00002f58                __aeabi_d2uiz
                0x00002f58                __fixunsdfsi
 .text          0x00002f98       0xa0 c:/program files (x86)/cypress/psoc creator/4.2/psoc creator/import/gnu/arm/5.4.1/bin/../lib/gcc/arm-none-eabi/5.4.1/armv7-m\libgcc.a(_arm_truncdfsf2.o)
                0x00002f98                __truncdfsf2
                0x00002f98                __aeabi_d2f
 .text.__errno  0x00003038        0xc c:/program files (x86)/cypress/psoc creator/4.2/psoc creator/import/gnu/arm/5.4.1/bin/../lib/gcc/arm-none-eabi/5.4.1/../../../../arm-none-eabi/lib/armv7-m\libg_nano.a(lib_a-errno.o)
                0x00003038                __errno
 .text.__libc_init_array
                0x00003044       0x4c c:/program files (x86)/cypress/psoc creator/4.2/psoc creator/import/gnu/arm/5.4.1/bin/../lib/gcc/arm-none-eabi/5.4.1/../../../../arm-none-eabi/lib/armv7-m\libg_nano.a(lib_a-init.o)
                0x00003044                __libc_init_array
 .text.memcpy   0x00003090       0x16 c:/program files (x86)/cypress/psoc creator/4.2/psoc creator/import/gnu/arm/5.4.1/bin/../lib/gcc/arm-none-eabi/5.4.1/../../../../arm-none-eabi/lib/armv7-m\libg_nano.a(lib_a-memcpy-stub.o)
                0x00003090                memcpy
 .text.memset   0x000030a6       0x10 c:/program files (x86)/cypress/psoc creator/4.2/psoc creator/import/gnu/arm/5.4.1/bin/../lib/gcc/arm-none-eabi/5.4.1/../../../../arm-none-eabi/lib/armv7-m\libg_nano.a(lib_a-memset.o)
                0x000030a6                memset
 *(.plt)
 *(.gnu.warning)
 *(.glue_7t)
 .glue_7t       0x000030b6        0x0 linker stubs
 *(.glue_7)
 .glue_7        0x000030b6        0x0 linker stubs
 *(.vfp11_veneer)
 .vfp11_veneer  0x000030b6        0x0 linker stubs
 *(.bootloader)
 *(.ARM.extab* .gnu.linkonce.armextab.*)
 *(.gcc_except_table)

.v4_bx          0x000030b8        0x0
 .v4_bx         0x000030b8        0x0 linker stubs

.iplt           0x000030b8        0x0
 .iplt          0x000030b8        0x0 c:/program files (x86)/cypress/psoc creator/4.2/psoc creator/import/gnu/arm/5.4.1/bin/../lib/gcc/arm-none-eabi/5.4.1/armv7-m/crtbegin.o

.eh_frame_hdr
 *(.eh_frame_hdr)

.eh_frame       0x000030b8        0x4
 *(.eh_frame)
 .eh_frame      0x000030b8        0x0 c:/program files (x86)/cypress/psoc creator/4.2/psoc creator/import/gnu/arm/5.4.1/bin/../lib/gcc/arm-none-eabi/5.4.1/armv7-m/crtbegin.o
 .eh_frame      0x000030b8        0x4 c:/program files (x86)/cypress/psoc creator/4.2/psoc creator/import/gnu/arm/5.4.1/bin/../lib/gcc/arm-none-eabi/5.4.1/armv7-m/crtend.o
                [!provide]                PROVIDE (__exidx_start, .)

.ARM.exidx
 *(.ARM.exidx* .gnu.linkonce.armexidx.*)
                0x000030bc                __exidx_end = .

.rodata         0x000030bc       0x9c
 *(.rodata .rodata.* .gnu.linkonce.r.*)
 .rodata.str1.4
                0x000030bc       0x1c .\CortexM3\ARM_GCC_541\Debug\SPI_driver_PSoC.o
                                 0x1f (size before relaxing)
 .rodata.str1.4
                0x000030d8       0x20 .\CortexM3\ARM_GCC_541\Debug\SonarDriver.o
                                 0x1f (size before relaxing)
 .rodata        0x000030f8       0x24 .\CortexM3\ARM_GCC_541\Debug\cyfitter_cfg.o
 .rodata.str1.1
                0x0000311c        0x2 c:/program files (x86)/cypress/psoc creator/4.2/psoc creator/import/gnu/arm/5.4.1/bin/../lib/gcc/arm-none-eabi/5.4.1/../../../../arm-none-eabi/lib/armv7-m\libg_nano.a(lib_a-impure.o)
                0x00003120                . = ALIGN (0x4)
 *fill*         0x0000311e        0x2 
 *(.init)
 .init          0x00003120        0x4 c:/program files (x86)/cypress/psoc creator/4.2/psoc creator/import/gnu/arm/5.4.1/bin/../lib/gcc/arm-none-eabi/5.4.1/armv7-m/crti.o
                0x00003120                _init
 .init          0x00003124        0x8 c:/program files (x86)/cypress/psoc creator/4.2/psoc creator/import/gnu/arm/5.4.1/bin/../lib/gcc/arm-none-eabi/5.4.1/armv7-m/crtn.o
                0x0000312c                . = ALIGN (0x4)
                0x0000312c                __preinit_array_start = .
 *(.preinit_array)
                0x0000312c                __preinit_array_end = .
                0x0000312c                . = ALIGN (0x4)
                0x0000312c                __init_array_start = .
 *(SORT(.init_array.*))
 *(.init_array)
 .init_array    0x0000312c        0x4 c:/program files (x86)/cypress/psoc creator/4.2/psoc creator/import/gnu/arm/5.4.1/bin/../lib/gcc/arm-none-eabi/5.4.1/armv7-m/crtbegin.o
 .init_array    0x00003130        0x4 .\CortexM3\ARM_GCC_541\Debug\Cm3Start.o
                0x00003134                __init_array_end = .
                0x00003134                . = ALIGN (0x4)
 *(.fini)
 .fini          0x00003134        0x4 c:/program files (x86)/cypress/psoc creator/4.2/psoc creator/import/gnu/arm/5.4.1/bin/../lib/gcc/arm-none-eabi/5.4.1/armv7-m/crti.o
                0x00003134                _fini
 .fini          0x00003138        0x8 c:/program files (x86)/cypress/psoc creator/4.2/psoc creator/import/gnu/arm/5.4.1/bin/../lib/gcc/arm-none-eabi/5.4.1/armv7-m/crtn.o
                0x00003140                . = ALIGN (0x4)
                0x00003140                __fini_array_start = .
 *(.fini_array)
 .fini_array    0x00003140        0x4 c:/program files (x86)/cypress/psoc creator/4.2/psoc creator/import/gnu/arm/5.4.1/bin/../lib/gcc/arm-none-eabi/5.4.1/armv7-m/crtbegin.o
 *(SORT(.fini_array.*))
                0x00003144                __fini_array_end = .
                0x00003144                . = ALIGN (0x4)
 *crtbegin.o(.ctors)
 *(EXCLUDE_FILE(*crtend.o) .ctors)
 *(SORT(.ctors.*))
 *crtend.o(.ctors)
                0x00003144                . = ALIGN (0x4)
 *crtbegin.o(.dtors)
 *(EXCLUDE_FILE(*crtend.o) .dtors)
 *(SORT(.dtors.*))
 *crtend.o(.dtors)
                0x00003144                . = ALIGN (0x4)
                0x00003144                __cy_regions = .
                0x00003144        0x4 LONG 0x3158 __cy_region_init_ram
                0x00003148        0x4 LONG 0x1fff80c8 __cy_region_start_data
                0x0000314c        0x4 LONG 0x90 __cy_region_init_size_ram
                0x00003150        0x4 LONG 0x290 __cy_region_zero_size_ram
                0x00003154                __cy_regions_end = .
                0x00003158                . = ALIGN (0x8)
 *fill*         0x00003154        0x4 
                0x00003158                _etext = .

.cy_checksum_exclude
                0x00003158        0x0
 *(.cy_checksum_exclude)

.ramvectors     0x1fff8000       0xc0
                0x1fff8000                __cy_region_start_ram = .
 *(.ramvectors)
 .ramvectors    0x1fff8000       0xc0 .\CortexM3\ARM_GCC_541\Debug\Cm3Start.o
                0x1fff8000                CyRamVectors

.noinit         0x1fff80c0        0x1
 *(.noinit)
 .noinit        0x1fff80c0        0x1 .\CortexM3\ARM_GCC_541\Debug\PSoCcontroller.a(CyLib.o)
                0x1fff80c0                CyResetStatus

.data           0x1fff80c8       0x90 load address 0x00003158
                0x1fff80c8                __cy_region_start_data = .
 *(.jcr)
 .jcr           0x1fff80c8        0x0 c:/program files (x86)/cypress/psoc creator/4.2/psoc creator/import/gnu/arm/5.4.1/bin/../lib/gcc/arm-none-eabi/5.4.1/armv7-m/crtbegin.o
 .jcr           0x1fff80c8        0x4 c:/program files (x86)/cypress/psoc creator/4.2/psoc creator/import/gnu/arm/5.4.1/bin/../lib/gcc/arm-none-eabi/5.4.1/armv7-m/crtend.o
 *(.got.plt)
 *(.got)
 *(.shdata)
 *(.data .data.* .gnu.linkonce.d.*)
 .data          0x1fff80cc       0x14 .\CortexM3\ARM_GCC_541\Debug\main.o
                0x1fff80cc                states
 .data          0x1fff80e0       0x10 .\CortexM3\ARM_GCC_541\Debug\PSoCcontroller.a(CyLib.o)
                0x1fff80e0                cydelay_32k_ms
                0x1fff80e4                cydelay_freq_khz
                0x1fff80e8                cydelay_freq_mhz
                0x1fff80ec                cydelay_freq_hz
 .data.impure_data
                0x1fff80f0       0x60 c:/program files (x86)/cypress/psoc creator/4.2/psoc creator/import/gnu/arm/5.4.1/bin/../lib/gcc/arm-none-eabi/5.4.1/../../../../arm-none-eabi/lib/armv7-m\libg_nano.a(lib_a-impure.o)
 .data._impure_ptr
                0x1fff8150        0x4 c:/program files (x86)/cypress/psoc creator/4.2/psoc creator/import/gnu/arm/5.4.1/bin/../lib/gcc/arm-none-eabi/5.4.1/../../../../arm-none-eabi/lib/armv7-m\libg_nano.a(lib_a-impure.o)
                0x1fff8150                _impure_ptr
                0x1fff8158                . = ALIGN (0x8)
 *fill*         0x1fff8154        0x4 
 *(.ram)
                0x1fff8158                _edata = .

.igot.plt       0x1fff8158        0x0 load address 0x000031e8
 .igot.plt      0x1fff8158        0x0 c:/program files (x86)/cypress/psoc creator/4.2/psoc creator/import/gnu/arm/5.4.1/bin/../lib/gcc/arm-none-eabi/5.4.1/armv7-m/crtbegin.o

.bss            0x1fff8158      0x290 load address 0x000031e8
                0x1fff8158                PROVIDE (__bss_start__, .)
 *(.shbss)
 *(.bss .bss.* .gnu.linkonce.b.*)
 .bss           0x1fff8158       0x1c c:/program files (x86)/cypress/psoc creator/4.2/psoc creator/import/gnu/arm/5.4.1/bin/../lib/gcc/arm-none-eabi/5.4.1/armv7-m/crtbegin.o
 .bss           0x1fff8174       0x1c .\CortexM3\ARM_GCC_541\Debug\PSoCcontroller.a(CyLib.o)
                0x1fff818c                CySysTickInitVar
 .bss           0x1fff8190       0x43 .\CortexM3\ARM_GCC_541\Debug\PSoCcontroller.a(cyPm.o)
 .bss           0x1fff81d3        0x1 .\CortexM3\ARM_GCC_541\Debug\PSoCcontroller.a(Timer_Sonar.o)
                0x1fff81d3                Timer_Sonar_initVar
 .bss           0x1fff81d4        0x2 .\CortexM3\ARM_GCC_541\Debug\PSoCcontroller.a(UART_1.o)
                0x1fff81d4                UART_1_initVar
 .bss           0x1fff81d6        0x1 .\CortexM3\ARM_GCC_541\Debug\PSoCcontroller.a(Delay_Timer.o)
                0x1fff81d6                Delay_Timer_initVar
 .bss           0x1fff81d7        0x1 .\CortexM3\ARM_GCC_541\Debug\PSoCcontroller.a(ADC_Moisture.o)
                0x1fff81d7                ADC_Moisture_initVar
 .bss           0x1fff81d8        0x1 .\CortexM3\ARM_GCC_541\Debug\PSoCcontroller.a(Timer_StepperX.o)
                0x1fff81d8                Timer_StepperX_initVar
 .bss           0x1fff81d9        0x1 .\CortexM3\ARM_GCC_541\Debug\PSoCcontroller.a(Timer_StepperY.o)
                0x1fff81d9                Timer_StepperY_initVar
 .bss           0x1fff81da        0x1 .\CortexM3\ARM_GCC_541\Debug\PSoCcontroller.a(ADC_SAR_WaSens.o)
                0x1fff81da                ADC_SAR_WaSens_initVar
 .bss           0x1fff81db        0x1 .\CortexM3\ARM_GCC_541\Debug\PSoCcontroller.a(SPI_1.o)
                0x1fff81db                SPI_1_initVar
 *(COMMON)
 *fill*         0x1fff81dc        0x4 
 COMMON         0x1fff81e0      0x1e9 .\CortexM3\ARM_GCC_541\Debug\main.o
                0x1fff81e0                stepperStateY
                0x1fff81e1                stepperStateX
                0x1fff81e4                currentState
                0x1fff81e8                msg
                0x1fff82e8                stepperPositionX
                0x1fff82ec                SPI_recieved
                0x1fff82ed                SPI_recieved_flag
                0x1fff82ee                mode
                0x1fff82f0                circBuf
                0x1fff83a8                noWater
                0x1fff83ac                timerDoneFlagX
                0x1fff83b0                pigeonPosition
                0x1fff83c0                sonarTimerDone
                0x1fff83c4                stepperPositionY
                0x1fff83c8                timerDoneFlagY
 *fill*         0x1fff83c9        0x3 
 COMMON         0x1fff83cc        0xa .\CortexM3\ARM_GCC_541\Debug\PSoCcontroller.a(ADC_Moisture.o)
                0x1fff83cc                ADC_Moisture_countsPer10Volt
                0x1fff83d0                ADC_Moisture_shift
                0x1fff83d2                ADC_Moisture_countsPerVolt
                0x1fff83d4                ADC_Moisture_offset
 *fill*         0x1fff83d6        0x2 
 COMMON         0x1fff83d8        0xc .\CortexM3\ARM_GCC_541\Debug\PSoCcontroller.a(ADC_SAR_WaSens.o)
                0x1fff83d8                ADC_SAR_WaSens_offset
                0x1fff83dc                ADC_SAR_WaSens_countsPer10Volt
                0x1fff83e0                ADC_SAR_WaSens_shift
                0x1fff83e2                ADC_SAR_WaSens_countsPerVolt
                0x1fff83e8                . = ALIGN (0x8)
 *fill*         0x1fff83e4        0x4 
 *(.ram.b)
                0x1fff83e8                _end = .
                0x1fff83e8                __end = .
                0x1fff83e8                PROVIDE (end, .)
                0x1fff83e8                PROVIDE (__bss_end__, .)
                0x00003158                __cy_region_init_ram = LOADADDR (.data)
                0x00000090                __cy_region_init_size_ram = (_edata - ADDR (.data))
                0x00000290                __cy_region_zero_size_ram = (_end - _edata)

.heap           0x1fff83e8       0x80 load address 0x000031e8
                0x1fff83e8                . = _end
                0x1fff8468                . = (. + 0x80)
 *fill*         0x1fff83e8       0x80 
                0x1fff8468                __cy_heap_limit = .

.stack          0x20007800      0x800
                0x20007800                __cy_stack_limit = .
                0x20008000                . = (. + 0x800)
 *fill*         0x20007800      0x800 
                0x00000001                ASSERT ((__cy_stack_limit >= __cy_heap_limit), region RAM overflowed with stack)
                0x00000000                cy_checksum_exclude_size = (CY_APPL_LOADABLE == 0x1)?SIZEOF (.cy_checksum_exclude):0x0
                0x00000001                ASSERT ((cy_checksum_exclude_size <= CY_CHECKSUM_EXCLUDE_SIZE), CY_BOOT: Section .cy_checksum_exclude size exceedes specified limit.)

.cyloadermeta
 *(.cyloadermeta)

.cyloadablemeta
 *(.cyloadablemeta)

.cyconfigecc    0x80000000      0xa74
 *(.cyconfigecc)
 .cyconfigecc   0x80000000      0xa74 .\CortexM3\ARM_GCC_541\Debug\cymetadata.o
                0x80000000                cy_meta_configecc

.cycustnvl      0x90000000        0x4
 *(.cycustnvl)
 .cycustnvl     0x90000000        0x4 .\CortexM3\ARM_GCC_541\Debug\cymetadata.o
                0x90000000                cy_meta_custnvl

.cywolatch      0x90100000        0x4
 *(.cywolatch)
 .cywolatch     0x90100000        0x4 .\CortexM3\ARM_GCC_541\Debug\cymetadata.o
                0x90100000                cy_meta_wonvl

.cyeeprom       0x90200000        0x0
 *(.cyeeprom)
                0x00000001                ASSERT ((. <= ((0x90200000 + ee_offset) + ee_size)), .cyeeprom data will not fit in EEPROM)

.cyflashprotect
                0x90400000      0x100
 *(.cyflashprotect)
 .cyflashprotect
                0x90400000      0x100 .\CortexM3\ARM_GCC_541\Debug\cymetadata.o
                0x90400000                cy_meta_flashprotect

.cymeta         0x90500000        0xc
 *(.cymeta)
 .cymeta        0x90500000        0xc .\CortexM3\ARM_GCC_541\Debug\cymetadata.o
                0x90500000                cy_metadata

.rel.dyn        0x000031e8        0x0 load address 0x9050000c
 .rel.iplt      0x000031e8        0x0 c:/program files (x86)/cypress/psoc creator/4.2/psoc creator/import/gnu/arm/5.4.1/bin/../lib/gcc/arm-none-eabi/5.4.1/armv7-m/crtbegin.o

.stab
 *(.stab)

.stabstr
 *(.stabstr)

.debug
 *(.debug)

.line
 *(.line)

.debug_srcinfo
 *(.debug_srcinfo)

.debug_sfnames
 *(.debug_sfnames)

.debug_aranges  0x00000000     0x1378
 *(.debug_aranges)
 .debug_aranges
                0x00000000       0x88 .\CortexM3\ARM_GCC_541\Debug\main.o
 .debug_aranges
                0x00000088       0x48 .\CortexM3\ARM_GCC_541\Debug\CircularBuffer.o
 .debug_aranges
                0x000000d0       0x28 .\CortexM3\ARM_GCC_541\Debug\MoistureSensor.o
 .debug_aranges
                0x000000f8       0x50 .\CortexM3\ARM_GCC_541\Debug\MotorDriverX.o
 .debug_aranges
                0x00000148       0x50 .\CortexM3\ARM_GCC_541\Debug\MotorDriverY.o
 .debug_aranges
                0x00000198       0x58 .\CortexM3\ARM_GCC_541\Debug\SPI_driver_PSoC.o
 .debug_aranges
                0x000001f0       0x28 .\CortexM3\ARM_GCC_541\Debug\WaterPump.o
 .debug_aranges
                0x00000218       0x28 .\CortexM3\ARM_GCC_541\Debug\SonarDriver.o
 .debug_aranges
                0x00000240       0x28 .\CortexM3\ARM_GCC_541\Debug\WaterSensor.o
 .debug_aranges
                0x00000268       0x58 .\CortexM3\ARM_GCC_541\Debug\cyfitter_cfg.o
 .debug_aranges
                0x000002c0       0x18 .\CortexM3\ARM_GCC_541\Debug\cymetadata.o
 .debug_aranges
                0x000002d8       0x48 .\CortexM3\ARM_GCC_541\Debug\Cm3Start.o
 .debug_aranges
                0x00000320      0x2a0 .\CortexM3\ARM_GCC_541\Debug\PSoCcontroller.a(CyLib.o)
 .debug_aranges
                0x000005c0       0x98 .\CortexM3\ARM_GCC_541\Debug\PSoCcontroller.a(cyPm.o)
 .debug_aranges
                0x00000658       0x90 .\CortexM3\ARM_GCC_541\Debug\PSoCcontroller.a(Timer_Sonar.o)
 .debug_aranges
                0x000006e8       0x38 .\CortexM3\ARM_GCC_541\Debug\PSoCcontroller.a(Trigger_1.o)
 .debug_aranges
                0x00000720       0x38 .\CortexM3\ARM_GCC_541\Debug\PSoCcontroller.a(Trigger_2.o)
 .debug_aranges
                0x00000758       0x38 .\CortexM3\ARM_GCC_541\Debug\PSoCcontroller.a(Echo_1.o)
 .debug_aranges
                0x00000790       0x38 .\CortexM3\ARM_GCC_541\Debug\PSoCcontroller.a(Echo_2.o)
 .debug_aranges
                0x000007c8       0xf0 .\CortexM3\ARM_GCC_541\Debug\PSoCcontroller.a(UART_1.o)
 .debug_aranges
                0x000008b8       0x70 .\CortexM3\ARM_GCC_541\Debug\PSoCcontroller.a(UART_1_IntClock.o)
 .debug_aranges
                0x00000928       0x90 .\CortexM3\ARM_GCC_541\Debug\PSoCcontroller.a(Delay_Timer.o)
 .debug_aranges
                0x000009b8       0x80 .\CortexM3\ARM_GCC_541\Debug\PSoCcontroller.a(ISR_delay.o)
 .debug_aranges
                0x00000a38       0xa8 .\CortexM3\ARM_GCC_541\Debug\PSoCcontroller.a(ADC_Moisture.o)
 .debug_aranges
                0x00000ae0       0x20 .\CortexM3\ARM_GCC_541\Debug\PSoCcontroller.a(ADC_Moisture_INT.o)
 .debug_aranges
                0x00000b00       0x80 .\CortexM3\ARM_GCC_541\Debug\PSoCcontroller.a(ADC_Moisture_theACLK.o)
 .debug_aranges
                0x00000b80       0x90 .\CortexM3\ARM_GCC_541\Debug\PSoCcontroller.a(Timer_StepperX.o)
 .debug_aranges
                0x00000c10       0x80 .\CortexM3\ARM_GCC_541\Debug\PSoCcontroller.a(ISR_stepperY.o)
 .debug_aranges
                0x00000c90       0x90 .\CortexM3\ARM_GCC_541\Debug\PSoCcontroller.a(Timer_StepperY.o)
 .debug_aranges
                0x00000d20       0x80 .\CortexM3\ARM_GCC_541\Debug\PSoCcontroller.a(ISR_stepperX.o)
 .debug_aranges
                0x00000da0       0x38 .\CortexM3\ARM_GCC_541\Debug\PSoCcontroller.a(Pin_X1.o)
 .debug_aranges
                0x00000dd8       0x38 .\CortexM3\ARM_GCC_541\Debug\PSoCcontroller.a(Pin_X2.o)
 .debug_aranges
                0x00000e10       0x38 .\CortexM3\ARM_GCC_541\Debug\PSoCcontroller.a(Pin_X3.o)
 .debug_aranges
                0x00000e48       0x38 .\CortexM3\ARM_GCC_541\Debug\PSoCcontroller.a(Pin_Y1.o)
 .debug_aranges
                0x00000e80       0x38 .\CortexM3\ARM_GCC_541\Debug\PSoCcontroller.a(Pin_Y2.o)
 .debug_aranges
                0x00000eb8       0x38 .\CortexM3\ARM_GCC_541\Debug\PSoCcontroller.a(Pin_Y3.o)
 .debug_aranges
                0x00000ef0       0xa8 .\CortexM3\ARM_GCC_541\Debug\PSoCcontroller.a(ADC_SAR_WaSens.o)
 .debug_aranges
                0x00000f98       0x20 .\CortexM3\ARM_GCC_541\Debug\PSoCcontroller.a(ADC_SAR_WaSens_INT.o)
 .debug_aranges
                0x00000fb8       0x38 .\CortexM3\ARM_GCC_541\Debug\PSoCcontroller.a(Pin_WaterPump.o)
 .debug_aranges
                0x00000ff0       0x80 .\CortexM3\ARM_GCC_541\Debug\PSoCcontroller.a(ADC_SAR_WaSens_theACLK.o)
 .debug_aranges
                0x00001070       0xe0 .\CortexM3\ARM_GCC_541\Debug\PSoCcontroller.a(SPI_1.o)
 .debug_aranges
                0x00001150       0x28 .\CortexM3\ARM_GCC_541\Debug\PSoCcontroller.a(SPI_1_INT.o)
 .debug_aranges
                0x00001178       0x80 .\CortexM3\ARM_GCC_541\Debug\PSoCcontroller.a(SPI_ISR.o)
 .debug_aranges
                0x000011f8       0x38 .\CortexM3\ARM_GCC_541\Debug\PSoCcontroller.a(SPI_read_req.o)
 .debug_aranges
                0x00001230       0x20 .\CortexM3\ARM_GCC_541\Debug\PSoCcontroller.a(CyBootAsmGnu.o)
 .debug_aranges
                0x00001250       0x88 .\CortexM3\ARM_GCC_541\Debug\PSoCcontroller.a(CyFlash.o)
 .debug_aranges
                0x000012d8       0x80 .\CortexM3\ARM_GCC_541\Debug\PSoCcontroller.a(CySpc.o)
 .debug_aranges
                0x00001358       0x20 .\CortexM3\ARM_GCC_541\Debug\PSoCcontroller.a(cyutils.o)

.debug_pubnames
 *(.debug_pubnames)

.debug_info     0x00000000     0xa331
 *(.debug_info .gnu.linkonce.wi.*)
 .debug_info    0x00000000      0xb45 .\CortexM3\ARM_GCC_541\Debug\main.o
 .debug_info    0x00000b45      0x2f8 .\CortexM3\ARM_GCC_541\Debug\CircularBuffer.o
 .debug_info    0x00000e3d      0x140 .\CortexM3\ARM_GCC_541\Debug\MoistureSensor.o
 .debug_info    0x00000f7d      0x3bb .\CortexM3\ARM_GCC_541\Debug\MotorDriverX.o
 .debug_info    0x00001338      0x3ee .\CortexM3\ARM_GCC_541\Debug\MotorDriverY.o
 .debug_info    0x00001726      0x8b0 .\CortexM3\ARM_GCC_541\Debug\SPI_driver_PSoC.o
 .debug_info    0x00001fd6      0x12d .\CortexM3\ARM_GCC_541\Debug\WaterPump.o
 .debug_info    0x00002103      0x400 .\CortexM3\ARM_GCC_541\Debug\SonarDriver.o
 .debug_info    0x00002503      0x377 .\CortexM3\ARM_GCC_541\Debug\WaterSensor.o
 .debug_info    0x0000287a      0x597 .\CortexM3\ARM_GCC_541\Debug\cyfitter_cfg.o
 .debug_info    0x00002e11      0x139 .\CortexM3\ARM_GCC_541\Debug\cymetadata.o
 .debug_info    0x00002f4a      0x3bb .\CortexM3\ARM_GCC_541\Debug\Cm3Start.o
 .debug_info    0x00003305     0x1374 .\CortexM3\ARM_GCC_541\Debug\PSoCcontroller.a(CyLib.o)
 .debug_info    0x00004679      0xa2a .\CortexM3\ARM_GCC_541\Debug\PSoCcontroller.a(cyPm.o)
 .debug_info    0x000050a3      0x338 .\CortexM3\ARM_GCC_541\Debug\PSoCcontroller.a(Timer_Sonar.o)
 .debug_info    0x000053db      0x11f .\CortexM3\ARM_GCC_541\Debug\PSoCcontroller.a(Trigger_1.o)
 .debug_info    0x000054fa      0x11f .\CortexM3\ARM_GCC_541\Debug\PSoCcontroller.a(Trigger_2.o)
 .debug_info    0x00005619      0x11f .\CortexM3\ARM_GCC_541\Debug\PSoCcontroller.a(Echo_1.o)
 .debug_info    0x00005738      0x11f .\CortexM3\ARM_GCC_541\Debug\PSoCcontroller.a(Echo_2.o)
 .debug_info    0x00005857      0x60c .\CortexM3\ARM_GCC_541\Debug\PSoCcontroller.a(UART_1.o)
 .debug_info    0x00005e63      0x283 .\CortexM3\ARM_GCC_541\Debug\PSoCcontroller.a(UART_1_IntClock.o)
 .debug_info    0x000060e6      0x2f0 .\CortexM3\ARM_GCC_541\Debug\PSoCcontroller.a(Delay_Timer.o)
 .debug_info    0x000063d6      0x2d2 .\CortexM3\ARM_GCC_541\Debug\PSoCcontroller.a(ISR_delay.o)
 .debug_info    0x000066a8      0x5c0 .\CortexM3\ARM_GCC_541\Debug\PSoCcontroller.a(ADC_Moisture.o)
 .debug_info    0x00006c68       0x92 .\CortexM3\ARM_GCC_541\Debug\PSoCcontroller.a(ADC_Moisture_INT.o)
 .debug_info    0x00006cfa      0x2c4 .\CortexM3\ARM_GCC_541\Debug\PSoCcontroller.a(ADC_Moisture_theACLK.o)
 .debug_info    0x00006fbe      0x2f0 .\CortexM3\ARM_GCC_541\Debug\PSoCcontroller.a(Timer_StepperX.o)
 .debug_info    0x000072ae      0x2d2 .\CortexM3\ARM_GCC_541\Debug\PSoCcontroller.a(ISR_stepperY.o)
 .debug_info    0x00007580      0x2f0 .\CortexM3\ARM_GCC_541\Debug\PSoCcontroller.a(Timer_StepperY.o)
 .debug_info    0x00007870      0x2d2 .\CortexM3\ARM_GCC_541\Debug\PSoCcontroller.a(ISR_stepperX.o)
 .debug_info    0x00007b42      0x11f .\CortexM3\ARM_GCC_541\Debug\PSoCcontroller.a(Pin_X1.o)
 .debug_info    0x00007c61      0x11f .\CortexM3\ARM_GCC_541\Debug\PSoCcontroller.a(Pin_X2.o)
 .debug_info    0x00007d80      0x11f .\CortexM3\ARM_GCC_541\Debug\PSoCcontroller.a(Pin_X3.o)
 .debug_info    0x00007e9f      0x11f .\CortexM3\ARM_GCC_541\Debug\PSoCcontroller.a(Pin_Y1.o)
 .debug_info    0x00007fbe      0x11f .\CortexM3\ARM_GCC_541\Debug\PSoCcontroller.a(Pin_Y2.o)
 .debug_info    0x000080dd      0x11f .\CortexM3\ARM_GCC_541\Debug\PSoCcontroller.a(Pin_Y3.o)
 .debug_info    0x000081fc      0x5c0 .\CortexM3\ARM_GCC_541\Debug\PSoCcontroller.a(ADC_SAR_WaSens.o)
 .debug_info    0x000087bc       0x92 .\CortexM3\ARM_GCC_541\Debug\PSoCcontroller.a(ADC_SAR_WaSens_INT.o)
 .debug_info    0x0000884e      0x11f .\CortexM3\ARM_GCC_541\Debug\PSoCcontroller.a(Pin_WaterPump.o)
 .debug_info    0x0000896d      0x2c4 .\CortexM3\ARM_GCC_541\Debug\PSoCcontroller.a(ADC_SAR_WaSens_theACLK.o)
 .debug_info    0x00008c31      0x517 .\CortexM3\ARM_GCC_541\Debug\PSoCcontroller.a(SPI_1.o)
 .debug_info    0x00009148       0xb1 .\CortexM3\ARM_GCC_541\Debug\PSoCcontroller.a(SPI_1_INT.o)
 .debug_info    0x000091f9      0x2d2 .\CortexM3\ARM_GCC_541\Debug\PSoCcontroller.a(SPI_ISR.o)
 .debug_info    0x000094cb      0x11f .\CortexM3\ARM_GCC_541\Debug\PSoCcontroller.a(SPI_read_req.o)
 .debug_info    0x000095ea       0xbc .\CortexM3\ARM_GCC_541\Debug\PSoCcontroller.a(CyBootAsmGnu.o)
 .debug_info    0x000096a6      0x64d .\CortexM3\ARM_GCC_541\Debug\PSoCcontroller.a(CyFlash.o)
 .debug_info    0x00009cf3      0x550 .\CortexM3\ARM_GCC_541\Debug\PSoCcontroller.a(CySpc.o)
 .debug_info    0x0000a243       0xee .\CortexM3\ARM_GCC_541\Debug\PSoCcontroller.a(cyutils.o)

.debug_abbrev   0x00000000     0x33ca
 *(.debug_abbrev)
 .debug_abbrev  0x00000000      0x215 .\CortexM3\ARM_GCC_541\Debug\main.o
 .debug_abbrev  0x00000215      0x170 .\CortexM3\ARM_GCC_541\Debug\CircularBuffer.o
 .debug_abbrev  0x00000385       0xba .\CortexM3\ARM_GCC_541\Debug\MoistureSensor.o
 .debug_abbrev  0x0000043f      0x165 .\CortexM3\ARM_GCC_541\Debug\MotorDriverX.o
 .debug_abbrev  0x000005a4      0x165 .\CortexM3\ARM_GCC_541\Debug\MotorDriverY.o
 .debug_abbrev  0x00000709      0x180 .\CortexM3\ARM_GCC_541\Debug\SPI_driver_PSoC.o
 .debug_abbrev  0x00000889       0xad .\CortexM3\ARM_GCC_541\Debug\WaterPump.o
 .debug_abbrev  0x00000936      0x126 .\CortexM3\ARM_GCC_541\Debug\SonarDriver.o
 .debug_abbrev  0x00000a5c      0x170 .\CortexM3\ARM_GCC_541\Debug\WaterSensor.o
 .debug_abbrev  0x00000bcc      0x1fe .\CortexM3\ARM_GCC_541\Debug\cyfitter_cfg.o
 .debug_abbrev  0x00000dca       0x77 .\CortexM3\ARM_GCC_541\Debug\cymetadata.o
 .debug_abbrev  0x00000e41      0x1e8 .\CortexM3\ARM_GCC_541\Debug\Cm3Start.o
 .debug_abbrev  0x00001029      0x254 .\CortexM3\ARM_GCC_541\Debug\PSoCcontroller.a(CyLib.o)
 .debug_abbrev  0x0000127d      0x1ab .\CortexM3\ARM_GCC_541\Debug\PSoCcontroller.a(cyPm.o)
 .debug_abbrev  0x00001428      0x14b .\CortexM3\ARM_GCC_541\Debug\PSoCcontroller.a(Timer_Sonar.o)
 .debug_abbrev  0x00001573       0x90 .\CortexM3\ARM_GCC_541\Debug\PSoCcontroller.a(Trigger_1.o)
 .debug_abbrev  0x00001603       0x90 .\CortexM3\ARM_GCC_541\Debug\PSoCcontroller.a(Trigger_2.o)
 .debug_abbrev  0x00001693       0x90 .\CortexM3\ARM_GCC_541\Debug\PSoCcontroller.a(Echo_1.o)
 .debug_abbrev  0x00001723       0x90 .\CortexM3\ARM_GCC_541\Debug\PSoCcontroller.a(Echo_2.o)
 .debug_abbrev  0x000017b3      0x175 .\CortexM3\ARM_GCC_541\Debug\PSoCcontroller.a(UART_1.o)
 .debug_abbrev  0x00001928      0x139 .\CortexM3\ARM_GCC_541\Debug\PSoCcontroller.a(UART_1_IntClock.o)
 .debug_abbrev  0x00001a61      0x12b .\CortexM3\ARM_GCC_541\Debug\PSoCcontroller.a(Delay_Timer.o)
 .debug_abbrev  0x00001b8c      0x173 .\CortexM3\ARM_GCC_541\Debug\PSoCcontroller.a(ISR_delay.o)
 .debug_abbrev  0x00001cff      0x1ac .\CortexM3\ARM_GCC_541\Debug\PSoCcontroller.a(ADC_Moisture.o)
 .debug_abbrev  0x00001eab       0x42 .\CortexM3\ARM_GCC_541\Debug\PSoCcontroller.a(ADC_Moisture_INT.o)
 .debug_abbrev  0x00001eed      0x121 .\CortexM3\ARM_GCC_541\Debug\PSoCcontroller.a(ADC_Moisture_theACLK.o)
 .debug_abbrev  0x0000200e      0x12b .\CortexM3\ARM_GCC_541\Debug\PSoCcontroller.a(Timer_StepperX.o)
 .debug_abbrev  0x00002139      0x173 .\CortexM3\ARM_GCC_541\Debug\PSoCcontroller.a(ISR_stepperY.o)
 .debug_abbrev  0x000022ac      0x12b .\CortexM3\ARM_GCC_541\Debug\PSoCcontroller.a(Timer_StepperY.o)
 .debug_abbrev  0x000023d7      0x173 .\CortexM3\ARM_GCC_541\Debug\PSoCcontroller.a(ISR_stepperX.o)
 .debug_abbrev  0x0000254a       0x90 .\CortexM3\ARM_GCC_541\Debug\PSoCcontroller.a(Pin_X1.o)
 .debug_abbrev  0x000025da       0x90 .\CortexM3\ARM_GCC_541\Debug\PSoCcontroller.a(Pin_X2.o)
 .debug_abbrev  0x0000266a       0x90 .\CortexM3\ARM_GCC_541\Debug\PSoCcontroller.a(Pin_X3.o)
 .debug_abbrev  0x000026fa       0x90 .\CortexM3\ARM_GCC_541\Debug\PSoCcontroller.a(Pin_Y1.o)
 .debug_abbrev  0x0000278a       0x90 .\CortexM3\ARM_GCC_541\Debug\PSoCcontroller.a(Pin_Y2.o)
 .debug_abbrev  0x0000281a       0x90 .\CortexM3\ARM_GCC_541\Debug\PSoCcontroller.a(Pin_Y3.o)
 .debug_abbrev  0x000028aa      0x1ac .\CortexM3\ARM_GCC_541\Debug\PSoCcontroller.a(ADC_SAR_WaSens.o)
 .debug_abbrev  0x00002a56       0x42 .\CortexM3\ARM_GCC_541\Debug\PSoCcontroller.a(ADC_SAR_WaSens_INT.o)
 .debug_abbrev  0x00002a98       0x90 .\CortexM3\ARM_GCC_541\Debug\PSoCcontroller.a(Pin_WaterPump.o)
 .debug_abbrev  0x00002b28      0x121 .\CortexM3\ARM_GCC_541\Debug\PSoCcontroller.a(ADC_SAR_WaSens_theACLK.o)
 .debug_abbrev  0x00002c49      0x15f .\CortexM3\ARM_GCC_541\Debug\PSoCcontroller.a(SPI_1.o)
 .debug_abbrev  0x00002da8       0x42 .\CortexM3\ARM_GCC_541\Debug\PSoCcontroller.a(SPI_1_INT.o)
 .debug_abbrev  0x00002dea      0x173 .\CortexM3\ARM_GCC_541\Debug\PSoCcontroller.a(SPI_ISR.o)
 .debug_abbrev  0x00002f5d       0x90 .\CortexM3\ARM_GCC_541\Debug\PSoCcontroller.a(SPI_read_req.o)
 .debug_abbrev  0x00002fed       0x14 .\CortexM3\ARM_GCC_541\Debug\PSoCcontroller.a(CyBootAsmGnu.o)
 .debug_abbrev  0x00003001      0x1a7 .\CortexM3\ARM_GCC_541\Debug\PSoCcontroller.a(CyFlash.o)
 .debug_abbrev  0x000031a8      0x194 .\CortexM3\ARM_GCC_541\Debug\PSoCcontroller.a(CySpc.o)
 .debug_abbrev  0x0000333c       0x8e .\CortexM3\ARM_GCC_541\Debug\PSoCcontroller.a(cyutils.o)

.debug_line     0x00000000     0x4d6b
 *(.debug_line)
 .debug_line    0x00000000      0x458 .\CortexM3\ARM_GCC_541\Debug\main.o
 .debug_line    0x00000458      0x1f1 .\CortexM3\ARM_GCC_541\Debug\CircularBuffer.o
 .debug_line    0x00000649      0x18c .\CortexM3\ARM_GCC_541\Debug\MoistureSensor.o
 .debug_line    0x000007d5      0x2fc .\CortexM3\ARM_GCC_541\Debug\MotorDriverX.o
 .debug_line    0x00000ad1      0x312 .\CortexM3\ARM_GCC_541\Debug\MotorDriverY.o
 .debug_line    0x00000de3      0x2d8 .\CortexM3\ARM_GCC_541\Debug\SPI_driver_PSoC.o
 .debug_line    0x000010bb      0x180 .\CortexM3\ARM_GCC_541\Debug\WaterPump.o
 .debug_line    0x0000123b      0x245 .\CortexM3\ARM_GCC_541\Debug\SonarDriver.o
 .debug_line    0x00001480      0x1d2 .\CortexM3\ARM_GCC_541\Debug\WaterSensor.o
 .debug_line    0x00001652      0x1f7 .\CortexM3\ARM_GCC_541\Debug\cyfitter_cfg.o
 .debug_line    0x00001849      0x141 .\CortexM3\ARM_GCC_541\Debug\cymetadata.o
 .debug_line    0x0000198a      0x234 .\CortexM3\ARM_GCC_541\Debug\Cm3Start.o
 .debug_line    0x00001bbe      0x816 .\CortexM3\ARM_GCC_541\Debug\PSoCcontroller.a(CyLib.o)
 .debug_line    0x000023d4      0x367 .\CortexM3\ARM_GCC_541\Debug\PSoCcontroller.a(cyPm.o)
 .debug_line    0x0000273b      0x176 .\CortexM3\ARM_GCC_541\Debug\PSoCcontroller.a(Timer_Sonar.o)
 .debug_line    0x000028b1       0x96 .\CortexM3\ARM_GCC_541\Debug\PSoCcontroller.a(Trigger_1.o)
 .debug_line    0x00002947       0x96 .\CortexM3\ARM_GCC_541\Debug\PSoCcontroller.a(Trigger_2.o)
 .debug_line    0x000029dd       0x93 .\CortexM3\ARM_GCC_541\Debug\PSoCcontroller.a(Echo_1.o)
 .debug_line    0x00002a70       0x93 .\CortexM3\ARM_GCC_541\Debug\PSoCcontroller.a(Echo_2.o)
 .debug_line    0x00002b03      0x2c0 .\CortexM3\ARM_GCC_541\Debug\PSoCcontroller.a(UART_1.o)
 .debug_line    0x00002dc3      0x17e .\CortexM3\ARM_GCC_541\Debug\PSoCcontroller.a(UART_1_IntClock.o)
 .debug_line    0x00002f41      0x176 .\CortexM3\ARM_GCC_541\Debug\PSoCcontroller.a(Delay_Timer.o)
 .debug_line    0x000030b7      0x136 .\CortexM3\ARM_GCC_541\Debug\PSoCcontroller.a(ISR_delay.o)
 .debug_line    0x000031ed      0x226 .\CortexM3\ARM_GCC_541\Debug\PSoCcontroller.a(ADC_Moisture.o)
 .debug_line    0x00003413       0x59 .\CortexM3\ARM_GCC_541\Debug\PSoCcontroller.a(ADC_Moisture_INT.o)
 .debug_line    0x0000346c      0x1a6 .\CortexM3\ARM_GCC_541\Debug\PSoCcontroller.a(ADC_Moisture_theACLK.o)
 .debug_line    0x00003612      0x179 .\CortexM3\ARM_GCC_541\Debug\PSoCcontroller.a(Timer_StepperX.o)
 .debug_line    0x0000378b      0x139 .\CortexM3\ARM_GCC_541\Debug\PSoCcontroller.a(ISR_stepperY.o)
 .debug_line    0x000038c4      0x179 .\CortexM3\ARM_GCC_541\Debug\PSoCcontroller.a(Timer_StepperY.o)
 .debug_line    0x00003a3d      0x139 .\CortexM3\ARM_GCC_541\Debug\PSoCcontroller.a(ISR_stepperX.o)
 .debug_line    0x00003b76       0x93 .\CortexM3\ARM_GCC_541\Debug\PSoCcontroller.a(Pin_X1.o)
 .debug_line    0x00003c09       0x93 .\CortexM3\ARM_GCC_541\Debug\PSoCcontroller.a(Pin_X2.o)
 .debug_line    0x00003c9c       0x93 .\CortexM3\ARM_GCC_541\Debug\PSoCcontroller.a(Pin_X3.o)
 .debug_line    0x00003d2f       0x93 .\CortexM3\ARM_GCC_541\Debug\PSoCcontroller.a(Pin_Y1.o)
 .debug_line    0x00003dc2       0x93 .\CortexM3\ARM_GCC_541\Debug\PSoCcontroller.a(Pin_Y2.o)
 .debug_line    0x00003e55       0x93 .\CortexM3\ARM_GCC_541\Debug\PSoCcontroller.a(Pin_Y3.o)
 .debug_line    0x00003ee8      0x22a .\CortexM3\ARM_GCC_541\Debug\PSoCcontroller.a(ADC_SAR_WaSens.o)
 .debug_line    0x00004112       0x5b .\CortexM3\ARM_GCC_541\Debug\PSoCcontroller.a(ADC_SAR_WaSens_INT.o)
 .debug_line    0x0000416d       0x9a .\CortexM3\ARM_GCC_541\Debug\PSoCcontroller.a(Pin_WaterPump.o)
 .debug_line    0x00004207      0x1a8 .\CortexM3\ARM_GCC_541\Debug\PSoCcontroller.a(ADC_SAR_WaSens_theACLK.o)
 .debug_line    0x000043af      0x24d .\CortexM3\ARM_GCC_541\Debug\PSoCcontroller.a(SPI_1.o)
 .debug_line    0x000045fc       0x62 .\CortexM3\ARM_GCC_541\Debug\PSoCcontroller.a(SPI_1_INT.o)
 .debug_line    0x0000465e      0x134 .\CortexM3\ARM_GCC_541\Debug\PSoCcontroller.a(SPI_ISR.o)
 .debug_line    0x00004792       0x99 .\CortexM3\ARM_GCC_541\Debug\PSoCcontroller.a(SPI_read_req.o)
 .debug_line    0x0000482b       0x66 .\CortexM3\ARM_GCC_541\Debug\PSoCcontroller.a(CyBootAsmGnu.o)
 .debug_line    0x00004891      0x21a .\CortexM3\ARM_GCC_541\Debug\PSoCcontroller.a(CyFlash.o)
 .debug_line    0x00004aab      0x260 .\CortexM3\ARM_GCC_541\Debug\PSoCcontroller.a(CySpc.o)
 .debug_line    0x00004d0b       0x60 .\CortexM3\ARM_GCC_541\Debug\PSoCcontroller.a(cyutils.o)

.debug_frame    0x00000000     0x2cf4
 *(.debug_frame)
 .debug_frame   0x00000000      0x198 .\CortexM3\ARM_GCC_541\Debug\main.o
 .debug_frame   0x00000198       0x90 .\CortexM3\ARM_GCC_541\Debug\CircularBuffer.o
 .debug_frame   0x00000228       0x48 .\CortexM3\ARM_GCC_541\Debug\MoistureSensor.o
 .debug_frame   0x00000270       0xd8 .\CortexM3\ARM_GCC_541\Debug\MotorDriverX.o
 .debug_frame   0x00000348       0xd8 .\CortexM3\ARM_GCC_541\Debug\MotorDriverY.o
 .debug_frame   0x00000420       0xf4 .\CortexM3\ARM_GCC_541\Debug\SPI_driver_PSoC.o
 .debug_frame   0x00000514       0x48 .\CortexM3\ARM_GCC_541\Debug\WaterPump.o
 .debug_frame   0x0000055c       0x5c .\CortexM3\ARM_GCC_541\Debug\SonarDriver.o
 .debug_frame   0x000005b8       0x4c .\CortexM3\ARM_GCC_541\Debug\WaterSensor.o
 .debug_frame   0x00000604       0xfc .\CortexM3\ARM_GCC_541\Debug\cyfitter_cfg.o
 .debug_frame   0x00000700       0xb8 .\CortexM3\ARM_GCC_541\Debug\Cm3Start.o
 .debug_frame   0x000007b8      0x738 .\CortexM3\ARM_GCC_541\Debug\PSoCcontroller.a(CyLib.o)
 .debug_frame   0x00000ef0      0x1f8 .\CortexM3\ARM_GCC_541\Debug\PSoCcontroller.a(cyPm.o)
 .debug_frame   0x000010e8      0x13c .\CortexM3\ARM_GCC_541\Debug\PSoCcontroller.a(Timer_Sonar.o)
 .debug_frame   0x00001224       0x50 .\CortexM3\ARM_GCC_541\Debug\PSoCcontroller.a(Trigger_1.o)
 .debug_frame   0x00001274       0x50 .\CortexM3\ARM_GCC_541\Debug\PSoCcontroller.a(Trigger_2.o)
 .debug_frame   0x000012c4       0x50 .\CortexM3\ARM_GCC_541\Debug\PSoCcontroller.a(Echo_1.o)
 .debug_frame   0x00001314       0x50 .\CortexM3\ARM_GCC_541\Debug\PSoCcontroller.a(Echo_2.o)
 .debug_frame   0x00001364      0x250 .\CortexM3\ARM_GCC_541\Debug\PSoCcontroller.a(UART_1.o)
 .debug_frame   0x000015b4       0xe0 .\CortexM3\ARM_GCC_541\Debug\PSoCcontroller.a(UART_1_IntClock.o)
 .debug_frame   0x00001694      0x124 .\CortexM3\ARM_GCC_541\Debug\PSoCcontroller.a(Delay_Timer.o)
 .debug_frame   0x000017b8      0x104 .\CortexM3\ARM_GCC_541\Debug\PSoCcontroller.a(ISR_delay.o)
 .debug_frame   0x000018bc      0x1b0 .\CortexM3\ARM_GCC_541\Debug\PSoCcontroller.a(ADC_Moisture.o)
 .debug_frame   0x00001a6c       0x20 .\CortexM3\ARM_GCC_541\Debug\PSoCcontroller.a(ADC_Moisture_INT.o)
 .debug_frame   0x00001a8c      0x100 .\CortexM3\ARM_GCC_541\Debug\PSoCcontroller.a(ADC_Moisture_theACLK.o)
 .debug_frame   0x00001b8c      0x124 .\CortexM3\ARM_GCC_541\Debug\PSoCcontroller.a(Timer_StepperX.o)
 .debug_frame   0x00001cb0      0x104 .\CortexM3\ARM_GCC_541\Debug\PSoCcontroller.a(ISR_stepperY.o)
 .debug_frame   0x00001db4      0x124 .\CortexM3\ARM_GCC_541\Debug\PSoCcontroller.a(Timer_StepperY.o)
 .debug_frame   0x00001ed8      0x104 .\CortexM3\ARM_GCC_541\Debug\PSoCcontroller.a(ISR_stepperX.o)
 .debug_frame   0x00001fdc       0x50 .\CortexM3\ARM_GCC_541\Debug\PSoCcontroller.a(Pin_X1.o)
 .debug_frame   0x0000202c       0x50 .\CortexM3\ARM_GCC_541\Debug\PSoCcontroller.a(Pin_X2.o)
 .debug_frame   0x0000207c       0x50 .\CortexM3\ARM_GCC_541\Debug\PSoCcontroller.a(Pin_X3.o)
 .debug_frame   0x000020cc       0x50 .\CortexM3\ARM_GCC_541\Debug\PSoCcontroller.a(Pin_Y1.o)
 .debug_frame   0x0000211c       0x50 .\CortexM3\ARM_GCC_541\Debug\PSoCcontroller.a(Pin_Y2.o)
 .debug_frame   0x0000216c       0x50 .\CortexM3\ARM_GCC_541\Debug\PSoCcontroller.a(Pin_Y3.o)
 .debug_frame   0x000021bc      0x1b0 .\CortexM3\ARM_GCC_541\Debug\PSoCcontroller.a(ADC_SAR_WaSens.o)
 .debug_frame   0x0000236c       0x20 .\CortexM3\ARM_GCC_541\Debug\PSoCcontroller.a(ADC_SAR_WaSens_INT.o)
 .debug_frame   0x0000238c       0x50 .\CortexM3\ARM_GCC_541\Debug\PSoCcontroller.a(Pin_WaterPump.o)
 .debug_frame   0x000023dc      0x100 .\CortexM3\ARM_GCC_541\Debug\PSoCcontroller.a(ADC_SAR_WaSens_theACLK.o)
 .debug_frame   0x000024dc      0x1f8 .\CortexM3\ARM_GCC_541\Debug\PSoCcontroller.a(SPI_1.o)
 .debug_frame   0x000026d4       0x30 .\CortexM3\ARM_GCC_541\Debug\PSoCcontroller.a(SPI_1_INT.o)
 .debug_frame   0x00002704      0x104 .\CortexM3\ARM_GCC_541\Debug\PSoCcontroller.a(SPI_ISR.o)
 .debug_frame   0x00002808       0x50 .\CortexM3\ARM_GCC_541\Debug\PSoCcontroller.a(SPI_read_req.o)
 .debug_frame   0x00002858      0x194 .\CortexM3\ARM_GCC_541\Debug\PSoCcontroller.a(CyFlash.o)
 .debug_frame   0x000029ec      0x180 .\CortexM3\ARM_GCC_541\Debug\PSoCcontroller.a(CySpc.o)
 .debug_frame   0x00002b6c       0x20 .\CortexM3\ARM_GCC_541\Debug\PSoCcontroller.a(cyutils.o)
 .debug_frame   0x00002b8c       0x30 c:/program files (x86)/cypress/psoc creator/4.2/psoc creator/import/gnu/arm/5.4.1/bin/../lib/gcc/arm-none-eabi/5.4.1/../../../../arm-none-eabi/lib/armv7-m\libm.a(lib_a-s_round.o)
 .debug_frame   0x00002bbc       0x44 c:/program files (x86)/cypress/psoc creator/4.2/psoc creator/import/gnu/arm/5.4.1/bin/../lib/gcc/arm-none-eabi/5.4.1/armv7-m\libgcc.a(_aeabi_ldivmod.o)
 .debug_frame   0x00002c00       0x38 c:/program files (x86)/cypress/psoc creator/4.2/psoc creator/import/gnu/arm/5.4.1/bin/../lib/gcc/arm-none-eabi/5.4.1/armv7-m\libgcc.a(_udivmoddi4.o)
 .debug_frame   0x00002c38       0x20 c:/program files (x86)/cypress/psoc creator/4.2/psoc creator/import/gnu/arm/5.4.1/bin/../lib/gcc/arm-none-eabi/5.4.1/../../../../arm-none-eabi/lib/armv7-m\libg_nano.a(lib_a-errno.o)
 .debug_frame   0x00002c58       0x28 c:/program files (x86)/cypress/psoc creator/4.2/psoc creator/import/gnu/arm/5.4.1/bin/../lib/gcc/arm-none-eabi/5.4.1/../../../../arm-none-eabi/lib/armv7-m\libg_nano.a(lib_a-exit.o)
 .debug_frame   0x00002c80       0x2c c:/program files (x86)/cypress/psoc creator/4.2/psoc creator/import/gnu/arm/5.4.1/bin/../lib/gcc/arm-none-eabi/5.4.1/../../../../arm-none-eabi/lib/armv7-m\libg_nano.a(lib_a-init.o)
 .debug_frame   0x00002cac       0x28 c:/program files (x86)/cypress/psoc creator/4.2/psoc creator/import/gnu/arm/5.4.1/bin/../lib/gcc/arm-none-eabi/5.4.1/../../../../arm-none-eabi/lib/armv7-m\libg_nano.a(lib_a-memcpy-stub.o)
 .debug_frame   0x00002cd4       0x20 c:/program files (x86)/cypress/psoc creator/4.2/psoc creator/import/gnu/arm/5.4.1/bin/../lib/gcc/arm-none-eabi/5.4.1/../../../../arm-none-eabi/lib/armv7-m\libg_nano.a(lib_a-memset.o)

.debug_str      0x00000000     0x3aa8
 *(.debug_str)
 .debug_str     0x00000000      0x6a4 .\CortexM3\ARM_GCC_541\Debug\main.o
                                0x732 (size before relaxing)
 .debug_str     0x000006a4       0x37 .\CortexM3\ARM_GCC_541\Debug\CircularBuffer.o
                                0x276 (size before relaxing)
 .debug_str     0x000006db       0x74 .\CortexM3\ARM_GCC_541\Debug\MoistureSensor.o
                                0x267 (size before relaxing)
 .debug_str     0x0000074f       0xc3 .\CortexM3\ARM_GCC_541\Debug\MotorDriverX.o
                                0x30d (size before relaxing)
 .debug_str     0x00000812       0xb6 .\CortexM3\ARM_GCC_541\Debug\MotorDriverY.o
                                0x33b (size before relaxing)
 .debug_str     0x000008c8       0xa9 .\CortexM3\ARM_GCC_541\Debug\SPI_driver_PSoC.o
                                0x4fa (size before relaxing)
 .debug_str     0x00000971       0x14 .\CortexM3\ARM_GCC_541\Debug\WaterPump.o
                                0x208 (size before relaxing)
 .debug_str     0x00000985       0xe2 .\CortexM3\ARM_GCC_541\Debug\SonarDriver.o
                                0x33a (size before relaxing)
 .debug_str     0x00000a67       0xab .\CortexM3\ARM_GCC_541\Debug\WaterSensor.o
                                0x3c1 (size before relaxing)
 .debug_str     0x00000b12      0x17a .\CortexM3\ARM_GCC_541\Debug\cyfitter_cfg.o
                                0x345 (size before relaxing)
 .debug_str     0x00000c8c       0x75 .\CortexM3\ARM_GCC_541\Debug\cymetadata.o
                                0x210 (size before relaxing)
 .debug_str     0x00000d01      0x13f .\CortexM3\ARM_GCC_541\Debug\Cm3Start.o
                                0x336 (size before relaxing)
 .debug_str     0x00000e40      0x828 .\CortexM3\ARM_GCC_541\Debug\PSoCcontroller.a(CyLib.o)
                                0xa73 (size before relaxing)
 .debug_str     0x00001668      0x34c .\CortexM3\ARM_GCC_541\Debug\PSoCcontroller.a(cyPm.o)
                                0x75f (size before relaxing)
 .debug_str     0x000019b4      0x1af .\CortexM3\ARM_GCC_541\Debug\PSoCcontroller.a(Timer_Sonar.o)
                                0x3de (size before relaxing)
 .debug_str     0x00001b63       0x6a .\CortexM3\ARM_GCC_541\Debug\PSoCcontroller.a(Trigger_1.o)
                                0x222 (size before relaxing)
 .debug_str     0x00001bcd       0x5f .\CortexM3\ARM_GCC_541\Debug\PSoCcontroller.a(Trigger_2.o)
                                0x222 (size before relaxing)
 .debug_str     0x00001c2c       0x54 .\CortexM3\ARM_GCC_541\Debug\PSoCcontroller.a(Echo_1.o)
                                0x213 (size before relaxing)
 .debug_str     0x00001c80       0x54 .\CortexM3\ARM_GCC_541\Debug\PSoCcontroller.a(Echo_2.o)
                                0x213 (size before relaxing)
 .debug_str     0x00001cd4      0x29e .\CortexM3\ARM_GCC_541\Debug\PSoCcontroller.a(UART_1.o)
                                0x4df (size before relaxing)
 .debug_str     0x00001f72      0x197 .\CortexM3\ARM_GCC_541\Debug\PSoCcontroller.a(UART_1_IntClock.o)
                                0x37a (size before relaxing)
 .debug_str     0x00002109      0x14f .\CortexM3\ARM_GCC_541\Debug\PSoCcontroller.a(Delay_Timer.o)
                                0x3d3 (size before relaxing)
 .debug_str     0x00002258      0x10c .\CortexM3\ARM_GCC_541\Debug\PSoCcontroller.a(ISR_delay.o)
                                0x30a (size before relaxing)
 .debug_str     0x00002364      0x251 .\CortexM3\ARM_GCC_541\Debug\PSoCcontroller.a(ADC_Moisture.o)
                                0x534 (size before relaxing)
 .debug_str     0x000025b5       0x3b .\CortexM3\ARM_GCC_541\Debug\PSoCcontroller.a(ADC_Moisture_INT.o)
                                0x1cd (size before relaxing)
 .debug_str     0x000025f0      0x1e3 .\CortexM3\ARM_GCC_541\Debug\PSoCcontroller.a(ADC_Moisture_theACLK.o)
                                0x40b (size before relaxing)
 .debug_str     0x000027d3      0x1cf .\CortexM3\ARM_GCC_541\Debug\PSoCcontroller.a(Timer_StepperX.o)
                                0x409 (size before relaxing)
 .debug_str     0x000029a2      0x133 .\CortexM3\ARM_GCC_541\Debug\PSoCcontroller.a(ISR_stepperY.o)
                                0x334 (size before relaxing)
 .debug_str     0x00002ad5      0x1cf .\CortexM3\ARM_GCC_541\Debug\PSoCcontroller.a(Timer_StepperY.o)
                                0x409 (size before relaxing)
 .debug_str     0x00002ca4      0x133 .\CortexM3\ARM_GCC_541\Debug\PSoCcontroller.a(ISR_stepperX.o)
                                0x334 (size before relaxing)
 .debug_str     0x00002dd7       0x53 .\CortexM3\ARM_GCC_541\Debug\PSoCcontroller.a(Pin_X1.o)
                                0x213 (size before relaxing)
 .debug_str     0x00002e2a       0x53 .\CortexM3\ARM_GCC_541\Debug\PSoCcontroller.a(Pin_X2.o)
                                0x213 (size before relaxing)
 .debug_str     0x00002e7d       0x54 .\CortexM3\ARM_GCC_541\Debug\PSoCcontroller.a(Pin_X3.o)
                                0x213 (size before relaxing)
 .debug_str     0x00002ed1       0x53 .\CortexM3\ARM_GCC_541\Debug\PSoCcontroller.a(Pin_Y1.o)
                                0x213 (size before relaxing)
 .debug_str     0x00002f24       0x53 .\CortexM3\ARM_GCC_541\Debug\PSoCcontroller.a(Pin_Y2.o)
                                0x213 (size before relaxing)
 .debug_str     0x00002f77       0x54 .\CortexM3\ARM_GCC_541\Debug\PSoCcontroller.a(Pin_Y3.o)
                                0x213 (size before relaxing)
 .debug_str     0x00002fcb      0x236 .\CortexM3\ARM_GCC_541\Debug\PSoCcontroller.a(ADC_SAR_WaSens.o)
                                0x566 (size before relaxing)
 .debug_str     0x00003201       0x3f .\CortexM3\ARM_GCC_541\Debug\PSoCcontroller.a(ADC_SAR_WaSens_INT.o)
                                0x1d1 (size before relaxing)
 .debug_str     0x00003240       0x6f .\CortexM3\ARM_GCC_541\Debug\PSoCcontroller.a(Pin_WaterPump.o)
                                0x236 (size before relaxing)
 .debug_str     0x000032af      0x1f4 .\CortexM3\ARM_GCC_541\Debug\PSoCcontroller.a(ADC_SAR_WaSens_theACLK.o)
                                0x427 (size before relaxing)
 .debug_str     0x000034a3      0x1dd .\CortexM3\ARM_GCC_541\Debug\PSoCcontroller.a(SPI_1.o)
                                0x47b (size before relaxing)
 .debug_str     0x00003680       0x3d .\CortexM3\ARM_GCC_541\Debug\PSoCcontroller.a(SPI_1_INT.o)
                                0x1e4 (size before relaxing)
 .debug_str     0x000036bd       0xf2 .\CortexM3\ARM_GCC_541\Debug\PSoCcontroller.a(SPI_ISR.o)
                                0x2ee (size before relaxing)
 .debug_str     0x000037af       0x6b .\CortexM3\ARM_GCC_541\Debug\PSoCcontroller.a(SPI_read_req.o)
                                0x231 (size before relaxing)
 .debug_str     0x0000381a      0x1b4 .\CortexM3\ARM_GCC_541\Debug\PSoCcontroller.a(CyFlash.o)
                                0x3ec (size before relaxing)
 .debug_str     0x000039ce       0xac .\CortexM3\ARM_GCC_541\Debug\PSoCcontroller.a(CySpc.o)
                                0x364 (size before relaxing)
 .debug_str     0x00003a7a       0x2e .\CortexM3\ARM_GCC_541\Debug\PSoCcontroller.a(cyutils.o)
                                0x1de (size before relaxing)

.debug_loc      0x00000000     0x309b
 *(.debug_loc)
 .debug_loc     0x00000000       0x70 .\CortexM3\ARM_GCC_541\Debug\main.o
 .debug_loc     0x00000070      0x15e .\CortexM3\ARM_GCC_541\Debug\CircularBuffer.o
 .debug_loc     0x000001ce       0xd1 .\CortexM3\ARM_GCC_541\Debug\MotorDriverX.o
 .debug_loc     0x0000029f       0xbb .\CortexM3\ARM_GCC_541\Debug\MotorDriverY.o
 .debug_loc     0x0000035a       0x63 .\CortexM3\ARM_GCC_541\Debug\SPI_driver_PSoC.o
 .debug_loc     0x000003bd       0x3a .\CortexM3\ARM_GCC_541\Debug\WaterPump.o
 .debug_loc     0x000003f7      0x11e .\CortexM3\ARM_GCC_541\Debug\SonarDriver.o
 .debug_loc     0x00000515       0x31 .\CortexM3\ARM_GCC_541\Debug\WaterSensor.o
 .debug_loc     0x00000546      0x1fd .\CortexM3\ARM_GCC_541\Debug\cyfitter_cfg.o
 .debug_loc     0x00000743      0x144 .\CortexM3\ARM_GCC_541\Debug\Cm3Start.o
 .debug_loc     0x00000887      0xa11 .\CortexM3\ARM_GCC_541\Debug\PSoCcontroller.a(CyLib.o)
 .debug_loc     0x00001298      0x1e4 .\CortexM3\ARM_GCC_541\Debug\PSoCcontroller.a(cyPm.o)
 .debug_loc     0x0000147c       0x6b .\CortexM3\ARM_GCC_541\Debug\PSoCcontroller.a(Timer_Sonar.o)
 .debug_loc     0x000014e7       0x42 .\CortexM3\ARM_GCC_541\Debug\PSoCcontroller.a(Trigger_1.o)
 .debug_loc     0x00001529       0x42 .\CortexM3\ARM_GCC_541\Debug\PSoCcontroller.a(Trigger_2.o)
 .debug_loc     0x0000156b       0x42 .\CortexM3\ARM_GCC_541\Debug\PSoCcontroller.a(Echo_1.o)
 .debug_loc     0x000015ad       0x42 .\CortexM3\ARM_GCC_541\Debug\PSoCcontroller.a(Echo_2.o)
 .debug_loc     0x000015ef      0x258 .\CortexM3\ARM_GCC_541\Debug\PSoCcontroller.a(UART_1.o)
 .debug_loc     0x00001847      0x128 .\CortexM3\ARM_GCC_541\Debug\PSoCcontroller.a(UART_1_IntClock.o)
 .debug_loc     0x0000196f       0x13 .\CortexM3\ARM_GCC_541\Debug\PSoCcontroller.a(Delay_Timer.o)
 .debug_loc     0x00001982       0x56 .\CortexM3\ARM_GCC_541\Debug\PSoCcontroller.a(ISR_delay.o)
 .debug_loc     0x000019d8      0x295 .\CortexM3\ARM_GCC_541\Debug\PSoCcontroller.a(ADC_Moisture.o)
 .debug_loc     0x00001c6d      0x14d .\CortexM3\ARM_GCC_541\Debug\PSoCcontroller.a(ADC_Moisture_theACLK.o)
 .debug_loc     0x00001dba       0x13 .\CortexM3\ARM_GCC_541\Debug\PSoCcontroller.a(Timer_StepperX.o)
 .debug_loc     0x00001dcd       0x56 .\CortexM3\ARM_GCC_541\Debug\PSoCcontroller.a(ISR_stepperY.o)
 .debug_loc     0x00001e23       0x13 .\CortexM3\ARM_GCC_541\Debug\PSoCcontroller.a(Timer_StepperY.o)
 .debug_loc     0x00001e36       0x56 .\CortexM3\ARM_GCC_541\Debug\PSoCcontroller.a(ISR_stepperX.o)
 .debug_loc     0x00001e8c       0x42 .\CortexM3\ARM_GCC_541\Debug\PSoCcontroller.a(Pin_X1.o)
 .debug_loc     0x00001ece       0x42 .\CortexM3\ARM_GCC_541\Debug\PSoCcontroller.a(Pin_X2.o)
 .debug_loc     0x00001f10       0x42 .\CortexM3\ARM_GCC_541\Debug\PSoCcontroller.a(Pin_X3.o)
 .debug_loc     0x00001f52       0x42 .\CortexM3\ARM_GCC_541\Debug\PSoCcontroller.a(Pin_Y1.o)
 .debug_loc     0x00001f94       0x42 .\CortexM3\ARM_GCC_541\Debug\PSoCcontroller.a(Pin_Y2.o)
 .debug_loc     0x00001fd6       0x42 .\CortexM3\ARM_GCC_541\Debug\PSoCcontroller.a(Pin_Y3.o)
 .debug_loc     0x00002018      0x295 .\CortexM3\ARM_GCC_541\Debug\PSoCcontroller.a(ADC_SAR_WaSens.o)
 .debug_loc     0x000022ad       0x42 .\CortexM3\ARM_GCC_541\Debug\PSoCcontroller.a(Pin_WaterPump.o)
 .debug_loc     0x000022ef      0x149 .\CortexM3\ARM_GCC_541\Debug\PSoCcontroller.a(ADC_SAR_WaSens_theACLK.o)
 .debug_loc     0x00002438       0xf3 .\CortexM3\ARM_GCC_541\Debug\PSoCcontroller.a(SPI_1.o)
 .debug_loc     0x0000252b       0x56 .\CortexM3\ARM_GCC_541\Debug\PSoCcontroller.a(SPI_ISR.o)
 .debug_loc     0x00002581       0x42 .\CortexM3\ARM_GCC_541\Debug\PSoCcontroller.a(SPI_read_req.o)
 .debug_loc     0x000025c3      0x3b2 .\CortexM3\ARM_GCC_541\Debug\PSoCcontroller.a(CyFlash.o)
 .debug_loc     0x00002975      0x705 .\CortexM3\ARM_GCC_541\Debug\PSoCcontroller.a(CySpc.o)
 .debug_loc     0x0000307a       0x21 .\CortexM3\ARM_GCC_541\Debug\PSoCcontroller.a(cyutils.o)

.debug_macinfo
 *(.debug_macinfo)

.debug_ranges   0x00000000     0x1090
 *(.debug_ranges)
 .debug_ranges  0x00000000       0x78 .\CortexM3\ARM_GCC_541\Debug\main.o
 .debug_ranges  0x00000078       0x38 .\CortexM3\ARM_GCC_541\Debug\CircularBuffer.o
 .debug_ranges  0x000000b0       0x18 .\CortexM3\ARM_GCC_541\Debug\MoistureSensor.o