Archive member included to satisfy reference by file (symbol)

.\CortexM3\ARM_GCC_541\Debug\PSoCcontroller.a(CyLib.o)
                              .\CortexM3\ARM_GCC_541\Debug\Cm3Start.o (CyHalt)
.\CortexM3\ARM_GCC_541\Debug\PSoCcontroller.a(cyPm.o)
                              .\CortexM3\ARM_GCC_541\Debug\main.o (CyPmAltAct)
.\CortexM3\ARM_GCC_541\Debug\PSoCcontroller.a(Timer_Sonar.o)
                              .\CortexM3\ARM_GCC_541\Debug\SonarDriver.o (Timer_Sonar_WriteCounter)
.\CortexM3\ARM_GCC_541\Debug\PSoCcontroller.a(Trigger_1.o)
                              .\CortexM3\ARM_GCC_541\Debug\SonarDriver.o (Trigger_1_Write)
.\CortexM3\ARM_GCC_541\Debug\PSoCcontroller.a(Trigger_2.o)
                              .\CortexM3\ARM_GCC_541\Debug\SonarDriver.o (Trigger_2_Write)
.\CortexM3\ARM_GCC_541\Debug\PSoCcontroller.a(Echo_1.o)
                              .\CortexM3\ARM_GCC_541\Debug\SonarDriver.o (Echo_1_Read)
.\CortexM3\ARM_GCC_541\Debug\PSoCcontroller.a(Echo_2.o)
                              .\CortexM3\ARM_GCC_541\Debug\SonarDriver.o (Echo_2_Read)
.\CortexM3\ARM_GCC_541\Debug\PSoCcontroller.a(UART_1.o)
                              .\CortexM3\ARM_GCC_541\Debug\main.o (UART_1_ReadRxData)
.\CortexM3\ARM_GCC_541\Debug\PSoCcontroller.a(UART_1_IntClock.o)
                              .\CortexM3\ARM_GCC_541\Debug\PSoCcontroller.a(UART_1.o) (UART_1_IntClock_Start)
.\CortexM3\ARM_GCC_541\Debug\PSoCcontroller.a(Delay_Timer.o)
                              .\CortexM3\ARM_GCC_541\Debug\main.o (Delay_Timer_Stop)
.\CortexM3\ARM_GCC_541\Debug\PSoCcontroller.a(ISR_delay.o)
                              .\CortexM3\ARM_GCC_541\Debug\main.o (ISR_delay_StartEx)
.\CortexM3\ARM_GCC_541\Debug\PSoCcontroller.a(ADC_Moisture.o)
                              .\CortexM3\ARM_GCC_541\Debug\MoistureSensor.o (ADC_Moisture_Start)
.\CortexM3\ARM_GCC_541\Debug\PSoCcontroller.a(ADC_Moisture_INT.o)
                              .\CortexM3\ARM_GCC_541\Debug\PSoCcontroller.a(ADC_Moisture.o) (ADC_Moisture_ISR)
.\CortexM3\ARM_GCC_541\Debug\PSoCcontroller.a(ADC_Moisture_theACLK.o)
                              .\CortexM3\ARM_GCC_541\Debug\PSoCcontroller.a(ADC_Moisture.o) (ADC_Moisture_theACLK_SetModeRegister)
.\CortexM3\ARM_GCC_541\Debug\PSoCcontroller.a(ISR_WaterLevel.o)
                              .\CortexM3\ARM_GCC_541\Debug\main.o (ISR_WaterLevel_StartEx)
.\CortexM3\ARM_GCC_541\Debug\PSoCcontroller.a(Timer_StepperX.o)
                              .\CortexM3\ARM_GCC_541\Debug\main.o (Timer_StepperX_Stop)
.\CortexM3\ARM_GCC_541\Debug\PSoCcontroller.a(ISR_stepperY.o)
                              .\CortexM3\ARM_GCC_541\Debug\MotorDriverY.o (ISR_stepperY_StartEx)
.\CortexM3\ARM_GCC_541\Debug\PSoCcontroller.a(Timer_StepperY.o)
                              .\CortexM3\ARM_GCC_541\Debug\main.o (Timer_StepperY_Stop)
.\CortexM3\ARM_GCC_541\Debug\PSoCcontroller.a(ISR_stepperX.o)
                              .\CortexM3\ARM_GCC_541\Debug\MotorDriverX.o (ISR_stepperX_StartEx)
.\CortexM3\ARM_GCC_541\Debug\PSoCcontroller.a(Pin_X1.o)
                              .\CortexM3\ARM_GCC_541\Debug\MotorDriverX.o (Pin_X1_Write)
.\CortexM3\ARM_GCC_541\Debug\PSoCcontroller.a(Pin_X2.o)
                              .\CortexM3\ARM_GCC_541\Debug\MotorDriverX.o (Pin_X2_Write)
.\CortexM3\ARM_GCC_541\Debug\PSoCcontroller.a(Pin_X3.o)
                              .\CortexM3\ARM_GCC_541\Debug\MotorDriverX.o (Pin_X3_Read)
.\CortexM3\ARM_GCC_541\Debug\PSoCcontroller.a(Pin_Y1.o)
                              .\CortexM3\ARM_GCC_541\Debug\MotorDriverY.o (Pin_Y1_Write)
.\CortexM3\ARM_GCC_541\Debug\PSoCcontroller.a(Pin_Y2.o)
                              .\CortexM3\ARM_GCC_541\Debug\MotorDriverY.o (Pin_Y2_Write)
.\CortexM3\ARM_GCC_541\Debug\PSoCcontroller.a(Pin_Y3.o)
                              .\CortexM3\ARM_GCC_541\Debug\MotorDriverY.o (Pin_Y3_Read)
.\CortexM3\ARM_GCC_541\Debug\PSoCcontroller.a(ADC_SAR_WaSens.o)
                              .\CortexM3\ARM_GCC_541\Debug\WaterSensor.o (ADC_SAR_WaSens_Start)
.\CortexM3\ARM_GCC_541\Debug\PSoCcontroller.a(ADC_SAR_WaSens_INT.o)
                              .\CortexM3\ARM_GCC_541\Debug\PSoCcontroller.a(ADC_SAR_WaSens.o) (ADC_SAR_WaSens_ISR)
.\CortexM3\ARM_GCC_541\Debug\PSoCcontroller.a(PWM_WaSens.o)
                              .\CortexM3\ARM_GCC_541\Debug\WaterSensor.o (PWM_WaSens_Start)
.\CortexM3\ARM_GCC_541\Debug\PSoCcontroller.a(Pin_WaterPump.o)
                              .\CortexM3\ARM_GCC_541\Debug\WaterPump.o (Pin_WaterPump_Write)
.\CortexM3\ARM_GCC_541\Debug\PSoCcontroller.a(ADC_SAR_WaSens_theACLK.o)
                              .\CortexM3\ARM_GCC_541\Debug\PSoCcontroller.a(ADC_SAR_WaSens.o) (ADC_SAR_WaSens_theACLK_SetModeRegister)
.\CortexM3\ARM_GCC_541\Debug\PSoCcontroller.a(Pin_Low_WL.o)
                              .\CortexM3\ARM_GCC_541\Debug\WaterSensor.o (Pin_Low_WL_Write)
.\CortexM3\ARM_GCC_541\Debug\PSoCcontroller.a(SPI_1.o)
[...]
Memory Configuration

Name             Origin             Length             Attributes
rom              0x00000000         0x00040000         xr
ram              0x1fff8000         0x00010000         xrw
*default*        0x00000000         0xffffffff

Linker script and memory map

LOAD c:/program files (x86)/cypress/psoc creator/4.2/psoc creator/import/gnu/arm/5.4.1/bin/../lib/gcc/arm-none-eabi/5.4.1/armv7-m/crti.o
LOAD c:/program files (x86)/cypress/psoc creator/4.2/psoc creator/import/gnu/arm/5.4.1/bin/../lib/gcc/arm-none-eabi/5.4.1/armv7-m/crtbegin.o
LOAD c:/program files (x86)/cypress/psoc creator/4.2/psoc creator/import/gnu/arm/5.4.1/bin/../lib/gcc/arm-none-eabi/5.4.1/../../../../arm-none-eabi/lib/armv7-m/crt0.o
START GROUP
LOAD .\CortexM3\ARM_GCC_541\Debug\main.o
LOAD .\CortexM3\ARM_GCC_541\Debug\CircularBuffer.o
LOAD .\CortexM3\ARM_GCC_541\Debug\MoistureSensor.o
LOAD .\CortexM3\ARM_GCC_541\Debug\MotorDriverX.o
LOAD .\CortexM3\ARM_GCC_541\Debug\MotorDriverY.o
LOAD .\CortexM3\ARM_GCC_541\Debug\SPI_driver_PSoC.o
LOAD .\CortexM3\ARM_GCC_541\Debug\WaterPump.o
LOAD .\CortexM3\ARM_GCC_541\Debug\SonarDriver.o
LOAD .\CortexM3\ARM_GCC_541\Debug\WaterSensor.o
LOAD .\CortexM3\ARM_GCC_541\Debug\cyfitter_cfg.o
LOAD .\CortexM3\ARM_GCC_541\Debug\cymetadata.o
LOAD .\CortexM3\ARM_GCC_541\Debug\Cm3Start.o
LOAD .\CortexM3\ARM_GCC_541\Debug\PSoCcontroller.a
LOAD C:\Program Files (x86)\Cypress\PSoC Creator\4.2\PSoC Creator\psoc\content\cycomponentlibrary\CyComponentLibrary.cylib\CortexM3\ARM_GCC_541\Debug\CyComponentLibrary.a
LOAD c:/program files (x86)/cypress/psoc creator/4.2/psoc creator/import/gnu/arm/5.4.1/bin/../lib/gcc/arm-none-eabi/5.4.1/../../../../arm-none-eabi/lib/armv7-m\libm.a
END GROUP
START GROUP
LOAD c:/program files (x86)/cypress/psoc creator/4.2/psoc creator/import/gnu/arm/5.4.1/bin/../lib/gcc/arm-none-eabi/5.4.1/armv7-m\libgcc.a
LOAD c:/program files (x86)/cypress/psoc creator/4.2/psoc creator/import/gnu/arm/5.4.1/bin/../lib/gcc/arm-none-eabi/5.4.1/../../../../arm-none-eabi/lib/armv7-m\libg_nano.a
LOAD c:/program files (x86)/cypress/psoc creator/4.2/psoc creator/import/gnu/arm/5.4.1/bin/../lib/gcc/arm-none-eabi/5.4.1/../../../../arm-none-eabi/lib/armv7-m\libc_nano.a
END GROUP
START GROUP
LOAD c:/program files (x86)/cypress/psoc creator/4.2/psoc creator/import/gnu/arm/5.4.1/bin/../lib/gcc/arm-none-eabi/5.4.1/armv7-m\libgcc.a
LOAD c:/program files (x86)/cypress/psoc creator/4.2/psoc creator/import/gnu/arm/5.4.1/bin/../lib/gcc/arm-none-eabi/5.4.1/../../../../arm-none-eabi/lib/armv7-m\libc_nano.a
END GROUP
LOAD c:/program files (x86)/cypress/psoc creator/4.2/psoc creator/import/gnu/arm/5.4.1/bin/../lib/gcc/arm-none-eabi/5.4.1/armv7-m/crtend.o
LOAD c:/program files (x86)/cypress/psoc creator/4.2/psoc creator/import/gnu/arm/5.4.1/bin/../lib/gcc/arm-none-eabi/5.4.1/armv7-m/crtn.o
START GROUP
LOAD c:/program files (x86)/cypress/psoc creator/4.2/psoc creator/import/gnu/arm/5.4.1/bin/../lib/gcc/arm-none-eabi/5.4.1/armv7-m\libgcc.a
LOAD c:/program files (x86)/cypress/psoc creator/4.2/psoc creator/import/gnu/arm/5.4.1/bin/../lib/gcc/arm-none-eabi/5.4.1/../../../../arm-none-eabi/lib/armv7-m\libc.a
LOAD c:/program files (x86)/cypress/psoc creator/4.2/psoc creator/import/gnu/arm/5.4.1/bin/../lib/gcc/arm-none-eabi/5.4.1/../../../../arm-none-eabi/lib/armv7-m\libnosys.a
END GROUP
                0x00000000                CY_APPL_ORIGIN = 0x0
                0x00000100                CY_FLASH_ROW_SIZE = 0x100
                0x00000020                CY_ECC_ROW_SIZE = 0x20
                0x00000000                CY_EE_IN_BTLDR = 0x0
                0x00000000                CY_APPL_LOADABLE = 0x0
                0x00000800                CY_EE_SIZE = 0x800
                0x00000001                CY_APPL_NUM = 0x1
                0x00000001                CY_APPL_MAX = 0x1
                0x00000040                CY_METADATA_SIZE = 0x40
                0x00000000                CY_APPL_LOADABLE = 0x0
                0x00000000                CY_CHECKSUM_EXCLUDE_SIZE = ALIGN (0x0, CY_FLASH_ROW_SIZE)
                [!provide]                PROVIDE (__cy_heap_start, _end)
                0x00000001                PROVIDE (__cy_region_num, ((__cy_regions_end - __cy_regions) / 0x10))
                0x20008000                PROVIDE (__cy_stack, (ORIGIN (ram) + LENGTH (ram)))
                [!provide]                PROVIDE (__cy_heap_end, (__cy_stack - 0x800))

.cybootloader   0x00000000        0x0
 *(.cybootloader)
                0x00000000                appl1_start = CY_APPL_ORIGIN?CY_APPL_ORIGIN:ALIGN (CY_FLASH_ROW_SIZE)
                0x0001ff00                appl2_start = (appl1_start + ALIGN ((((LENGTH (rom) - appl1_start) - (0x2 * CY_FLASH_ROW_SIZE)) / 0x2), CY_FLASH_ROW_SIZE))
                0x00000000                appl_start = (CY_APPL_NUM == 0x1)?appl1_start:appl2_start
                0x00000000                ecc_offset = ((appl_start / CY_FLASH_ROW_SIZE) * CY_ECC_ROW_SIZE)
                0x00000000                ee_offset = (CY_APPL_LOADABLE && ! (CY_EE_IN_BTLDR))?((CY_EE_SIZE / CY_APPL_MAX) * (CY_APPL_NUM - 0x1)):0x0
                0x00000800                ee_size = (CY_APPL_LOADABLE && ! (CY_EE_IN_BTLDR))?(CY_EE_SIZE / CY_APPL_MAX):CY_EE_SIZE
                [!provide]                PROVIDE (CY_ECC_OFFSET, ecc_offset)

.text           0x00000000     0x316e
 CREATE_OBJECT_SYMBOLS
                0x00000000                PROVIDE (__cy_interrupt_vector, RomVectors)
 *(.romvectors)
 .romvectors    0x00000000       0x10 .\CortexM3\ARM_GCC_541\Debug\Cm3Start.o
                0x00000000                RomVectors
                0x00000001                ASSERT ((. != __cy_interrupt_vector), No interrupt vector)
                0x00000001                ASSERT (CY_APPL_ORIGIN?(SIZEOF (.cybootloader) <= CY_APPL_ORIGIN):0x1, Wrong image location)
                0x00000010                PROVIDE (__cy_reset, Reset)
 *(.text.Reset)
 .text.Reset    0x00000010       0x18 .\CortexM3\ARM_GCC_541\Debug\Cm3Start.o
                0x00000010                Reset
                0x00000001                ASSERT ((. != __cy_reset), No reset code)
 *(.dma_init)
                0x00000001                ASSERT ((((appl_start + .) <= 0x10000) || 0x1), DMA Init must be within the first 64k of flash)
 *(.text .text.* .gnu.linkonce.t.*)
 .text          0x00000028       0x5c c:/program files (x86)/cypress/psoc creator/4.2/psoc creator/import/gnu/arm/5.4.1/bin/../lib/gcc/arm-none-eabi/5.4.1/armv7-m/crtbegin.o
 .text.WaterLevelISRhandler
                0x00000084        0xc .\CortexM3\ARM_GCC_541\Debug\main.o
                0x00000084                WaterLevelISRhandler
 .text.DelayTimerInterrupt
                0x00000090        0xc .\CortexM3\ARM_GCC_541\Debug\main.o
                0x00000090                DelayTimerInterrupt
 .text.manualMode
                0x0000009c       0x18 .\CortexM3\ARM_GCC_541\Debug\main.o
                0x0000009c                manualMode
 .text.automatiskVanding
                0x000000b4       0x80 .\CortexM3\ARM_GCC_541\Debug\main.o
                0x000000b4                automatiskVanding
 .text.standbyMode
                0x00000134        0x8 .\CortexM3\ARM_GCC_541\Debug\main.o
                0x00000134                standbyMode
 .text.ISR_SPI_RX_handler
                0x0000013c       0x20 .\CortexM3\ARM_GCC_541\Debug\main.o
                0x0000013c                ISR_SPI_RX_handler
 .text.setMode  0x0000015c       0x24 .\CortexM3\ARM_GCC_541\Debug\main.o
                0x0000015c                setMode
 .text.main     0x00000180       0x84 .\CortexM3\ARM_GCC_541\Debug\main.o
                0x00000180                main
 .text.checkForPigeonAndShoot
                0x00000204      0x18c .\CortexM3\ARM_GCC_541\Debug\main.o
                0x00000204                checkForPigeonAndShoot
 .text.normalMode
                0x00000390       0x34 .\CortexM3\ARM_GCC_541\Debug\main.o
                0x00000390                normalMode
 .text.powersavingMode
                0x000003c4       0x30 .\CortexM3\ARM_GCC_541\Debug\main.o
                0x000003c4                powersavingMode
 .text.isFull   0x000003f4       0x24 .\CortexM3\ARM_GCC_541\Debug\CircularBuffer.o
 .text.isEmpty  0x00000418       0x14 .\CortexM3\ARM_GCC_541\Debug\CircularBuffer.o
 .text.push     0x0000042c       0x4c .\CortexM3\ARM_GCC_541\Debug\CircularBuffer.o
                0x0000042c                push
 .text.pop      0x00000478       0x48 .\CortexM3\ARM_GCC_541\Debug\CircularBuffer.o
                0x00000478                pop
 .text.clearBuffer
                0x000004c0        0xc .\CortexM3\ARM_GCC_541\Debug\CircularBuffer.o
 .text.initCircbuf
                0x000004cc       0x44 .\CortexM3\ARM_GCC_541\Debug\CircularBuffer.o
                0x000004cc                initCircbuf
 .text.MoistureSensor_init
                0x00000510        0x8 .\CortexM3\ARM_GCC_541\Debug\MoistureSensor.o
                0x00000510                MoistureSensor_init
 .text.MoistureSensor_getResult
                0x00000518       0x18 .\CortexM3\ARM_GCC_541\Debug\MoistureSensor.o
                0x00000518                MoistureSensor_getResult
 .text.stepperX_isr_handler
                0x00000530       0x14 .\CortexM3\ARM_GCC_541\Debug\MotorDriverX.o
                0x00000530                stepperX_isr_handler
 .text.moveStepX
                0x00000544       0x50 .\CortexM3\ARM_GCC_541\Debug\MotorDriverX.o
                0x00000544                moveStepX
 .text.rotateClockwiseX
                0x00000594       0x30 .\CortexM3\ARM_GCC_541\Debug\MotorDriverX.o
                0x00000594                rotateClockwiseX
 .text.rotateCounterClockwiseX
                0x000005c4       0x2c .\CortexM3\ARM_GCC_541\Debug\MotorDriverX.o
                0x000005c4                rotateCounterClockwiseX
 .text.resetPositionX
                0x000005f0       0x34 .\CortexM3\ARM_GCC_541\Debug\MotorDriverX.o
                0x000005f0                resetPositionX
 .text.initStepperX
                0x00000624       0x28 .\CortexM3\ARM_GCC_541\Debug\MotorDriverX.o
                0x00000624                initStepperX
 *fill*         0x0000064c        0x4 
 .text.moveDegreesX
                0x00000650       0xa0 .\CortexM3\ARM_GCC_541\Debug\MotorDriverX.o
                0x00000650                moveDegreesX
 .text.stepperY_isr_handler
                0x000006f0       0x14 .\CortexM3\ARM_GCC_541\Debug\MotorDriverY.o
                0x000006f0                stepperY_isr_handler
 .text.moveStepY
                0x00000704       0x50 .\CortexM3\ARM_GCC_541\Debug\MotorDriverY.o
                0x00000704                moveStepY
 .text.rotateClockwiseY
                0x00000754       0x30 .\CortexM3\ARM_GCC_541\Debug\MotorDriverY.o
                0x00000754                rotateClockwiseY
 .text.rotateCounterClockwiseY
                0x00000784       0x2c .\CortexM3\ARM_GCC_541\Debug\MotorDriverY.o
                0x00000784                rotateCounterClockwiseY
 .text.resetPositionY
                0x000007b0       0x34 .\CortexM3\ARM_GCC_541\Debug\MotorDriverY.o
                0x000007b0                resetPositionY
 .text.initStepperY
                0x000007e4       0x28 .\CortexM3\ARM_GCC_541\Debug\MotorDriverY.o
                0x000007e4                initStepperY
 *fill*         0x0000080c        0x4 
 .text.moveDegreesY
                0x00000810       0xa0 .\CortexM3\ARM_GCC_541\Debug\MotorDriverY.o
                0x00000810                moveDegreesY
 .text.SPI_start
                0x000008b0       0x24 .\CortexM3\ARM_GCC_541\Debug\SPI_driver_PSoC.o
                0x000008b0                SPI_start
 .text.SPI_send_pigeon_detected
                0x000008d4       0x1c .\CortexM3\ARM_GCC_541\Debug\SPI_driver_PSoC.o
                0x000008d4                SPI_send_pigeon_detected
 .text.SPI_send_resetToDefault
                0x000008f0       0x1c .\CortexM3\ARM_GCC_541\Debug\SPI_driver_PSoC.o
                0x000008f0                SPI_send_resetToDefault
 .text.SPI_send_pigeon_shot_position
                0x0000090c       0x64 .\CortexM3\ARM_GCC_541\Debug\SPI_driver_PSoC.o
                0x0000090c                SPI_send_pigeon_shot_position
 .text.SPI_send_waterlevel
                0x00000970       0x44 .\CortexM3\ARM_GCC_541\Debug\SPI_driver_PSoC.o
                0x00000970                SPI_send_waterlevel
 .text.Handle_SPI_recieved
                0x000009b4      0x108 .\CortexM3\ARM_GCC_541\Debug\SPI_driver_PSoC.o
                0x000009b4                Handle_SPI_recieved
 .text.initWaterPump
                0x00000abc        0xc .\CortexM3\ARM_GCC_541\Debug\WaterPump.o
                0x00000abc                initWaterPump
 .text.WaterPump_fireWater
                0x00000ac8       0x18 .\CortexM3\ARM_GCC_541\Debug\WaterPump.o
                0x00000ac8                WaterPump_fireWater
 .text.Sonar_Start
                0x00000ae0       0x20 .\CortexM3\ARM_GCC_541\Debug\SonarDriver.o
                0x00000ae0                Sonar_Start
 .text.Sonar_GetPosition
                0x00000b00      0x238 .\CortexM3\ARM_GCC_541\Debug\SonarDriver.o
                0x00000b00                Sonar_GetPosition
 .text.WaSensInit
                0x00000d38        0xc .\CortexM3\ARM_GCC_541\Debug\WaterSensor.o
                0x00000d38                WaSensInit
 *fill*         0x00000d44        0x4 
 .text.WaSensMeasure
                0x00000d48       0xa0 .\CortexM3\ARM_GCC_541\Debug\WaterSensor.o
                0x00000d48                WaSensMeasure
 .text.CyClockStartupError
                0x00000de8        0x4 .\CortexM3\ARM_GCC_541\Debug\cyfitter_cfg.o
 .text.cfg_write_bytes32
                0x00000dec       0x34 .\CortexM3\ARM_GCC_541\Debug\cyfitter_cfg.o
 .text.CYMEMZERO
                0x00000e20        0xc .\CortexM3\ARM_GCC_541\Debug\cyfitter_cfg.o
 .text.AnalogSetDefault
                0x00000e2c       0x94 .\CortexM3\ARM_GCC_541\Debug\cyfitter_cfg.o
 .text.CYCONFIGCPY
                0x00000ec0        0x8 .\CortexM3\ARM_GCC_541\Debug\cyfitter_cfg.o
 .text.ClockSetup
                0x00000ec8      0x108 .\CortexM3\ARM_GCC_541\Debug\cyfitter_cfg.o
 .text.cyfitter_cfg
                0x00000fd0      0x134 .\CortexM3\ARM_GCC_541\Debug\cyfitter_cfg.o
                0x00000fd0                cyfitter_cfg
 .text.IntDefaultHandler
                0x00001104       0x10 .\CortexM3\ARM_GCC_541\Debug\Cm3Start.o
                0x00001104                IntDefaultHandler
 .text.Start_c  0x00001114       0x4c .\CortexM3\ARM_GCC_541\Debug\Cm3Start.o
                0x00001114                Start_c
 .text.initialize_psoc
                0x00001160       0x68 .\CortexM3\ARM_GCC_541\Debug\Cm3Start.o
                0x00001160                initialize_psoc
 .text.CyILO_Start1K
                0x000011c8       0x10 .\CortexM3\ARM_GCC_541\Debug\PSoCcontroller.a(CyLib.o)
                0x000011c8                CyILO_Start1K
 .text.CyILO_Start100K
                0x000011d8       0x10 .\CortexM3\ARM_GCC_541\Debug\PSoCcontroller.a(CyLib.o)
                0x000011d8                CyILO_Start100K
 .text.CyILO_SetPowerMode
                0x000011e8       0x24 .\CortexM3\ARM_GCC_541\Debug\PSoCcontroller.a(CyLib.o)
                0x000011e8                CyILO_SetPowerMode
 .text.CyHalt   0x0000120c        0x4 .\CortexM3\ARM_GCC_541\Debug\PSoCcontroller.a(CyLib.o)
                0x0000120c                CyHalt
 .text.CyDelay  0x00001210       0x2c .\CortexM3\ARM_GCC_541\Debug\PSoCcontroller.a(CyLib.o)
                0x00001210                CyDelay
 .text.CyDelayUs
                0x0000123c       0x14 .\CortexM3\ARM_GCC_541\Debug\PSoCcontroller.a(CyLib.o)
                0x0000123c                CyDelayUs
 .text.CyVdStickyStatus
                0x00001250       0x2c .\CortexM3\ARM_GCC_541\Debug\PSoCcontroller.a(CyLib.o)
                0x00001250                CyVdStickyStatus
 .text.CyVdLvDigitEnable
                0x0000127c       0x84 .\CortexM3\ARM_GCC_541\Debug\PSoCcontroller.a(CyLib.o)
                0x0000127c                CyVdLvDigitEnable
 .text.CyVdLvAnalogEnable
                0x00001300       0x80 .\CortexM3\ARM_GCC_541\Debug\PSoCcontroller.a(CyLib.o)
                0x00001300                CyVdLvAnalogEnable
 .text.CyVdLvDigitDisable
                0x00001380       0x30 .\CortexM3\ARM_GCC_541\Debug\PSoCcontroller.a(CyLib.o)
                0x00001380                CyVdLvDigitDisable
 .text.CyVdLvAnalogDisable
                0x000013b0       0x28 .\CortexM3\ARM_GCC_541\Debug\PSoCcontroller.a(CyLib.o)
                0x000013b0                CyVdLvAnalogDisable
 .text.CyVdHvAnalogEnable
                0x000013d8       0x54 .\CortexM3\ARM_GCC_541\Debug\PSoCcontroller.a(CyLib.o)
                0x000013d8                CyVdHvAnalogEnable
 .text.CyVdHvAnalogDisable
                0x0000142c       0x20 .\CortexM3\ARM_GCC_541\Debug\PSoCcontroller.a(CyLib.o)
                0x0000142c                CyVdHvAnalogDisable
 .text.CyIntSetVector
                0x0000144c       0x28 .\CortexM3\ARM_GCC_541\Debug\PSoCcontroller.a(CyLib.o)
                0x0000144c                CyIntSetVector
 .text.CyIntSetPriority
                0x00001474       0x30 .\CortexM3\ARM_GCC_541\Debug\PSoCcontroller.a(CyLib.o)
                0x00001474                CyIntSetPriority
 .text.CyPmHibSlpSaveSet
                0x000014a4      0x1dc .\CortexM3\ARM_GCC_541\Debug\PSoCcontroller.a(cyPm.o)
 .text.CyPmHibSlpRestore
                0x00001680       0xd8 .\CortexM3\ARM_GCC_541\Debug\PSoCcontroller.a(cyPm.o)
 .text.CyPmHviLviSaveDisable
                0x00001758       0xa0 .\CortexM3\ARM_GCC_541\Debug\PSoCcontroller.a(cyPm.o)
 .text.CyPmHibSaveSet
                0x000017f8       0x98 .\CortexM3\ARM_GCC_541\Debug\PSoCcontroller.a(cyPm.o)
 .text.CyPmHviLviRestore
                0x00001890       0x48 .\CortexM3\ARM_GCC_541\Debug\PSoCcontroller.a(cyPm.o)
 .text.CyPmHibRestore
                0x000018d8       0x60 .\CortexM3\ARM_GCC_541\Debug\PSoCcontroller.a(cyPm.o)
 .text.CyPmAltAct
                0x00001938       0x6c .\CortexM3\ARM_GCC_541\Debug\PSoCcontroller.a(cyPm.o)
                0x00001938                CyPmAltAct
 .text.CyPmHibernateEx
                0x000019a4       0xf4 .\CortexM3\ARM_GCC_541\Debug\PSoCcontroller.a(cyPm.o)
                0x000019a4                CyPmHibernateEx
 .text.CyPmHibernate
                0x00001a98        0xc .\CortexM3\ARM_GCC_541\Debug\PSoCcontroller.a(cyPm.o)
                0x00001a98                CyPmHibernate
 .text.Timer_Sonar_Enable
                0x00001aa4       0x10 .\CortexM3\ARM_GCC_541\Debug\PSoCcontroller.a(Timer_Sonar.o)
                0x00001aa4                Timer_Sonar_Enable
 .text.Timer_Sonar_SetInterruptMode
                0x00001ab4        0xc .\CortexM3\ARM_GCC_541\Debug\PSoCcontroller.a(Timer_Sonar.o)
                0x00001ab4                Timer_Sonar_SetInterruptMode
 .text.Timer_Sonar_ReadStatusRegister
                0x00001ac0        0xc .\CortexM3\ARM_GCC_541\Debug\PSoCcontroller.a(Timer_Sonar.o)
                0x00001ac0                Timer_Sonar_ReadStatusRegister
 .text.Timer_Sonar_WritePeriod
                0x00001acc       0x10 .\CortexM3\ARM_GCC_541\Debug\PSoCcontroller.a(Timer_Sonar.o)
                0x00001acc                Timer_Sonar_WritePeriod
 .text.Timer_Sonar_ReadCapture
                0x00001adc       0x10 .\CortexM3\ARM_GCC_541\Debug\PSoCcontroller.a(Timer_Sonar.o)
                0x00001adc                Timer_Sonar_ReadCapture
 .text.Timer_Sonar_WriteCounter
                0x00001aec       0x10 .\CortexM3\ARM_GCC_541\Debug\PSoCcontroller.a(Timer_Sonar.o)
                0x00001aec                Timer_Sonar_WriteCounter
 .text.Timer_Sonar_ReadCounter
                0x00001afc       0x18 .\CortexM3\ARM_GCC_541\Debug\PSoCcontroller.a(Timer_Sonar.o)
                0x00001afc                Timer_Sonar_ReadCounter
 .text.Timer_Sonar_ClearFIFO
                0x00001b14       0x14 .\CortexM3\ARM_GCC_541\Debug\PSoCcontroller.a(Timer_Sonar.o)
                0x00001b14                Timer_Sonar_ClearFIFO
 .text.Timer_Sonar_Init
                0x00001b28       0x34 .\CortexM3\ARM_GCC_541\Debug\PSoCcontroller.a(Timer_Sonar.o)
                0x00001b28                Timer_Sonar_Init
 .text.Timer_Sonar_Start
                0x00001b5c       0x1c .\CortexM3\ARM_GCC_541\Debug\PSoCcontroller.a(Timer_Sonar.o)
                0x00001b5c                Timer_Sonar_Start
 .text.Trigger_1_Write
                0x00001b78       0x18 .\CortexM3\ARM_GCC_541\Debug\PSoCcontroller.a(Trigger_1.o)
                0x00001b78                Trigger_1_Write
 .text.Trigger_2_Write
                0x00001b90       0x18 .\CortexM3\ARM_GCC_541\Debug\PSoCcontroller.a(Trigger_2.o)
                0x00001b90                Trigger_2_Write
 .text.Echo_1_Read
                0x00001ba8       0x10 .\CortexM3\ARM_GCC_541\Debug\PSoCcontroller.a(Echo_1.o)
                0x00001ba8                Echo_1_Read
 .text.Echo_2_Read
                0x00001bb8       0x10 .\CortexM3\ARM_GCC_541\Debug\PSoCcontroller.a(Echo_2.o)
                0x00001bb8                Echo_2_Read
 .text.UART_1_PutChar
                0x00001bc8       0x18 .\CortexM3\ARM_GCC_541\Debug\PSoCcontroller.a(UART_1.o)
                0x00001bc8                UART_1_PutChar
 .text.UART_1_PutString
                0x00001be0       0x24 .\CortexM3\ARM_GCC_541\Debug\PSoCcontroller.a(UART_1.o)
                0x00001be0                UART_1_PutString
 .text.Delay_Timer_Enable
                0x00001c04       0x10 .\CortexM3\ARM_GCC_541\Debug\PSoCcontroller.a(Delay_Timer.o)
                0x00001c04                Delay_Timer_Enable
 .text.Delay_Timer_Stop
                0x00001c14       0x10 .\CortexM3\ARM_GCC_541\Debug\PSoCcontroller.a(Delay_Timer.o)
                0x00001c14                Delay_Timer_Stop
 .text.Delay_Timer_SetInterruptMode
                0x00001c24        0xc .\CortexM3\ARM_GCC_541\Debug\PSoCcontroller.a(Delay_Timer.o)
                0x00001c24                Delay_Timer_SetInterruptMode
 .text.Delay_Timer_ReadStatusRegister
                0x00001c30        0xc .\CortexM3\ARM_GCC_541\Debug\PSoCcontroller.a(Delay_Timer.o)
                0x00001c30                Delay_Timer_ReadStatusRegister
 .text.Delay_Timer_WritePeriod
                0x00001c3c        0xc .\CortexM3\ARM_GCC_541\Debug\PSoCcontroller.a(Delay_Timer.o)
                0x00001c3c                Delay_Timer_WritePeriod
 .text.Delay_Timer_ReadCapture
                0x00001c48        0xc .\CortexM3\ARM_GCC_541\Debug\PSoCcontroller.a(Delay_Timer.o)
                0x00001c48                Delay_Timer_ReadCapture
 .text.Delay_Timer_WriteCounter
                0x00001c54        0xc .\CortexM3\ARM_GCC_541\Debug\PSoCcontroller.a(Delay_Timer.o)
                0x00001c54                Delay_Timer_WriteCounter
 .text.Delay_Timer_ClearFIFO
                0x00001c60       0x14 .\CortexM3\ARM_GCC_541\Debug\PSoCcontroller.a(Delay_Timer.o)
                0x00001c60                Delay_Timer_ClearFIFO
 .text.Delay_Timer_Init
                0x00001c74       0x34 .\CortexM3\ARM_GCC_541\Debug\PSoCcontroller.a(Delay_Timer.o)
                0x00001c74                Delay_Timer_Init
 .text.Delay_Timer_Start
                0x00001ca8       0x1c .\CortexM3\ARM_GCC_541\Debug\PSoCcontroller.a(Delay_Timer.o)
                0x00001ca8                Delay_Timer_Start
 .text.ISR_delay_SetVector
                0x00001cc4        0xc .\CortexM3\ARM_GCC_541\Debug\PSoCcontroller.a(ISR_delay.o)
                0x00001cc4                ISR_delay_SetVector
 .text.ISR_delay_SetPriority
                0x00001cd0       0x10 .\CortexM3\ARM_GCC_541\Debug\PSoCcontroller.a(ISR_delay.o)
                0x00001cd0                ISR_delay_SetPriority
 .text.ISR_delay_Enable
                0x00001ce0        0xc .\CortexM3\ARM_GCC_541\Debug\PSoCcontroller.a(ISR_delay.o)
                0x00001ce0                ISR_delay_Enable
 .text.ISR_delay_Disable
                0x00001cec        0xc .\CortexM3\ARM_GCC_541\Debug\PSoCcontroller.a(ISR_delay.o)
                0x00001cec                ISR_delay_Disable
 .text.ISR_delay_StartEx
                0x00001cf8       0x1c .\CortexM3\ARM_GCC_541\Debug\PSoCcontroller.a(ISR_delay.o)
                0x00001cf8                ISR_delay_StartEx
 .text.ADC_Moisture_CalcGain
                0x00001d14       0x64 .\CortexM3\ARM_GCC_541\Debug\PSoCcontroller.a(ADC_Moisture.o)
 .text.ADC_Moisture_Enable
                0x00001d78       0x94 .\CortexM3\ARM_GCC_541\Debug\PSoCcontroller.a(ADC_Moisture.o)
                0x00001d78                ADC_Moisture_Enable
 .text.ADC_Moisture_SetResolution
                0x00001e0c       0x38 .\CortexM3\ARM_GCC_541\Debug\PSoCcontroller.a(ADC_Moisture.o)
                0x00001e0c                ADC_Moisture_SetResolution
 .text.ADC_Moisture_Init
                0x00001e44       0x3c .\CortexM3\ARM_GCC_541\Debug\PSoCcontroller.a(ADC_Moisture.o)
                0x00001e44                ADC_Moisture_Init
 .text.ADC_Moisture_Start
                0x00001e80       0x1c .\CortexM3\ARM_GCC_541\Debug\PSoCcontroller.a(ADC_Moisture.o)
                0x00001e80                ADC_Moisture_Start
 .text.ADC_Moisture_StartConvert
                0x00001e9c       0x10 .\CortexM3\ARM_GCC_541\Debug\PSoCcontroller.a(ADC_Moisture.o)
                0x00001e9c                ADC_Moisture_StartConvert
 .text.ADC_Moisture_IsEndConversion
                0x00001eac       0x24 .\CortexM3\ARM_GCC_541\Debug\PSoCcontroller.a(ADC_Moisture.o)
                0x00001eac                ADC_Moisture_IsEndConversion
 .text.ADC_Moisture_GetResult16
                0x00001ed0       0x18 .\CortexM3\ARM_GCC_541\Debug\PSoCcontroller.a(ADC_Moisture.o)
                0x00001ed0                ADC_Moisture_GetResult16
 .text.ADC_Moisture_ISR
                0x00001ee8        0x4 .\CortexM3\ARM_GCC_541\Debug\PSoCcontroller.a(ADC_Moisture_INT.o)
                0x00001ee8                ADC_Moisture_ISR
 .text.ADC_Moisture_theACLK_SetModeRegister
                0x00001eec       0x14 .\CortexM3\ARM_GCC_541\Debug\PSoCcontroller.a(ADC_Moisture_theACLK.o)
                0x00001eec                ADC_Moisture_theACLK_SetModeRegister
 .text.ISR_WaterLevel_SetVector
                0x00001f00        0xc .\CortexM3\ARM_GCC_541\Debug\PSoCcontroller.a(ISR_WaterLevel.o)
                0x00001f00                ISR_WaterLevel_SetVector
 .text.ISR_WaterLevel_SetPriority
                0x00001f0c       0x10 .\CortexM3\ARM_GCC_541\Debug\PSoCcontroller.a(ISR_WaterLevel.o)
                0x00001f0c                ISR_WaterLevel_SetPriority
 .text.ISR_WaterLevel_Enable
                0x00001f1c        0xc .\CortexM3\ARM_GCC_541\Debug\PSoCcontroller.a(ISR_WaterLevel.o)
                0x00001f1c                ISR_WaterLevel_Enable
 .text.ISR_WaterLevel_Disable
                0x00001f28        0xc .\CortexM3\ARM_GCC_541\Debug\PSoCcontroller.a(ISR_WaterLevel.o)
                0x00001f28                ISR_WaterLevel_Disable
 .text.ISR_WaterLevel_StartEx
                0x00001f34       0x1c .\CortexM3\ARM_GCC_541\Debug\PSoCcontroller.a(ISR_WaterLevel.o)
                0x00001f34                ISR_WaterLevel_StartEx
 .text.Timer_StepperX_Enable
                0x00001f50       0x10 .\CortexM3\ARM_GCC_541\Debug\PSoCcontroller.a(Timer_StepperX.o)
                0x00001f50                Timer_StepperX_Enable
 .text.Timer_StepperX_Stop
                0x00001f60       0x10 .\CortexM3\ARM_GCC_541\Debug\PSoCcontroller.a(Timer_StepperX.o)
                0x00001f60                Timer_StepperX_Stop
 .text.Timer_StepperX_SetInterruptMode
                0x00001f70        0xc .\CortexM3\ARM_GCC_541\Debug\PSoCcontroller.a(Timer_StepperX.o)
                0x00001f70                Timer_StepperX_SetInterruptMode
 .text.Timer_StepperX_ReadStatusRegister
                0x00001f7c        0xc .\CortexM3\ARM_GCC_541\Debug\PSoCcontroller.a(Timer_StepperX.o)
                0x00001f7c                Timer_StepperX_ReadStatusRegister
 .text.Timer_StepperX_WritePeriod
                0x00001f88        0xc .\CortexM3\ARM_GCC_541\Debug\PSoCcontroller.a(Timer_StepperX.o)
                0x00001f88                Timer_StepperX_WritePeriod
 .text.Timer_StepperX_ReadCapture
                0x00001f94        0xc .\CortexM3\ARM_GCC_541\Debug\PSoCcontroller.a(Timer_StepperX.o)
                0x00001f94                Timer_StepperX_ReadCapture
 .text.Timer_StepperX_WriteCounter
                0x00001fa0        0xc .\CortexM3\ARM_GCC_541\Debug\PSoCcontroller.a(Timer_StepperX.o)
                0x00001fa0                Timer_StepperX_WriteCounter
 .text.Timer_StepperX_ClearFIFO
                0x00001fac       0x14 .\CortexM3\ARM_GCC_541\Debug\PSoCcontroller.a(Timer_StepperX.o)
                0x00001fac                Timer_StepperX_ClearFIFO
 .text.Timer_StepperX_Init
                0x00001fc0       0x34 .\CortexM3\ARM_GCC_541\Debug\PSoCcontroller.a(Timer_StepperX.o)
                0x00001fc0                Timer_StepperX_Init
 .text.Timer_StepperX_Start
                0x00001ff4       0x1c .\CortexM3\ARM_GCC_541\Debug\PSoCcontroller.a(Timer_StepperX.o)
                0x00001ff4                Timer_StepperX_Start
 .text.ISR_stepperY_SetVector
                0x00002010        0xc .\CortexM3\ARM_GCC_541\Debug\PSoCcontroller.a(ISR_stepperY.o)
                0x00002010                ISR_stepperY_SetVector
 .text.ISR_stepperY_SetPriority
                0x0000201c       0x10 .\CortexM3\ARM_GCC_541\Debug\PSoCcontroller.a(ISR_stepperY.o)
                0x0000201c                ISR_stepperY_SetPriority
 .text.ISR_stepperY_Enable
                0x0000202c        0xc .\CortexM3\ARM_GCC_541\Debug\PSoCcontroller.a(ISR_stepperY.o)
                0x0000202c                ISR_stepperY_Enable
 .text.ISR_stepperY_Disable
                0x00002038        0xc .\CortexM3\ARM_GCC_541\Debug\PSoCcontroller.a(ISR_stepperY.o)
                0x00002038                ISR_stepperY_Disable
 .text.ISR_stepperY_StartEx
                0x00002044       0x1c .\CortexM3\ARM_GCC_541\Debug\PSoCcontroller.a(ISR_stepperY.o)
                0x00002044                ISR_stepperY_StartEx
 .text.Timer_StepperY_Enable
                0x00002060       0x10 .\CortexM3\ARM_GCC_541\Debug\PSoCcontroller.a(Timer_StepperY.o)
                0x00002060                Timer_StepperY_Enable
 .text.Timer_StepperY_Stop
                0x00002070       0x10 .\CortexM3\ARM_GCC_541\Debug\PSoCcontroller.a(Timer_StepperY.o)
                0x00002070                Timer_StepperY_Stop
 .text.Timer_StepperY_SetInterruptMode
                0x00002080        0xc .\CortexM3\ARM_GCC_541\Debug\PSoCcontroller.a(Timer_StepperY.o)
                0x00002080                Timer_StepperY_SetInterruptMode
 .text.Timer_StepperY_ReadStatusRegister
                0x0000208c        0xc .\CortexM3\ARM_GCC_541\Debug\PSoCcontroller.a(Timer_StepperY.o)
                0x0000208c                Timer_StepperY_ReadStatusRegister
 .text.Timer_StepperY_WritePeriod
                0x00002098        0xc .\CortexM3\ARM_GCC_541\Debug\PSoCcontroller.a(Timer_StepperY.o)
                0x00002098                Timer_StepperY_WritePeriod
 .text.Timer_StepperY_ReadCapture
                0x000020a4        0xc .\CortexM3\ARM_GCC_541\Debug\PSoCcontroller.a(Timer_StepperY.o)
                0x000020a4                Timer_StepperY_ReadCapture
 .text.Timer_StepperY_WriteCounter
                0x000020b0        0xc .\CortexM3\ARM_GCC_541\Debug\PSoCcontroller.a(Timer_StepperY.o)
                0x000020b0                Timer_StepperY_WriteCounter
 .text.Timer_StepperY_ClearFIFO
                0x000020bc       0x14 .\CortexM3\ARM_GCC_541\Debug\PSoCcontroller.a(Timer_StepperY.o)
                0x000020bc                Timer_StepperY_ClearFIFO
 .text.Timer_StepperY_Init
                0x000020d0       0x34 .\CortexM3\ARM_GCC_541\Debug\PSoCcontroller.a(Timer_StepperY.o)
                0x000020d0                Timer_StepperY_Init
 .text.Timer_StepperY_Start
                0x00002104       0x1c .\CortexM3\ARM_GCC_541\Debug\PSoCcontroller.a(Timer_StepperY.o)
                0x00002104                Timer_StepperY_Start
 .text.ISR_stepperX_SetVector
                0x00002120        0xc .\CortexM3\ARM_GCC_541\Debug\PSoCcontroller.a(ISR_stepperX.o)
                0x00002120                ISR_stepperX_SetVector
 .text.ISR_stepperX_SetPriority
                0x0000212c       0x10 .\CortexM3\ARM_GCC_541\Debug\PSoCcontroller.a(ISR_stepperX.o)
                0x0000212c                ISR_stepperX_SetPriority
 .text.ISR_stepperX_Enable
                0x0000213c        0xc .\CortexM3\ARM_GCC_541\Debug\PSoCcontroller.a(ISR_stepperX.o)
                0x0000213c                ISR_stepperX_Enable
 .text.ISR_stepperX_Disable
                0x00002148        0xc .\CortexM3\ARM_GCC_541\Debug\PSoCcontroller.a(ISR_stepperX.o)
                0x00002148                ISR_stepperX_Disable
 .text.ISR_stepperX_StartEx
                0x00002154       0x1c .\CortexM3\ARM_GCC_541\Debug\PSoCcontroller.a(ISR_stepperX.o)
                0x00002154                ISR_stepperX_StartEx
 .text.Pin_X1_Write
                0x00002170       0x18 .\CortexM3\ARM_GCC_541\Debug\PSoCcontroller.a(Pin_X1.o)
                0x00002170                Pin_X1_Write
 .text.Pin_X2_Write
                0x00002188       0x18 .\CortexM3\ARM_GCC_541\Debug\PSoCcontroller.a(Pin_X2.o)
                0x00002188                Pin_X2_Write
 .text.Pin_X3_Read
                0x000021a0       0x10 .\CortexM3\ARM_GCC_541\Debug\PSoCcontroller.a(Pin_X3.o)
                0x000021a0                Pin_X3_Read
 .text.Pin_Y1_Write
                0x000021b0       0x18 .\CortexM3\ARM_GCC_541\Debug\PSoCcontroller.a(Pin_Y1.o)
                0x000021b0                Pin_Y1_Write
 .text.Pin_Y2_Write
                0x000021c8       0x18 .\CortexM3\ARM_GCC_541\Debug\PSoCcontroller.a(Pin_Y2.o)
                0x000021c8                Pin_Y2_Write
 .text.Pin_Y3_Read
                0x000021e0       0x10 .\CortexM3\ARM_GCC_541\Debug\PSoCcontroller.a(Pin_Y3.o)
                0x000021e0                Pin_Y3_Read
 .text.ADC_SAR_WaSens_CalcGain
                0x000021f0       0x64 .\CortexM3\ARM_GCC_541\Debug\PSoCcontroller.a(ADC_SAR_WaSens.o)
 .text.ADC_SAR_WaSens_Enable
                0x00002254       0x94 .\CortexM3\ARM_GCC_541\Debug\PSoCcontroller.a(ADC_SAR_WaSens.o)
                0x00002254                ADC_SAR_WaSens_Enable
 .text.ADC_SAR_WaSens_SetResolution
                0x000022e8       0x38 .\CortexM3\ARM_GCC_541\Debug\PSoCcontroller.a(ADC_SAR_WaSens.o)
                0x000022e8                ADC_SAR_WaSens_SetResolution
 .text.ADC_SAR_WaSens_Init
                0x00002320       0x3c .\CortexM3\ARM_GCC_541\Debug\PSoCcontroller.a(ADC_SAR_WaSens.o)
                0x00002320                ADC_SAR_WaSens_Init
 .text.ADC_SAR_WaSens_Start
                0x0000235c       0x1c .\CortexM3\ARM_GCC_541\Debug\PSoCcontroller.a(ADC_SAR_WaSens.o)
                0x0000235c                ADC_SAR_WaSens_Start
 .text.ADC_SAR_WaSens_StartConvert
                0x00002378       0x10 .\CortexM3\ARM_GCC_541\Debug\PSoCcontroller.a(ADC_SAR_WaSens.o)
                0x00002378                ADC_SAR_WaSens_StartConvert
 .text.ADC_SAR_WaSens_IsEndConversion
                0x00002388       0x24 .\CortexM3\ARM_GCC_541\Debug\PSoCcontroller.a(ADC_SAR_WaSens.o)
                0x00002388                ADC_SAR_WaSens_IsEndConversion
 .text.ADC_SAR_WaSens_GetResult16
                0x000023ac       0x18 .\CortexM3\ARM_GCC_541\Debug\PSoCcontroller.a(ADC_SAR_WaSens.o)
                0x000023ac                ADC_SAR_WaSens_GetResult16
 .text.ADC_SAR_WaSens_ISR
                0x000023c4        0x4 .\CortexM3\ARM_GCC_541\Debug\PSoCcontroller.a(ADC_SAR_WaSens_INT.o)
                0x000023c4                ADC_SAR_WaSens_ISR
 .text.PWM_WaSens_WriteCounter
                0x000023c8        0xc .\CortexM3\ARM_GCC_541\Debug\PSoCcontroller.a(PWM_WaSens.o)
                0x000023c8                PWM_WaSens_WriteCounter
 .text.PWM_WaSens_WritePeriod
                0x000023d4        0xc .\CortexM3\ARM_GCC_541\Debug\PSoCcontroller.a(PWM_WaSens.o)
                0x000023d4                PWM_WaSens_WritePeriod
 .text.PWM_WaSens_WriteCompare
                0x000023e0        0xc .\CortexM3\ARM_GCC_541\Debug\PSoCcontroller.a(PWM_WaSens.o)
                0x000023e0                PWM_WaSens_WriteCompare
 .text.PWM_WaSens_SetInterruptMode
                0x000023ec        0xc .\CortexM3\ARM_GCC_541\Debug\PSoCcontroller.a(PWM_WaSens.o)
                0x000023ec                PWM_WaSens_SetInterruptMode
 .text.PWM_WaSens_ReadStatusRegister
                0x000023f8        0xc .\CortexM3\ARM_GCC_541\Debug\PSoCcontroller.a(PWM_WaSens.o)
                0x000023f8                PWM_WaSens_ReadStatusRegister
 .text.PWM_WaSens_ReadCapture
                0x00002404        0xc .\CortexM3\ARM_GCC_541\Debug\PSoCcontroller.a(PWM_WaSens.o)
                0x00002404                PWM_WaSens_ReadCapture
 .text.PWM_WaSens_ClearFIFO
                0x00002410       0x14 .\CortexM3\ARM_GCC_541\Debug\PSoCcontroller.a(PWM_WaSens.o)
                0x00002410                PWM_WaSens_ClearFIFO
 .text.PWM_WaSens_Init
                0x00002424       0x40 .\CortexM3\ARM_GCC_541\Debug\PSoCcontroller.a(PWM_WaSens.o)
                0x00002424                PWM_WaSens_Init
 .text.PWM_WaSens_Start
                0x00002464       0x18 .\CortexM3\ARM_GCC_541\Debug\PSoCcontroller.a(PWM_WaSens.o)
                0x00002464                PWM_WaSens_Start
 .text.Pin_WaterPump_Write
                0x0000247c       0x18 .\CortexM3\ARM_GCC_541\Debug\PSoCcontroller.a(Pin_WaterPump.o)
                0x0000247c                Pin_WaterPump_Write
 .text.ADC_SAR_WaSens_theACLK_SetModeRegister
                0x00002494       0x14 .\CortexM3\ARM_GCC_541\Debug\PSoCcontroller.a(ADC_SAR_WaSens_theACLK.o)
                0x00002494                ADC_SAR_WaSens_theACLK_SetModeRegister
 .text.Pin_Low_WL_Write
                0x000024a8       0x18 .\CortexM3\ARM_GCC_541\Debug\PSoCcontroller.a(Pin_Low_WL.o)
                0x000024a8                Pin_Low_WL_Write
 .text.Pin_Low_WL_Read
                0x000024c0        0xc .\CortexM3\ARM_GCC_541\Debug\PSoCcontroller.a(Pin_Low_WL.o)
                0x000024c0                Pin_Low_WL_Read
 .text.SPI_1_Enable
                0x000024cc       0x3c .\CortexM3\ARM_GCC_541\Debug\PSoCcontroller.a(SPI_1.o)
                0x000024cc                SPI_1_Enable
 .text.SPI_1_ReadTxStatus
                0x00002508        0xc .\CortexM3\ARM_GCC_541\Debug\PSoCcontroller.a(SPI_1.o)
                0x00002508                SPI_1_ReadTxStatus
 .text.SPI_1_ReadRxStatus
                0x00002514        0xc .\CortexM3\ARM_GCC_541\Debug\PSoCcontroller.a(SPI_1.o)
                0x00002514                SPI_1_ReadRxStatus
 .text.SPI_1_WriteTxDataZero
                0x00002520        0xc .\CortexM3\ARM_GCC_541\Debug\PSoCcontroller.a(SPI_1.o)
                0x00002520                SPI_1_WriteTxDataZero
 .text.SPI_1_ReadRxData
                0x0000252c        0xc .\CortexM3\ARM_GCC_541\Debug\PSoCcontroller.a(SPI_1.o)
                0x0000252c                SPI_1_ReadRxData
 .text.SPI_1_ClearFIFO
                0x00002538       0x3c .\CortexM3\ARM_GCC_541\Debug\PSoCcontroller.a(SPI_1.o)
                0x00002538                SPI_1_ClearFIFO
 .text.SPI_1_Init
                0x00002574       0x4c .\CortexM3\ARM_GCC_541\Debug\PSoCcontroller.a(SPI_1.o)
                0x00002574                SPI_1_Init
 .text.SPI_1_Start
                0x000025c0       0x1c .\CortexM3\ARM_GCC_541\Debug\PSoCcontroller.a(SPI_1.o)
                0x000025c0                SPI_1_Start
 .text.SPI_1_RX_ISR
                0x000025dc        0x4 .\CortexM3\ARM_GCC_541\Debug\PSoCcontroller.a(SPI_1_INT.o)
                0x000025dc                SPI_1_RX_ISR
 .text.SPI_ISR_SetVector
                0x000025e0        0xc .\CortexM3\ARM_GCC_541\Debug\PSoCcontroller.a(SPI_ISR.o)
                0x000025e0                SPI_ISR_SetVector
 .text.SPI_ISR_SetPriority
                0x000025ec       0x10 .\CortexM3\ARM_GCC_541\Debug\PSoCcontroller.a(SPI_ISR.o)
                0x000025ec                SPI_ISR_SetPriority
 .text.SPI_ISR_Enable
                0x000025fc        0xc .\CortexM3\ARM_GCC_541\Debug\PSoCcontroller.a(SPI_ISR.o)
                0x000025fc                SPI_ISR_Enable
 .text.SPI_ISR_Disable
                0x00002608        0xc .\CortexM3\ARM_GCC_541\Debug\PSoCcontroller.a(SPI_ISR.o)
                0x00002608                SPI_ISR_Disable
 .text.SPI_ISR_StartEx
                0x00002614       0x1c .\CortexM3\ARM_GCC_541\Debug\PSoCcontroller.a(SPI_ISR.o)
                0x00002614                SPI_ISR_StartEx
 .text.SPI_read_req_Write
                0x00002630       0x18 .\CortexM3\ARM_GCC_541\Debug\PSoCcontroller.a(SPI_read_req.o)
                0x00002630                SPI_read_req_Write
 .text          0x00002648       0x20 .\CortexM3\ARM_GCC_541\Debug\PSoCcontroller.a(CyBootAsmGnu.o)
                0x00002648                CyDelayCycles
                0x00002658                CyEnterCriticalSection
                0x00002660                CyExitCriticalSection
 .text.CySetReg24
                0x00002668       0x14 .\CortexM3\ARM_GCC_541\Debug\PSoCcontroller.a(cyutils.o)
                0x00002668                CySetReg24
 .text.round    0x0000267c       0xa0 c:/program files (x86)/cypress/psoc creator/4.2/psoc creator/import/gnu/arm/5.4.1/bin/../lib/gcc/arm-none-eabi/5.4.1/../../../../arm-none-eabi/lib/armv7-m\libm.a(lib_a-s_round.o)
                0x0000267c                round
 .text          0x0000271c      0x370 c:/program files (x86)/cypress/psoc creator/4.2/psoc creator/import/gnu/arm/5.4.1/bin/../lib/gcc/arm-none-eabi/5.4.1/armv7-m\libgcc.a(_arm_addsubdf3.o)
                0x0000271c                __aeabi_drsub
                0x00002724                __aeabi_dsub
                0x00002724                __subdf3
                0x00002728                __aeabi_dadd
                0x00002728                __adddf3
                0x000029a0                __floatunsidf
                0x000029a0                __aeabi_ui2d
                0x000029c0                __floatsidf
                0x000029c0                __aeabi_i2d
                0x000029e4                __aeabi_f2d
                0x000029e4                __extendsfdf2
                0x00002a20                __floatundidf
                0x00002a20                __aeabi_ul2d
                0x00002a30                __floatdidf
                0x00002a30                __aeabi_l2d
 .text          0x00002a8c      0x424 c:/program files (x86)/cypress/psoc creator/4.2/psoc creator/import/gnu/arm/5.4.1/bin/../lib/gcc/arm-none-eabi/5.4.1/armv7-m\libgcc.a(_arm_muldivdf3.o)
                0x00002a8c                __aeabi_dmul
                0x00002a8c                __muldf3
                0x00002ce0                __divdf3
                0x00002ce0                __aeabi_ddiv
 .text          0x00002eb0      0x110 c:/program files (x86)/cypress/psoc creator/4.2/psoc creator/import/gnu/arm/5.4.1/bin/../lib/gcc/arm-none-eabi/5.4.1/armv7-m\libgcc.a(_arm_cmpdf2.o)
                0x00002eb0                __gtdf2
                0x00002eb0                __gedf2
                0x00002eb8                __ltdf2
                0x00002eb8                __ledf2
                0x00002ec0                __nedf2
                0x00002ec0                __eqdf2
                0x00002ec0                __cmpdf2
                0x00002f3c                __aeabi_cdrcmple
                0x00002f4c                __aeabi_cdcmpeq
                0x00002f4c                __aeabi_cdcmple
                0x00002f5c                __aeabi_dcmpeq
                0x00002f70                __aeabi_dcmplt
                0x00002f84                __aeabi_dcmple
                0x00002f98                __aeabi_dcmpge
                0x00002fac                __aeabi_dcmpgt
 .text          0x00002fc0       0x50 c:/program files (x86)/cypress/psoc creator/4.2/psoc creator/import/gnu/arm/5.4.1/bin/../lib/gcc/arm-none-eabi/5.4.1/armv7-m\libgcc.a(_arm_fixdfsi.o)
                0x00002fc0                __aeabi_d2iz
                0x00002fc0                __fixdfsi
 .text          0x00003010       0x40 c:/program files (x86)/cypress/psoc creator/4.2/psoc creator/import/gnu/arm/5.4.1/bin/../lib/gcc/arm-none-eabi/5.4.1/armv7-m\libgcc.a(_arm_fixunsdfsi.o)
                0x00003010                __aeabi_d2uiz
                0x00003010                __fixunsdfsi
 .text          0x00003050       0xa0 c:/program files (x86)/cypress/psoc creator/4.2/psoc creator/import/gnu/arm/5.4.1/bin/../lib/gcc/arm-none-eabi/5.4.1/armv7-m\libgcc.a(_arm_truncdfsf2.o)
                0x00003050                __truncdfsf2
                0x00003050                __aeabi_d2f
 .text.__errno  0x000030f0        0xc c:/program files (x86)/cypress/psoc creator/4.2/psoc creator/import/gnu/arm/5.4.1/bin/../lib/gcc/arm-none-eabi/5.4.1/../../../../arm-none-eabi/lib/armv7-m\libg_nano.a(lib_a-errno.o)
                0x000030f0                __errno
 .text.__libc_init_array
                0x000030fc       0x4c c:/program files (x86)/cypress/psoc creator/4.2/psoc creator/import/gnu/arm/5.4.1/bin/../lib/gcc/arm-none-eabi/5.4.1/../../../../arm-none-eabi/lib/armv7-m\libg_nano.a(lib_a-init.o)
                0x000030fc                __libc_init_array
 .text.memcpy   0x00003148       0x16 c:/program files (x86)/cypress/psoc creator/4.2/psoc creator/import/gnu/arm/5.4.1/bin/../lib/gcc/arm-none-eabi/5.4.1/../../../../arm-none-eabi/lib/armv7-m\libg_nano.a(lib_a-memcpy-stub.o)
                0x00003148                memcpy
 .text.memset   0x0000315e       0x10 c:/program files (x86)/cypress/psoc creator/4.2/psoc creator/import/gnu/arm/5.4.1/bin/../lib/gcc/arm-none-eabi/5.4.1/../../../../arm-none-eabi/lib/armv7-m\libg_nano.a(lib_a-memset.o)
                0x0000315e                memset
 *(.plt)
 *(.gnu.warning)
 *(.glue_7t)
 .glue_7t       0x0000316e        0x0 linker stubs
 *(.glue_7)
 .glue_7        0x0000316e        0x0 linker stubs
 *(.vfp11_veneer)
 .vfp11_veneer  0x0000316e        0x0 linker stubs
 *(.bootloader)
 *(.ARM.extab* .gnu.linkonce.armextab.*)
 *(.gcc_except_table)

.v4_bx          0x00003170        0x0
 .v4_bx         0x00003170        0x0 linker stubs

.iplt           0x00003170        0x0
 .iplt          0x00003170        0x0 c:/program files (x86)/cypress/psoc creator/4.2/psoc creator/import/gnu/arm/5.4.1/bin/../lib/gcc/arm-none-eabi/5.4.1/armv7-m/crtbegin.o

.eh_frame_hdr
 *(.eh_frame_hdr)

.eh_frame       0x00003170        0x4
 *(.eh_frame)
 .eh_frame      0x00003170        0x0 c:/program files (x86)/cypress/psoc creator/4.2/psoc creator/import/gnu/arm/5.4.1/bin/../lib/gcc/arm-none-eabi/5.4.1/armv7-m/crtbegin.o
 .eh_frame      0x00003170        0x4 c:/program files (x86)/cypress/psoc creator/4.2/psoc creator/import/gnu/arm/5.4.1/bin/../lib/gcc/arm-none-eabi/5.4.1/armv7-m/crtend.o
                [!provide]                PROVIDE (__exidx_start, .)

.ARM.exidx
 *(.ARM.exidx* .gnu.linkonce.armexidx.*)
                0x00003174                __exidx_end = .

.rodata         0x00003174       0x9c
 *(.rodata .rodata.* .gnu.linkonce.r.*)
 .rodata.str1.4
                0x00003174       0x1c .\CortexM3\ARM_GCC_541\Debug\SPI_driver_PSoC.o
                                 0x1f (size before relaxing)
 .rodata.str1.4
                0x00003190       0x20 .\CortexM3\ARM_GCC_541\Debug\SonarDriver.o
                                 0x1f (size before relaxing)
 .rodata        0x000031b0       0x24 .\CortexM3\ARM_GCC_541\Debug\cyfitter_cfg.o
 .rodata.str1.1
                0x000031d4        0x2 c:/program files (x86)/cypress/psoc creator/4.2/psoc creator/import/gnu/arm/5.4.1/bin/../lib/gcc/arm-none-eabi/5.4.1/../../../../arm-none-eabi/lib/armv7-m\libg_nano.a(lib_a-impure.o)
                0x000031d8                . = ALIGN (0x4)
 *fill*         0x000031d6        0x2 
 *(.init)
 .init          0x000031d8        0x4 c:/program files (x86)/cypress/psoc creator/4.2/psoc creator/import/gnu/arm/5.4.1/bin/../lib/gcc/arm-none-eabi/5.4.1/armv7-m/crti.o
                0x000031d8                _init
 .init          0x000031dc        0x8 c:/program files (x86)/cypress/psoc creator/4.2/psoc creator/import/gnu/arm/5.4.1/bin/../lib/gcc/arm-none-eabi/5.4.1/armv7-m/crtn.o
                0x000031e4                . = ALIGN (0x4)
                0x000031e4                __preinit_array_start = .
 *(.preinit_array)
                0x000031e4                __preinit_array_end = .
                0x000031e4                . = ALIGN (0x4)
                0x000031e4                __init_array_start = .
 *(SORT(.init_array.*))
 *(.init_array)
 .init_array    0x000031e4        0x4 c:/program files (x86)/cypress/psoc creator/4.2/psoc creator/import/gnu/arm/5.4.1/bin/../lib/gcc/arm-none-eabi/5.4.1/armv7-m/crtbegin.o
 .init_array    0x000031e8        0x4 .\CortexM3\ARM_GCC_541\Debug\Cm3Start.o
                0x000031ec                __init_array_end = .
                0x000031ec                . = ALIGN (0x4)
 *(.fini)
 .fini          0x000031ec        0x4 c:/program files (x86)/cypress/psoc creator/4.2/psoc creator/import/gnu/arm/5.4.1/bin/../lib/gcc/arm-none-eabi/5.4.1/armv7-m/crti.o
                0x000031ec                _fini
 .fini          0x000031f0        0x8 c:/program files (x86)/cypress/psoc creator/4.2/psoc creator/import/gnu/arm/5.4.1/bin/../lib/gcc/arm-none-eabi/5.4.1/armv7-m/crtn.o
                0x000031f8                . = ALIGN (0x4)
                0x000031f8                __fini_array_start = .
 *(.fini_array)
 .fini_array    0x000031f8        0x4 c:/program files (x86)/cypress/psoc creator/4.2/psoc creator/import/gnu/arm/5.4.1/bin/../lib/gcc/arm-none-eabi/5.4.1/armv7-m/crtbegin.o
 *(SORT(.fini_array.*))
                0x000031fc                __fini_array_end = .
                0x000031fc                . = ALIGN (0x4)
 *crtbegin.o(.ctors)
 *(EXCLUDE_FILE(*crtend.o) .ctors)
 *(SORT(.ctors.*))
 *crtend.o(.ctors)
                0x000031fc                . = ALIGN (0x4)
 *crtbegin.o(.dtors)
 *(EXCLUDE_FILE(*crtend.o) .dtors)
 *(SORT(.dtors.*))
 *crtend.o(.dtors)
                0x000031fc                . = ALIGN (0x4)
                0x000031fc                __cy_regions = .
                0x000031fc        0x4 LONG 0x3210 __cy_region_init_ram
                0x00003200        0x4 LONG 0x1fff80c8 __cy_region_start_data
                0x00003204        0x4 LONG 0x90 __cy_region_init_size_ram
                0x00003208        0x4 LONG 0x290 __cy_region_zero_size_ram
                0x0000320c                __cy_regions_end = .
                0x00003210                . = ALIGN (0x8)
 *fill*         0x0000320c        0x4 
                0x00003210                _etext = .

.cy_checksum_exclude
                0x00003210        0x0
 *(.cy_checksum_exclude)

.ramvectors     0x1fff8000       0xc0
                0x1fff8000                __cy_region_start_ram = .
 *(.ramvectors)
 .ramvectors    0x1fff8000       0xc0 .\CortexM3\ARM_GCC_541\Debug\Cm3Start.o
                0x1fff8000                CyRamVectors

.noinit         0x1fff80c0        0x1
 *(.noinit)
 .noinit        0x1fff80c0        0x1 .\CortexM3\ARM_GCC_541\Debug\PSoCcontroller.a(CyLib.o)
                0x1fff80c0                CyResetStatus

.data           0x1fff80c8       0x90 load address 0x00003210
                0x1fff80c8                __cy_region_start_data = .
 *(.jcr)
 .jcr           0x1fff80c8        0x0 c:/program files (x86)/cypress/psoc creator/4.2/psoc creator/import/gnu/arm/5.4.1/bin/../lib/gcc/arm-none-eabi/5.4.1/armv7-m/crtbegin.o
 .jcr           0x1fff80c8        0x4 c:/program files (x86)/cypress/psoc creator/4.2/psoc creator/import/gnu/arm/5.4.1/bin/../lib/gcc/arm-none-eabi/5.4.1/armv7-m/crtend.o
 *(.got.plt)
 *(.got)
 *(.shdata)
 *(.data .data.* .gnu.linkonce.d.*)
 .data          0x1fff80cc       0x14 .\CortexM3\ARM_GCC_541\Debug\main.o
                0x1fff80cc                states
 .data          0x1fff80e0       0x10 .\CortexM3\ARM_GCC_541\Debug\PSoCcontroller.a(CyLib.o)
                0x1fff80e0                cydelay_32k_ms
                0x1fff80e4                cydelay_freq_khz
                0x1fff80e8                cydelay_freq_mhz
                0x1fff80ec                cydelay_freq_hz
 .data.impure_data
                0x1fff80f0       0x60 c:/program files (x86)/cypress/psoc creator/4.2/psoc creator/import/gnu/arm/5.4.1/bin/../lib/gcc/arm-none-eabi/5.4.1/../../../../arm-none-eabi/lib/armv7-m\libg_nano.a(lib_a-impure.o)
 .data._impure_ptr
                0x1fff8150        0x4 c:/program files (x86)/cypress/psoc creator/4.2/psoc creator/import/gnu/arm/5.4.1/bin/../lib/gcc/arm-none-eabi/5.4.1/../../../../arm-none-eabi/lib/armv7-m\libg_nano.a(lib_a-impure.o)
                0x1fff8150                _impure_ptr
                0x1fff8158                . = ALIGN (0x8)
 *fill*         0x1fff8154        0x4 
 *(.ram)
                0x1fff8158                _edata = .

.igot.plt       0x1fff8158        0x0 load address 0x000032a0
 .igot.plt      0x1fff8158        0x0 c:/program files (x86)/cypress/psoc creator/4.2/psoc creator/import/gnu/arm/5.4.1/bin/../lib/gcc/arm-none-eabi/5.4.1/armv7-m/crtbegin.o

.bss            0x1fff8158      0x290 load address 0x000032a0
                0x1fff8158                PROVIDE (__bss_start__, .)
 *(.shbss)
 *(.bss .bss.* .gnu.linkonce.b.*)
 .bss           0x1fff8158       0x1c c:/program files (x86)/cypress/psoc creator/4.2/psoc creator/import/gnu/arm/5.4.1/bin/../lib/gcc/arm-none-eabi/5.4.1/armv7-m/crtbegin.o
 .bss           0x1fff8174       0x1c .\CortexM3\ARM_GCC_541\Debug\PSoCcontroller.a(CyLib.o)
                0x1fff818c                CySysTickInitVar
 .bss           0x1fff8190       0x43 .\CortexM3\ARM_GCC_541\Debug\PSoCcontroller.a(cyPm.o)
 .bss           0x1fff81d3        0x1 .\CortexM3\ARM_GCC_541\Debug\PSoCcontroller.a(Timer_Sonar.o)
                0x1fff81d3                Timer_Sonar_initVar
 .bss           0x1fff81d4        0x2 .\CortexM3\ARM_GCC_541\Debug\PSoCcontroller.a(UART_1.o)
                0x1fff81d4                UART_1_initVar
 .bss           0x1fff81d6        0x1 .\CortexM3\ARM_GCC_541\Debug\PSoCcontroller.a(Delay_Timer.o)
                0x1fff81d6                Delay_Timer_initVar
 .bss           0x1fff81d7        0x1 .\CortexM3\ARM_GCC_541\Debug\PSoCcontroller.a(ADC_Moisture.o)
                0x1fff81d7                ADC_Moisture_initVar
 .bss           0x1fff81d8        0x1 .\CortexM3\ARM_GCC_541\Debug\PSoCcontroller.a(Timer_StepperX.o)
                0x1fff81d8                Timer_StepperX_initVar
 .bss           0x1fff81d9        0x1 .\CortexM3\ARM_GCC_541\Debug\PSoCcontroller.a(Timer_StepperY.o)
                0x1fff81d9                Timer_StepperY_initVar
 .bss           0x1fff81da        0x1 .\CortexM3\ARM_GCC_541\Debug\PSoCcontroller.a(ADC_SAR_WaSens.o)
                0x1fff81da                ADC_SAR_WaSens_initVar
 .bss           0x1fff81db        0x1 .\CortexM3\ARM_GCC_541\Debug\PSoCcontroller.a(PWM_WaSens.o)
                0x1fff81db                PWM_WaSens_initVar
 .bss           0x1fff81dc        0x1 .\CortexM3\ARM_GCC_541\Debug\PSoCcontroller.a(SPI_1.o)
                0x1fff81dc                SPI_1_initVar
 *(COMMON)
 *fill*         0x1fff81dd        0x3 
 COMMON         0x1fff81e0      0x1e9 .\CortexM3\ARM_GCC_541\Debug\main.o
                0x1fff81e0                stepperStateY
                0x1fff81e1                stepperStateX
                0x1fff81e4                currentState
                0x1fff81e8                msg
                0x1fff82e8                stepperPositionX
                0x1fff82ec                SPI_recieved
                0x1fff82ed                SPI_recieved_flag
                0x1fff82ee                mode
                0x1fff82f0                circBuf
                0x1fff83a8                noWater
                0x1fff83ac                timerDoneFlagX
                0x1fff83b0                pigeonPosition
                0x1fff83c0                sonarTimerDone
                0x1fff83c4                stepperPositionY
                0x1fff83c8                timerDoneFlagY
 *fill*         0x1fff83c9        0x3 
 COMMON         0x1fff83cc        0xa .\CortexM3\ARM_GCC_541\Debug\PSoCcontroller.a(ADC_Moisture.o)
                0x1fff83cc                ADC_Moisture_countsPer10Volt
                0x1fff83d0                ADC_Moisture_shift
                0x1fff83d2                ADC_Moisture_countsPerVolt
                0x1fff83d4                ADC_Moisture_offset
 *fill*         0x1fff83d6        0x2 
 COMMON         0x1fff83d8        0xc .\CortexM3\ARM_GCC_541\Debug\PSoCcontroller.a(ADC_SAR_WaSens.o)
                0x1fff83d8                ADC_SAR_WaSens_offset
                0x1fff83dc                ADC_SAR_WaSens_countsPer10Volt
                0x1fff83e0                ADC_SAR_WaSens_shift
                0x1fff83e2                ADC_SAR_WaSens_countsPerVolt
                0x1fff83e8                . = ALIGN (0x8)
 *fill*         0x1fff83e4        0x4 
 *(.ram.b)
                0x1fff83e8                _end = .
                0x1fff83e8                __end = .
                0x1fff83e8                PROVIDE (end, .)
                0x1fff83e8                PROVIDE (__bss_end__, .)
                0x00003210                __cy_region_init_ram = LOADADDR (.data)
                0x00000090                __cy_region_init_size_ram = (_edata - ADDR (.data))
                0x00000290                __cy_region_zero_size_ram = (_end - _edata)

.heap           0x1fff83e8       0x80 load address 0x000032a0
                0x1fff83e8                . = _end
                0x1fff8468                . = (. + 0x80)
 *fill*         0x1fff83e8       0x80 
                0x1fff8468                __cy_heap_limit = .

.stack          0x20007800      0x800
                0x20007800                __cy_stack_limit = .
                0x20008000                . = (. + 0x800)
 *fill*         0x20007800      0x800 
                0x00000001                ASSERT ((__cy_stack_limit >= __cy_heap_limit), region RAM overflowed with stack)
                0x00000000                cy_checksum_exclude_size = (CY_APPL_LOADABLE == 0x1)?SIZEOF (.cy_checksum_exclude):0x0
                0x00000001                ASSERT ((cy_checksum_exclude_size <= CY_CHECKSUM_EXCLUDE_SIZE), CY_BOOT: Section .cy_checksum_exclude size exceedes specified limit.)

.cyloadermeta
 *(.cyloadermeta)

.cyloadablemeta
 *(.cyloadablemeta)

.cyconfigecc    0x80000000      0x998
 *(.cyconfigecc)
 .cyconfigecc   0x80000000      0x998 .\CortexM3\ARM_GCC_541\Debug\cymetadata.o
                0x80000000                cy_meta_configecc

.cycustnvl      0x90000000        0x4
 *(.cycustnvl)
 .cycustnvl     0x90000000        0x4 .\CortexM3\ARM_GCC_541\Debug\cymetadata.o
                0x90000000                cy_meta_custnvl

.cywolatch      0x90100000        0x4
 *(.cywolatch)
 .cywolatch     0x90100000        0x4 .\CortexM3\ARM_GCC_541\Debug\cymetadata.o
                0x90100000                cy_meta_wonvl

.cyeeprom       0x90200000        0x0
 *(.cyeeprom)
                0x00000001                ASSERT ((. <= ((0x90200000 + ee_offset) + ee_size)), .cyeeprom data will not fit in EEPROM)

.cyflashprotect
                0x90400000      0x100
 *(.cyflashprotect)
 .cyflashprotect
                0x90400000      0x100 .\CortexM3\ARM_GCC_541\Debug\cymetadata.o
                0x90400000                cy_meta_flashprotect

.cymeta         0x90500000        0xc
 *(.cymeta)
 .cymeta        0x90500000        0xc .\CortexM3\ARM_GCC_541\Debug\cymetadata.o
                0x90500000                cy_metadata

.rel.dyn        0x000032a0        0x0 load address 0x9050000c
 .rel.iplt      0x000032a0        0x0 c:/program files (x86)/cypress/psoc creator/4.2/psoc creator/import/gnu/arm/5.4.1/bin/../lib/gcc/arm-none-eabi/5.4.1/armv7-m/crtbegin.o

.stab
 *(.stab)

.stabstr
 *(.stabstr)

.debug
 *(.debug)

.line
 *(.line)

.debug_srcinfo
 *(.debug_srcinfo)

.debug_sfnames
 *(.debug_sfnames)

.debug_aranges  0x00000000     0x14b8
 *(.debug_aranges)
 .debug_aranges
                0x00000000       0x88 .\CortexM3\ARM_GCC_541\Debug\main.o
 .debug_aranges
                0x00000088       0x48 .\CortexM3\ARM_GCC_541\Debug\CircularBuffer.o
 .debug_aranges
                0x000000d0       0x28 .\CortexM3\ARM_GCC_541\Debug\MoistureSensor.o
 .debug_aranges
                0x000000f8       0x50 .\CortexM3\ARM_GCC_541\Debug\MotorDriverX.o
 .debug_aranges
                0x00000148       0x50 .\CortexM3\ARM_GCC_541\Debug\MotorDriverY.o
 .debug_aranges
                0x00000198       0x58 .\CortexM3\ARM_GCC_541\Debug\SPI_driver_PSoC.o
 .debug_aranges
                0x000001f0       0x28 .\CortexM3\ARM_GCC_541\Debug\WaterPump.o
 .debug_aranges
                0x00000218       0x28 .\CortexM3\ARM_GCC_541\Debug\SonarDriver.o
 .debug_aranges
                0x00000240       0x28 .\CortexM3\ARM_GCC_541\Debug\WaterSensor.o
 .debug_aranges
                0x00000268       0x58 .\CortexM3\ARM_GCC_541\Debug\cyfitter_cfg.o
 .debug_aranges
                0x000002c0       0x18 .\CortexM3\ARM_GCC_541\Debug\cymetadata.o
 .debug_aranges
                0x000002d8       0x48 .\CortexM3\ARM_GCC_541\Debug\Cm3Start.o
 .debug_aranges
                0x00000320      0x2a0 .\CortexM3\ARM_GCC_541\Debug\PSoCcontroller.a(CyLib.o)
 .debug_aranges
                0x000005c0       0x98 .\CortexM3\ARM_GCC_541\Debug\PSoCcontroller.a(cyPm.o)
 .debug_aranges
                0x00000658       0x90 .\CortexM3\ARM_GCC_541\Debug\PSoCcontroller.a(Timer_Sonar.o)
 .debug_aranges
                0x000006e8       0x38 .\CortexM3\ARM_GCC_541\Debug\PSoCcontroller.a(Trigger_1.o)
 .debug_aranges
                0x00000720       0x38 .\CortexM3\ARM_GCC_541\Debug\PSoCcontroller.a(Trigger_2.o)
 .debug_aranges
                0x00000758       0x38 .\CortexM3\ARM_GCC_541\Debug\PSoCcontroller.a(Echo_1.o)
 .debug_aranges
                0x00000790       0x38 .\CortexM3\ARM_GCC_541\Debug\PSoCcontroller.a(Echo_2.o)
 .debug_aranges
                0x000007c8       0xf0 .\CortexM3\ARM_GCC_541\Debug\PSoCcontroller.a(UART_1.o)
 .debug_aranges
                0x000008b8       0x70 .\CortexM3\ARM_GCC_541\Debug\PSoCcontroller.a(UART_1_IntClock.o)
 .debug_aranges
                0x00000928       0x90 .\CortexM3\ARM_GCC_541\Debug\PSoCcontroller.a(Delay_Timer.o)
 .debug_aranges
                0x000009b8       0x80 .\CortexM3\ARM_GCC_541\Debug\PSoCcontroller.a(ISR_delay.o)
 .debug_aranges
                0x00000a38       0xa8 .\CortexM3\ARM_GCC_541\Debug\PSoCcontroller.a(ADC_Moisture.o)
 .debug_aranges
                0x00000ae0       0x20 .\CortexM3\ARM_GCC_541\Debug\PSoCcontroller.a(ADC_Moisture_INT.o)
 .debug_aranges
                0x00000b00       0x80 .\CortexM3\ARM_GCC_541\Debug\PSoCcontroller.a(ADC_Moisture_theACLK.o)
 .debug_aranges
                0x00000b80       0x80 .\CortexM3\ARM_GCC_541\Debug\PSoCcontroller.a(ISR_WaterLevel.o)
 .debug_aranges
                0x00000c00       0x90 .\CortexM3\ARM_GCC_541\Debug\PSoCcontroller.a(Timer_StepperX.o)
 .debug_aranges
                0x00000c90       0x80 .\CortexM3\ARM_GCC_541\Debug\PSoCcontroller.a(ISR_stepperY.o)
 .debug_aranges
                0x00000d10       0x90 .\CortexM3\ARM_GCC_541\Debug\PSoCcontroller.a(Timer_StepperY.o)
 .debug_aranges
                0x00000da0       0x80 .\CortexM3\ARM_GCC_541\Debug\PSoCcontroller.a(ISR_stepperX.o)
 .debug_aranges
                0x00000e20       0x38 .\CortexM3\ARM_GCC_541\Debug\PSoCcontroller.a(Pin_X1.o)
 .debug_aranges
                0x00000e58       0x38 .\CortexM3\ARM_GCC_541\Debug\PSoCcontroller.a(Pin_X2.o)
 .debug_aranges
                0x00000e90       0x38 .\CortexM3\ARM_GCC_541\Debug\PSoCcontroller.a(Pin_X3.o)
 .debug_aranges
                0x00000ec8       0x38 .\CortexM3\ARM_GCC_541\Debug\PSoCcontroller.a(Pin_Y1.o)
 .debug_aranges
                0x00000f00       0x38 .\CortexM3\ARM_GCC_541\Debug\PSoCcontroller.a(Pin_Y2.o)
 .debug_aranges
                0x00000f38       0x38 .\CortexM3\ARM_GCC_541\Debug\PSoCcontroller.a(Pin_Y3.o)
 .debug_aranges
                0x00000f70       0xa8 .\CortexM3\ARM_GCC_541\Debug\PSoCcontroller.a(ADC_SAR_WaSens.o)
 .debug_aranges
                0x00001018       0x20 .\CortexM3\ARM_GCC_541\Debug\PSoCcontroller.a(ADC_SAR_WaSens_INT.o)
 .debug_aranges
                0x00001038       0x88 .\CortexM3\ARM_GCC_541\Debug\PSoCcontroller.a(PWM_WaSens.o)
 .debug_aranges
                0x000010c0       0x38 .\CortexM3\ARM_GCC_541\Debug\PSoCcontroller.a(Pin_WaterPump.o)
 .debug_aranges
                0x000010f8       0x80 .\CortexM3\ARM_GCC_541\Debug\PSoCcontroller.a(ADC_SAR_WaSens_theACLK.o)
 .debug_aranges
                0x00001178       0x38 .\CortexM3\ARM_GCC_541\Debug\PSoCcontroller.a(Pin_Low_WL.o)
 .debug_aranges
                0x000011b0       0xe0 .\CortexM3\ARM_GCC_541\Debug\PSoCcontroller.a(SPI_1.o)
 .debug_aranges
                0x00001290       0x28 .\CortexM3\ARM_GCC_541\Debug\PSoCcontroller.a(SPI_1_INT.o)
 .debug_aranges
                0x000012b8       0x80 .\CortexM3\ARM_GCC_541\Debug\PSoCcontroller.a(SPI_ISR.o)
 .debug_aranges
                0x00001338       0x38 .\CortexM3\ARM_GCC_541\Debug\PSoCcontroller.a(SPI_read_req.o)
 .debug_aranges
                0x00001370       0x20 .\CortexM3\ARM_GCC_541\Debug\PSoCcontroller.a(CyBootAsmGnu.o)
 .debug_aranges
                0x00001390       0x88 .\CortexM3\ARM_GCC_541\Debug\PSoCcontroller.a(CyFlash.o)
 .debug_aranges
                0x00001418       0x80 .\CortexM3\ARM_GCC_541\Debug\PSoCcontroller.a(CySpc.o)
 .debug_aranges
                0x00001498       0x20 .\CortexM3\ARM_GCC_541\Debug\PSoCcontroller.a(cyutils.o)

.debug_pubnames
 *(.debug_pubnames)

.debug_info     0x00000000     0xa8be
 *(.debug_info .gnu.linkonce.wi.*)
 .debug_info    0x00000000      0xb8b .\CortexM3\ARM_GCC_541\Debug\main.o
 .debug_info    0x00000b8b      0x2f8 .\CortexM3\ARM_GCC_541\Debug\CircularBuffer.o
 .debug_info    0x00000e83      0x140 .\CortexM3\ARM_GCC_541\Debug\MoistureSensor.o
 .debug_info    0x00000fc3      0x3ab .\CortexM3\ARM_GCC_541\Debug\MotorDriverX.o
 .debug_info    0x0000136e      0x3de .\CortexM3\ARM_GCC_541\Debug\MotorDriverY.o
 .debug_info    0x0000174c      0x8b0 .\CortexM3\ARM_GCC_541\Debug\SPI_driver_PSoC.o
 .debug_info    0x00001ffc      0x12d .\CortexM3\ARM_GCC_541\Debug\WaterPump.o
 .debug_info    0x00002129      0x400 .\CortexM3\ARM_GCC_541\Debug\SonarDriver.o
 .debug_info    0x00002529      0x20e .\CortexM3\ARM_GCC_541\Debug\WaterSensor.o
 .debug_info    0x00002737      0x5a8 .\CortexM3\ARM_GCC_541\Debug\cyfitter_cfg.o
 .debug_info    0x00002cdf      0x139 .\CortexM3\ARM_GCC_541\Debug\cymetadata.o
 .debug_info    0x00002e18      0x3bb .\CortexM3\ARM_GCC_541\Debug\Cm3Start.o
 .debug_info    0x000031d3     0x1374 .\CortexM3\ARM_GCC_541\Debug\PSoCcontroller.a(CyLib.o)
 .debug_info    0x00004547      0xa2a .\CortexM3\ARM_GCC_541\Debug\PSoCcontroller.a(cyPm.o)
 .debug_info    0x00004f71      0x338 .\CortexM3\ARM_GCC_541\Debug\PSoCcontroller.a(Timer_Sonar.o)
 .debug_info    0x000052a9      0x11f .\CortexM3\ARM_GCC_541\Debug\PSoCcontroller.a(Trigger_1.o)
 .debug_info    0x000053c8      0x11f .\CortexM3\ARM_GCC_541\Debug\PSoCcontroller.a(Trigger_2.o)
 .debug_info    0x000054e7      0x11f .\CortexM3\ARM_GCC_541\Debug\PSoCcontroller.a(Echo_1.o)
 .debug_info    0x00005606      0x11f .\CortexM3\ARM_GCC_541\Debug\PSoCcontroller.a(Echo_2.o)
 .debug_info    0x00005725      0x60c .\CortexM3\ARM_GCC_541\Debug\PSoCcontroller.a(UART_1.o)
 .debug_info    0x00005d31      0x283 .\CortexM3\ARM_GCC_541\Debug\PSoCcontroller.a(UART_1_IntClock.o)
 .debug_info    0x00005fb4      0x2f0 .\CortexM3\ARM_GCC_541\Debug\PSoCcontroller.a(Delay_Timer.o)
 .debug_info    0x000062a4      0x2d2 .\CortexM3\ARM_GCC_541\Debug\PSoCcontroller.a(ISR_delay.o)
 .debug_info    0x00006576      0x5c0 .\CortexM3\ARM_GCC_541\Debug\PSoCcontroller.a(ADC_Moisture.o)
 .debug_info    0x00006b36       0x92 .\CortexM3\ARM_GCC_541\Debug\PSoCcontroller.a(ADC_Moisture_INT.o)
 .debug_info    0x00006bc8      0x2c4 .\CortexM3\ARM_GCC_541\Debug\PSoCcontroller.a(ADC_Moisture_theACLK.o)
 .debug_info    0x00006e8c      0x2d2 .\CortexM3\ARM_GCC_541\Debug\PSoCcontroller.a(ISR_WaterLevel.o)
 .debug_info    0x0000715e      0x2f0 .\CortexM3\ARM_GCC_541\Debug\PSoCcontroller.a(Timer_StepperX.o)
 .debug_info    0x0000744e      0x2d2 .\CortexM3\ARM_GCC_541\Debug\PSoCcontroller.a(ISR_stepperY.o)
 .debug_info    0x00007720      0x2f0 .\CortexM3\ARM_GCC_541\Debug\PSoCcontroller.a(Timer_StepperY.o)
 .debug_info    0x00007a10      0x2d2 .\CortexM3\ARM_GCC_541\Debug\PSoCcontroller.a(ISR_stepperX.o)
 .debug_info    0x00007ce2      0x11f .\CortexM3\ARM_GCC_541\Debug\PSoCcontroller.a(Pin_X1.o)
 .debug_info    0x00007e01      0x11f .\CortexM3\ARM_GCC_541\Debug\PSoCcontroller.a(Pin_X2.o)
 .debug_info    0x00007f20      0x11f .\CortexM3\ARM_GCC_541\Debug\PSoCcontroller.a(Pin_X3.o)
 .debug_info    0x0000803f      0x11f .\CortexM3\ARM_GCC_541\Debug\PSoCcontroller.a(Pin_Y1.o)
 .debug_info    0x0000815e      0x11f .\CortexM3\ARM_GCC_541\Debug\PSoCcontroller.a(Pin_Y2.o)
 .debug_info    0x0000827d      0x11f .\CortexM3\ARM_GCC_541\Debug\PSoCcontroller.a(Pin_Y3.o)
 .debug_info    0x0000839c      0x5c0 .\CortexM3\ARM_GCC_541\Debug\PSoCcontroller.a(ADC_SAR_WaSens.o)
 .debug_info    0x0000895c       0x92 .\CortexM3\ARM_GCC_541\Debug\PSoCcontroller.a(ADC_SAR_WaSens_INT.o)
 .debug_info    0x000089ee      0x2ce .\CortexM3\ARM_GCC_541\Debug\PSoCcontroller.a(PWM_WaSens.o)
 .debug_info    0x00008cbc      0x11f .\CortexM3\ARM_GCC_541\Debug\PSoCcontroller.a(Pin_WaterPump.o)
 .debug_info    0x00008ddb      0x2c4 .\CortexM3\ARM_GCC_541\Debug\PSoCcontroller.a(ADC_SAR_WaSens_theACLK.o)
 .debug_info    0x0000909f      0x11f .\CortexM3\ARM_GCC_541\Debug\PSoCcontroller.a(Pin_Low_WL.o)
 .debug_info    0x000091be      0x517 .\CortexM3\ARM_GCC_541\Debug\PSoCcontroller.a(SPI_1.o)
 .debug_info    0x000096d5       0xb1 .\CortexM3\ARM_GCC_541\Debug\PSoCcontroller.a(SPI_1_INT.o)
 .debug_info    0x00009786      0x2d2 .\CortexM3\ARM_GCC_541\Debug\PSoCcontroller.a(SPI_ISR.o)
 .debug_info    0x00009a58      0x11f .\CortexM3\ARM_GCC_541\Debug\PSoCcontroller.a(SPI_read_req.o)
 .debug_info    0x00009b77       0xbc .\CortexM3\ARM_GCC_541\Debug\PSoCcontroller.a(CyBootAsmGnu.o)
 .debug_info    0x00009c33      0x64d .\CortexM3\ARM_GCC_541\Debug\PSoCcontroller.a(CyFlash.o)
 .debug_info    0x0000a280      0x550 .\CortexM3\ARM_GCC_541\Debug\PSoCcontroller.a(CySpc.o)
 .debug_info    0x0000a7d0       0xee .\CortexM3\ARM_GCC_541\Debug\PSoCcontroller.a(cyutils.o)

.debug_abbrev   0x00000000     0x3644
 *(.debug_abbrev)
 .debug_abbrev  0x00000000      0x215 .\CortexM3\ARM_GCC_541\Debug\main.o
 .debug_abbrev  0x00000215      0x170 .\CortexM3\ARM_GCC_541\Debug\CircularBuffer.o
 .debug_abbrev  0x00000385       0xba .\CortexM3\ARM_GCC_541\Debug\MoistureSensor.o
 .debug_abbrev  0x0000043f      0x165 .\CortexM3\ARM_GCC_541\Debug\MotorDriverX.o
 .debug_abbrev  0x000005a4      0x165 .\CortexM3\ARM_GCC_541\Debug\MotorDriverY.o
 .debug_abbrev  0x00000709      0x180 .\CortexM3\ARM_GCC_541\Debug\SPI_driver_PSoC.o
 .debug_abbrev  0x00000889       0xad .\CortexM3\ARM_GCC_541\Debug\WaterPump.o
 .debug_abbrev  0x00000936      0x126 .\CortexM3\ARM_GCC_541\Debug\SonarDriver.o
 .debug_abbrev  0x00000a5c       0xdf .\CortexM3\ARM_GCC_541\Debug\WaterSensor.o
 .debug_abbrev  0x00000b3b      0x1fe .\CortexM3\ARM_GCC_541\Debug\cyfitter_cfg.o
 .debug_abbrev  0x00000d39       0x77 .\CortexM3\ARM_GCC_541\Debug\cymetadata.o
 .debug_abbrev  0x00000db0      0x1e8 .\CortexM3\ARM_GCC_541\Debug\Cm3Start.o
 .debug_abbrev  0x00000f98      0x254 .\CortexM3\ARM_GCC_541\Debug\PSoCcontroller.a(CyLib.o)
 .debug_abbrev  0x000011ec      0x1ab .\CortexM3\ARM_GCC_541\Debug\PSoCcontroller.a(cyPm.o)
 .debug_abbrev  0x00001397      0x14b .\CortexM3\ARM_GCC_541\Debug\PSoCcontroller.a(Timer_Sonar.o)
 .debug_abbrev  0x000014e2       0x90 .\CortexM3\ARM_GCC_541\Debug\PSoCcontroller.a(Trigger_1.o)
 .debug_abbrev  0x00001572       0x90 .\CortexM3\ARM_GCC_541\Debug\PSoCcontroller.a(Trigger_2.o)
 .debug_abbrev  0x00001602       0x90 .\CortexM3\ARM_GCC_541\Debug\PSoCcontroller.a(Echo_1.o)
 .debug_abbrev  0x00001692       0x90 .\CortexM3\ARM_GCC_541\Debug\PSoCcontroller.a(Echo_2.o)
 .debug_abbrev  0x00001722      0x175 .\CortexM3\ARM_GCC_541\Debug\PSoCcontroller.a(UART_1.o)
 .debug_abbrev  0x00001897      0x139 .\CortexM3\ARM_GCC_541\Debug\PSoCcontroller.a(UART_1_IntClock.o)
 .debug_abbrev  0x000019d0      0x12b .\CortexM3\ARM_GCC_541\Debug\PSoCcontroller.a(Delay_Timer.o)
 .debug_abbrev  0x00001afb      0x173 .\CortexM3\ARM_GCC_541\Debug\PSoCcontroller.a(ISR_delay.o)
 .debug_abbrev  0x00001c6e      0x1ac .\CortexM3\ARM_GCC_541\Debug\PSoCcontroller.a(ADC_Moisture.o)
 .debug_abbrev  0x00001e1a       0x42 .\CortexM3\ARM_GCC_541\Debug\PSoCcontroller.a(ADC_Moisture_INT.o)
 .debug_abbrev  0x00001e5c      0x121 .\CortexM3\ARM_GCC_541\Debug\PSoCcontroller.a(ADC_Moisture_theACLK.o)
 .debug_abbrev  0x00001f7d      0x173 .\CortexM3\ARM_GCC_541\Debug\PSoCcontroller.a(ISR_WaterLevel.o)
 .debug_abbrev  0x000020f0      0x12b .\CortexM3\ARM_GCC_541\Debug\PSoCcontroller.a(Timer_StepperX.o)
 .debug_abbrev  0x0000221b      0x173 .\CortexM3\ARM_GCC_541\Debug\PSoCcontroller.a(ISR_stepperY.o)
 .debug_abbrev  0x0000238e      0x12b .\CortexM3\ARM_GCC_541\Debug\PSoCcontroller.a(Timer_StepperY.o)
 .debug_abbrev  0x000024b9      0x173 .\CortexM3\ARM_GCC_541\Debug\PSoCcontroller.a(ISR_stepperX.o)
 .debug_abbrev  0x0000262c       0x90 .\CortexM3\ARM_GCC_541\Debug\PSoCcontroller.a(Pin_X1.o)
 .debug_abbrev  0x000026bc       0x90 .\CortexM3\ARM_GCC_541\Debug\PSoCcontroller.a(Pin_X2.o)
 .debug_abbrev  0x0000274c       0x90 .\CortexM3\ARM_GCC_541\Debug\PSoCcontroller.a(Pin_X3.o)
 .debug_abbrev  0x000027dc       0x90 .\CortexM3\ARM_GCC_541\Debug\PSoCcontroller.a(Pin_Y1.o)
 .debug_abbrev  0x0000286c       0x90 .\CortexM3\ARM_GCC_541\Debug\PSoCcontroller.a(Pin_Y2.o)
 .debug_abbrev  0x000028fc       0x90 .\CortexM3\ARM_GCC_541\Debug\PSoCcontroller.a(Pin_Y3.o)
 .debug_abbrev  0x0000298c      0x1ac .\CortexM3\ARM_GCC_541\Debug\PSoCcontroller.a(ADC_SAR_WaSens.o)
 .debug_abbrev  0x00002b38       0x42 .\CortexM3\ARM_GCC_541\Debug\PSoCcontroller.a(ADC_SAR_WaSens_INT.o)
 .debug_abbrev  0x00002b7a      0x108 .\CortexM3\ARM_GCC_541\Debug\PSoCcontroller.a(PWM_WaSens.o)
 .debug_abbrev  0x00002c82       0x90 .\CortexM3\ARM_GCC_541\Debug\PSoCcontroller.a(Pin_WaterPump.o)
 .debug_abbrev  0x00002d12      0x121 .\CortexM3\ARM_GCC_541\Debug\PSoCcontroller.a(ADC_SAR_WaSens_theACLK.o)
 .debug_abbrev  0x00002e33       0x90 .\CortexM3\ARM_GCC_541\Debug\PSoCcontroller.a(Pin_Low_WL.o)
 .debug_abbrev  0x00002ec3      0x15f .\CortexM3\ARM_GCC_541\Debug\PSoCcontroller.a(SPI_1.o)
 .debug_abbrev  0x00003022       0x42 .\CortexM3\ARM_GCC_541\Debug\PSoCcontroller.a(SPI_1_INT.o)
 .debug_abbrev  0x00003064      0x173 .\CortexM3\ARM_GCC_541\Debug\PSoCcontroller.a(SPI_ISR.o)
 .debug_abbrev  0x000031d7       0x90 .\CortexM3\ARM_GCC_541\Debug\PSoCcontroller.a(SPI_read_req.o)
 .debug_abbrev  0x00003267       0x14 .\CortexM3\ARM_GCC_541\Debug\PSoCcontroller.a(CyBootAsmGnu.o)
 .debug_abbrev  0x0000327b      0x1a7 .\CortexM3\ARM_GCC_541\Debug\PSoCcontroller.a(CyFlash.o)
 .debug_abbrev  0x00003422      0x194 .\CortexM3\ARM_GCC_541\Debug\PSoCcontroller.a(CySpc.o)
 .debug_abbrev  0x000035b6       0x8e .\CortexM3\ARM_GCC_541\Debug\PSoCcontroller.a(cyutils.o)

.debug_line     0x00000000     0x5090
 *(.debug_line)
 .debug_line    0x00000000      0x470 .\CortexM3\ARM_GCC_541\Debug\main.o
 .debug_line    0x00000470      0x1f1 .\CortexM3\ARM_GCC_541\Debug\CircularBuffer.o
 .debug_line    0x00000661      0x18c .\CortexM3\ARM_GCC_541\Debug\MoistureSensor.o
 .debug_line    0x000007ed      0x2fb .\CortexM3\ARM_GCC_541\Debug\MotorDriverX.o
 .debug_line    0x00000ae8      0x311 .\CortexM3\ARM_GCC_541\Debug\MotorDriverY.o
 .debug_line    0x00000df9      0x2d8 .\CortexM3\ARM_GCC_541\Debug\SPI_driver_PSoC.o
 .debug_line    0x000010d1      0x180 .\CortexM3\ARM_GCC_541\Debug\WaterPump.o
 .debug_line    0x00001251      0x245 .\CortexM3\ARM_GCC_541\Debug\SonarDriver.o
 .debug_line    0x00001496      0x1b0 .\CortexM3\ARM_GCC_541\Debug\WaterSensor.o
 .debug_line    0x00001646      0x1f6 .\CortexM3\ARM_GCC_541\Debug\cyfitter_cfg.o
 .debug_line    0x0000183c      0x141 .\CortexM3\ARM_GCC_541\Debug\cymetadata.o
 .debug_line    0x0000197d      0x234 .\CortexM3\ARM_GCC_541\Debug\Cm3Start.o
 .debug_line    0x00001bb1      0x816 .\CortexM3\ARM_GCC_541\Debug\PSoCcontroller.a(CyLib.o)
 .debug_line    0x000023c7      0x367 .\CortexM3\ARM_GCC_541\Debug\PSoCcontroller.a(cyPm.o)
 .debug_line    0x0000272e      0x176 .\CortexM3\ARM_GCC_541\Debug\PSoCcontroller.a(Timer_Sonar.o)
 .debug_line    0x000028a4       0x96 .\CortexM3\ARM_GCC_541\Debug\PSoCcontroller.a(Trigger_1.o)
 .debug_line    0x0000293a       0x96 .\CortexM3\ARM_GCC_541\Debug\PSoCcontroller.a(Trigger_2.o)
 .debug_line    0x000029d0       0x93 .\CortexM3\ARM_GCC_541\Debug\PSoCcontroller.a(Echo_1.o)
 .debug_line    0x00002a63       0x93 .\CortexM3\ARM_GCC_541\Debug\PSoCcontroller.a(Echo_2.o)
 .debug_line    0x00002af6      0x2c0 .\CortexM3\ARM_GCC_541\Debug\PSoCcontroller.a(UART_1.o)
 .debug_line    0x00002db6      0x17e .\CortexM3\ARM_GCC_541\Debug\PSoCcontroller.a(UART_1_IntClock.o)
 .debug_line    0x00002f34      0x176 .\CortexM3\ARM_GCC_541\Debug\PSoCcontroller.a(Delay_Timer.o)
 .debug_line    0x000030aa      0x136 .\CortexM3\ARM_GCC_541\Debug\PSoCcontroller.a(ISR_delay.o)
 .debug_line    0x000031e0      0x226 .\CortexM3\ARM_GCC_541\Debug\PSoCcontroller.a(ADC_Moisture.o)
 .debug_line    0x00003406       0x59 .\CortexM3\ARM_GCC_541\Debug\PSoCcontroller.a(ADC_Moisture_INT.o)
 .debug_line    0x0000345f      0x1a6 .\CortexM3\ARM_GCC_541\Debug\PSoCcontroller.a(ADC_Moisture_theACLK.o)
 .debug_line    0x00003605      0x13b .\CortexM3\ARM_GCC_541\Debug\PSoCcontroller.a(ISR_WaterLevel.o)
 .debug_line    0x00003740      0x179 .\CortexM3\ARM_GCC_541\Debug\PSoCcontroller.a(Timer_StepperX.o)
 .debug_line    0x000038b9      0x139 .\CortexM3\ARM_GCC_541\Debug\PSoCcontroller.a(ISR_stepperY.o)
 .debug_line    0x000039f2      0x179 .\CortexM3\ARM_GCC_541\Debug\PSoCcontroller.a(Timer_StepperY.o)
 .debug_line    0x00003b6b      0x139 .\CortexM3\ARM_GCC_541\Debug\PSoCcontroller.a(ISR_stepperX.o)
 .debug_line    0x00003ca4       0x93 .\CortexM3\ARM_GCC_541\Debug\PSoCcontroller.a(Pin_X1.o)
 .debug_line    0x00003d37       0x93 .\CortexM3\ARM_GCC_541\Debug\PSoCcontroller.a(Pin_X2.o)
 .debug_line    0x00003dca       0x93 .\CortexM3\ARM_GCC_541\Debug\PSoCcontroller.a(Pin_X3.o)
 .debug_line    0x00003e5d       0x93 .\CortexM3\ARM_GCC_541\Debug\PSoCcontroller.a(Pin_Y1.o)
 .debug_line    0x00003ef0       0x93 .\CortexM3\ARM_GCC_541\Debug\PSoCcontroller.a(Pin_Y2.o)
 .debug_line    0x00003f83       0x93 .\CortexM3\ARM_GCC_541\Debug\PSoCcontroller.a(Pin_Y3.o)
 .debug_line    0x00004016      0x22a .\CortexM3\ARM_GCC_541\Debug\PSoCcontroller.a(ADC_SAR_WaSens.o)
 .debug_line    0x00004240       0x5b .\CortexM3\ARM_GCC_541\Debug\PSoCcontroller.a(ADC_SAR_WaSens_INT.o)
 .debug_line    0x0000429b      0x160 .\CortexM3\ARM_GCC_541\Debug\PSoCcontroller.a(PWM_WaSens.o)
 .debug_line    0x000043fb       0x9a .\CortexM3\ARM_GCC_541\Debug\PSoCcontroller.a(Pin_WaterPump.o)
 .debug_line    0x00004495      0x1a8 .\CortexM3\ARM_GCC_541\Debug\PSoCcontroller.a(ADC_SAR_WaSens_theACLK.o)
 .debug_line    0x0000463d       0x97 .\CortexM3\ARM_GCC_541\Debug\PSoCcontroller.a(Pin_Low_WL.o)
 .debug_line    0x000046d4      0x24d .\CortexM3\ARM_GCC_541\Debug\PSoCcontroller.a(SPI_1.o)
 .debug_line    0x00004921       0x62 .\CortexM3\ARM_GCC_541\Debug\PSoCcontroller.a(SPI_1_INT.o)
 .debug_line    0x00004983      0x134 .\CortexM3\ARM_GCC_541\Debug\PSoCcontroller.a(SPI_ISR.o)
 .debug_line    0x00004ab7       0x99 .\CortexM3\ARM_GCC_541\Debug\PSoCcontroller.a(SPI_read_req.o)
 .debug_line    0x00004b50       0x66 .\CortexM3\ARM_GCC_541\Debug\PSoCcontroller.a(CyBootAsmGnu.o)
 .debug_line    0x00004bb6      0x21a .\CortexM3\ARM_GCC_541\Debug\PSoCcontroller.a(CyFlash.o)
 .debug_line    0x00004dd0      0x260 .\CortexM3\ARM_GCC_541\Debug\PSoCcontroller.a(CySpc.o)
 .debug_line    0x00005030       0x60 .\CortexM3\ARM_GCC_541\Debug\PSoCcontroller.a(cyutils.o)

.debug_frame    0x00000000     0x2f64
 *(.debug_frame)
 .debug_frame   0x00000000      0x1a0 .\CortexM3\ARM_GCC_541\Debug\main.o
 .debug_frame   0x000001a0       0x90 .\CortexM3\ARM_GCC_541\Debug\CircularBuffer.o
 .debug_frame   0x00000230       0x48 .\CortexM3\ARM_GCC_541\Debug\MoistureSensor.o
 .debug_frame   0x00000278       0xd8 .\CortexM3\ARM_GCC_541\Debug\MotorDriverX.o
 .debug_frame   0x00000350       0xd8 .\CortexM3\ARM_GCC_541\Debug\MotorDriverY.o
 .debug_frame   0x00000428       0xf4 .\CortexM3\ARM_GCC_541\Debug\SPI_driver_PSoC.o
 .debug_frame   0x0000051c       0x48 .\CortexM3\ARM_GCC_541\Debug\WaterPump.o
 .debug_frame   0x00000564       0x5c .\CortexM3\ARM_GCC_541\Debug\SonarDriver.o
 .debug_frame   0x000005c0       0x4c .\CortexM3\ARM_GCC_541\Debug\WaterSensor.o
 .debug_frame   0x0000060c       0xfc .\CortexM3\ARM_GCC_541\Debug\cyfitter_cfg.o
 .debug_frame   0x00000708       0xb8 .\CortexM3\ARM_GCC_541\Debug\Cm3Start.o
 .debug_frame   0x000007c0      0x738 .\CortexM3\ARM_GCC_541\Debug\PSoCcontroller.a(CyLib.o)
 .debug_frame   0x00000ef8      0x1f8 .\CortexM3\ARM_GCC_541\Debug\PSoCcontroller.a(cyPm.o)
 .debug_frame   0x000010f0      0x13c .\CortexM3\ARM_GCC_541\Debug\PSoCcontroller.a(Timer_Sonar.o)
 .debug_frame   0x0000122c       0x50 .\CortexM3\ARM_GCC_541\Debug\PSoCcontroller.a(Trigger_1.o)
 .debug_frame   0x0000127c       0x50 .\CortexM3\ARM_GCC_541\Debug\PSoCcontroller.a(Trigger_2.o)
 .debug_frame   0x000012cc       0x50 .\CortexM3\ARM_GCC_541\Debug\PSoCcontroller.a(Echo_1.o)
 .debug_frame   0x0000131c       0x50 .\CortexM3\ARM_GCC_541\Debug\PSoCcontroller.a(Echo_2.o)
 .debug_frame   0x0000136c      0x250 .\CortexM3\ARM_GCC_541\Debug\PSoCcontroller.a(UART_1.o)
 .debug_frame   0x000015bc       0xe0 .\CortexM3\ARM_GCC_541\Debug\PSoCcontroller.a(UART_1_IntClock.o)
 .debug_frame   0x0000169c      0x124 .\CortexM3\ARM_GCC_541\Debug\PSoCcontroller.a(Delay_Timer.o)
 .debug_frame   0x000017c0      0x104 .\CortexM3\ARM_GCC_541\Debug\PSoCcontroller.a(ISR_delay.o)
 .debug_frame   0x000018c4      0x1b0 .\CortexM3\ARM_GCC_541\Debug\PSoCcontroller.a(ADC_Moisture.o)
 .debug_frame   0x00001a74       0x20 .\CortexM3\ARM_GCC_541\Debug\PSoCcontroller.a(ADC_Moisture_INT.o)
 .debug_frame   0x00001a94      0x100 .\CortexM3\ARM_GCC_541\Debug\PSoCcontroller.a(ADC_Moisture_theACLK.o)
 .debug_frame   0x00001b94      0x104 .\CortexM3\ARM_GCC_541\Debug\PSoCcontroller.a(ISR_WaterLevel.o)
 .debug_frame   0x00001c98      0x124 .\CortexM3\ARM_GCC_541\Debug\PSoCcontroller.a(Timer_StepperX.o)
 .debug_frame   0x00001dbc      0x104 .\CortexM3\ARM_GCC_541\Debug\PSoCcontroller.a(ISR_stepperY.o)
 .debug_frame   0x00001ec0      0x124 .\CortexM3\ARM_GCC_541\Debug\PSoCcontroller.a(Timer_StepperY.o)
 .debug_frame   0x00001fe4      0x104 .\CortexM3\ARM_GCC_541\Debug\PSoCcontroller.a(ISR_stepperX.o)
 .debug_frame   0x000020e8       0x50 .\CortexM3\ARM_GCC_541\Debug\PSoCcontroller.a(Pin_X1.o)
 .debug_frame   0x00002138       0x50 .\CortexM3\ARM_GCC_541\Debug\PSoCcontroller.a(Pin_X2.o)
 .debug_frame   0x00002188       0x50 .\CortexM3\ARM_GCC_541\Debug\PSoCcontroller.a(Pin_X3.o)
 .debug_frame   0x000021d8       0x50 .\CortexM3\ARM_GCC_541\Debug\PSoCcontroller.a(Pin_Y1.o)
 .debug_frame   0x00002228       0x50 .\CortexM3\ARM_GCC_541\Debug\PSoCcontroller.a(Pin_Y2.o)
 .debug_frame   0x00002278       0x50 .\CortexM3\ARM_GCC_541\Debug\PSoCcontroller.a(Pin_Y3.o)
 .debug_frame   0x000022c8      0x1b0 .\CortexM3\ARM_GCC_541\Debug\PSoCcontroller.a(ADC_SAR_WaSens.o)
 .debug_frame   0x00002478       0x20 .\CortexM3\ARM_GCC_541\Debug\PSoCcontroller.a(ADC_SAR_WaSens_INT.o)
 .debug_frame   0x00002498      0x114 .\CortexM3\ARM_GCC_541\Debug\PSoCcontroller.a(PWM_WaSens.o)
 .debug_frame   0x000025ac       0x50 .\CortexM3\ARM_GCC_541\Debug\PSoCcontroller.a(Pin_WaterPump.o)
 .debug_frame   0x000025fc      0x100 .\CortexM3\ARM_GCC_541\Debug\PSoCcontroller.a(ADC_SAR_WaSens_theACLK.o)
 .debug_frame   0x000026fc       0x50 .\CortexM3\ARM_GCC_541\Debug\PSoCcontroller.a(Pin_Low_WL.o)
 .debug_frame   0x0000274c      0x1f8 .\CortexM3\ARM_GCC_541\Debug\PSoCcontroller.a(SPI_1.o)
 .debug_frame   0x00002944       0x30 .\CortexM3\ARM_GCC_541\Debug\PSoCcontroller.a(SPI_1_INT.o)
 .debug_frame   0x00002974      0x104 .\CortexM3\ARM_GCC_541\Debug\PSoCcontroller.a(SPI_ISR.o)
 .debug_frame   0x00002a78       0x50 .\CortexM3\ARM_GCC_541\Debug\PSoCcontroller.a(SPI_read_req.o)
 .debug_frame   0x00002ac8      0x194 .\CortexM3\ARM_GCC_541\Debug\PSoCcontroller.a(CyFlash.o)
 .debug_frame   0x00002c5c      0x180 .\CortexM3\ARM_GCC_541\Debug\PSoCcontroller.a(CySpc.o)
 .debug_frame   0x00002ddc       0x20 .\CortexM3\ARM_GCC_541\Debug\PSoCcontroller.a(cyutils.o)
 .debug_frame   0x00002dfc       0x30 c:/program files (x86)/cypress/psoc creator/4.2/psoc creator/import/gnu/arm/5.4.1/bin/../lib/gcc/arm-none-eabi/5.4.1/../../../../arm-none-eabi/lib/armv7-m\libm.a(lib_a-s_round.o)
 .debug_frame   0x00002e2c       0x44 c:/program files (x86)/cypress/psoc creator/4.2/psoc creator/import/gnu/arm/5.4.1/bin/../lib/gcc/arm-none-eabi/5.4.1/armv7-m\libgcc.a(_aeabi_ldivmod.o)
 .debug_frame   0x00002e70       0x38 c:/program files (x86)/cypress/psoc creator/4.2/psoc creator/import/gnu/arm/5.4.1/bin/../lib/gcc/arm-none-eabi/5.4.1/armv7-m\libgcc.a(_udivmoddi4.o)
 .debug_frame   0x00002ea8       0x20 c:/program files (x86)/cypress/psoc creator/4.2/psoc creator/import/gnu/arm/5.4.1/bin/../lib/gcc/arm-none-eabi/5.4.1/../../../../arm-none-eabi/lib/armv7-m\libg_nano.a(lib_a-errno.o)
 .debug_frame   0x00002ec8       0x28 c:/program files (x86)/cypress/psoc creator/4.2/psoc creator/import/gnu/arm/5.4.1/bin/../lib/gcc/arm-none-eabi/5.4.1/../../../../arm-none-eabi/lib/armv7-m\libg_nano.a(lib_a-exit.o)
 .debug_frame   0x00002ef0       0x2c c:/program files (x86)/cypress/psoc creator/4.2/psoc creator/import/gnu/arm/5.4.1/bin/../lib/gcc/arm-none-eabi/5.4.1/../../../../arm-none-eabi/lib/armv7-m\libg_nano.a(lib_a-init.o)
 .debug_frame   0x00002f1c       0x28 c:/program files (x86)/cypress/psoc creator/4.2/psoc creator/import/gnu/arm/5.4.1/bin/../lib/gcc/arm-none-eabi/5.4.1/../../../../arm-none-eabi/lib/armv7-m\libg_nano.a(lib_a-memcpy-stub.o)
 .debug_frame   0x00002f44       0x20 c:/program files (x86)/cypress/psoc creator/4.2/psoc creator/import/gnu/arm/5.4.1/bin/../lib/gcc/arm-none-eabi/5.4.1/../../../../arm-none-eabi/lib/armv7-m\libg_nano.a(lib_a-memset.o)

.debug_str      0x00000000     0x3e16
 *(.debug_str)
 .debug_str     0x00000000      0x69e .\CortexM3\ARM_GCC_541\Debug\main.o
                                0x72c (size before relaxing)
 .debug_str     0x0000069e       0x37 .\CortexM3\ARM_GCC_541\Debug\CircularBuffer.o
                                0x276 (size before relaxing)
 .debug_str     0x000006d5       0x74 .\CortexM3\ARM_GCC_541\Debug\MoistureSensor.o
                                0x267 (size before relaxing)
 .debug_str     0x00000749       0xc3 .\CortexM3\ARM_GCC_541\Debug\MotorDriverX.o
                                0x30d (size before relaxing)
 .debug_str     0x0000080c       0xb6 .\CortexM3\ARM_GCC_541\Debug\MotorDriverY.o
                                0x33b (size before relaxing)
 .debug_str     0x000008c2       0xc2 .\CortexM3\ARM_GCC_541\Debug\SPI_driver_PSoC.o
                                0x4fa (size before relaxing)
 .debug_str     0x00000984       0x14 .\CortexM3\ARM_GCC_541\Debug\WaterPump.o
                                0x208 (size before relaxing)
 .debug_str     0x00000998       0xe2 .\CortexM3\ARM_GCC_541\Debug\SonarDriver.o
                                0x33a (size before relaxing)
 .debug_str     0x00000a7a       0xdd .\CortexM3\ARM_GCC_541\Debug\WaterSensor.o
                                0x2c5 (size before relaxing)
 .debug_str     0x00000b57      0x180 .\CortexM3\ARM_GCC_541\Debug\cyfitter_cfg.o
                                0x34b (size before relaxing)
 .debug_str     0x00000cd7       0x75 .\CortexM3\ARM_GCC_541\Debug\cymetadata.o
                                0x210 (size before relaxing)
 .debug_str     0x00000d4c      0x139 .\CortexM3\ARM_GCC_541\Debug\Cm3Start.o
                                0x336 (size before relaxing)
 .debug_str     0x00000e85      0x828 .\CortexM3\ARM_GCC_541\Debug\PSoCcontroller.a(CyLib.o)
                                0xa73 (size before relaxing)
 .debug_str     0x000016ad      0x34c .\CortexM3\ARM_GCC_541\Debug\PSoCcontroller.a(cyPm.o)
                                0x75f (size before relaxing)
 .debug_str     0x000019f9      0x1af .\CortexM3\ARM_GCC_541\Debug\PSoCcontroller.a(Timer_Sonar.o)
                                0x3de (size before relaxing)
 .debug_str     0x00001ba8       0x6a .\CortexM3\ARM_GCC_541\Debug\PSoCcontroller.a(Trigger_1.o)
                                0x222 (size before relaxing)
 .debug_str     0x00001c12       0x5f .\CortexM3\ARM_GCC_541\Debug\PSoCcontroller.a(Trigger_2.o)
                                0x222 (size before relaxing)
 .debug_str     0x00001c71       0x54 .\CortexM3\ARM_GCC_541\Debug\PSoCcontroller.a(Echo_1.o)
                                0x213 (size before relaxing)
 .debug_str     0x00001cc5       0x54 .\CortexM3\ARM_GCC_541\Debug\PSoCcontroller.a(Echo_2.o)
                                0x213 (size before relaxing)
 .debug_str     0x00001d19      0x2ab .\CortexM3\ARM_GCC_541\Debug\PSoCcontroller.a(UART_1.o)
                                0x4df (size before relaxing)
 .debug_str     0x00001fc4      0x197 .\CortexM3\ARM_GCC_541\Debug\PSoCcontroller.a(UART_1_IntClock.o)
                                0x37a (size before relaxing)
 .debug_str     0x0000215b      0x14f .\CortexM3\ARM_GCC_541\Debug\PSoCcontroller.a(Delay_Timer.o)
                                0x3d3 (size before relaxing)
 .debug_str     0x000022aa      0x10c .\CortexM3\ARM_GCC_541\Debug\PSoCcontroller.a(ISR_delay.o)
                                0x30a (size before relaxing)
 .debug_str     0x000023b6      0x251 .\CortexM3\ARM_GCC_541\Debug\PSoCcontroller.a(ADC_Moisture.o)
                                0x534 (size before relaxing)
 .debug_str     0x00002607       0x3b .\CortexM3\ARM_GCC_541\Debug\PSoCcontroller.a(ADC_Moisture_INT.o)
                                0x1cd (size before relaxing)
 .debug_str     0x00002642      0x1e3 .\CortexM3\ARM_GCC_541\Debug\PSoCcontroller.a(ADC_Moisture_theACLK.o)
                                0x40b (size before relaxing)
 .debug_str     0x00002825      0x14d .\CortexM3\ARM_GCC_541\Debug\PSoCcontroller.a(ISR_WaterLevel.o)
                                0x350 (size before relaxing)
 .debug_str     0x00002972      0x1cf .\CortexM3\ARM_GCC_541\Debug\PSoCcontroller.a(Timer_StepperX.o)
                                0x409 (size before relaxing)
 .debug_str     0x00002b41      0x133 .\CortexM3\ARM_GCC_541\Debug\PSoCcontroller.a(ISR_stepperY.o)
                                0x334 (size before relaxing)
 .debug_str     0x00002c74      0x1cf .\CortexM3\ARM_GCC_541\Debug\PSoCcontroller.a(Timer_StepperY.o)
                                0x409 (size before relaxing)
 .debug_str     0x00002e43      0x133 .\CortexM3\ARM_GCC_541\Debug\PSoCcontroller.a(ISR_stepperX.o)
                                0x334 (size before relaxing)
 .debug_str     0x00002f76       0x53 .\CortexM3\ARM_GCC_541\Debug\PSoCcontroller.a(Pin_X1.o)
                                0x213 (size before relaxing)
 .debug_str     0x00002fc9       0x53 .\CortexM3\ARM_GCC_541\Debug\PSoCcontroller.a(Pin_X2.o)
                                0x213 (size before relaxing)
 .debug_str     0x0000301c       0x54 .\CortexM3\ARM_GCC_541\Debug\PSoCcontroller.a(Pin_X3.o)
                                0x213 (size before relaxing)
 .debug_str     0x00003070       0x53 .\CortexM3\ARM_GCC_541\Debug\PSoCcontroller.a(Pin_Y1.o)
                                0x213 (size before relaxing)
 .debug_str     0x000030c3       0x53 .\CortexM3\ARM_GCC_541\Debug\PSoCcontroller.a(Pin_Y2.o)
                                0x213 (size before relaxing)
 .debug_str     0x00003116       0x54 .\CortexM3\ARM_GCC_541\Debug\PSoCcontroller.a(Pin_Y3.o)
                                0x213 (size before relaxing)
 .debug_str     0x0000316a      0x236 .\CortexM3\ARM_GCC_541\Debug\PSoCcontroller.a(ADC_SAR_WaSens.o)
                                0x566 (size before relaxing)
 .debug_str     0x000033a0       0x3f .\CortexM3\ARM_GCC_541\Debug\PSoCcontroller.a(ADC_SAR_WaSens_INT.o)
                                0x1d1 (size before relaxing)
 .debug_str     0x000033df      0x17c .\CortexM3\ARM_GCC_541\Debug\PSoCcontroller.a(PWM_WaSens.o)
                                0x389 (size before relaxing)
 .debug_str     0x0000355b       0x6f .\CortexM3\ARM_GCC_541\Debug\PSoCcontroller.a(Pin_WaterPump.o)
                                0x236 (size before relaxing)
 .debug_str     0x000035ca      0x1f4 .\CortexM3\ARM_GCC_541\Debug\PSoCcontroller.a(ADC_SAR_WaSens_theACLK.o)
                                0x427 (size before relaxing)
 .debug_str     0x000037be       0x53 .\CortexM3\ARM_GCC_541\Debug\PSoCcontroller.a(Pin_Low_WL.o)
                                0x227 (size before relaxing)
 .debug_str     0x00003811      0x1dd .\CortexM3\ARM_GCC_541\Debug\PSoCcontroller.a(SPI_1.o)
                                0x47b (size before relaxing)
 .debug_str     0x000039ee       0x3d .\CortexM3\ARM_GCC_541\Debug\PSoCcontroller.a(SPI_1_INT.o)
                                0x1e4 (size before relaxing)
 .debug_str     0x00003a2b       0xf2 .\CortexM3\ARM_GCC_541\Debug\PSoCcontroller.a(SPI_ISR.o)
                                0x2ee (size before relaxing)
 .debug_str     0x00003b1d       0x6b .\CortexM3\ARM_GCC_541\Debug\PSoCcontroller.a(SPI_read_req.o)
                                0x231 (size before relaxing)
 .debug_str     0x00003b88      0x1b4 .\CortexM3\ARM_GCC_541\Debug\PSoCcontroller.a(CyFlash.o)
                                0x3ec (size before relaxing)
 .debug_str     0x00003d3c       0xac .\CortexM3\ARM_GCC_541\Debug\PSoCcontroller.a(CySpc.o)