Archive member included to satisfy reference by file (symbol)

.\CortexM3\ARM_GCC_541\Debug\PSoCcontroller.a(CyLib.o)
                              .\CortexM3\ARM_GCC_541\Debug\Cm3Start.o (CyHalt)
.\CortexM3\ARM_GCC_541\Debug\PSoCcontroller.a(cyPm.o)
                              .\CortexM3\ARM_GCC_541\Debug\main.o (CyPmAltAct)
.\CortexM3\ARM_GCC_541\Debug\PSoCcontroller.a(Timer_Sonar.o)
                              .\CortexM3\ARM_GCC_541\Debug\main.o (Timer_Sonar_WriteCounter)
.\CortexM3\ARM_GCC_541\Debug\PSoCcontroller.a(Trigger_1.o)
                              .\CortexM3\ARM_GCC_541\Debug\main.o (Trigger_1_Write)
.\CortexM3\ARM_GCC_541\Debug\PSoCcontroller.a(Trigger_2.o)
                              .\CortexM3\ARM_GCC_541\Debug\main.o (Trigger_2_Write)
.\CortexM3\ARM_GCC_541\Debug\PSoCcontroller.a(Echo_1.o)
                              .\CortexM3\ARM_GCC_541\Debug\main.o (Echo_1_Read)
.\CortexM3\ARM_GCC_541\Debug\PSoCcontroller.a(Echo_2.o)
                              .\CortexM3\ARM_GCC_541\Debug\main.o (Echo_2_Read)
.\CortexM3\ARM_GCC_541\Debug\PSoCcontroller.a(UART_1.o)
                              .\CortexM3\ARM_GCC_541\Debug\main.o (UART_1_Start)
.\CortexM3\ARM_GCC_541\Debug\PSoCcontroller.a(UART_1_IntClock.o)
                              .\CortexM3\ARM_GCC_541\Debug\PSoCcontroller.a(UART_1.o) (UART_1_IntClock_Start)
.\CortexM3\ARM_GCC_541\Debug\PSoCcontroller.a(Delay_Timer.o)
                              .\CortexM3\ARM_GCC_541\Debug\main.o (Delay_Timer_Stop)
.\CortexM3\ARM_GCC_541\Debug\PSoCcontroller.a(ISR_uart.o)
                              .\CortexM3\ARM_GCC_541\Debug\main.o (ISR_uart_StartEx)
.\CortexM3\ARM_GCC_541\Debug\PSoCcontroller.a(ISR_delay.o)
                              .\CortexM3\ARM_GCC_541\Debug\main.o (ISR_delay_StartEx)
.\CortexM3\ARM_GCC_541\Debug\PSoCcontroller.a(Pin_1.o)
                              .\CortexM3\ARM_GCC_541\Debug\main.o (Pin_1_Write)
.\CortexM3\ARM_GCC_541\Debug\PSoCcontroller.a(ADC_Moisture.o)
                              .\CortexM3\ARM_GCC_541\Debug\MoistureSensor.o (ADC_Moisture_Start)
.\CortexM3\ARM_GCC_541\Debug\PSoCcontroller.a(ADC_Moisture_INT.o)
                              .\CortexM3\ARM_GCC_541\Debug\PSoCcontroller.a(ADC_Moisture.o) (ADC_Moisture_ISR)
.\CortexM3\ARM_GCC_541\Debug\PSoCcontroller.a(ADC_Moisture_theACLK.o)
                              .\CortexM3\ARM_GCC_541\Debug\PSoCcontroller.a(ADC_Moisture.o) (ADC_Moisture_theACLK_SetModeRegister)
.\CortexM3\ARM_GCC_541\Debug\PSoCcontroller.a(Timer_StepperX.o)
                              .\CortexM3\ARM_GCC_541\Debug\main.o (Timer_StepperX_Stop)
.\CortexM3\ARM_GCC_541\Debug\PSoCcontroller.a(ISR_stepperY.o)
                              .\CortexM3\ARM_GCC_541\Debug\MotorDriverY.o (ISR_stepperY_StartEx)
.\CortexM3\ARM_GCC_541\Debug\PSoCcontroller.a(Timer_StepperY.o)
                              .\CortexM3\ARM_GCC_541\Debug\main.o (Timer_StepperY_Stop)
.\CortexM3\ARM_GCC_541\Debug\PSoCcontroller.a(ISR_stepperX.o)
                              .\CortexM3\ARM_GCC_541\Debug\MotorDriverX.o (ISR_stepperX_StartEx)
.\CortexM3\ARM_GCC_541\Debug\PSoCcontroller.a(Pin_X1.o)
                              .\CortexM3\ARM_GCC_541\Debug\MotorDriverX.o (Pin_X1_Write)
.\CortexM3\ARM_GCC_541\Debug\PSoCcontroller.a(Pin_X2.o)
                              .\CortexM3\ARM_GCC_541\Debug\MotorDriverX.o (Pin_X2_Write)
.\CortexM3\ARM_GCC_541\Debug\PSoCcontroller.a(Pin_X3.o)
                              .\CortexM3\ARM_GCC_541\Debug\MotorDriverX.o (Pin_X3_Read)
.\CortexM3\ARM_GCC_541\Debug\PSoCcontroller.a(Pin_Y1.o)
                              .\CortexM3\ARM_GCC_541\Debug\MotorDriverY.o (Pin_Y1_Write)
.\CortexM3\ARM_GCC_541\Debug\PSoCcontroller.a(Pin_Y2.o)
                              .\CortexM3\ARM_GCC_541\Debug\MotorDriverY.o (Pin_Y2_Write)
.\CortexM3\ARM_GCC_541\Debug\PSoCcontroller.a(Pin_Y3.o)
                              .\CortexM3\ARM_GCC_541\Debug\MotorDriverY.o (Pin_Y3_Read)
.\CortexM3\ARM_GCC_541\Debug\PSoCcontroller.a(ADC_SAR_WaSens.o)
                              .\CortexM3\ARM_GCC_541\Debug\main.o (ADC_SAR_WaSens_Start)
.\CortexM3\ARM_GCC_541\Debug\PSoCcontroller.a(ADC_SAR_WaSens_INT.o)
                              .\CortexM3\ARM_GCC_541\Debug\PSoCcontroller.a(ADC_SAR_WaSens.o) (ADC_SAR_WaSens_ISR)
.\CortexM3\ARM_GCC_541\Debug\PSoCcontroller.a(PWM_WaSens.o)
                              .\CortexM3\ARM_GCC_541\Debug\main.o (PWM_WaSens_Start)
.\CortexM3\ARM_GCC_541\Debug\PSoCcontroller.a(Pin_WaterPump.o)
                              .\CortexM3\ARM_GCC_541\Debug\main.o (Pin_WaterPump_Write)
.\CortexM3\ARM_GCC_541\Debug\PSoCcontroller.a(ADC_SAR_WaSens_theACLK.o)
                              .\CortexM3\ARM_GCC_541\Debug\PSoCcontroller.a(ADC_SAR_WaSens.o) (ADC_SAR_WaSens_theACLK_SetModeRegister)
.\CortexM3\ARM_GCC_541\Debug\PSoCcontroller.a(Pin_Low_WL.o)
                              .\CortexM3\ARM_GCC_541\Debug\main.o (Pin_Low_WL_Write)
.\CortexM3\ARM_GCC_541\Debug\PSoCcontroller.a(SPI_1.o)
[...]
Memory Configuration

Name             Origin             Length             Attributes
rom              0x00000000         0x00040000         xr
ram              0x1fff8000         0x00010000         xrw
*default*        0x00000000         0xffffffff

Linker script and memory map

LOAD c:/program files (x86)/cypress/psoc creator/4.2/psoc creator/import/gnu/arm/5.4.1/bin/../lib/gcc/arm-none-eabi/5.4.1/armv7-m/crti.o
LOAD c:/program files (x86)/cypress/psoc creator/4.2/psoc creator/import/gnu/arm/5.4.1/bin/../lib/gcc/arm-none-eabi/5.4.1/armv7-m/crtbegin.o
LOAD c:/program files (x86)/cypress/psoc creator/4.2/psoc creator/import/gnu/arm/5.4.1/bin/../lib/gcc/arm-none-eabi/5.4.1/../../../../arm-none-eabi/lib/armv7-m/crt0.o
START GROUP
LOAD .\CortexM3\ARM_GCC_541\Debug\main.o
LOAD .\CortexM3\ARM_GCC_541\Debug\CircularBuffer.o
LOAD .\CortexM3\ARM_GCC_541\Debug\MoistureSensor.o
LOAD .\CortexM3\ARM_GCC_541\Debug\MotorDriverX.o
LOAD .\CortexM3\ARM_GCC_541\Debug\MotorDriverY.o
LOAD .\CortexM3\ARM_GCC_541\Debug\SPI_driver_PSoC.o
LOAD .\CortexM3\ARM_GCC_541\Debug\cyfitter_cfg.o
LOAD .\CortexM3\ARM_GCC_541\Debug\cymetadata.o
LOAD .\CortexM3\ARM_GCC_541\Debug\Cm3Start.o
LOAD .\CortexM3\ARM_GCC_541\Debug\PSoCcontroller.a
LOAD C:\Program Files (x86)\Cypress\PSoC Creator\4.2\PSoC Creator\psoc\content\cycomponentlibrary\CyComponentLibrary.cylib\CortexM3\ARM_GCC_541\Debug\CyComponentLibrary.a
LOAD c:/program files (x86)/cypress/psoc creator/4.2/psoc creator/import/gnu/arm/5.4.1/bin/../lib/gcc/arm-none-eabi/5.4.1/../../../../arm-none-eabi/lib/armv7-m\libm.a
END GROUP
START GROUP
LOAD c:/program files (x86)/cypress/psoc creator/4.2/psoc creator/import/gnu/arm/5.4.1/bin/../lib/gcc/arm-none-eabi/5.4.1/armv7-m\libgcc.a
LOAD c:/program files (x86)/cypress/psoc creator/4.2/psoc creator/import/gnu/arm/5.4.1/bin/../lib/gcc/arm-none-eabi/5.4.1/../../../../arm-none-eabi/lib/armv7-m\libg_nano.a
LOAD c:/program files (x86)/cypress/psoc creator/4.2/psoc creator/import/gnu/arm/5.4.1/bin/../lib/gcc/arm-none-eabi/5.4.1/../../../../arm-none-eabi/lib/armv7-m\libc_nano.a
END GROUP
START GROUP
LOAD c:/program files (x86)/cypress/psoc creator/4.2/psoc creator/import/gnu/arm/5.4.1/bin/../lib/gcc/arm-none-eabi/5.4.1/armv7-m\libgcc.a
LOAD c:/program files (x86)/cypress/psoc creator/4.2/psoc creator/import/gnu/arm/5.4.1/bin/../lib/gcc/arm-none-eabi/5.4.1/../../../../arm-none-eabi/lib/armv7-m\libc_nano.a
END GROUP
LOAD c:/program files (x86)/cypress/psoc creator/4.2/psoc creator/import/gnu/arm/5.4.1/bin/../lib/gcc/arm-none-eabi/5.4.1/armv7-m/crtend.o
LOAD c:/program files (x86)/cypress/psoc creator/4.2/psoc creator/import/gnu/arm/5.4.1/bin/../lib/gcc/arm-none-eabi/5.4.1/armv7-m/crtn.o
START GROUP
LOAD c:/program files (x86)/cypress/psoc creator/4.2/psoc creator/import/gnu/arm/5.4.1/bin/../lib/gcc/arm-none-eabi/5.4.1/armv7-m\libgcc.a
LOAD c:/program files (x86)/cypress/psoc creator/4.2/psoc creator/import/gnu/arm/5.4.1/bin/../lib/gcc/arm-none-eabi/5.4.1/../../../../arm-none-eabi/lib/armv7-m\libc.a
LOAD c:/program files (x86)/cypress/psoc creator/4.2/psoc creator/import/gnu/arm/5.4.1/bin/../lib/gcc/arm-none-eabi/5.4.1/../../../../arm-none-eabi/lib/armv7-m\libnosys.a
END GROUP
                0x00000000                CY_APPL_ORIGIN = 0x0
                0x00000100                CY_FLASH_ROW_SIZE = 0x100
                0x00000020                CY_ECC_ROW_SIZE = 0x20
                0x00000000                CY_EE_IN_BTLDR = 0x0
                0x00000000                CY_APPL_LOADABLE = 0x0
                0x00000800                CY_EE_SIZE = 0x800
                0x00000001                CY_APPL_NUM = 0x1
                0x00000001                CY_APPL_MAX = 0x1
                0x00000040                CY_METADATA_SIZE = 0x40
                0x00000000                CY_APPL_LOADABLE = 0x0
                0x00000000                CY_CHECKSUM_EXCLUDE_SIZE = ALIGN (0x0, CY_FLASH_ROW_SIZE)
                [!provide]                PROVIDE (__cy_heap_start, _end)
                0x00000001                PROVIDE (__cy_region_num, ((__cy_regions_end - __cy_regions) / 0x10))
                0x20008000                PROVIDE (__cy_stack, (ORIGIN (ram) + LENGTH (ram)))
                [!provide]                PROVIDE (__cy_heap_end, (__cy_stack - 0x800))

.cybootloader   0x00000000        0x0
 *(.cybootloader)
                0x00000000                appl1_start = CY_APPL_ORIGIN?CY_APPL_ORIGIN:ALIGN (CY_FLASH_ROW_SIZE)
                0x0001ff00                appl2_start = (appl1_start + ALIGN ((((LENGTH (rom) - appl1_start) - (0x2 * CY_FLASH_ROW_SIZE)) / 0x2), CY_FLASH_ROW_SIZE))
                0x00000000                appl_start = (CY_APPL_NUM == 0x1)?appl1_start:appl2_start
                0x00000000                ecc_offset = ((appl_start / CY_FLASH_ROW_SIZE) * CY_ECC_ROW_SIZE)
                0x00000000                ee_offset = (CY_APPL_LOADABLE && ! (CY_EE_IN_BTLDR))?((CY_EE_SIZE / CY_APPL_MAX) * (CY_APPL_NUM - 0x1)):0x0
                0x00000800                ee_size = (CY_APPL_LOADABLE && ! (CY_EE_IN_BTLDR))?(CY_EE_SIZE / CY_APPL_MAX):CY_EE_SIZE
                [!provide]                PROVIDE (CY_ECC_OFFSET, ecc_offset)

.text           0x00000000     0x2d0e
 CREATE_OBJECT_SYMBOLS
                0x00000000                PROVIDE (__cy_interrupt_vector, RomVectors)
 *(.romvectors)
 .romvectors    0x00000000       0x10 .\CortexM3\ARM_GCC_541\Debug\Cm3Start.o
                0x00000000                RomVectors
                0x00000001                ASSERT ((. != __cy_interrupt_vector), No interrupt vector)
                0x00000001                ASSERT (CY_APPL_ORIGIN?(SIZEOF (.cybootloader) <= CY_APPL_ORIGIN):0x1, Wrong image location)
                0x00000010                PROVIDE (__cy_reset, Reset)
 *(.text.Reset)
 .text.Reset    0x00000010       0x18 .\CortexM3\ARM_GCC_541\Debug\Cm3Start.o
                0x00000010                Reset
                0x00000001                ASSERT ((. != __cy_reset), No reset code)
 *(.dma_init)
                0x00000001                ASSERT ((((appl_start + .) <= 0x10000) || 0x1), DMA Init must be within the first 64k of flash)
 *(.text .text.* .gnu.linkonce.t.*)
 .text          0x00000028       0x5c c:/program files (x86)/cypress/psoc creator/4.2/psoc creator/import/gnu/arm/5.4.1/bin/../lib/gcc/arm-none-eabi/5.4.1/armv7-m/crtbegin.o
 .text.setMode  0x00000084       0x20 .\CortexM3\ARM_GCC_541\Debug\main.o
 .text.manualMode
                0x000000a4       0xfc .\CortexM3\ARM_GCC_541\Debug\main.o
 .text.WaterPump_fireWater
                0x000001a0       0x2c .\CortexM3\ARM_GCC_541\Debug\main.o
                0x000001a0                WaterPump_fireWater
 .text.standbyMode
                0x000001cc       0x14 .\CortexM3\ARM_GCC_541\Debug\main.o
 .text.automatiskVanding
                0x000001e0        0x8 .\CortexM3\ARM_GCC_541\Debug\main.o
 .text.checkForPigeonAndShoot
                0x000001e8       0x14 .\CortexM3\ARM_GCC_541\Debug\main.o
 .text.powersavingMode
                0x000001fc       0x28 .\CortexM3\ARM_GCC_541\Debug\main.o
 .text.normalMode
                0x00000224       0x28 .\CortexM3\ARM_GCC_541\Debug\main.o
 .text.UARTisr  0x0000024c      0x130 .\CortexM3\ARM_GCC_541\Debug\main.o
                0x0000024c                UARTisr
 .text.DelayTimerInterrupt
                0x0000037c        0xc .\CortexM3\ARM_GCC_541\Debug\main.o
                0x0000037c                DelayTimerInterrupt
 .text.Sonar_Start
                0x00000388       0x14 .\CortexM3\ARM_GCC_541\Debug\main.o
                0x00000388                Sonar_Start
 .text.WaSensInit
                0x0000039c        0xc .\CortexM3\ARM_GCC_541\Debug\main.o
                0x0000039c                WaSensInit
 .text.WaSensMeasure
                0x000003a8       0xa8 .\CortexM3\ARM_GCC_541\Debug\main.o
                0x000003a8                WaSensMeasure
 .text.main     0x00000450       0x7c .\CortexM3\ARM_GCC_541\Debug\main.o
                0x00000450                main
 .text.ISR_SPI_RX_handler
                0x000004cc       0xa4 .\CortexM3\ARM_GCC_541\Debug\main.o
                0x000004cc                ISR_SPI_RX_handler
 .text.isEmpty  0x00000570       0x14 .\CortexM3\ARM_GCC_541\Debug\CircularBuffer.o
 .text.clearBuffer
                0x00000584        0xc .\CortexM3\ARM_GCC_541\Debug\CircularBuffer.o
 .text.isFull   0x00000590       0x30 .\CortexM3\ARM_GCC_541\Debug\CircularBuffer.o
 .text.push     0x000005c0       0x60 .\CortexM3\ARM_GCC_541\Debug\CircularBuffer.o
                0x000005c0                push
 .text.pop      0x00000620       0x50 .\CortexM3\ARM_GCC_541\Debug\CircularBuffer.o
                0x00000620                pop
 .text.initCircbuf
                0x00000670       0x54 .\CortexM3\ARM_GCC_541\Debug\CircularBuffer.o
                0x00000670                initCircbuf
 .text.MoistureSensor_getResult
                0x000006c4       0x18 .\CortexM3\ARM_GCC_541\Debug\MoistureSensor.o
                0x000006c4                MoistureSensor_getResult
 .text.stepperX_isr_handler
                0x000006dc       0x14 .\CortexM3\ARM_GCC_541\Debug\MotorDriverX.o
                0x000006dc                stepperX_isr_handler
 .text.moveStepX
                0x000006f0       0x50 .\CortexM3\ARM_GCC_541\Debug\MotorDriverX.o
                0x000006f0                moveStepX
 .text.rotateClockwiseX
                0x00000740       0x38 .\CortexM3\ARM_GCC_541\Debug\MotorDriverX.o
                0x00000740                rotateClockwiseX
 .text.rotateCounterClockwiseX
                0x00000778       0x2c .\CortexM3\ARM_GCC_541\Debug\MotorDriverX.o
                0x00000778                rotateCounterClockwiseX
 *fill*         0x000007a4        0x4 
 .text.moveDegreesX
                0x000007a8       0x9c .\CortexM3\ARM_GCC_541\Debug\MotorDriverX.o
                0x000007a8                moveDegreesX
 .text.resetPositionX
                0x00000844       0x3c .\CortexM3\ARM_GCC_541\Debug\MotorDriverX.o
                0x00000844                resetPositionX
 .text.initStepperX
                0x00000880       0x28 .\CortexM3\ARM_GCC_541\Debug\MotorDriverX.o
                0x00000880                initStepperX
 .text.stepperY_isr_handler
                0x000008a8       0x14 .\CortexM3\ARM_GCC_541\Debug\MotorDriverY.o
                0x000008a8                stepperY_isr_handler
 .text.moveStepY
                0x000008bc       0x50 .\CortexM3\ARM_GCC_541\Debug\MotorDriverY.o
                0x000008bc                moveStepY
 .text.rotateClockwiseY
                0x0000090c       0x38 .\CortexM3\ARM_GCC_541\Debug\MotorDriverY.o
                0x0000090c                rotateClockwiseY
 .text.rotateCounterClockwiseY
                0x00000944       0x2c .\CortexM3\ARM_GCC_541\Debug\MotorDriverY.o
                0x00000944                rotateCounterClockwiseY
 .text.moveDegreesY
                0x00000970       0xa0 .\CortexM3\ARM_GCC_541\Debug\MotorDriverY.o
                0x00000970                moveDegreesY
 .text.resetPositionY
                0x00000a10       0x3c .\CortexM3\ARM_GCC_541\Debug\MotorDriverY.o
                0x00000a10                resetPositionY
 .text.initStepperY
                0x00000a4c       0x28 .\CortexM3\ARM_GCC_541\Debug\MotorDriverY.o
                0x00000a4c                initStepperY
 .text.SPI_start
                0x00000a74       0x24 .\CortexM3\ARM_GCC_541\Debug\SPI_driver_PSoC.o
                0x00000a74                SPI_start
 .text.SPI_send_pigeon_shot_position
                0x00000a98       0x68 .\CortexM3\ARM_GCC_541\Debug\SPI_driver_PSoC.o
                0x00000a98                SPI_send_pigeon_shot_position
 .text.CyClockStartupError
                0x00000b00        0x4 .\CortexM3\ARM_GCC_541\Debug\cyfitter_cfg.o
 .text.cfg_write_bytes32
                0x00000b04       0x34 .\CortexM3\ARM_GCC_541\Debug\cyfitter_cfg.o
 .text.CYMEMZERO
                0x00000b38        0xc .\CortexM3\ARM_GCC_541\Debug\cyfitter_cfg.o
 .text.AnalogSetDefault
                0x00000b44       0x98 .\CortexM3\ARM_GCC_541\Debug\cyfitter_cfg.o
 .text.CYCONFIGCPY
                0x00000bdc        0x8 .\CortexM3\ARM_GCC_541\Debug\cyfitter_cfg.o
 .text.ClockSetup
                0x00000be4      0x114 .\CortexM3\ARM_GCC_541\Debug\cyfitter_cfg.o
 .text.cyfitter_cfg
                0x00000cf8      0x134 .\CortexM3\ARM_GCC_541\Debug\cyfitter_cfg.o
                0x00000cf8                cyfitter_cfg
 .text.IntDefaultHandler
                0x00000e2c       0x10 .\CortexM3\ARM_GCC_541\Debug\Cm3Start.o
                0x00000e2c                IntDefaultHandler
 .text.Start_c  0x00000e3c       0x4c .\CortexM3\ARM_GCC_541\Debug\Cm3Start.o
                0x00000e3c                Start_c
 .text.initialize_psoc
                0x00000e88       0x68 .\CortexM3\ARM_GCC_541\Debug\Cm3Start.o
                0x00000e88                initialize_psoc
 .text.CyILO_Start1K
                0x00000ef0       0x10 .\CortexM3\ARM_GCC_541\Debug\PSoCcontroller.a(CyLib.o)
                0x00000ef0                CyILO_Start1K
 .text.CyILO_Start100K
                0x00000f00       0x10 .\CortexM3\ARM_GCC_541\Debug\PSoCcontroller.a(CyLib.o)
                0x00000f00                CyILO_Start100K
 .text.CyILO_SetPowerMode
                0x00000f10       0x24 .\CortexM3\ARM_GCC_541\Debug\PSoCcontroller.a(CyLib.o)
                0x00000f10                CyILO_SetPowerMode
 .text.CyHalt   0x00000f34        0x4 .\CortexM3\ARM_GCC_541\Debug\PSoCcontroller.a(CyLib.o)
                0x00000f34                CyHalt
 .text.CyDelay  0x00000f38       0x2c .\CortexM3\ARM_GCC_541\Debug\PSoCcontroller.a(CyLib.o)
                0x00000f38                CyDelay
 .text.CyDelayUs
                0x00000f64       0x14 .\CortexM3\ARM_GCC_541\Debug\PSoCcontroller.a(CyLib.o)
                0x00000f64                CyDelayUs
 .text.CyVdStickyStatus
                0x00000f78       0x2c .\CortexM3\ARM_GCC_541\Debug\PSoCcontroller.a(CyLib.o)
                0x00000f78                CyVdStickyStatus
 .text.CyVdLvDigitEnable
                0x00000fa4       0x84 .\CortexM3\ARM_GCC_541\Debug\PSoCcontroller.a(CyLib.o)
                0x00000fa4                CyVdLvDigitEnable
 .text.CyVdLvAnalogEnable
                0x00001028       0x80 .\CortexM3\ARM_GCC_541\Debug\PSoCcontroller.a(CyLib.o)
                0x00001028                CyVdLvAnalogEnable
 .text.CyVdLvDigitDisable
                0x000010a8       0x30 .\CortexM3\ARM_GCC_541\Debug\PSoCcontroller.a(CyLib.o)
                0x000010a8                CyVdLvDigitDisable
 .text.CyVdLvAnalogDisable
                0x000010d8       0x28 .\CortexM3\ARM_GCC_541\Debug\PSoCcontroller.a(CyLib.o)
                0x000010d8                CyVdLvAnalogDisable
 .text.CyVdHvAnalogEnable
                0x00001100       0x54 .\CortexM3\ARM_GCC_541\Debug\PSoCcontroller.a(CyLib.o)
                0x00001100                CyVdHvAnalogEnable
 .text.CyVdHvAnalogDisable
                0x00001154       0x20 .\CortexM3\ARM_GCC_541\Debug\PSoCcontroller.a(CyLib.o)
                0x00001154                CyVdHvAnalogDisable
 .text.CyIntSetVector
                0x00001174       0x28 .\CortexM3\ARM_GCC_541\Debug\PSoCcontroller.a(CyLib.o)
                0x00001174                CyIntSetVector
 .text.CyIntSetPriority
                0x0000119c       0x30 .\CortexM3\ARM_GCC_541\Debug\PSoCcontroller.a(CyLib.o)
                0x0000119c                CyIntSetPriority
 .text.CyPmHibSlpSaveSet
                0x000011cc      0x1dc .\CortexM3\ARM_GCC_541\Debug\PSoCcontroller.a(cyPm.o)
 .text.CyPmHibSlpRestore
                0x000013a8       0xd8 .\CortexM3\ARM_GCC_541\Debug\PSoCcontroller.a(cyPm.o)
 .text.CyPmHviLviSaveDisable
                0x00001480       0xa0 .\CortexM3\ARM_GCC_541\Debug\PSoCcontroller.a(cyPm.o)
 .text.CyPmHibSaveSet
                0x00001520       0x98 .\CortexM3\ARM_GCC_541\Debug\PSoCcontroller.a(cyPm.o)
 .text.CyPmHviLviRestore
                0x000015b8       0x48 .\CortexM3\ARM_GCC_541\Debug\PSoCcontroller.a(cyPm.o)
 .text.CyPmHibRestore
                0x00001600       0x60 .\CortexM3\ARM_GCC_541\Debug\PSoCcontroller.a(cyPm.o)
 .text.CyPmAltAct
                0x00001660       0x6c .\CortexM3\ARM_GCC_541\Debug\PSoCcontroller.a(cyPm.o)
                0x00001660                CyPmAltAct
 .text.CyPmHibernateEx
                0x000016cc       0xf4 .\CortexM3\ARM_GCC_541\Debug\PSoCcontroller.a(cyPm.o)
                0x000016cc                CyPmHibernateEx
 .text.CyPmHibernate
                0x000017c0        0xc .\CortexM3\ARM_GCC_541\Debug\PSoCcontroller.a(cyPm.o)
                0x000017c0                CyPmHibernate
 .text.Timer_Sonar_Enable
                0x000017cc       0x10 .\CortexM3\ARM_GCC_541\Debug\PSoCcontroller.a(Timer_Sonar.o)
                0x000017cc                Timer_Sonar_Enable
 .text.Timer_Sonar_SetInterruptMode
                0x000017dc        0xc .\CortexM3\ARM_GCC_541\Debug\PSoCcontroller.a(Timer_Sonar.o)
                0x000017dc                Timer_Sonar_SetInterruptMode
 .text.Timer_Sonar_ReadStatusRegister
                0x000017e8        0xc .\CortexM3\ARM_GCC_541\Debug\PSoCcontroller.a(Timer_Sonar.o)
                0x000017e8                Timer_Sonar_ReadStatusRegister
 .text.Timer_Sonar_WritePeriod
                0x000017f4       0x10 .\CortexM3\ARM_GCC_541\Debug\PSoCcontroller.a(Timer_Sonar.o)
                0x000017f4                Timer_Sonar_WritePeriod
 .text.Timer_Sonar_ReadCapture
                0x00001804       0x10 .\CortexM3\ARM_GCC_541\Debug\PSoCcontroller.a(Timer_Sonar.o)
                0x00001804                Timer_Sonar_ReadCapture
 .text.Timer_Sonar_WriteCounter
                0x00001814       0x10 .\CortexM3\ARM_GCC_541\Debug\PSoCcontroller.a(Timer_Sonar.o)
                0x00001814                Timer_Sonar_WriteCounter
 .text.Timer_Sonar_ClearFIFO
                0x00001824       0x14 .\CortexM3\ARM_GCC_541\Debug\PSoCcontroller.a(Timer_Sonar.o)
                0x00001824                Timer_Sonar_ClearFIFO
 .text.Timer_Sonar_Init
                0x00001838       0x34 .\CortexM3\ARM_GCC_541\Debug\PSoCcontroller.a(Timer_Sonar.o)
                0x00001838                Timer_Sonar_Init
 .text.Timer_Sonar_Start
                0x0000186c       0x1c .\CortexM3\ARM_GCC_541\Debug\PSoCcontroller.a(Timer_Sonar.o)
                0x0000186c                Timer_Sonar_Start
 .text.Trigger_1_Write
                0x00001888       0x18 .\CortexM3\ARM_GCC_541\Debug\PSoCcontroller.a(Trigger_1.o)
                0x00001888                Trigger_1_Write
 .text.Trigger_2_Write
                0x000018a0       0x18 .\CortexM3\ARM_GCC_541\Debug\PSoCcontroller.a(Trigger_2.o)
                0x000018a0                Trigger_2_Write
 .text.UART_1_Init
                0x000018b8       0x28 .\CortexM3\ARM_GCC_541\Debug\PSoCcontroller.a(UART_1.o)
                0x000018b8                UART_1_Init
 .text.UART_1_Enable
                0x000018e0       0x38 .\CortexM3\ARM_GCC_541\Debug\PSoCcontroller.a(UART_1.o)
                0x000018e0                UART_1_Enable
 .text.UART_1_Start
                0x00001918       0x1c .\CortexM3\ARM_GCC_541\Debug\PSoCcontroller.a(UART_1.o)
                0x00001918                UART_1_Start
 .text.UART_1_ReadRxData
                0x00001934        0xc .\CortexM3\ARM_GCC_541\Debug\PSoCcontroller.a(UART_1.o)
                0x00001934                UART_1_ReadRxData
 .text.UART_1_PutChar
                0x00001940       0x18 .\CortexM3\ARM_GCC_541\Debug\PSoCcontroller.a(UART_1.o)
                0x00001940                UART_1_PutChar
 .text.UART_1_PutString
                0x00001958       0x24 .\CortexM3\ARM_GCC_541\Debug\PSoCcontroller.a(UART_1.o)
                0x00001958                UART_1_PutString
 .text.UART_1_IntClock_Start
                0x0000197c       0x1c .\CortexM3\ARM_GCC_541\Debug\PSoCcontroller.a(UART_1_IntClock.o)
                0x0000197c                UART_1_IntClock_Start
 .text.Delay_Timer_Enable
                0x00001998       0x10 .\CortexM3\ARM_GCC_541\Debug\PSoCcontroller.a(Delay_Timer.o)
                0x00001998                Delay_Timer_Enable
 .text.Delay_Timer_Stop
                0x000019a8       0x10 .\CortexM3\ARM_GCC_541\Debug\PSoCcontroller.a(Delay_Timer.o)
                0x000019a8                Delay_Timer_Stop
 .text.Delay_Timer_SetInterruptMode
                0x000019b8        0xc .\CortexM3\ARM_GCC_541\Debug\PSoCcontroller.a(Delay_Timer.o)
                0x000019b8                Delay_Timer_SetInterruptMode
 .text.Delay_Timer_ReadStatusRegister
                0x000019c4        0xc .\CortexM3\ARM_GCC_541\Debug\PSoCcontroller.a(Delay_Timer.o)
                0x000019c4                Delay_Timer_ReadStatusRegister
 .text.Delay_Timer_WritePeriod
                0x000019d0        0xc .\CortexM3\ARM_GCC_541\Debug\PSoCcontroller.a(Delay_Timer.o)
                0x000019d0                Delay_Timer_WritePeriod
 .text.Delay_Timer_ReadCapture
                0x000019dc        0xc .\CortexM3\ARM_GCC_541\Debug\PSoCcontroller.a(Delay_Timer.o)
                0x000019dc                Delay_Timer_ReadCapture
 .text.Delay_Timer_WriteCounter
                0x000019e8        0xc .\CortexM3\ARM_GCC_541\Debug\PSoCcontroller.a(Delay_Timer.o)
                0x000019e8                Delay_Timer_WriteCounter
 .text.Delay_Timer_ClearFIFO
                0x000019f4       0x14 .\CortexM3\ARM_GCC_541\Debug\PSoCcontroller.a(Delay_Timer.o)
                0x000019f4                Delay_Timer_ClearFIFO
 .text.Delay_Timer_Init
                0x00001a08       0x34 .\CortexM3\ARM_GCC_541\Debug\PSoCcontroller.a(Delay_Timer.o)
                0x00001a08                Delay_Timer_Init
 .text.Delay_Timer_Start
                0x00001a3c       0x1c .\CortexM3\ARM_GCC_541\Debug\PSoCcontroller.a(Delay_Timer.o)
                0x00001a3c                Delay_Timer_Start
 .text.ISR_uart_SetVector
                0x00001a58        0xc .\CortexM3\ARM_GCC_541\Debug\PSoCcontroller.a(ISR_uart.o)
                0x00001a58                ISR_uart_SetVector
 .text.ISR_uart_SetPriority
                0x00001a64       0x10 .\CortexM3\ARM_GCC_541\Debug\PSoCcontroller.a(ISR_uart.o)
                0x00001a64                ISR_uart_SetPriority
 .text.ISR_uart_Enable
                0x00001a74        0xc .\CortexM3\ARM_GCC_541\Debug\PSoCcontroller.a(ISR_uart.o)
                0x00001a74                ISR_uart_Enable
 .text.ISR_uart_Disable
                0x00001a80        0xc .\CortexM3\ARM_GCC_541\Debug\PSoCcontroller.a(ISR_uart.o)
                0x00001a80                ISR_uart_Disable
 .text.ISR_uart_StartEx
                0x00001a8c       0x1c .\CortexM3\ARM_GCC_541\Debug\PSoCcontroller.a(ISR_uart.o)
                0x00001a8c                ISR_uart_StartEx
 .text.ISR_delay_SetVector
                0x00001aa8        0xc .\CortexM3\ARM_GCC_541\Debug\PSoCcontroller.a(ISR_delay.o)
                0x00001aa8                ISR_delay_SetVector
 .text.ISR_delay_SetPriority
                0x00001ab4       0x10 .\CortexM3\ARM_GCC_541\Debug\PSoCcontroller.a(ISR_delay.o)
                0x00001ab4                ISR_delay_SetPriority
 .text.ISR_delay_Enable
                0x00001ac4        0xc .\CortexM3\ARM_GCC_541\Debug\PSoCcontroller.a(ISR_delay.o)
                0x00001ac4                ISR_delay_Enable
 .text.ISR_delay_Disable
                0x00001ad0        0xc .\CortexM3\ARM_GCC_541\Debug\PSoCcontroller.a(ISR_delay.o)
                0x00001ad0                ISR_delay_Disable
 .text.ISR_delay_StartEx
                0x00001adc       0x1c .\CortexM3\ARM_GCC_541\Debug\PSoCcontroller.a(ISR_delay.o)
                0x00001adc                ISR_delay_StartEx
 .text.Pin_1_Write
                0x00001af8       0x18 .\CortexM3\ARM_GCC_541\Debug\PSoCcontroller.a(Pin_1.o)
                0x00001af8                Pin_1_Write
 .text.Pin_1_Read
                0x00001b10        0xc .\CortexM3\ARM_GCC_541\Debug\PSoCcontroller.a(Pin_1.o)
                0x00001b10                Pin_1_Read
 .text.ADC_Moisture_StartConvert
                0x00001b1c       0x10 .\CortexM3\ARM_GCC_541\Debug\PSoCcontroller.a(ADC_Moisture.o)
                0x00001b1c                ADC_Moisture_StartConvert
 .text.ADC_Moisture_IsEndConversion
                0x00001b2c       0x24 .\CortexM3\ARM_GCC_541\Debug\PSoCcontroller.a(ADC_Moisture.o)
                0x00001b2c                ADC_Moisture_IsEndConversion
 .text.ADC_Moisture_GetResult16
                0x00001b50       0x18 .\CortexM3\ARM_GCC_541\Debug\PSoCcontroller.a(ADC_Moisture.o)
                0x00001b50                ADC_Moisture_GetResult16
 .text.Timer_StepperX_Enable
                0x00001b68       0x28 .\CortexM3\ARM_GCC_541\Debug\PSoCcontroller.a(Timer_StepperX.o)
                0x00001b68                Timer_StepperX_Enable
 .text.Timer_StepperX_Stop
                0x00001b90       0x28 .\CortexM3\ARM_GCC_541\Debug\PSoCcontroller.a(Timer_StepperX.o)
                0x00001b90                Timer_StepperX_Stop
 .text.Timer_StepperX_SetInterruptMode
                0x00001bb8        0xc .\CortexM3\ARM_GCC_541\Debug\PSoCcontroller.a(Timer_StepperX.o)
                0x00001bb8                Timer_StepperX_SetInterruptMode
 .text.Timer_StepperX_WritePeriod
                0x00001bc4        0xc .\CortexM3\ARM_GCC_541\Debug\PSoCcontroller.a(Timer_StepperX.o)
                0x00001bc4                Timer_StepperX_WritePeriod
 .text.Timer_StepperX_WriteCounter
                0x00001bd0        0xc .\CortexM3\ARM_GCC_541\Debug\PSoCcontroller.a(Timer_StepperX.o)
                0x00001bd0                Timer_StepperX_WriteCounter
 .text.Timer_StepperX_Init
                0x00001bdc       0x68 .\CortexM3\ARM_GCC_541\Debug\PSoCcontroller.a(Timer_StepperX.o)
                0x00001bdc                Timer_StepperX_Init
 .text.Timer_StepperX_Start
                0x00001c44       0x1c .\CortexM3\ARM_GCC_541\Debug\PSoCcontroller.a(Timer_StepperX.o)
                0x00001c44                Timer_StepperX_Start
 .text.ISR_stepperY_SetVector
                0x00001c60        0xc .\CortexM3\ARM_GCC_541\Debug\PSoCcontroller.a(ISR_stepperY.o)
                0x00001c60                ISR_stepperY_SetVector
 .text.ISR_stepperY_SetPriority
                0x00001c6c       0x10 .\CortexM3\ARM_GCC_541\Debug\PSoCcontroller.a(ISR_stepperY.o)
                0x00001c6c                ISR_stepperY_SetPriority
 .text.ISR_stepperY_Enable
                0x00001c7c        0xc .\CortexM3\ARM_GCC_541\Debug\PSoCcontroller.a(ISR_stepperY.o)
                0x00001c7c                ISR_stepperY_Enable
 .text.ISR_stepperY_Disable
                0x00001c88        0xc .\CortexM3\ARM_GCC_541\Debug\PSoCcontroller.a(ISR_stepperY.o)
                0x00001c88                ISR_stepperY_Disable
 .text.ISR_stepperY_StartEx
                0x00001c94       0x1c .\CortexM3\ARM_GCC_541\Debug\PSoCcontroller.a(ISR_stepperY.o)
                0x00001c94                ISR_stepperY_StartEx
 .text.Timer_StepperY_Enable
                0x00001cb0       0x28 .\CortexM3\ARM_GCC_541\Debug\PSoCcontroller.a(Timer_StepperY.o)
                0x00001cb0                Timer_StepperY_Enable
 .text.Timer_StepperY_Stop
                0x00001cd8       0x28 .\CortexM3\ARM_GCC_541\Debug\PSoCcontroller.a(Timer_StepperY.o)
                0x00001cd8                Timer_StepperY_Stop
 .text.Timer_StepperY_SetInterruptMode
                0x00001d00        0xc .\CortexM3\ARM_GCC_541\Debug\PSoCcontroller.a(Timer_StepperY.o)
                0x00001d00                Timer_StepperY_SetInterruptMode
 .text.Timer_StepperY_WritePeriod
                0x00001d0c        0xc .\CortexM3\ARM_GCC_541\Debug\PSoCcontroller.a(Timer_StepperY.o)
                0x00001d0c                Timer_StepperY_WritePeriod
 .text.Timer_StepperY_WriteCounter
                0x00001d18        0xc .\CortexM3\ARM_GCC_541\Debug\PSoCcontroller.a(Timer_StepperY.o)
                0x00001d18                Timer_StepperY_WriteCounter
 .text.Timer_StepperY_Init
                0x00001d24       0x68 .\CortexM3\ARM_GCC_541\Debug\PSoCcontroller.a(Timer_StepperY.o)
                0x00001d24                Timer_StepperY_Init
 .text.Timer_StepperY_Start
                0x00001d8c       0x1c .\CortexM3\ARM_GCC_541\Debug\PSoCcontroller.a(Timer_StepperY.o)
                0x00001d8c                Timer_StepperY_Start
 .text.ISR_stepperX_SetVector
                0x00001da8        0xc .\CortexM3\ARM_GCC_541\Debug\PSoCcontroller.a(ISR_stepperX.o)
                0x00001da8                ISR_stepperX_SetVector
 .text.ISR_stepperX_SetPriority
                0x00001db4       0x10 .\CortexM3\ARM_GCC_541\Debug\PSoCcontroller.a(ISR_stepperX.o)
                0x00001db4                ISR_stepperX_SetPriority
 .text.ISR_stepperX_Enable
                0x00001dc4        0xc .\CortexM3\ARM_GCC_541\Debug\PSoCcontroller.a(ISR_stepperX.o)
                0x00001dc4                ISR_stepperX_Enable
 .text.ISR_stepperX_Disable
                0x00001dd0        0xc .\CortexM3\ARM_GCC_541\Debug\PSoCcontroller.a(ISR_stepperX.o)
                0x00001dd0                ISR_stepperX_Disable
 .text.ISR_stepperX_StartEx
                0x00001ddc       0x1c .\CortexM3\ARM_GCC_541\Debug\PSoCcontroller.a(ISR_stepperX.o)
                0x00001ddc                ISR_stepperX_StartEx
 .text.Pin_X1_Write
                0x00001df8       0x18 .\CortexM3\ARM_GCC_541\Debug\PSoCcontroller.a(Pin_X1.o)
                0x00001df8                Pin_X1_Write
 .text.Pin_X2_Write
                0x00001e10       0x18 .\CortexM3\ARM_GCC_541\Debug\PSoCcontroller.a(Pin_X2.o)
                0x00001e10                Pin_X2_Write
 .text.Pin_X3_Read
                0x00001e28       0x10 .\CortexM3\ARM_GCC_541\Debug\PSoCcontroller.a(Pin_X3.o)
                0x00001e28                Pin_X3_Read
 .text.Pin_Y1_Write
                0x00001e38       0x18 .\CortexM3\ARM_GCC_541\Debug\PSoCcontroller.a(Pin_Y1.o)
                0x00001e38                Pin_Y1_Write
 .text.Pin_Y2_Write
                0x00001e50       0x18 .\CortexM3\ARM_GCC_541\Debug\PSoCcontroller.a(Pin_Y2.o)
                0x00001e50                Pin_Y2_Write
 .text.Pin_Y3_Read
                0x00001e68       0x10 .\CortexM3\ARM_GCC_541\Debug\PSoCcontroller.a(Pin_Y3.o)
                0x00001e68                Pin_Y3_Read
 .text.ADC_SAR_WaSens_CalcGain
                0x00001e78       0x64 .\CortexM3\ARM_GCC_541\Debug\PSoCcontroller.a(ADC_SAR_WaSens.o)
 .text.ADC_SAR_WaSens_Enable
                0x00001edc       0x94 .\CortexM3\ARM_GCC_541\Debug\PSoCcontroller.a(ADC_SAR_WaSens.o)
                0x00001edc                ADC_SAR_WaSens_Enable
 .text.ADC_SAR_WaSens_SetResolution
                0x00001f70       0x38 .\CortexM3\ARM_GCC_541\Debug\PSoCcontroller.a(ADC_SAR_WaSens.o)
                0x00001f70                ADC_SAR_WaSens_SetResolution
 .text.ADC_SAR_WaSens_Init
                0x00001fa8       0x3c .\CortexM3\ARM_GCC_541\Debug\PSoCcontroller.a(ADC_SAR_WaSens.o)
                0x00001fa8                ADC_SAR_WaSens_Init
 .text.ADC_SAR_WaSens_Start
                0x00001fe4       0x1c .\CortexM3\ARM_GCC_541\Debug\PSoCcontroller.a(ADC_SAR_WaSens.o)
                0x00001fe4                ADC_SAR_WaSens_Start
 .text.ADC_SAR_WaSens_StartConvert
                0x00002000       0x10 .\CortexM3\ARM_GCC_541\Debug\PSoCcontroller.a(ADC_SAR_WaSens.o)
                0x00002000                ADC_SAR_WaSens_StartConvert
 .text.ADC_SAR_WaSens_IsEndConversion
                0x00002010       0x24 .\CortexM3\ARM_GCC_541\Debug\PSoCcontroller.a(ADC_SAR_WaSens.o)
                0x00002010                ADC_SAR_WaSens_IsEndConversion
 .text.ADC_SAR_WaSens_GetResult16
                0x00002034       0x18 .\CortexM3\ARM_GCC_541\Debug\PSoCcontroller.a(ADC_SAR_WaSens.o)
                0x00002034                ADC_SAR_WaSens_GetResult16
 .text.ADC_SAR_WaSens_ISR
                0x0000204c        0x4 .\CortexM3\ARM_GCC_541\Debug\PSoCcontroller.a(ADC_SAR_WaSens_INT.o)
                0x0000204c                ADC_SAR_WaSens_ISR
 .text.PWM_WaSens_Enable
                0x00002050       0x10 .\CortexM3\ARM_GCC_541\Debug\PSoCcontroller.a(PWM_WaSens.o)
                0x00002050                PWM_WaSens_Enable
 .text.PWM_WaSens_WriteCounter
                0x00002060        0xc .\CortexM3\ARM_GCC_541\Debug\PSoCcontroller.a(PWM_WaSens.o)
                0x00002060                PWM_WaSens_WriteCounter
 .text.PWM_WaSens_WritePeriod
                0x0000206c        0xc .\CortexM3\ARM_GCC_541\Debug\PSoCcontroller.a(PWM_WaSens.o)
                0x0000206c                PWM_WaSens_WritePeriod
 .text.PWM_WaSens_WriteCompare
                0x00002078        0xc .\CortexM3\ARM_GCC_541\Debug\PSoCcontroller.a(PWM_WaSens.o)
                0x00002078                PWM_WaSens_WriteCompare
 .text.PWM_WaSens_SetInterruptMode
                0x00002084        0xc .\CortexM3\ARM_GCC_541\Debug\PSoCcontroller.a(PWM_WaSens.o)
                0x00002084                PWM_WaSens_SetInterruptMode
 .text.PWM_WaSens_ReadStatusRegister
                0x00002090        0xc .\CortexM3\ARM_GCC_541\Debug\PSoCcontroller.a(PWM_WaSens.o)
                0x00002090                PWM_WaSens_ReadStatusRegister
 .text.PWM_WaSens_ReadCapture
                0x0000209c        0xc .\CortexM3\ARM_GCC_541\Debug\PSoCcontroller.a(PWM_WaSens.o)
                0x0000209c                PWM_WaSens_ReadCapture
 .text.PWM_WaSens_ClearFIFO
                0x000020a8       0x14 .\CortexM3\ARM_GCC_541\Debug\PSoCcontroller.a(PWM_WaSens.o)
                0x000020a8                PWM_WaSens_ClearFIFO
 .text.PWM_WaSens_Init
                0x000020bc       0x50 .\CortexM3\ARM_GCC_541\Debug\PSoCcontroller.a(PWM_WaSens.o)
                0x000020bc                PWM_WaSens_Init
 .text.PWM_WaSens_Start
                0x0000210c       0x1c .\CortexM3\ARM_GCC_541\Debug\PSoCcontroller.a(PWM_WaSens.o)
                0x0000210c                PWM_WaSens_Start
 .text.Pin_WaterPump_Write
                0x00002128       0x18 .\CortexM3\ARM_GCC_541\Debug\PSoCcontroller.a(Pin_WaterPump.o)
                0x00002128                Pin_WaterPump_Write
 .text.ADC_SAR_WaSens_theACLK_SetModeRegister
                0x00002140       0x14 .\CortexM3\ARM_GCC_541\Debug\PSoCcontroller.a(ADC_SAR_WaSens_theACLK.o)
                0x00002140                ADC_SAR_WaSens_theACLK_SetModeRegister
 .text.Pin_Low_WL_Write
                0x00002154       0x18 .\CortexM3\ARM_GCC_541\Debug\PSoCcontroller.a(Pin_Low_WL.o)
                0x00002154                Pin_Low_WL_Write
 .text.Pin_Low_WL_Read
                0x0000216c       0x10 .\CortexM3\ARM_GCC_541\Debug\PSoCcontroller.a(Pin_Low_WL.o)
                0x0000216c                Pin_Low_WL_Read
 .text.SPI_1_Enable
                0x0000217c       0x3c .\CortexM3\ARM_GCC_541\Debug\PSoCcontroller.a(SPI_1.o)
                0x0000217c                SPI_1_Enable
 .text.SPI_1_ReadTxStatus
                0x000021b8        0xc .\CortexM3\ARM_GCC_541\Debug\PSoCcontroller.a(SPI_1.o)
                0x000021b8                SPI_1_ReadTxStatus
 .text.SPI_1_ReadRxStatus
                0x000021c4        0xc .\CortexM3\ARM_GCC_541\Debug\PSoCcontroller.a(SPI_1.o)
                0x000021c4                SPI_1_ReadRxStatus
 .text.SPI_1_WriteTxDataZero
                0x000021d0        0xc .\CortexM3\ARM_GCC_541\Debug\PSoCcontroller.a(SPI_1.o)
                0x000021d0                SPI_1_WriteTxDataZero
 .text.SPI_1_ReadRxData
                0x000021dc        0xc .\CortexM3\ARM_GCC_541\Debug\PSoCcontroller.a(SPI_1.o)
                0x000021dc                SPI_1_ReadRxData
 .text.SPI_1_ClearFIFO
                0x000021e8       0x3c .\CortexM3\ARM_GCC_541\Debug\PSoCcontroller.a(SPI_1.o)
                0x000021e8                SPI_1_ClearFIFO
 .text.SPI_1_Init
                0x00002224       0x4c .\CortexM3\ARM_GCC_541\Debug\PSoCcontroller.a(SPI_1.o)
                0x00002224                SPI_1_Init
 .text.SPI_1_Start
                0x00002270       0x1c .\CortexM3\ARM_GCC_541\Debug\PSoCcontroller.a(SPI_1.o)
                0x00002270                SPI_1_Start
 .text.SPI_1_RX_ISR
                0x0000228c        0x4 .\CortexM3\ARM_GCC_541\Debug\PSoCcontroller.a(SPI_1_INT.o)
                0x0000228c                SPI_1_RX_ISR
 .text.SPI_ISR_SetVector
                0x00002290        0xc .\CortexM3\ARM_GCC_541\Debug\PSoCcontroller.a(SPI_ISR.o)
                0x00002290                SPI_ISR_SetVector
 .text.SPI_ISR_SetPriority
                0x0000229c       0x10 .\CortexM3\ARM_GCC_541\Debug\PSoCcontroller.a(SPI_ISR.o)
                0x0000229c                SPI_ISR_SetPriority
 .text.SPI_ISR_Enable
                0x000022ac        0xc .\CortexM3\ARM_GCC_541\Debug\PSoCcontroller.a(SPI_ISR.o)
                0x000022ac                SPI_ISR_Enable
 .text.SPI_ISR_Disable
                0x000022b8        0xc .\CortexM3\ARM_GCC_541\Debug\PSoCcontroller.a(SPI_ISR.o)
                0x000022b8                SPI_ISR_Disable
 .text.SPI_ISR_StartEx
                0x000022c4       0x1c .\CortexM3\ARM_GCC_541\Debug\PSoCcontroller.a(SPI_ISR.o)
                0x000022c4                SPI_ISR_StartEx
 .text.SPI_read_req_Write
                0x000022e0       0x18 .\CortexM3\ARM_GCC_541\Debug\PSoCcontroller.a(SPI_read_req.o)
                0x000022e0                SPI_read_req_Write
 .text          0x000022f8       0x20 .\CortexM3\ARM_GCC_541\Debug\PSoCcontroller.a(CyBootAsmGnu.o)
                0x000022f8                CyDelayCycles
                0x00002308                CyEnterCriticalSection
                0x00002310                CyExitCriticalSection
 .text.CySetReg24
                0x00002318       0x14 .\CortexM3\ARM_GCC_541\Debug\PSoCcontroller.a(cyutils.o)
                0x00002318                CySetReg24
 .text.round    0x0000232c       0xa0 c:/program files (x86)/cypress/psoc creator/4.2/psoc creator/import/gnu/arm/5.4.1/bin/../lib/gcc/arm-none-eabi/5.4.1/../../../../arm-none-eabi/lib/armv7-m\libm.a(lib_a-s_round.o)
                0x0000232c                round
 .text          0x000023cc      0x370 c:/program files (x86)/cypress/psoc creator/4.2/psoc creator/import/gnu/arm/5.4.1/bin/../lib/gcc/arm-none-eabi/5.4.1/armv7-m\libgcc.a(_arm_addsubdf3.o)
                0x000023cc                __aeabi_drsub
                0x000023d4                __aeabi_dsub
                0x000023d4                __subdf3
                0x000023d8                __aeabi_dadd
                0x000023d8                __adddf3
                0x00002650                __floatunsidf
                0x00002650                __aeabi_ui2d
                0x00002670                __floatsidf
                0x00002670                __aeabi_i2d
                0x00002694                __aeabi_f2d
                0x00002694                __extendsfdf2
                0x000026d0                __floatundidf
                0x000026d0                __aeabi_ul2d
                0x000026e0                __floatdidf
                0x000026e0                __aeabi_l2d
 .text          0x0000273c      0x424 c:/program files (x86)/cypress/psoc creator/4.2/psoc creator/import/gnu/arm/5.4.1/bin/../lib/gcc/arm-none-eabi/5.4.1/armv7-m\libgcc.a(_arm_muldivdf3.o)
                0x0000273c                __aeabi_dmul
                0x0000273c                __muldf3
                0x00002990                __divdf3
                0x00002990                __aeabi_ddiv
 .text          0x00002b60       0x50 c:/program files (x86)/cypress/psoc creator/4.2/psoc creator/import/gnu/arm/5.4.1/bin/../lib/gcc/arm-none-eabi/5.4.1/armv7-m\libgcc.a(_arm_fixdfsi.o)
                0x00002b60                __aeabi_d2iz
                0x00002b60                __fixdfsi
 .text          0x00002bb0       0x40 c:/program files (x86)/cypress/psoc creator/4.2/psoc creator/import/gnu/arm/5.4.1/bin/../lib/gcc/arm-none-eabi/5.4.1/armv7-m\libgcc.a(_arm_fixunsdfsi.o)
                0x00002bb0                __aeabi_d2uiz
                0x00002bb0                __fixunsdfsi
 .text          0x00002bf0       0xa0 c:/program files (x86)/cypress/psoc creator/4.2/psoc creator/import/gnu/arm/5.4.1/bin/../lib/gcc/arm-none-eabi/5.4.1/armv7-m\libgcc.a(_arm_truncdfsf2.o)
                0x00002bf0                __truncdfsf2
                0x00002bf0                __aeabi_d2f
 .text.__errno  0x00002c90        0xc c:/program files (x86)/cypress/psoc creator/4.2/psoc creator/import/gnu/arm/5.4.1/bin/../lib/gcc/arm-none-eabi/5.4.1/../../../../arm-none-eabi/lib/armv7-m\libg_nano.a(lib_a-errno.o)
                0x00002c90                __errno
 .text.__libc_init_array
                0x00002c9c       0x4c c:/program files (x86)/cypress/psoc creator/4.2/psoc creator/import/gnu/arm/5.4.1/bin/../lib/gcc/arm-none-eabi/5.4.1/../../../../arm-none-eabi/lib/armv7-m\libg_nano.a(lib_a-init.o)
                0x00002c9c                __libc_init_array
 .text.memcpy   0x00002ce8       0x16 c:/program files (x86)/cypress/psoc creator/4.2/psoc creator/import/gnu/arm/5.4.1/bin/../lib/gcc/arm-none-eabi/5.4.1/../../../../arm-none-eabi/lib/armv7-m\libg_nano.a(lib_a-memcpy-stub.o)
                0x00002ce8                memcpy
 .text.memset   0x00002cfe       0x10 c:/program files (x86)/cypress/psoc creator/4.2/psoc creator/import/gnu/arm/5.4.1/bin/../lib/gcc/arm-none-eabi/5.4.1/../../../../arm-none-eabi/lib/armv7-m\libg_nano.a(lib_a-memset.o)
                0x00002cfe                memset
 *(.plt)
 *(.gnu.warning)
 *(.glue_7t)
 .glue_7t       0x00002d0e        0x0 linker stubs
 *(.glue_7)
 .glue_7        0x00002d0e        0x0 linker stubs
 *(.vfp11_veneer)
 .vfp11_veneer  0x00002d0e        0x0 linker stubs
 *(.bootloader)
 *(.ARM.extab* .gnu.linkonce.armextab.*)
 *(.gcc_except_table)

.v4_bx          0x00002d10        0x0
 .v4_bx         0x00002d10        0x0 linker stubs

.iplt           0x00002d10        0x0
 .iplt          0x00002d10        0x0 c:/program files (x86)/cypress/psoc creator/4.2/psoc creator/import/gnu/arm/5.4.1/bin/../lib/gcc/arm-none-eabi/5.4.1/armv7-m/crtbegin.o

.eh_frame_hdr
 *(.eh_frame_hdr)

.eh_frame       0x00002d10        0x4
 *(.eh_frame)
 .eh_frame      0x00002d10        0x0 c:/program files (x86)/cypress/psoc creator/4.2/psoc creator/import/gnu/arm/5.4.1/bin/../lib/gcc/arm-none-eabi/5.4.1/armv7-m/crtbegin.o
 .eh_frame      0x00002d10        0x4 c:/program files (x86)/cypress/psoc creator/4.2/psoc creator/import/gnu/arm/5.4.1/bin/../lib/gcc/arm-none-eabi/5.4.1/armv7-m/crtend.o
                [!provide]                PROVIDE (__exidx_start, .)

.ARM.exidx
 *(.ARM.exidx* .gnu.linkonce.armexidx.*)
                0x00002d14                __exidx_end = .

.rodata         0x00002d14      0x35c
 *(.rodata .rodata.* .gnu.linkonce.r.*)
 .rodata        0x00002d14       0x14 .\CortexM3\ARM_GCC_541\Debug\main.o
 .rodata.str1.4
                0x00002d28      0x21c .\CortexM3\ARM_GCC_541\Debug\main.o
 .rodata.str1.4
                0x00002f44       0x72 .\CortexM3\ARM_GCC_541\Debug\CircularBuffer.o
 *fill*         0x00002fb6        0x2 
 .rodata.str1.4
                0x00002fb8       0x44 .\CortexM3\ARM_GCC_541\Debug\MotorDriverX.o
 .rodata.str1.4
                0x00002ffc       0x14 .\CortexM3\ARM_GCC_541\Debug\MotorDriverY.o
                                 0x58 (size before relaxing)
 .rodata        0x00003010       0x2a .\CortexM3\ARM_GCC_541\Debug\cyfitter_cfg.o
 .rodata.str1.1
                0x0000303a        0x2 c:/program files (x86)/cypress/psoc creator/4.2/psoc creator/import/gnu/arm/5.4.1/bin/../lib/gcc/arm-none-eabi/5.4.1/../../../../arm-none-eabi/lib/armv7-m\libg_nano.a(lib_a-impure.o)
                0x0000303c                . = ALIGN (0x4)
 *(.init)
 .init          0x0000303c        0x4 c:/program files (x86)/cypress/psoc creator/4.2/psoc creator/import/gnu/arm/5.4.1/bin/../lib/gcc/arm-none-eabi/5.4.1/armv7-m/crti.o
                0x0000303c                _init
 .init          0x00003040        0x8 c:/program files (x86)/cypress/psoc creator/4.2/psoc creator/import/gnu/arm/5.4.1/bin/../lib/gcc/arm-none-eabi/5.4.1/armv7-m/crtn.o
                0x00003048                . = ALIGN (0x4)
                0x00003048                __preinit_array_start = .
 *(.preinit_array)
                0x00003048                __preinit_array_end = .
                0x00003048                . = ALIGN (0x4)
                0x00003048                __init_array_start = .
 *(SORT(.init_array.*))
 *(.init_array)
 .init_array    0x00003048        0x4 c:/program files (x86)/cypress/psoc creator/4.2/psoc creator/import/gnu/arm/5.4.1/bin/../lib/gcc/arm-none-eabi/5.4.1/armv7-m/crtbegin.o
 .init_array    0x0000304c        0x4 .\CortexM3\ARM_GCC_541\Debug\Cm3Start.o
                0x00003050                __init_array_end = .
                0x00003050                . = ALIGN (0x4)
 *(.fini)
 .fini          0x00003050        0x4 c:/program files (x86)/cypress/psoc creator/4.2/psoc creator/import/gnu/arm/5.4.1/bin/../lib/gcc/arm-none-eabi/5.4.1/armv7-m/crti.o
                0x00003050                _fini
 .fini          0x00003054        0x8 c:/program files (x86)/cypress/psoc creator/4.2/psoc creator/import/gnu/arm/5.4.1/bin/../lib/gcc/arm-none-eabi/5.4.1/armv7-m/crtn.o
                0x0000305c                . = ALIGN (0x4)
                0x0000305c                __fini_array_start = .
 *(.fini_array)
 .fini_array    0x0000305c        0x4 c:/program files (x86)/cypress/psoc creator/4.2/psoc creator/import/gnu/arm/5.4.1/bin/../lib/gcc/arm-none-eabi/5.4.1/armv7-m/crtbegin.o
 *(SORT(.fini_array.*))
                0x00003060                __fini_array_end = .
                0x00003060                . = ALIGN (0x4)
 *crtbegin.o(.ctors)
 *(EXCLUDE_FILE(*crtend.o) .ctors)
 *(SORT(.ctors.*))
 *crtend.o(.ctors)
                0x00003060                . = ALIGN (0x4)
 *crtbegin.o(.dtors)
 *(EXCLUDE_FILE(*crtend.o) .dtors)
 *(SORT(.dtors.*))
 *crtend.o(.dtors)
                0x00003060                . = ALIGN (0x4)
                0x00003060                __cy_regions = .
                0x00003060        0x4 LONG 0x3070 __cy_region_init_ram
                0x00003064        0x4 LONG 0x1fff80c8 __cy_region_start_data
                0x00003068        0x4 LONG 0x78 __cy_region_init_size_ram
                0x0000306c        0x4 LONG 0x270 __cy_region_zero_size_ram
                0x00003070                __cy_regions_end = .
                0x00003070                . = ALIGN (0x8)
                0x00003070                _etext = .

.cy_checksum_exclude
                0x00003070        0x0
 *(.cy_checksum_exclude)

.ramvectors     0x1fff8000       0xc0
                0x1fff8000                __cy_region_start_ram = .
 *(.ramvectors)
 .ramvectors    0x1fff8000       0xc0 .\CortexM3\ARM_GCC_541\Debug\Cm3Start.o
                0x1fff8000                CyRamVectors

.noinit         0x1fff80c0        0x1
 *(.noinit)
 .noinit        0x1fff80c0        0x1 .\CortexM3\ARM_GCC_541\Debug\PSoCcontroller.a(CyLib.o)
                0x1fff80c0                CyResetStatus

.data           0x1fff80c8       0x78 load address 0x00003070
                0x1fff80c8                __cy_region_start_data = .
 *(.jcr)
 .jcr           0x1fff80c8        0x0 c:/program files (x86)/cypress/psoc creator/4.2/psoc creator/import/gnu/arm/5.4.1/bin/../lib/gcc/arm-none-eabi/5.4.1/armv7-m/crtbegin.o
 .jcr           0x1fff80c8        0x4 c:/program files (x86)/cypress/psoc creator/4.2/psoc creator/import/gnu/arm/5.4.1/bin/../lib/gcc/arm-none-eabi/5.4.1/armv7-m/crtend.o
 *(.got.plt)
 *(.got)
 *(.shdata)
 *(.data .data.* .gnu.linkonce.d.*)
 .data          0x1fff80cc       0x10 .\CortexM3\ARM_GCC_541\Debug\PSoCcontroller.a(CyLib.o)
                0x1fff80cc                cydelay_32k_ms
                0x1fff80d0                cydelay_freq_khz
                0x1fff80d4                cydelay_freq_mhz
                0x1fff80d8                cydelay_freq_hz
 .data.impure_data
                0x1fff80dc       0x60 c:/program files (x86)/cypress/psoc creator/4.2/psoc creator/import/gnu/arm/5.4.1/bin/../lib/gcc/arm-none-eabi/5.4.1/../../../../arm-none-eabi/lib/armv7-m\libg_nano.a(lib_a-impure.o)
 .data._impure_ptr
                0x1fff813c        0x4 c:/program files (x86)/cypress/psoc creator/4.2/psoc creator/import/gnu/arm/5.4.1/bin/../lib/gcc/arm-none-eabi/5.4.1/../../../../arm-none-eabi/lib/armv7-m\libg_nano.a(lib_a-impure.o)
                0x1fff813c                _impure_ptr
                0x1fff8140                . = ALIGN (0x8)
 *(.ram)
                0x1fff8140                _edata = .

.igot.plt       0x1fff8140        0x0 load address 0x000030e8
 .igot.plt      0x1fff8140        0x0 c:/program files (x86)/cypress/psoc creator/4.2/psoc creator/import/gnu/arm/5.4.1/bin/../lib/gcc/arm-none-eabi/5.4.1/armv7-m/crtbegin.o

.bss            0x1fff8140      0x270 load address 0x000030e8
                0x1fff8140                PROVIDE (__bss_start__, .)
 *(.shbss)
 *(.bss .bss.* .gnu.linkonce.b.*)
 .bss           0x1fff8140       0x1c c:/program files (x86)/cypress/psoc creator/4.2/psoc creator/import/gnu/arm/5.4.1/bin/../lib/gcc/arm-none-eabi/5.4.1/armv7-m/crtbegin.o
 .bss           0x1fff815c       0xc0 .\CortexM3\ARM_GCC_541\Debug\main.o
 .bss           0x1fff821c       0x1c .\CortexM3\ARM_GCC_541\Debug\PSoCcontroller.a(CyLib.o)
                0x1fff8234                CySysTickInitVar
 .bss           0x1fff8238       0x43 .\CortexM3\ARM_GCC_541\Debug\PSoCcontroller.a(cyPm.o)
 .bss           0x1fff827b        0x1 .\CortexM3\ARM_GCC_541\Debug\PSoCcontroller.a(Timer_Sonar.o)
                0x1fff827b                Timer_Sonar_initVar
 .bss           0x1fff827c        0x2 .\CortexM3\ARM_GCC_541\Debug\PSoCcontroller.a(UART_1.o)
                0x1fff827c                UART_1_initVar
 .bss           0x1fff827e        0x1 .\CortexM3\ARM_GCC_541\Debug\PSoCcontroller.a(Delay_Timer.o)
                0x1fff827e                Delay_Timer_initVar
 .bss           0x1fff827f        0x1 .\CortexM3\ARM_GCC_541\Debug\PSoCcontroller.a(Timer_StepperX.o)
                0x1fff827f                Timer_StepperX_initVar
 .bss           0x1fff8280        0x1 .\CortexM3\ARM_GCC_541\Debug\PSoCcontroller.a(Timer_StepperY.o)
                0x1fff8280                Timer_StepperY_initVar
 .bss           0x1fff8281        0x1 .\CortexM3\ARM_GCC_541\Debug\PSoCcontroller.a(ADC_SAR_WaSens.o)
                0x1fff8281                ADC_SAR_WaSens_initVar
 .bss           0x1fff8282        0x1 .\CortexM3\ARM_GCC_541\Debug\PSoCcontroller.a(PWM_WaSens.o)
                0x1fff8282                PWM_WaSens_initVar
 .bss           0x1fff8283        0x1 .\CortexM3\ARM_GCC_541\Debug\PSoCcontroller.a(SPI_1.o)
                0x1fff8283                SPI_1_initVar
 *(COMMON)
 COMMON         0x1fff8284      0x111 .\CortexM3\ARM_GCC_541\Debug\main.o
                0x1fff8284                stepperStateY
                0x1fff8285                stepperStateX
                0x1fff8288                msg
                0x1fff8388                stepperPositionX
                0x1fff838c                SPI_recieved
                0x1fff838d                SPI_recieved_flag
                0x1fff838e                timerDoneFlagX
                0x1fff8390                stepperPositionY
                0x1fff8394                timerDoneFlagY
 *fill*         0x1fff8395        0x3 
 COMMON         0x1fff8398        0xa .\CortexM3\ARM_GCC_541\Debug\PSoCcontroller.a(ADC_Moisture.o)
                0x1fff8398                ADC_Moisture_countsPer10Volt
                0x1fff839c                ADC_Moisture_shift
                0x1fff839e                ADC_Moisture_countsPerVolt
                0x1fff83a0                ADC_Moisture_offset
 *fill*         0x1fff83a2        0x2 
 COMMON         0x1fff83a4        0xc .\CortexM3\ARM_GCC_541\Debug\PSoCcontroller.a(ADC_SAR_WaSens.o)
                0x1fff83a4                ADC_SAR_WaSens_offset
                0x1fff83a8                ADC_SAR_WaSens_countsPer10Volt
                0x1fff83ac                ADC_SAR_WaSens_shift
                0x1fff83ae                ADC_SAR_WaSens_countsPerVolt
                0x1fff83b0                . = ALIGN (0x8)
 *(.ram.b)
                0x1fff83b0                _end = .
                0x1fff83b0                __end = .
                0x1fff83b0                PROVIDE (end, .)
                0x1fff83b0                PROVIDE (__bss_end__, .)
                0x00003070                __cy_region_init_ram = LOADADDR (.data)
                0x00000078                __cy_region_init_size_ram = (_edata - ADDR (.data))
                0x00000270                __cy_region_zero_size_ram = (_end - _edata)

.heap           0x1fff83b0       0x80 load address 0x000030e8
                0x1fff83b0                . = _end
                0x1fff8430                . = (. + 0x80)
 *fill*         0x1fff83b0       0x80 
                0x1fff8430                __cy_heap_limit = .

.stack          0x20007800      0x800
                0x20007800                __cy_stack_limit = .
                0x20008000                . = (. + 0x800)
 *fill*         0x20007800      0x800 
                0x00000001                ASSERT ((__cy_stack_limit >= __cy_heap_limit), region RAM overflowed with stack)
                0x00000000                cy_checksum_exclude_size = (CY_APPL_LOADABLE == 0x1)?SIZEOF (.cy_checksum_exclude):0x0
                0x00000001                ASSERT ((cy_checksum_exclude_size <= CY_CHECKSUM_EXCLUDE_SIZE), CY_BOOT: Section .cy_checksum_exclude size exceedes specified limit.)

.cyloadermeta
 *(.cyloadermeta)

.cyloadablemeta
 *(.cyloadablemeta)

.cyconfigecc    0x80000000      0x8b8
 *(.cyconfigecc)
 .cyconfigecc   0x80000000      0x8b8 .\CortexM3\ARM_GCC_541\Debug\cymetadata.o
                0x80000000                cy_meta_configecc

.cycustnvl      0x90000000        0x4
 *(.cycustnvl)
 .cycustnvl     0x90000000        0x4 .\CortexM3\ARM_GCC_541\Debug\cymetadata.o
                0x90000000                cy_meta_custnvl

.cywolatch      0x90100000        0x4
 *(.cywolatch)
 .cywolatch     0x90100000        0x4 .\CortexM3\ARM_GCC_541\Debug\cymetadata.o
                0x90100000                cy_meta_wonvl

.cyeeprom       0x90200000        0x0
 *(.cyeeprom)
                0x00000001                ASSERT ((. <= ((0x90200000 + ee_offset) + ee_size)), .cyeeprom data will not fit in EEPROM)

.cyflashprotect
                0x90400000      0x100
 *(.cyflashprotect)
 .cyflashprotect
                0x90400000      0x100 .\CortexM3\ARM_GCC_541\Debug\cymetadata.o
                0x90400000                cy_meta_flashprotect

.cymeta         0x90500000        0xc
 *(.cymeta)
 .cymeta        0x90500000        0xc .\CortexM3\ARM_GCC_541\Debug\cymetadata.o
                0x90500000                cy_metadata

.rel.dyn        0x000030e8        0x0 load address 0x9050000c
 .rel.iplt      0x000030e8        0x0 c:/program files (x86)/cypress/psoc creator/4.2/psoc creator/import/gnu/arm/5.4.1/bin/../lib/gcc/arm-none-eabi/5.4.1/armv7-m/crtbegin.o

.stab
 *(.stab)

.stabstr
 *(.stabstr)

.debug
 *(.debug)

.line
 *(.line)

.debug_srcinfo
 *(.debug_srcinfo)

.debug_sfnames
 *(.debug_sfnames)

.debug_aranges  0x00000000     0x14a8
 *(.debug_aranges)
 .debug_aranges
                0x00000000       0xc0 .\CortexM3\ARM_GCC_541\Debug\main.o
 .debug_aranges
                0x000000c0       0x48 .\CortexM3\ARM_GCC_541\Debug\CircularBuffer.o
 .debug_aranges
                0x00000108       0x28 .\CortexM3\ARM_GCC_541\Debug\MoistureSensor.o
 .debug_aranges
                0x00000130       0x50 .\CortexM3\ARM_GCC_541\Debug\MotorDriverX.o
 .debug_aranges
                0x00000180       0x50 .\CortexM3\ARM_GCC_541\Debug\MotorDriverY.o
 .debug_aranges
                0x000001d0       0x50 .\CortexM3\ARM_GCC_541\Debug\SPI_driver_PSoC.o
 .debug_aranges
                0x00000220       0x58 .\CortexM3\ARM_GCC_541\Debug\cyfitter_cfg.o
 .debug_aranges
                0x00000278       0x18 .\CortexM3\ARM_GCC_541\Debug\cymetadata.o
 .debug_aranges
                0x00000290       0x48 .\CortexM3\ARM_GCC_541\Debug\Cm3Start.o
 .debug_aranges
                0x000002d8      0x2a0 .\CortexM3\ARM_GCC_541\Debug\PSoCcontroller.a(CyLib.o)
 .debug_aranges
                0x00000578       0x98 .\CortexM3\ARM_GCC_541\Debug\PSoCcontroller.a(cyPm.o)
 .debug_aranges
                0x00000610       0x90 .\CortexM3\ARM_GCC_541\Debug\PSoCcontroller.a(Timer_Sonar.o)
 .debug_aranges
                0x000006a0       0x38 .\CortexM3\ARM_GCC_541\Debug\PSoCcontroller.a(Trigger_1.o)
 .debug_aranges
                0x000006d8       0x38 .\CortexM3\ARM_GCC_541\Debug\PSoCcontroller.a(Trigger_2.o)
 .debug_aranges
                0x00000710       0x38 .\CortexM3\ARM_GCC_541\Debug\PSoCcontroller.a(Echo_1.o)
 .debug_aranges
                0x00000748       0x38 .\CortexM3\ARM_GCC_541\Debug\PSoCcontroller.a(Echo_2.o)
 .debug_aranges
                0x00000780       0xf0 .\CortexM3\ARM_GCC_541\Debug\PSoCcontroller.a(UART_1.o)
 .debug_aranges
                0x00000870       0x70 .\CortexM3\ARM_GCC_541\Debug\PSoCcontroller.a(UART_1_IntClock.o)
 .debug_aranges
                0x000008e0       0x90 .\CortexM3\ARM_GCC_541\Debug\PSoCcontroller.a(Delay_Timer.o)
 .debug_aranges
                0x00000970       0x80 .\CortexM3\ARM_GCC_541\Debug\PSoCcontroller.a(ISR_uart.o)
 .debug_aranges
                0x000009f0       0x80 .\CortexM3\ARM_GCC_541\Debug\PSoCcontroller.a(ISR_delay.o)
 .debug_aranges
                0x00000a70       0x38 .\CortexM3\ARM_GCC_541\Debug\PSoCcontroller.a(Pin_1.o)
 .debug_aranges
                0x00000aa8       0xa8 .\CortexM3\ARM_GCC_541\Debug\PSoCcontroller.a(ADC_Moisture.o)
 .debug_aranges
                0x00000b50       0x20 .\CortexM3\ARM_GCC_541\Debug\PSoCcontroller.a(ADC_Moisture_INT.o)
 .debug_aranges
                0x00000b70       0x80 .\CortexM3\ARM_GCC_541\Debug\PSoCcontroller.a(ADC_Moisture_theACLK.o)
 .debug_aranges
                0x00000bf0       0x88 .\CortexM3\ARM_GCC_541\Debug\PSoCcontroller.a(Timer_StepperX.o)
 .debug_aranges
                0x00000c78       0x80 .\CortexM3\ARM_GCC_541\Debug\PSoCcontroller.a(ISR_stepperY.o)
 .debug_aranges
                0x00000cf8       0x88 .\CortexM3\ARM_GCC_541\Debug\PSoCcontroller.a(Timer_StepperY.o)
 .debug_aranges
                0x00000d80       0x80 .\CortexM3\ARM_GCC_541\Debug\PSoCcontroller.a(ISR_stepperX.o)
 .debug_aranges
                0x00000e00       0x38 .\CortexM3\ARM_GCC_541\Debug\PSoCcontroller.a(Pin_X1.o)
 .debug_aranges
                0x00000e38       0x38 .\CortexM3\ARM_GCC_541\Debug\PSoCcontroller.a(Pin_X2.o)
 .debug_aranges
                0x00000e70       0x38 .\CortexM3\ARM_GCC_541\Debug\PSoCcontroller.a(Pin_X3.o)
 .debug_aranges
                0x00000ea8       0x38 .\CortexM3\ARM_GCC_541\Debug\PSoCcontroller.a(Pin_Y1.o)
 .debug_aranges
                0x00000ee0       0x38 .\CortexM3\ARM_GCC_541\Debug\PSoCcontroller.a(Pin_Y2.o)
 .debug_aranges
                0x00000f18       0x38 .\CortexM3\ARM_GCC_541\Debug\PSoCcontroller.a(Pin_Y3.o)
 .debug_aranges
                0x00000f50       0xa8 .\CortexM3\ARM_GCC_541\Debug\PSoCcontroller.a(ADC_SAR_WaSens.o)
 .debug_aranges
                0x00000ff8       0x20 .\CortexM3\ARM_GCC_541\Debug\PSoCcontroller.a(ADC_SAR_WaSens_INT.o)
 .debug_aranges
                0x00001018       0x98 .\CortexM3\ARM_GCC_541\Debug\PSoCcontroller.a(PWM_WaSens.o)
 .debug_aranges
                0x000010b0       0x38 .\CortexM3\ARM_GCC_541\Debug\PSoCcontroller.a(Pin_WaterPump.o)
 .debug_aranges
                0x000010e8       0x80 .\CortexM3\ARM_GCC_541\Debug\PSoCcontroller.a(ADC_SAR_WaSens_theACLK.o)
 .debug_aranges
                0x00001168       0x38 .\CortexM3\ARM_GCC_541\Debug\PSoCcontroller.a(Pin_Low_WL.o)
 .debug_aranges
                0x000011a0       0xe0 .\CortexM3\ARM_GCC_541\Debug\PSoCcontroller.a(SPI_1.o)
 .debug_aranges
                0x00001280       0x28 .\CortexM3\ARM_GCC_541\Debug\PSoCcontroller.a(SPI_1_INT.o)
 .debug_aranges
                0x000012a8       0x80 .\CortexM3\ARM_GCC_541\Debug\PSoCcontroller.a(SPI_ISR.o)
 .debug_aranges
                0x00001328       0x38 .\CortexM3\ARM_GCC_541\Debug\PSoCcontroller.a(SPI_read_req.o)
 .debug_aranges
                0x00001360       0x20 .\CortexM3\ARM_GCC_541\Debug\PSoCcontroller.a(CyBootAsmGnu.o)
 .debug_aranges
                0x00001380       0x88 .\CortexM3\ARM_GCC_541\Debug\PSoCcontroller.a(CyFlash.o)
 .debug_aranges
                0x00001408       0x80 .\CortexM3\ARM_GCC_541\Debug\PSoCcontroller.a(CySpc.o)
 .debug_aranges
                0x00001488       0x20 .\CortexM3\ARM_GCC_541\Debug\PSoCcontroller.a(cyutils.o)

.debug_pubnames
 *(.debug_pubnames)

.debug_info     0x00000000     0xa414
 *(.debug_info .gnu.linkonce.wi.*)
 .debug_info    0x00000000     0x10b9 .\CortexM3\ARM_GCC_541\Debug\main.o
 .debug_info    0x000010b9      0x370 .\CortexM3\ARM_GCC_541\Debug\CircularBuffer.o
 .debug_info    0x00001429      0x140 .\CortexM3\ARM_GCC_541\Debug\MoistureSensor.o
 .debug_info    0x00001569      0x3e2 .\CortexM3\ARM_GCC_541\Debug\MotorDriverX.o
 .debug_info    0x0000194b      0x42c .\CortexM3\ARM_GCC_541\Debug\MotorDriverY.o
 .debug_info    0x00001d77      0x447 .\CortexM3\ARM_GCC_541\Debug\SPI_driver_PSoC.o
 .debug_info    0x000021be      0x5a8 .\CortexM3\ARM_GCC_541\Debug\cyfitter_cfg.o
 .debug_info    0x00002766      0x139 .\CortexM3\ARM_GCC_541\Debug\cymetadata.o
 .debug_info    0x0000289f      0x3bb .\CortexM3\ARM_GCC_541\Debug\Cm3Start.o
 .debug_info    0x00002c5a     0x1374 .\CortexM3\ARM_GCC_541\Debug\PSoCcontroller.a(CyLib.o)
 .debug_info    0x00003fce      0xa2a .\CortexM3\ARM_GCC_541\Debug\PSoCcontroller.a(cyPm.o)
 .debug_info    0x000049f8      0x338 .\CortexM3\ARM_GCC_541\Debug\PSoCcontroller.a(Timer_Sonar.o)
 .debug_info    0x00004d30      0x11f .\CortexM3\ARM_GCC_541\Debug\PSoCcontroller.a(Trigger_1.o)
 .debug_info    0x00004e4f      0x11f .\CortexM3\ARM_GCC_541\Debug\PSoCcontroller.a(Trigger_2.o)
 .debug_info    0x00004f6e      0x11f .\CortexM3\ARM_GCC_541\Debug\PSoCcontroller.a(Echo_1.o)
 .debug_info    0x0000508d      0x11f .\CortexM3\ARM_GCC_541\Debug\PSoCcontroller.a(Echo_2.o)
 .debug_info    0x000051ac      0x60c .\CortexM3\ARM_GCC_541\Debug\PSoCcontroller.a(UART_1.o)
 .debug_info    0x000057b8      0x283 .\CortexM3\ARM_GCC_541\Debug\PSoCcontroller.a(UART_1_IntClock.o)
 .debug_info    0x00005a3b      0x2f0 .\CortexM3\ARM_GCC_541\Debug\PSoCcontroller.a(Delay_Timer.o)
 .debug_info    0x00005d2b      0x2d2 .\CortexM3\ARM_GCC_541\Debug\PSoCcontroller.a(ISR_uart.o)
 .debug_info    0x00005ffd      0x2d2 .\CortexM3\ARM_GCC_541\Debug\PSoCcontroller.a(ISR_delay.o)
 .debug_info    0x000062cf      0x11f .\CortexM3\ARM_GCC_541\Debug\PSoCcontroller.a(Pin_1.o)
 .debug_info    0x000063ee      0x5c0 .\CortexM3\ARM_GCC_541\Debug\PSoCcontroller.a(ADC_Moisture.o)
 .debug_info    0x000069ae       0x92 .\CortexM3\ARM_GCC_541\Debug\PSoCcontroller.a(ADC_Moisture_INT.o)
 .debug_info    0x00006a40      0x2c4 .\CortexM3\ARM_GCC_541\Debug\PSoCcontroller.a(ADC_Moisture_theACLK.o)
 .debug_info    0x00006d04      0x295 .\CortexM3\ARM_GCC_541\Debug\PSoCcontroller.a(Timer_StepperX.o)
 .debug_info    0x00006f99      0x2d2 .\CortexM3\ARM_GCC_541\Debug\PSoCcontroller.a(ISR_stepperY.o)
 .debug_info    0x0000726b      0x295 .\CortexM3\ARM_GCC_541\Debug\PSoCcontroller.a(Timer_StepperY.o)
 .debug_info    0x00007500      0x2d2 .\CortexM3\ARM_GCC_541\Debug\PSoCcontroller.a(ISR_stepperX.o)
 .debug_info    0x000077d2      0x11f .\CortexM3\ARM_GCC_541\Debug\PSoCcontroller.a(Pin_X1.o)
 .debug_info    0x000078f1      0x11f .\CortexM3\ARM_GCC_541\Debug\PSoCcontroller.a(Pin_X2.o)
 .debug_info    0x00007a10      0x11f .\CortexM3\ARM_GCC_541\Debug\PSoCcontroller.a(Pin_X3.o)
 .debug_info    0x00007b2f      0x11f .\CortexM3\ARM_GCC_541\Debug\PSoCcontroller.a(Pin_Y1.o)
 .debug_info    0x00007c4e      0x11f .\CortexM3\ARM_GCC_541\Debug\PSoCcontroller.a(Pin_Y2.o)
 .debug_info    0x00007d6d      0x11f .\CortexM3\ARM_GCC_541\Debug\PSoCcontroller.a(Pin_Y3.o)
 .debug_info    0x00007e8c      0x5c0 .\CortexM3\ARM_GCC_541\Debug\PSoCcontroller.a(ADC_SAR_WaSens.o)
 .debug_info    0x0000844c       0x92 .\CortexM3\ARM_GCC_541\Debug\PSoCcontroller.a(ADC_SAR_WaSens_INT.o)
 .debug_info    0x000084de      0x334 .\CortexM3\ARM_GCC_541\Debug\PSoCcontroller.a(PWM_WaSens.o)
 .debug_info    0x00008812      0x11f .\CortexM3\ARM_GCC_541\Debug\PSoCcontroller.a(Pin_WaterPump.o)
 .debug_info    0x00008931      0x2c4 .\CortexM3\ARM_GCC_541\Debug\PSoCcontroller.a(ADC_SAR_WaSens_theACLK.o)
 .debug_info    0x00008bf5      0x11f .\CortexM3\ARM_GCC_541\Debug\PSoCcontroller.a(Pin_Low_WL.o)
 .debug_info    0x00008d14      0x517 .\CortexM3\ARM_GCC_541\Debug\PSoCcontroller.a(SPI_1.o)
 .debug_info    0x0000922b       0xb1 .\CortexM3\ARM_GCC_541\Debug\PSoCcontroller.a(SPI_1_INT.o)
 .debug_info    0x000092dc      0x2d2 .\CortexM3\ARM_GCC_541\Debug\PSoCcontroller.a(SPI_ISR.o)
 .debug_info    0x000095ae      0x11f .\CortexM3\ARM_GCC_541\Debug\PSoCcontroller.a(SPI_read_req.o)
 .debug_info    0x000096cd       0xbc .\CortexM3\ARM_GCC_541\Debug\PSoCcontroller.a(CyBootAsmGnu.o)
 .debug_info    0x00009789      0x64d .\CortexM3\ARM_GCC_541\Debug\PSoCcontroller.a(CyFlash.o)
 .debug_info    0x00009dd6      0x550 .\CortexM3\ARM_GCC_541\Debug\PSoCcontroller.a(CySpc.o)
 .debug_info    0x0000a326       0xee .\CortexM3\ARM_GCC_541\Debug\PSoCcontroller.a(cyutils.o)

.debug_abbrev   0x00000000     0x33e3
 *(.debug_abbrev)
 .debug_abbrev  0x00000000      0x25b .\CortexM3\ARM_GCC_541\Debug\main.o
 .debug_abbrev  0x0000025b      0x181 .\CortexM3\ARM_GCC_541\Debug\CircularBuffer.o
 .debug_abbrev  0x000003dc       0xba .\CortexM3\ARM_GCC_541\Debug\MoistureSensor.o
 .debug_abbrev  0x00000496      0x15a .\CortexM3\ARM_GCC_541\Debug\MotorDriverX.o
 .debug_abbrev  0x000005f0      0x15a .\CortexM3\ARM_GCC_541\Debug\MotorDriverY.o
 .debug_abbrev  0x0000074a       0xf7 .\CortexM3\ARM_GCC_541\Debug\SPI_driver_PSoC.o
 .debug_abbrev  0x00000841      0x1fe .\CortexM3\ARM_GCC_541\Debug\cyfitter_cfg.o
 .debug_abbrev  0x00000a3f       0x77 .\CortexM3\ARM_GCC_541\Debug\cymetadata.o
 .debug_abbrev  0x00000ab6      0x1e8 .\CortexM3\ARM_GCC_541\Debug\Cm3Start.o
 .debug_abbrev  0x00000c9e      0x254 .\CortexM3\ARM_GCC_541\Debug\PSoCcontroller.a(CyLib.o)
 .debug_abbrev  0x00000ef2      0x1ab .\CortexM3\ARM_GCC_541\Debug\PSoCcontroller.a(cyPm.o)
 .debug_abbrev  0x0000109d      0x14b .\CortexM3\ARM_GCC_541\Debug\PSoCcontroller.a(Timer_Sonar.o)
 .debug_abbrev  0x000011e8       0x90 .\CortexM3\ARM_GCC_541\Debug\PSoCcontroller.a(Trigger_1.o)
 .debug_abbrev  0x00001278       0x90 .\CortexM3\ARM_GCC_541\Debug\PSoCcontroller.a(Trigger_2.o)
 .debug_abbrev  0x00001308       0x90 .\CortexM3\ARM_GCC_541\Debug\PSoCcontroller.a(Echo_1.o)
 .debug_abbrev  0x00001398       0x90 .\CortexM3\ARM_GCC_541\Debug\PSoCcontroller.a(Echo_2.o)
 .debug_abbrev  0x00001428      0x175 .\CortexM3\ARM_GCC_541\Debug\PSoCcontroller.a(UART_1.o)
 .debug_abbrev  0x0000159d      0x139 .\CortexM3\ARM_GCC_541\Debug\PSoCcontroller.a(UART_1_IntClock.o)
 .debug_abbrev  0x000016d6      0x12b .\CortexM3\ARM_GCC_541\Debug\PSoCcontroller.a(Delay_Timer.o)
 .debug_abbrev  0x00001801      0x173 .\CortexM3\ARM_GCC_541\Debug\PSoCcontroller.a(ISR_uart.o)
 .debug_abbrev  0x00001974      0x173 .\CortexM3\ARM_GCC_541\Debug\PSoCcontroller.a(ISR_delay.o)
 .debug_abbrev  0x00001ae7       0x90 .\CortexM3\ARM_GCC_541\Debug\PSoCcontroller.a(Pin_1.o)
 .debug_abbrev  0x00001b77      0x1ac .\CortexM3\ARM_GCC_541\Debug\PSoCcontroller.a(ADC_Moisture.o)
 .debug_abbrev  0x00001d23       0x42 .\CortexM3\ARM_GCC_541\Debug\PSoCcontroller.a(ADC_Moisture_INT.o)
 .debug_abbrev  0x00001d65      0x121 .\CortexM3\ARM_GCC_541\Debug\PSoCcontroller.a(ADC_Moisture_theACLK.o)
 .debug_abbrev  0x00001e86      0x11a .\CortexM3\ARM_GCC_541\Debug\PSoCcontroller.a(Timer_StepperX.o)
 .debug_abbrev  0x00001fa0      0x173 .\CortexM3\ARM_GCC_541\Debug\PSoCcontroller.a(ISR_stepperY.o)
 .debug_abbrev  0x00002113      0x11a .\CortexM3\ARM_GCC_541\Debug\PSoCcontroller.a(Timer_StepperY.o)
 .debug_abbrev  0x0000222d      0x173 .\CortexM3\ARM_GCC_541\Debug\PSoCcontroller.a(ISR_stepperX.o)
 .debug_abbrev  0x000023a0       0x90 .\CortexM3\ARM_GCC_541\Debug\PSoCcontroller.a(Pin_X1.o)
 .debug_abbrev  0x00002430       0x90 .\CortexM3\ARM_GCC_541\Debug\PSoCcontroller.a(Pin_X2.o)
 .debug_abbrev  0x000024c0       0x90 .\CortexM3\ARM_GCC_541\Debug\PSoCcontroller.a(Pin_X3.o)
 .debug_abbrev  0x00002550       0x90 .\CortexM3\ARM_GCC_541\Debug\PSoCcontroller.a(Pin_Y1.o)
 .debug_abbrev  0x000025e0       0x90 .\CortexM3\ARM_GCC_541\Debug\PSoCcontroller.a(Pin_Y2.o)
 .debug_abbrev  0x00002670       0x90 .\CortexM3\ARM_GCC_541\Debug\PSoCcontroller.a(Pin_Y3.o)
 .debug_abbrev  0x00002700      0x1ac .\CortexM3\ARM_GCC_541\Debug\PSoCcontroller.a(ADC_SAR_WaSens.o)
 .debug_abbrev  0x000028ac       0x42 .\CortexM3\ARM_GCC_541\Debug\PSoCcontroller.a(ADC_SAR_WaSens_INT.o)
 .debug_abbrev  0x000028ee      0x133 .\CortexM3\ARM_GCC_541\Debug\PSoCcontroller.a(PWM_WaSens.o)
 .debug_abbrev  0x00002a21       0x90 .\CortexM3\ARM_GCC_541\Debug\PSoCcontroller.a(Pin_WaterPump.o)
 .debug_abbrev  0x00002ab1      0x121 .\CortexM3\ARM_GCC_541\Debug\PSoCcontroller.a(ADC_SAR_WaSens_theACLK.o)
 .debug_abbrev  0x00002bd2       0x90 .\CortexM3\ARM_GCC_541\Debug\PSoCcontroller.a(Pin_Low_WL.o)
 .debug_abbrev  0x00002c62      0x15f .\CortexM3\ARM_GCC_541\Debug\PSoCcontroller.a(SPI_1.o)
 .debug_abbrev  0x00002dc1       0x42 .\CortexM3\ARM_GCC_541\Debug\PSoCcontroller.a(SPI_1_INT.o)
 .debug_abbrev  0x00002e03      0x173 .\CortexM3\ARM_GCC_541\Debug\PSoCcontroller.a(SPI_ISR.o)
 .debug_abbrev  0x00002f76       0x90 .\CortexM3\ARM_GCC_541\Debug\PSoCcontroller.a(SPI_read_req.o)
 .debug_abbrev  0x00003006       0x14 .\CortexM3\ARM_GCC_541\Debug\PSoCcontroller.a(CyBootAsmGnu.o)
 .debug_abbrev  0x0000301a      0x1a7 .\CortexM3\ARM_GCC_541\Debug\PSoCcontroller.a(CyFlash.o)
 .debug_abbrev  0x000031c1      0x194 .\CortexM3\ARM_GCC_541\Debug\PSoCcontroller.a(CySpc.o)
 .debug_abbrev  0x00003355       0x8e .\CortexM3\ARM_GCC_541\Debug\PSoCcontroller.a(cyutils.o)

.debug_line     0x00000000     0x4bf1
 *(.debug_line)
 .debug_line    0x00000000      0x549 .\CortexM3\ARM_GCC_541\Debug\main.o
 .debug_line    0x00000549      0x202 .\CortexM3\ARM_GCC_541\Debug\CircularBuffer.o
 .debug_line    0x0000074b      0x18c .\CortexM3\ARM_GCC_541\Debug\MoistureSensor.o
 .debug_line    0x000008d7      0x30b .\CortexM3\ARM_GCC_541\Debug\MotorDriverX.o
 .debug_line    0x00000be2      0x31d .\CortexM3\ARM_GCC_541\Debug\MotorDriverY.o
 .debug_line    0x00000eff      0x22d .\CortexM3\ARM_GCC_541\Debug\SPI_driver_PSoC.o
 .debug_line    0x0000112c      0x1f9 .\CortexM3\ARM_GCC_541\Debug\cyfitter_cfg.o
 .debug_line    0x00001325      0x141 .\CortexM3\ARM_GCC_541\Debug\cymetadata.o
 .debug_line    0x00001466      0x234 .\CortexM3\ARM_GCC_541\Debug\Cm3Start.o
 .debug_line    0x0000169a      0x816 .\CortexM3\ARM_GCC_541\Debug\PSoCcontroller.a(CyLib.o)
 .debug_line    0x00001eb0      0x367 .\CortexM3\ARM_GCC_541\Debug\PSoCcontroller.a(cyPm.o)
 .debug_line    0x00002217      0x176 .\CortexM3\ARM_GCC_541\Debug\PSoCcontroller.a(Timer_Sonar.o)
 .debug_line    0x0000238d       0x96 .\CortexM3\ARM_GCC_541\Debug\PSoCcontroller.a(Trigger_1.o)
 .debug_line    0x00002423       0x96 .\CortexM3\ARM_GCC_541\Debug\PSoCcontroller.a(Trigger_2.o)
 .debug_line    0x000024b9       0x93 .\CortexM3\ARM_GCC_541\Debug\PSoCcontroller.a(Echo_1.o)
 .debug_line    0x0000254c       0x93 .\CortexM3\ARM_GCC_541\Debug\PSoCcontroller.a(Echo_2.o)
 .debug_line    0x000025df      0x2c0 .\CortexM3\ARM_GCC_541\Debug\PSoCcontroller.a(UART_1.o)
 .debug_line    0x0000289f      0x17e .\CortexM3\ARM_GCC_541\Debug\PSoCcontroller.a(UART_1_IntClock.o)
 .debug_line    0x00002a1d      0x176 .\CortexM3\ARM_GCC_541\Debug\PSoCcontroller.a(Delay_Timer.o)
 .debug_line    0x00002b93      0x135 .\CortexM3\ARM_GCC_541\Debug\PSoCcontroller.a(ISR_uart.o)
 .debug_line    0x00002cc8      0x136 .\CortexM3\ARM_GCC_541\Debug\PSoCcontroller.a(ISR_delay.o)
 .debug_line    0x00002dfe       0x92 .\CortexM3\ARM_GCC_541\Debug\PSoCcontroller.a(Pin_1.o)
 .debug_line    0x00002e90      0x224 .\CortexM3\ARM_GCC_541\Debug\PSoCcontroller.a(ADC_Moisture.o)
 .debug_line    0x000030b4       0x59 .\CortexM3\ARM_GCC_541\Debug\PSoCcontroller.a(ADC_Moisture_INT.o)
 .debug_line    0x0000310d      0x1a6 .\CortexM3\ARM_GCC_541\Debug\PSoCcontroller.a(ADC_Moisture_theACLK.o)
 .debug_line    0x000032b3      0x15c .\CortexM3\ARM_GCC_541\Debug\PSoCcontroller.a(Timer_StepperX.o)
 .debug_line    0x0000340f      0x139 .\CortexM3\ARM_GCC_541\Debug\PSoCcontroller.a(ISR_stepperY.o)
 .debug_line    0x00003548      0x15c .\CortexM3\ARM_GCC_541\Debug\PSoCcontroller.a(Timer_StepperY.o)
 .debug_line    0x000036a4      0x139 .\CortexM3\ARM_GCC_541\Debug\PSoCcontroller.a(ISR_stepperX.o)
 .debug_line    0x000037dd       0x93 .\CortexM3\ARM_GCC_541\Debug\PSoCcontroller.a(Pin_X1.o)
 .debug_line    0x00003870       0x93 .\CortexM3\ARM_GCC_541\Debug\PSoCcontroller.a(Pin_X2.o)
 .debug_line    0x00003903       0x93 .\CortexM3\ARM_GCC_541\Debug\PSoCcontroller.a(Pin_X3.o)
 .debug_line    0x00003996       0x93 .\CortexM3\ARM_GCC_541\Debug\PSoCcontroller.a(Pin_Y1.o)
 .debug_line    0x00003a29       0x93 .\CortexM3\ARM_GCC_541\Debug\PSoCcontroller.a(Pin_Y2.o)
 .debug_line    0x00003abc       0x93 .\CortexM3\ARM_GCC_541\Debug\PSoCcontroller.a(Pin_Y3.o)
 .debug_line    0x00003b4f      0x228 .\CortexM3\ARM_GCC_541\Debug\PSoCcontroller.a(ADC_SAR_WaSens.o)
 .debug_line    0x00003d77       0x5b .\CortexM3\ARM_GCC_541\Debug\PSoCcontroller.a(ADC_SAR_WaSens_INT.o)
 .debug_line    0x00003dd2      0x18a .\CortexM3\ARM_GCC_541\Debug\PSoCcontroller.a(PWM_WaSens.o)
 .debug_line    0x00003f5c       0x9a .\CortexM3\ARM_GCC_541\Debug\PSoCcontroller.a(Pin_WaterPump.o)
 .debug_line    0x00003ff6      0x1a8 .\CortexM3\ARM_GCC_541\Debug\PSoCcontroller.a(ADC_SAR_WaSens_theACLK.o)
 .debug_line    0x0000419e       0x97 .\CortexM3\ARM_GCC_541\Debug\PSoCcontroller.a(Pin_Low_WL.o)
 .debug_line    0x00004235      0x24d .\CortexM3\ARM_GCC_541\Debug\PSoCcontroller.a(SPI_1.o)
 .debug_line    0x00004482       0x62 .\CortexM3\ARM_GCC_541\Debug\PSoCcontroller.a(SPI_1_INT.o)
 .debug_line    0x000044e4      0x134 .\CortexM3\ARM_GCC_541\Debug\PSoCcontroller.a(SPI_ISR.o)
 .debug_line    0x00004618       0x99 .\CortexM3\ARM_GCC_541\Debug\PSoCcontroller.a(SPI_read_req.o)
 .debug_line    0x000046b1       0x66 .\CortexM3\ARM_GCC_541\Debug\PSoCcontroller.a(CyBootAsmGnu.o)
 .debug_line    0x00004717      0x21a .\CortexM3\ARM_GCC_541\Debug\PSoCcontroller.a(CyFlash.o)
 .debug_line    0x00004931      0x260 .\CortexM3\ARM_GCC_541\Debug\PSoCcontroller.a(CySpc.o)
 .debug_line    0x00004b91       0x60 .\CortexM3\ARM_GCC_541\Debug\PSoCcontroller.a(cyutils.o)

.debug_frame    0x00000000     0x2f60
 *(.debug_frame)
 .debug_frame   0x00000000      0x264 .\CortexM3\ARM_GCC_541\Debug\main.o
 .debug_frame   0x00000264       0xa8 .\CortexM3\ARM_GCC_541\Debug\CircularBuffer.o
 .debug_frame   0x0000030c       0x48 .\CortexM3\ARM_GCC_541\Debug\MoistureSensor.o
 .debug_frame   0x00000354       0xd8 .\CortexM3\ARM_GCC_541\Debug\MotorDriverX.o
 .debug_frame   0x0000042c       0xd8 .\CortexM3\ARM_GCC_541\Debug\MotorDriverY.o
 .debug_frame   0x00000504       0xcc .\CortexM3\ARM_GCC_541\Debug\SPI_driver_PSoC.o
 .debug_frame   0x000005d0       0xfc .\CortexM3\ARM_GCC_541\Debug\cyfitter_cfg.o
 .debug_frame   0x000006cc       0xb8 .\CortexM3\ARM_GCC_541\Debug\Cm3Start.o
 .debug_frame   0x00000784      0x738 .\CortexM3\ARM_GCC_541\Debug\PSoCcontroller.a(CyLib.o)
 .debug_frame   0x00000ebc      0x1f8 .\CortexM3\ARM_GCC_541\Debug\PSoCcontroller.a(cyPm.o)
 .debug_frame   0x000010b4      0x13c .\CortexM3\ARM_GCC_541\Debug\PSoCcontroller.a(Timer_Sonar.o)
 .debug_frame   0x000011f0       0x50 .\CortexM3\ARM_GCC_541\Debug\PSoCcontroller.a(Trigger_1.o)
 .debug_frame   0x00001240       0x50 .\CortexM3\ARM_GCC_541\Debug\PSoCcontroller.a(Trigger_2.o)
 .debug_frame   0x00001290       0x50 .\CortexM3\ARM_GCC_541\Debug\PSoCcontroller.a(Echo_1.o)
 .debug_frame   0x000012e0       0x50 .\CortexM3\ARM_GCC_541\Debug\PSoCcontroller.a(Echo_2.o)
 .debug_frame   0x00001330      0x250 .\CortexM3\ARM_GCC_541\Debug\PSoCcontroller.a(UART_1.o)
 .debug_frame   0x00001580       0xe0 .\CortexM3\ARM_GCC_541\Debug\PSoCcontroller.a(UART_1_IntClock.o)
 .debug_frame   0x00001660      0x124 .\CortexM3\ARM_GCC_541\Debug\PSoCcontroller.a(Delay_Timer.o)
 .debug_frame   0x00001784      0x104 .\CortexM3\ARM_GCC_541\Debug\PSoCcontroller.a(ISR_uart.o)
 .debug_frame   0x00001888      0x104 .\CortexM3\ARM_GCC_541\Debug\PSoCcontroller.a(ISR_delay.o)
 .debug_frame   0x0000198c       0x50 .\CortexM3\ARM_GCC_541\Debug\PSoCcontroller.a(Pin_1.o)
 .debug_frame   0x000019dc      0x1b0 .\CortexM3\ARM_GCC_541\Debug\PSoCcontroller.a(ADC_Moisture.o)
 .debug_frame   0x00001b8c       0x20 .\CortexM3\ARM_GCC_541\Debug\PSoCcontroller.a(ADC_Moisture_INT.o)
 .debug_frame   0x00001bac      0x100 .\CortexM3\ARM_GCC_541\Debug\PSoCcontroller.a(ADC_Moisture_theACLK.o)
 .debug_frame   0x00001cac      0x108 .\CortexM3\ARM_GCC_541\Debug\PSoCcontroller.a(Timer_StepperX.o)
 .debug_frame   0x00001db4      0x104 .\CortexM3\ARM_GCC_541\Debug\PSoCcontroller.a(ISR_stepperY.o)
 .debug_frame   0x00001eb8      0x108 .\CortexM3\ARM_GCC_541\Debug\PSoCcontroller.a(Timer_StepperY.o)
 .debug_frame   0x00001fc0      0x104 .\CortexM3\ARM_GCC_541\Debug\PSoCcontroller.a(ISR_stepperX.o)
 .debug_frame   0x000020c4       0x50 .\CortexM3\ARM_GCC_541\Debug\PSoCcontroller.a(Pin_X1.o)
 .debug_frame   0x00002114       0x50 .\CortexM3\ARM_GCC_541\Debug\PSoCcontroller.a(Pin_X2.o)
 .debug_frame   0x00002164       0x50 .\CortexM3\ARM_GCC_541\Debug\PSoCcontroller.a(Pin_X3.o)
 .debug_frame   0x000021b4       0x50 .\CortexM3\ARM_GCC_541\Debug\PSoCcontroller.a(Pin_Y1.o)
 .debug_frame   0x00002204       0x50 .\CortexM3\ARM_GCC_541\Debug\PSoCcontroller.a(Pin_Y2.o)
 .debug_frame   0x00002254       0x50 .\CortexM3\ARM_GCC_541\Debug\PSoCcontroller.a(Pin_Y3.o)
 .debug_frame   0x000022a4      0x1b0 .\CortexM3\ARM_GCC_541\Debug\PSoCcontroller.a(ADC_SAR_WaSens.o)
 .debug_frame   0x00002454       0x20 .\CortexM3\ARM_GCC_541\Debug\PSoCcontroller.a(ADC_SAR_WaSens_INT.o)
 .debug_frame   0x00002474      0x134 .\CortexM3\ARM_GCC_541\Debug\PSoCcontroller.a(PWM_WaSens.o)
 .debug_frame   0x000025a8       0x50 .\CortexM3\ARM_GCC_541\Debug\PSoCcontroller.a(Pin_WaterPump.o)
 .debug_frame   0x000025f8      0x100 .\CortexM3\ARM_GCC_541\Debug\PSoCcontroller.a(ADC_SAR_WaSens_theACLK.o)
 .debug_frame   0x000026f8       0x50 .\CortexM3\ARM_GCC_541\Debug\PSoCcontroller.a(Pin_Low_WL.o)
 .debug_frame   0x00002748      0x1f8 .\CortexM3\ARM_GCC_541\Debug\PSoCcontroller.a(SPI_1.o)
 .debug_frame   0x00002940       0x30 .\CortexM3\ARM_GCC_541\Debug\PSoCcontroller.a(SPI_1_INT.o)
 .debug_frame   0x00002970      0x104 .\CortexM3\ARM_GCC_541\Debug\PSoCcontroller.a(SPI_ISR.o)
 .debug_frame   0x00002a74       0x50 .\CortexM3\ARM_GCC_541\Debug\PSoCcontroller.a(SPI_read_req.o)
 .debug_frame   0x00002ac4      0x194 .\CortexM3\ARM_GCC_541\Debug\PSoCcontroller.a(CyFlash.o)
 .debug_frame   0x00002c58      0x180 .\CortexM3\ARM_GCC_541\Debug\PSoCcontroller.a(CySpc.o)
 .debug_frame   0x00002dd8       0x20 .\CortexM3\ARM_GCC_541\Debug\PSoCcontroller.a(cyutils.o)
 .debug_frame   0x00002df8       0x30 c:/program files (x86)/cypress/psoc creator/4.2/psoc creator/import/gnu/arm/5.4.1/bin/../lib/gcc/arm-none-eabi/5.4.1/../../../../arm-none-eabi/lib/armv7-m\libm.a(lib_a-s_round.o)
 .debug_frame   0x00002e28       0x44 c:/program files (x86)/cypress/psoc creator/4.2/psoc creator/import/gnu/arm/5.4.1/bin/../lib/gcc/arm-none-eabi/5.4.1/armv7-m\libgcc.a(_aeabi_ldivmod.o)
 .debug_frame   0x00002e6c       0x38 c:/program files (x86)/cypress/psoc creator/4.2/psoc creator/import/gnu/arm/5.4.1/bin/../lib/gcc/arm-none-eabi/5.4.1/armv7-m\libgcc.a(_udivmoddi4.o)
 .debug_frame   0x00002ea4       0x20 c:/program files (x86)/cypress/psoc creator/4.2/psoc creator/import/gnu/arm/5.4.1/bin/../lib/gcc/arm-none-eabi/5.4.1/../../../../arm-none-eabi/lib/armv7-m\libg_nano.a(lib_a-errno.o)
 .debug_frame   0x00002ec4       0x28 c:/program files (x86)/cypress/psoc creator/4.2/psoc creator/import/gnu/arm/5.4.1/bin/../lib/gcc/arm-none-eabi/5.4.1/../../../../arm-none-eabi/lib/armv7-m\libg_nano.a(lib_a-exit.o)
 .debug_frame   0x00002eec       0x2c c:/program files (x86)/cypress/psoc creator/4.2/psoc creator/import/gnu/arm/5.4.1/bin/../lib/gcc/arm-none-eabi/5.4.1/../../../../arm-none-eabi/lib/armv7-m\libg_nano.a(lib_a-init.o)
 .debug_frame   0x00002f18       0x28 c:/program files (x86)/cypress/psoc creator/4.2/psoc creator/import/gnu/arm/5.4.1/bin/../lib/gcc/arm-none-eabi/5.4.1/../../../../arm-none-eabi/lib/armv7-m\libg_nano.a(lib_a-memcpy-stub.o)
 .debug_frame   0x00002f40       0x20 c:/program files (x86)/cypress/psoc creator/4.2/psoc creator/import/gnu/arm/5.4.1/bin/../lib/gcc/arm-none-eabi/5.4.1/../../../../arm-none-eabi/lib/armv7-m\libg_nano.a(lib_a-memset.o)

.debug_str      0x00000000     0x3dab
 *(.debug_str)
 .debug_str     0x00000000      0x7be .\CortexM3\ARM_GCC_541\Debug\main.o
                                0x85e (size before relaxing)
 .debug_str     0x000007be       0x37 .\CortexM3\ARM_GCC_541\Debug\CircularBuffer.o
                                0x287 (size before relaxing)
 .debug_str     0x000007f5       0x88 .\CortexM3\ARM_GCC_541\Debug\MoistureSensor.o
                                0x267 (size before relaxing)
 .debug_str     0x0000087d       0xd6 .\CortexM3\ARM_GCC_541\Debug\MotorDriverX.o
                                0x31e (size before relaxing)
 .debug_str     0x00000953       0xc3 .\CortexM3\ARM_GCC_541\Debug\MotorDriverY.o
                                0x34c (size before relaxing)
 .debug_str     0x00000a16       0xe9 .\CortexM3\ARM_GCC_541\Debug\SPI_driver_PSoC.o
                                0x312 (size before relaxing)
 .debug_str     0x00000aff      0x180 .\CortexM3\ARM_GCC_541\Debug\cyfitter_cfg.o
                                0x34b (size before relaxing)
 .debug_str     0x00000c7f       0x75 .\CortexM3\ARM_GCC_541\Debug\cymetadata.o
                                0x210 (size before relaxing)
 .debug_str     0x00000cf4      0x139 .\CortexM3\ARM_GCC_541\Debug\Cm3Start.o
                                0x336 (size before relaxing)
 .debug_str     0x00000e2d      0x828 .\CortexM3\ARM_GCC_541\Debug\PSoCcontroller.a(CyLib.o)
                                0xa73 (size before relaxing)
 .debug_str     0x00001655      0x34c .\CortexM3\ARM_GCC_541\Debug\PSoCcontroller.a(cyPm.o)
                                0x75f (size before relaxing)
 .debug_str     0x000019a1      0x1af .\CortexM3\ARM_GCC_541\Debug\PSoCcontroller.a(Timer_Sonar.o)
                                0x3de (size before relaxing)
 .debug_str     0x00001b50       0x6a .\CortexM3\ARM_GCC_541\Debug\PSoCcontroller.a(Trigger_1.o)
                                0x222 (size before relaxing)
 .debug_str     0x00001bba       0x5f .\CortexM3\ARM_GCC_541\Debug\PSoCcontroller.a(Trigger_2.o)
                                0x222 (size before relaxing)
 .debug_str     0x00001c19       0x54 .\CortexM3\ARM_GCC_541\Debug\PSoCcontroller.a(Echo_1.o)
                                0x213 (size before relaxing)
 .debug_str     0x00001c6d       0x54 .\CortexM3\ARM_GCC_541\Debug\PSoCcontroller.a(Echo_2.o)
                                0x213 (size before relaxing)
 .debug_str     0x00001cc1      0x2ad .\CortexM3\ARM_GCC_541\Debug\PSoCcontroller.a(UART_1.o)
                                0x4df (size before relaxing)
 .debug_str     0x00001f6e      0x197 .\CortexM3\ARM_GCC_541\Debug\PSoCcontroller.a(UART_1_IntClock.o)
                                0x37a (size before relaxing)
 .debug_str     0x00002105      0x14f .\CortexM3\ARM_GCC_541\Debug\PSoCcontroller.a(Delay_Timer.o)
                                0x3d3 (size before relaxing)
 .debug_str     0x00002254       0xff .\CortexM3\ARM_GCC_541\Debug\PSoCcontroller.a(ISR_uart.o)
                                0x2fc (size before relaxing)
 .debug_str     0x00002353      0x10c .\CortexM3\ARM_GCC_541\Debug\PSoCcontroller.a(ISR_delay.o)
                                0x30a (size before relaxing)
 .debug_str     0x0000245f       0x44 .\CortexM3\ARM_GCC_541\Debug\PSoCcontroller.a(Pin_1.o)
                                0x20e (size before relaxing)
 .debug_str     0x000024a3      0x251 .\CortexM3\ARM_GCC_541\Debug\PSoCcontroller.a(ADC_Moisture.o)
                                0x534 (size before relaxing)
 .debug_str     0x000026f4       0x3b .\CortexM3\ARM_GCC_541\Debug\PSoCcontroller.a(ADC_Moisture_INT.o)
                                0x1cd (size before relaxing)
 .debug_str     0x0000272f      0x1e3 .\CortexM3\ARM_GCC_541\Debug\PSoCcontroller.a(ADC_Moisture_theACLK.o)
                                0x40b (size before relaxing)
 .debug_str     0x00002912      0x1a4 .\CortexM3\ARM_GCC_541\Debug\PSoCcontroller.a(Timer_StepperX.o)
                                0x3b1 (size before relaxing)
 .debug_str     0x00002ab6      0x133 .\CortexM3\ARM_GCC_541\Debug\PSoCcontroller.a(ISR_stepperY.o)
                                0x334 (size before relaxing)
 .debug_str     0x00002be9      0x198 .\CortexM3\ARM_GCC_541\Debug\PSoCcontroller.a(Timer_StepperY.o)
                                0x3b1 (size before relaxing)
 .debug_str     0x00002d81      0x133 .\CortexM3\ARM_GCC_541\Debug\PSoCcontroller.a(ISR_stepperX.o)
                                0x334 (size before relaxing)
 .debug_str     0x00002eb4       0x53 .\CortexM3\ARM_GCC_541\Debug\PSoCcontroller.a(Pin_X1.o)
                                0x213 (size before relaxing)
 .debug_str     0x00002f07       0x53 .\CortexM3\ARM_GCC_541\Debug\PSoCcontroller.a(Pin_X2.o)
                                0x213 (size before relaxing)
 .debug_str     0x00002f5a       0x54 .\CortexM3\ARM_GCC_541\Debug\PSoCcontroller.a(Pin_X3.o)
                                0x213 (size before relaxing)
 .debug_str     0x00002fae       0x53 .\CortexM3\ARM_GCC_541\Debug\PSoCcontroller.a(Pin_Y1.o)
                                0x213 (size before relaxing)
 .debug_str     0x00003001       0x53 .\CortexM3\ARM_GCC_541\Debug\PSoCcontroller.a(Pin_Y2.o)
                                0x213 (size before relaxing)
 .debug_str     0x00003054       0x54 .\CortexM3\ARM_GCC_541\Debug\PSoCcontroller.a(Pin_Y3.o)
                                0x213 (size before relaxing)
 .debug_str     0x000030a8      0x236 .\CortexM3\ARM_GCC_541\Debug\PSoCcontroller.a(ADC_SAR_WaSens.o)
                                0x566 (size before relaxing)
 .debug_str     0x000032de       0x3f .\CortexM3\ARM_GCC_541\Debug\PSoCcontroller.a(ADC_SAR_WaSens_INT.o)
                                0x1d1 (size before relaxing)
 .debug_str     0x0000331d      0x1c0 .\CortexM3\ARM_GCC_541\Debug\PSoCcontroller.a(PWM_WaSens.o)
                                0x3dc (size before relaxing)
 .debug_str     0x000034dd       0x6f .\CortexM3\ARM_GCC_541\Debug\PSoCcontroller.a(Pin_WaterPump.o)
                                0x236 (size before relaxing)
 .debug_str     0x0000354c      0x1f4 .\CortexM3\ARM_GCC_541\Debug\PSoCcontroller.a(ADC_SAR_WaSens_theACLK.o)
                                0x427 (size before relaxing)
 .debug_str     0x00003740       0x53 .\CortexM3\ARM_GCC_541\Debug\PSoCcontroller.a(Pin_Low_WL.o)
                                0x227 (size before relaxing)
 .debug_str     0x00003793      0x1f0 .\CortexM3\ARM_GCC_541\Debug\PSoCcontroller.a(SPI_1.o)
                                0x47b (size before relaxing)
 .debug_str     0x00003983       0x3d .\CortexM3\ARM_GCC_541\Debug\PSoCcontroller.a(SPI_1_INT.o)
                                0x1e4 (size before relaxing)
 .debug_str     0x000039c0       0xf2 .\CortexM3\ARM_GCC_541\Debug\PSoCcontroller.a(SPI_ISR.o)
                                0x2ee (size before relaxing)
 .debug_str     0x00003ab2       0x6b .\CortexM3\ARM_GCC_541\Debug\PSoCcontroller.a(SPI_read_req.o)
                                0x231 (size before relaxing)
 .debug_str     0x00003b1d      0x1b4 .\CortexM3\ARM_GCC_541\Debug\PSoCcontroller.a(CyFlash.o)
                                0x3ec (size before relaxing)
 .debug_str     0x00003cd1       0xac .\CortexM3\ARM_GCC_541\Debug\PSoCcontroller.a(CySpc.o)
                                0x364 (size before relaxing)
 .debug_str     0x00003d7d       0x2e .\CortexM3\ARM_GCC_541\Debug\PSoCcontroller.a(cyutils.o)
                                0x1de (size before relaxing)

.debug_loc      0x00000000     0x3199
 *(.debug_loc)
 .debug_loc     0x00000000      0x1be .\CortexM3\ARM_GCC_541\Debug\main.o
 .debug_loc     0x000001be      0x1b4 .\CortexM3\ARM_GCC_541\Debug\CircularBuffer.o
 .debug_loc     0x00000372       0xe6 .\CortexM3\ARM_GCC_541\Debug\MotorDriverX.o
 .debug_loc     0x00000458       0xd0 .\CortexM3\ARM_GCC_541\Debug\MotorDriverY.o
 .debug_loc     0x00000528       0x42 .\CortexM3\ARM_GCC_541\Debug\SPI_driver_PSoC.o
 .debug_loc     0x0000056a      0x1fd .\CortexM3\ARM_GCC_541\Debug\cyfitter_cfg.o
 .debug_loc     0x00000767      0x144 .\CortexM3\ARM_GCC_541\Debug\Cm3Start.o
 .debug_loc     0x000008ab      0xa11 .\CortexM3\ARM_GCC_541\Debug\PSoCcontroller.a(CyLib.o)
 .debug_loc     0x000012bc      0x1e4 .\CortexM3\ARM_GCC_541\Debug\PSoCcontroller.a(cyPm.o)
 .debug_loc     0x000014a0       0x6b .\CortexM3\ARM_GCC_541\Debug\PSoCcontroller.a(Timer_Sonar.o)
 .debug_loc     0x0000150b       0x42 .\CortexM3\ARM_GCC_541\Debug\PSoCcontroller.a(Trigger_1.o)
 .debug_loc     0x0000154d       0x42 .\CortexM3\ARM_GCC_541\Debug\PSoCcontroller.a(Trigger_2.o)
 .debug_loc     0x0000158f       0x42 .\CortexM3\ARM_GCC_541\Debug\PSoCcontroller.a(Echo_1.o)
 .debug_loc     0x000015d1       0x42 .\CortexM3\ARM_GCC_541\Debug\PSoCcontroller.a(Echo_2.o)
 .debug_loc     0x00001613      0x258 .\CortexM3\ARM_GCC_541\Debug\PSoCcontroller.a(UART_1.o)
 .debug_loc     0x0000186b      0x128 .\CortexM3\ARM_GCC_541\Debug\PSoCcontroller.a(UART_1_IntClock.o)
 .debug_loc     0x00001993       0x13 .\CortexM3\ARM_GCC_541\Debug\PSoCcontroller.a(Delay_Timer.o)
 .debug_loc     0x000019a6       0x56 .\CortexM3\ARM_GCC_541\Debug\PSoCcontroller.a(ISR_uart.o)
 .debug_loc     0x000019fc       0x56 .\CortexM3\ARM_GCC_541\Debug\PSoCcontroller.a(ISR_delay.o)
 .debug_loc     0x00001a52       0x42 .\CortexM3\ARM_GCC_541\Debug\PSoCcontroller.a(Pin_1.o)
 .debug_loc     0x00001a94      0x295 .\CortexM3\ARM_GCC_541\Debug\PSoCcontroller.a(ADC_Moisture.o)
 .debug_loc     0x00001d29      0x14d .\CortexM3\ARM_GCC_541\Debug\PSoCcontroller.a(ADC_Moisture_theACLK.o)
 .debug_loc     0x00001e76       0x56 .\CortexM3\ARM_GCC_541\Debug\PSoCcontroller.a(ISR_stepperY.o)
 .debug_loc     0x00001ecc       0x56 .\CortexM3\ARM_GCC_541\Debug\PSoCcontroller.a(ISR_stepperX.o)
 .debug_loc     0x00001f22       0x42 .\CortexM3\ARM_GCC_541\Debug\PSoCcontroller.a(Pin_X1.o)
 .debug_loc     0x00001f64       0x42 .\CortexM3\ARM_GCC_541\Debug\PSoCcontroller.a(Pin_X2.o)
 .debug_loc     0x00001fa6       0x42 .\CortexM3\ARM_GCC_541\Debug\PSoCcontroller.a(Pin_X3.o)
 .debug_loc     0x00001fe8       0x42 .\CortexM3\ARM_GCC_541\Debug\PSoCcontroller.a(Pin_Y1.o)
 .debug_loc     0x0000202a       0x42 .\CortexM3\ARM_GCC_541\Debug\PSoCcontroller.a(Pin_Y2.o)
 .debug_loc     0x0000206c       0x42 .\CortexM3\ARM_GCC_541\Debug\PSoCcontroller.a(Pin_Y3.o)
 .debug_loc     0x000020ae      0x295 .\CortexM3\ARM_GCC_541\Debug\PSoCcontroller.a(ADC_SAR_WaSens.o)
 .debug_loc     0x00002343       0x26 .\CortexM3\ARM_GCC_541\Debug\PSoCcontroller.a(PWM_WaSens.o)
 .debug_loc     0x00002369       0x42 .\CortexM3\ARM_GCC_541\Debug\PSoCcontroller.a(Pin_WaterPump.o)
 .debug_loc     0x000023ab      0x149 .\CortexM3\ARM_GCC_541\Debug\PSoCcontroller.a(ADC_SAR_WaSens_theACLK.o)
 .debug_loc     0x000024f4       0x42 .\CortexM3\ARM_GCC_541\Debug\PSoCcontroller.a(Pin_Low_WL.o)
 .debug_loc     0x00002536       0xf3 .\CortexM3\ARM_GCC_541\Debug\PSoCcontroller.a(SPI_1.o)
 .debug_loc     0x00002629       0x56 .\CortexM3\ARM_GCC_541\Debug\PSoCcontroller.a(SPI_ISR.o)
 .debug_loc     0x0000267f       0x42 .\CortexM3\ARM_GCC_541\Debug\PSoCcontroller.a(SPI_read_req.o)
 .debug_loc     0x000026c1      0x3b2 .\CortexM3\ARM_GCC_541\Debug\PSoCcontroller.a(CyFlash.o)
 .debug_loc     0x00002a73      0x705 .\CortexM3\ARM_GCC_541\Debug\PSoCcontroller.a(CySpc.o)
 .debug_loc     0x00003178       0x21 .\CortexM3\ARM_GCC_541\Debug\PSoCcontroller.a(cyutils.o)

.debug_macinfo
 *(.debug_macinfo)

.debug_ranges   0x00000000     0x11e0
 *(.debug_ranges)
 .debug_ranges  0x00000000       0xb0 .\CortexM3\ARM_GCC_541\Debug\main.o
 .debug_ranges  0x000000b0       0x38 .\CortexM3\ARM_GCC_541\Debug\CircularBuffer.o
 .debug_ranges  0x000000e8       0x18 .\CortexM3\ARM_GCC_541\Debug\MoistureSensor.o
 .debug_ranges  0x00000100       0x70 .\CortexM3\ARM_GCC_541\Debug\MotorDriverX.o
 .debug_ranges  0x00000170       0x70 .\CortexM3\ARM_GCC_541\Debug\MotorDriverY.o
 .debug_ranges  0x000001e0       0x40 .\CortexM3\ARM_GCC_541\Debug\SPI_driver_PSoC.o
 .debug_ranges  0x00000220       0x48 .\CortexM3\ARM_GCC_541\Debug\cyfitter_cfg.o
 .debug_ranges  0x00000268       0x38 .\CortexM3\ARM_GCC_541\Debug\Cm3Start.o
 .debug_ranges  0x000002a0      0x290 .\CortexM3\ARM_GCC_541\Debug\PSoCcontroller.a(CyLib.o)
 .debug_ranges  0x00000530       0x88 .\CortexM3\ARM_GCC_541\Debug\PSoCcontroller.a(cyPm.o)
 .debug_ranges  0x000005b8       0x80 .\CortexM3\ARM_GCC_541\Debug\PSoCcontroller.a(Timer_Sonar.o)
 .debug_ranges  0x00000638       0x28 .\CortexM3\ARM_GCC_541\Debug\PSoCcontroller.a(Trigger_1.o)
 .debug_ranges  0x00000660       0x28 .\CortexM3\ARM_GCC_541\Debug\PSoCcontroller.a(Trigger_2.o)
 .debug_ranges  0x00000688       0x28 .\CortexM3\ARM_GCC_541\Debug\PSoCcontroller.a(Echo_1.o)
 .debug_ranges  0x000006b0       0x28 .\CortexM3\ARM_GCC_541\Debug\PSoCcontroller.a(Echo_2.o)
 .debug_ranges  0x000006d8       0xe0 .\CortexM3\ARM_GCC_541\Debug\PSoCcontroller.a(UART_1.o)
 .debug_ranges  0x000007b8       0x60 .\CortexM3\ARM_GCC_541\Debug\PSoCcontroller.a(UART_1_IntClock.o)
 .debug_ranges  0x00000818       0x80 .\CortexM3\ARM_GCC_541\Debug\PSoCcontroller.a(Delay_Timer.o)
 .debug_ranges  0x00000898       0x70 .\CortexM3\ARM_GCC_541\Debug\PSoCcontroller.a(ISR_uart.o)
 .debug_ranges  0x00000908       0x70 .\CortexM3\ARM_GCC_541\Debug\PSoCcontroller.a(ISR_delay.o)
 .debug_ranges  0x00000978       0x28 .\CortexM3\ARM_GCC_541\Debug\PSoCcontroller.a(Pin_1.o)
 .debug_ranges  0x000009a0       0x98 .\CortexM3\ARM_GCC_541\Debug\PSoCcontroller.a(ADC_Moisture.o)