ARM GAS  C:\Users\Lasse\AppData\Local\Temp\ccUqAurH.s 			page 1


   1              		.syntax unified
   2              		.cpu cortex-m3
   3              		.fpu softvfp
   4              		.eabi_attribute 20, 1
   5              		.eabi_attribute 21, 1
   6              		.eabi_attribute 23, 3
   7              		.eabi_attribute 24, 1
   8              		.eabi_attribute 25, 1
   9              		.eabi_attribute 26, 1
  10              		.eabi_attribute 30, 1
  11              		.eabi_attribute 34, 1
  12              		.eabi_attribute 18, 4
  13              		.thumb
  14              		.syntax unified
  15              		.file	"PWM_WaSens_PM.c"
  16              		.text
  17              	.Ltext0:
  18              		.cfi_sections	.debug_frame
  19              		.section	.text.PWM_WaSens_SaveConfig,"ax",%progbits
  20              		.align	2
  21              		.global	PWM_WaSens_SaveConfig
  22              		.thumb
  23              		.thumb_func
  24              		.type	PWM_WaSens_SaveConfig, %function
  25              	PWM_WaSens_SaveConfig:
  26              	.LFB0:
  27              		.file 1 "Generated_Source\\PSoC5\\PWM_WaSens_PM.c"
   1:Generated_Source\PSoC5/PWM_WaSens_PM.c **** /*******************************************************************************
   2:Generated_Source\PSoC5/PWM_WaSens_PM.c **** * File Name: PWM_WaSens_PM.c
   3:Generated_Source\PSoC5/PWM_WaSens_PM.c **** * Version 3.30
   4:Generated_Source\PSoC5/PWM_WaSens_PM.c **** *
   5:Generated_Source\PSoC5/PWM_WaSens_PM.c **** * Description:
   6:Generated_Source\PSoC5/PWM_WaSens_PM.c **** *  This file provides the power management source code to API for the
   7:Generated_Source\PSoC5/PWM_WaSens_PM.c **** *  PWM.
   8:Generated_Source\PSoC5/PWM_WaSens_PM.c **** *
   9:Generated_Source\PSoC5/PWM_WaSens_PM.c **** * Note:
  10:Generated_Source\PSoC5/PWM_WaSens_PM.c **** *
  11:Generated_Source\PSoC5/PWM_WaSens_PM.c **** ********************************************************************************
  12:Generated_Source\PSoC5/PWM_WaSens_PM.c **** * Copyright 2008-2014, Cypress Semiconductor Corporation.  All rights reserved.
  13:Generated_Source\PSoC5/PWM_WaSens_PM.c **** * You may use this file only in accordance with the license, terms, conditions,
  14:Generated_Source\PSoC5/PWM_WaSens_PM.c **** * disclaimers, and limitations in the end user license agreement accompanying
  15:Generated_Source\PSoC5/PWM_WaSens_PM.c **** * the software package with which this file was provided.
  16:Generated_Source\PSoC5/PWM_WaSens_PM.c **** *******************************************************************************/
  17:Generated_Source\PSoC5/PWM_WaSens_PM.c **** 
  18:Generated_Source\PSoC5/PWM_WaSens_PM.c **** #include "PWM_WaSens.h"
  19:Generated_Source\PSoC5/PWM_WaSens_PM.c **** 
  20:Generated_Source\PSoC5/PWM_WaSens_PM.c **** static PWM_WaSens_backupStruct PWM_WaSens_backup;
  21:Generated_Source\PSoC5/PWM_WaSens_PM.c **** 
  22:Generated_Source\PSoC5/PWM_WaSens_PM.c **** 
  23:Generated_Source\PSoC5/PWM_WaSens_PM.c **** /*******************************************************************************
  24:Generated_Source\PSoC5/PWM_WaSens_PM.c **** * Function Name: PWM_WaSens_SaveConfig
  25:Generated_Source\PSoC5/PWM_WaSens_PM.c **** ********************************************************************************
  26:Generated_Source\PSoC5/PWM_WaSens_PM.c **** *
  27:Generated_Source\PSoC5/PWM_WaSens_PM.c **** * Summary:
  28:Generated_Source\PSoC5/PWM_WaSens_PM.c **** *  Saves the current user configuration of the component.
  29:Generated_Source\PSoC5/PWM_WaSens_PM.c **** *
  30:Generated_Source\PSoC5/PWM_WaSens_PM.c **** * Parameters:
ARM GAS  C:\Users\Lasse\AppData\Local\Temp\ccUqAurH.s 			page 2


  31:Generated_Source\PSoC5/PWM_WaSens_PM.c **** *  None
  32:Generated_Source\PSoC5/PWM_WaSens_PM.c **** *
  33:Generated_Source\PSoC5/PWM_WaSens_PM.c **** * Return:
  34:Generated_Source\PSoC5/PWM_WaSens_PM.c **** *  None
  35:Generated_Source\PSoC5/PWM_WaSens_PM.c **** *
  36:Generated_Source\PSoC5/PWM_WaSens_PM.c **** * Global variables:
  37:Generated_Source\PSoC5/PWM_WaSens_PM.c **** *  PWM_WaSens_backup:  Variables of this global structure are modified to
  38:Generated_Source\PSoC5/PWM_WaSens_PM.c **** *  store the values of non retention configuration registers when Sleep() API is
  39:Generated_Source\PSoC5/PWM_WaSens_PM.c **** *  called.
  40:Generated_Source\PSoC5/PWM_WaSens_PM.c **** *
  41:Generated_Source\PSoC5/PWM_WaSens_PM.c **** *******************************************************************************/
  42:Generated_Source\PSoC5/PWM_WaSens_PM.c **** void PWM_WaSens_SaveConfig(void) 
  43:Generated_Source\PSoC5/PWM_WaSens_PM.c **** {
  28              		.loc 1 43 0
  29              		.cfi_startproc
  30              		@ args = 0, pretend = 0, frame = 0
  31              		@ frame_needed = 0, uses_anonymous_args = 0
  32 0000 10B5     		push	{r4, lr}
  33              		.cfi_def_cfa_offset 8
  34              		.cfi_offset 4, -8
  35              		.cfi_offset 14, -4
  44:Generated_Source\PSoC5/PWM_WaSens_PM.c **** 
  45:Generated_Source\PSoC5/PWM_WaSens_PM.c ****     #if(!PWM_WaSens_UsingFixedFunction)
  46:Generated_Source\PSoC5/PWM_WaSens_PM.c ****         #if(!PWM_WaSens_PWMModeIsCenterAligned)
  47:Generated_Source\PSoC5/PWM_WaSens_PM.c ****             PWM_WaSens_backup.PWMPeriod = PWM_WaSens_ReadPeriod();
  36              		.loc 1 47 0
  37 0002 FFF7FEFF 		bl	PWM_WaSens_ReadPeriod
  38              	.LVL0:
  39 0006 044C     		ldr	r4, .L3
  40 0008 A070     		strb	r0, [r4, #2]
  48:Generated_Source\PSoC5/PWM_WaSens_PM.c ****         #endif /* (!PWM_WaSens_PWMModeIsCenterAligned) */
  49:Generated_Source\PSoC5/PWM_WaSens_PM.c ****         PWM_WaSens_backup.PWMUdb = PWM_WaSens_ReadCounter();
  41              		.loc 1 49 0
  42 000a FFF7FEFF 		bl	PWM_WaSens_ReadCounter
  43              	.LVL1:
  44 000e 6070     		strb	r0, [r4, #1]
  50:Generated_Source\PSoC5/PWM_WaSens_PM.c ****         #if (PWM_WaSens_UseStatus)
  51:Generated_Source\PSoC5/PWM_WaSens_PM.c ****             PWM_WaSens_backup.InterruptMaskValue = PWM_WaSens_STATUS_MASK;
  45              		.loc 1 51 0
  46 0010 024B     		ldr	r3, .L3+4
  47 0012 1B78     		ldrb	r3, [r3]	@ zero_extendqisi2
  48 0014 E370     		strb	r3, [r4, #3]
  49 0016 10BD     		pop	{r4, pc}
  50              	.L4:
  51              		.align	2
  52              	.L3:
  53 0018 00000000 		.word	.LANCHOR0
  54 001c 86640040 		.word	1073767558
  55              		.cfi_endproc
  56              	.LFE0:
  57              		.size	PWM_WaSens_SaveConfig, .-PWM_WaSens_SaveConfig
  58              		.section	.text.PWM_WaSens_RestoreConfig,"ax",%progbits
  59              		.align	2
  60              		.global	PWM_WaSens_RestoreConfig
  61              		.thumb
  62              		.thumb_func
  63              		.type	PWM_WaSens_RestoreConfig, %function
ARM GAS  C:\Users\Lasse\AppData\Local\Temp\ccUqAurH.s 			page 3


  64              	PWM_WaSens_RestoreConfig:
  65              	.LFB1:
  52:Generated_Source\PSoC5/PWM_WaSens_PM.c ****         #endif /* (PWM_WaSens_UseStatus) */
  53:Generated_Source\PSoC5/PWM_WaSens_PM.c **** 
  54:Generated_Source\PSoC5/PWM_WaSens_PM.c ****         #if(PWM_WaSens_DeadBandMode == PWM_WaSens__B_PWM__DBM_256_CLOCKS || \
  55:Generated_Source\PSoC5/PWM_WaSens_PM.c ****             PWM_WaSens_DeadBandMode == PWM_WaSens__B_PWM__DBM_2_4_CLOCKS)
  56:Generated_Source\PSoC5/PWM_WaSens_PM.c ****             PWM_WaSens_backup.PWMdeadBandValue = PWM_WaSens_ReadDeadTime();
  57:Generated_Source\PSoC5/PWM_WaSens_PM.c ****         #endif /*  deadband count is either 2-4 clocks or 256 clocks */
  58:Generated_Source\PSoC5/PWM_WaSens_PM.c **** 
  59:Generated_Source\PSoC5/PWM_WaSens_PM.c ****         #if(PWM_WaSens_KillModeMinTime)
  60:Generated_Source\PSoC5/PWM_WaSens_PM.c ****              PWM_WaSens_backup.PWMKillCounterPeriod = PWM_WaSens_ReadKillTime();
  61:Generated_Source\PSoC5/PWM_WaSens_PM.c ****         #endif /* (PWM_WaSens_KillModeMinTime) */
  62:Generated_Source\PSoC5/PWM_WaSens_PM.c **** 
  63:Generated_Source\PSoC5/PWM_WaSens_PM.c ****         #if(PWM_WaSens_UseControl)
  64:Generated_Source\PSoC5/PWM_WaSens_PM.c ****             PWM_WaSens_backup.PWMControlRegister = PWM_WaSens_ReadControlRegister();
  65:Generated_Source\PSoC5/PWM_WaSens_PM.c ****         #endif /* (PWM_WaSens_UseControl) */
  66:Generated_Source\PSoC5/PWM_WaSens_PM.c ****     #endif  /* (!PWM_WaSens_UsingFixedFunction) */
  67:Generated_Source\PSoC5/PWM_WaSens_PM.c **** }
  68:Generated_Source\PSoC5/PWM_WaSens_PM.c **** 
  69:Generated_Source\PSoC5/PWM_WaSens_PM.c **** 
  70:Generated_Source\PSoC5/PWM_WaSens_PM.c **** /*******************************************************************************
  71:Generated_Source\PSoC5/PWM_WaSens_PM.c **** * Function Name: PWM_WaSens_RestoreConfig
  72:Generated_Source\PSoC5/PWM_WaSens_PM.c **** ********************************************************************************
  73:Generated_Source\PSoC5/PWM_WaSens_PM.c **** *
  74:Generated_Source\PSoC5/PWM_WaSens_PM.c **** * Summary:
  75:Generated_Source\PSoC5/PWM_WaSens_PM.c **** *  Restores the current user configuration of the component.
  76:Generated_Source\PSoC5/PWM_WaSens_PM.c **** *
  77:Generated_Source\PSoC5/PWM_WaSens_PM.c **** * Parameters:
  78:Generated_Source\PSoC5/PWM_WaSens_PM.c **** *  None
  79:Generated_Source\PSoC5/PWM_WaSens_PM.c **** *
  80:Generated_Source\PSoC5/PWM_WaSens_PM.c **** * Return:
  81:Generated_Source\PSoC5/PWM_WaSens_PM.c **** *  None
  82:Generated_Source\PSoC5/PWM_WaSens_PM.c **** *
  83:Generated_Source\PSoC5/PWM_WaSens_PM.c **** * Global variables:
  84:Generated_Source\PSoC5/PWM_WaSens_PM.c **** *  PWM_WaSens_backup:  Variables of this global structure are used to
  85:Generated_Source\PSoC5/PWM_WaSens_PM.c **** *  restore the values of non retention registers on wakeup from sleep mode.
  86:Generated_Source\PSoC5/PWM_WaSens_PM.c **** *
  87:Generated_Source\PSoC5/PWM_WaSens_PM.c **** *******************************************************************************/
  88:Generated_Source\PSoC5/PWM_WaSens_PM.c **** void PWM_WaSens_RestoreConfig(void) 
  89:Generated_Source\PSoC5/PWM_WaSens_PM.c **** {
  66              		.loc 1 89 0
  67              		.cfi_startproc
  68              		@ args = 0, pretend = 0, frame = 0
  69              		@ frame_needed = 0, uses_anonymous_args = 0
  70 0000 10B5     		push	{r4, lr}
  71              		.cfi_def_cfa_offset 8
  72              		.cfi_offset 4, -8
  73              		.cfi_offset 14, -4
  90:Generated_Source\PSoC5/PWM_WaSens_PM.c ****         #if(!PWM_WaSens_UsingFixedFunction)
  91:Generated_Source\PSoC5/PWM_WaSens_PM.c ****             #if(!PWM_WaSens_PWMModeIsCenterAligned)
  92:Generated_Source\PSoC5/PWM_WaSens_PM.c ****                 PWM_WaSens_WritePeriod(PWM_WaSens_backup.PWMPeriod);
  74              		.loc 1 92 0
  75 0002 054C     		ldr	r4, .L7
  76 0004 A078     		ldrb	r0, [r4, #2]	@ zero_extendqisi2
  77 0006 FFF7FEFF 		bl	PWM_WaSens_WritePeriod
  78              	.LVL2:
  93:Generated_Source\PSoC5/PWM_WaSens_PM.c ****             #endif /* (!PWM_WaSens_PWMModeIsCenterAligned) */
ARM GAS  C:\Users\Lasse\AppData\Local\Temp\ccUqAurH.s 			page 4


  94:Generated_Source\PSoC5/PWM_WaSens_PM.c **** 
  95:Generated_Source\PSoC5/PWM_WaSens_PM.c ****             PWM_WaSens_WriteCounter(PWM_WaSens_backup.PWMUdb);
  79              		.loc 1 95 0
  80 000a 6078     		ldrb	r0, [r4, #1]	@ zero_extendqisi2
  81 000c FFF7FEFF 		bl	PWM_WaSens_WriteCounter
  82              	.LVL3:
  96:Generated_Source\PSoC5/PWM_WaSens_PM.c **** 
  97:Generated_Source\PSoC5/PWM_WaSens_PM.c ****             #if (PWM_WaSens_UseStatus)
  98:Generated_Source\PSoC5/PWM_WaSens_PM.c ****                 PWM_WaSens_STATUS_MASK = PWM_WaSens_backup.InterruptMaskValue;
  83              		.loc 1 98 0
  84 0010 E278     		ldrb	r2, [r4, #3]	@ zero_extendqisi2
  85 0012 024B     		ldr	r3, .L7+4
  86 0014 1A70     		strb	r2, [r3]
  87 0016 10BD     		pop	{r4, pc}
  88              	.L8:
  89              		.align	2
  90              	.L7:
  91 0018 00000000 		.word	.LANCHOR0
  92 001c 86640040 		.word	1073767558
  93              		.cfi_endproc
  94              	.LFE1:
  95              		.size	PWM_WaSens_RestoreConfig, .-PWM_WaSens_RestoreConfig
  96              		.section	.text.PWM_WaSens_Sleep,"ax",%progbits
  97              		.align	2
  98              		.global	PWM_WaSens_Sleep
  99              		.thumb
 100              		.thumb_func
 101              		.type	PWM_WaSens_Sleep, %function
 102              	PWM_WaSens_Sleep:
 103              	.LFB2:
  99:Generated_Source\PSoC5/PWM_WaSens_PM.c ****             #endif /* (PWM_WaSens_UseStatus) */
 100:Generated_Source\PSoC5/PWM_WaSens_PM.c **** 
 101:Generated_Source\PSoC5/PWM_WaSens_PM.c ****             #if(PWM_WaSens_DeadBandMode == PWM_WaSens__B_PWM__DBM_256_CLOCKS || \
 102:Generated_Source\PSoC5/PWM_WaSens_PM.c ****                 PWM_WaSens_DeadBandMode == PWM_WaSens__B_PWM__DBM_2_4_CLOCKS)
 103:Generated_Source\PSoC5/PWM_WaSens_PM.c ****                 PWM_WaSens_WriteDeadTime(PWM_WaSens_backup.PWMdeadBandValue);
 104:Generated_Source\PSoC5/PWM_WaSens_PM.c ****             #endif /* deadband count is either 2-4 clocks or 256 clocks */
 105:Generated_Source\PSoC5/PWM_WaSens_PM.c **** 
 106:Generated_Source\PSoC5/PWM_WaSens_PM.c ****             #if(PWM_WaSens_KillModeMinTime)
 107:Generated_Source\PSoC5/PWM_WaSens_PM.c ****                 PWM_WaSens_WriteKillTime(PWM_WaSens_backup.PWMKillCounterPeriod);
 108:Generated_Source\PSoC5/PWM_WaSens_PM.c ****             #endif /* (PWM_WaSens_KillModeMinTime) */
 109:Generated_Source\PSoC5/PWM_WaSens_PM.c **** 
 110:Generated_Source\PSoC5/PWM_WaSens_PM.c ****             #if(PWM_WaSens_UseControl)
 111:Generated_Source\PSoC5/PWM_WaSens_PM.c ****                 PWM_WaSens_WriteControlRegister(PWM_WaSens_backup.PWMControlRegister);
 112:Generated_Source\PSoC5/PWM_WaSens_PM.c ****             #endif /* (PWM_WaSens_UseControl) */
 113:Generated_Source\PSoC5/PWM_WaSens_PM.c ****         #endif  /* (!PWM_WaSens_UsingFixedFunction) */
 114:Generated_Source\PSoC5/PWM_WaSens_PM.c ****     }
 115:Generated_Source\PSoC5/PWM_WaSens_PM.c **** 
 116:Generated_Source\PSoC5/PWM_WaSens_PM.c **** 
 117:Generated_Source\PSoC5/PWM_WaSens_PM.c **** /*******************************************************************************
 118:Generated_Source\PSoC5/PWM_WaSens_PM.c **** * Function Name: PWM_WaSens_Sleep
 119:Generated_Source\PSoC5/PWM_WaSens_PM.c **** ********************************************************************************
 120:Generated_Source\PSoC5/PWM_WaSens_PM.c **** *
 121:Generated_Source\PSoC5/PWM_WaSens_PM.c **** * Summary:
 122:Generated_Source\PSoC5/PWM_WaSens_PM.c **** *  Disables block's operation and saves the user configuration. Should be called
 123:Generated_Source\PSoC5/PWM_WaSens_PM.c **** *  just prior to entering sleep.
 124:Generated_Source\PSoC5/PWM_WaSens_PM.c **** *
 125:Generated_Source\PSoC5/PWM_WaSens_PM.c **** * Parameters:
ARM GAS  C:\Users\Lasse\AppData\Local\Temp\ccUqAurH.s 			page 5


 126:Generated_Source\PSoC5/PWM_WaSens_PM.c **** *  None
 127:Generated_Source\PSoC5/PWM_WaSens_PM.c **** *
 128:Generated_Source\PSoC5/PWM_WaSens_PM.c **** * Return:
 129:Generated_Source\PSoC5/PWM_WaSens_PM.c **** *  None
 130:Generated_Source\PSoC5/PWM_WaSens_PM.c **** *
 131:Generated_Source\PSoC5/PWM_WaSens_PM.c **** * Global variables:
 132:Generated_Source\PSoC5/PWM_WaSens_PM.c **** *  PWM_WaSens_backup.PWMEnableState:  Is modified depending on the enable
 133:Generated_Source\PSoC5/PWM_WaSens_PM.c **** *  state of the block before entering sleep mode.
 134:Generated_Source\PSoC5/PWM_WaSens_PM.c **** *
 135:Generated_Source\PSoC5/PWM_WaSens_PM.c **** *******************************************************************************/
 136:Generated_Source\PSoC5/PWM_WaSens_PM.c **** void PWM_WaSens_Sleep(void) 
 137:Generated_Source\PSoC5/PWM_WaSens_PM.c **** {
 104              		.loc 1 137 0
 105              		.cfi_startproc
 106              		@ args = 0, pretend = 0, frame = 0
 107              		@ frame_needed = 0, uses_anonymous_args = 0
 108 0000 08B5     		push	{r3, lr}
 109              		.cfi_def_cfa_offset 8
 110              		.cfi_offset 3, -8
 111              		.cfi_offset 14, -4
 138:Generated_Source\PSoC5/PWM_WaSens_PM.c ****     #if(PWM_WaSens_UseControl)
 139:Generated_Source\PSoC5/PWM_WaSens_PM.c ****         if(PWM_WaSens_CTRL_ENABLE == (PWM_WaSens_CONTROL & PWM_WaSens_CTRL_ENABLE))
 140:Generated_Source\PSoC5/PWM_WaSens_PM.c ****         {
 141:Generated_Source\PSoC5/PWM_WaSens_PM.c ****             /*Component is enabled */
 142:Generated_Source\PSoC5/PWM_WaSens_PM.c ****             PWM_WaSens_backup.PWMEnableState = 1u;
 143:Generated_Source\PSoC5/PWM_WaSens_PM.c ****         }
 144:Generated_Source\PSoC5/PWM_WaSens_PM.c ****         else
 145:Generated_Source\PSoC5/PWM_WaSens_PM.c ****         {
 146:Generated_Source\PSoC5/PWM_WaSens_PM.c ****             /* Component is disabled */
 147:Generated_Source\PSoC5/PWM_WaSens_PM.c ****             PWM_WaSens_backup.PWMEnableState = 0u;
 148:Generated_Source\PSoC5/PWM_WaSens_PM.c ****         }
 149:Generated_Source\PSoC5/PWM_WaSens_PM.c ****     #endif /* (PWM_WaSens_UseControl) */
 150:Generated_Source\PSoC5/PWM_WaSens_PM.c **** 
 151:Generated_Source\PSoC5/PWM_WaSens_PM.c ****     /* Stop component */
 152:Generated_Source\PSoC5/PWM_WaSens_PM.c ****     PWM_WaSens_Stop();
 112              		.loc 1 152 0
 113 0002 FFF7FEFF 		bl	PWM_WaSens_Stop
 114              	.LVL4:
 153:Generated_Source\PSoC5/PWM_WaSens_PM.c **** 
 154:Generated_Source\PSoC5/PWM_WaSens_PM.c ****     /* Save registers configuration */
 155:Generated_Source\PSoC5/PWM_WaSens_PM.c ****     PWM_WaSens_SaveConfig();
 115              		.loc 1 155 0
 116 0006 FFF7FEFF 		bl	PWM_WaSens_SaveConfig
 117              	.LVL5:
 118 000a 08BD     		pop	{r3, pc}
 119              		.cfi_endproc
 120              	.LFE2:
 121              		.size	PWM_WaSens_Sleep, .-PWM_WaSens_Sleep
 122              		.section	.text.PWM_WaSens_Wakeup,"ax",%progbits
 123              		.align	2
 124              		.global	PWM_WaSens_Wakeup
 125              		.thumb
 126              		.thumb_func
 127              		.type	PWM_WaSens_Wakeup, %function
 128              	PWM_WaSens_Wakeup:
 129              	.LFB3:
 156:Generated_Source\PSoC5/PWM_WaSens_PM.c **** }
ARM GAS  C:\Users\Lasse\AppData\Local\Temp\ccUqAurH.s 			page 6


 157:Generated_Source\PSoC5/PWM_WaSens_PM.c **** 
 158:Generated_Source\PSoC5/PWM_WaSens_PM.c **** 
 159:Generated_Source\PSoC5/PWM_WaSens_PM.c **** /*******************************************************************************
 160:Generated_Source\PSoC5/PWM_WaSens_PM.c **** * Function Name: PWM_WaSens_Wakeup
 161:Generated_Source\PSoC5/PWM_WaSens_PM.c **** ********************************************************************************
 162:Generated_Source\PSoC5/PWM_WaSens_PM.c **** *
 163:Generated_Source\PSoC5/PWM_WaSens_PM.c **** * Summary:
 164:Generated_Source\PSoC5/PWM_WaSens_PM.c **** *  Restores and enables the user configuration. Should be called just after
 165:Generated_Source\PSoC5/PWM_WaSens_PM.c **** *  awaking from sleep.
 166:Generated_Source\PSoC5/PWM_WaSens_PM.c **** *
 167:Generated_Source\PSoC5/PWM_WaSens_PM.c **** * Parameters:
 168:Generated_Source\PSoC5/PWM_WaSens_PM.c **** *  None
 169:Generated_Source\PSoC5/PWM_WaSens_PM.c **** *
 170:Generated_Source\PSoC5/PWM_WaSens_PM.c **** * Return:
 171:Generated_Source\PSoC5/PWM_WaSens_PM.c **** *  None
 172:Generated_Source\PSoC5/PWM_WaSens_PM.c **** *
 173:Generated_Source\PSoC5/PWM_WaSens_PM.c **** * Global variables:
 174:Generated_Source\PSoC5/PWM_WaSens_PM.c **** *  PWM_WaSens_backup.pwmEnable:  Is used to restore the enable state of
 175:Generated_Source\PSoC5/PWM_WaSens_PM.c **** *  block on wakeup from sleep mode.
 176:Generated_Source\PSoC5/PWM_WaSens_PM.c **** *
 177:Generated_Source\PSoC5/PWM_WaSens_PM.c **** *******************************************************************************/
 178:Generated_Source\PSoC5/PWM_WaSens_PM.c **** void PWM_WaSens_Wakeup(void) 
 179:Generated_Source\PSoC5/PWM_WaSens_PM.c **** {
 130              		.loc 1 179 0
 131              		.cfi_startproc
 132              		@ args = 0, pretend = 0, frame = 0
 133              		@ frame_needed = 0, uses_anonymous_args = 0
 134 0000 08B5     		push	{r3, lr}
 135              		.cfi_def_cfa_offset 8
 136              		.cfi_offset 3, -8
 137              		.cfi_offset 14, -4
 180:Generated_Source\PSoC5/PWM_WaSens_PM.c ****      /* Restore registers values */
 181:Generated_Source\PSoC5/PWM_WaSens_PM.c ****     PWM_WaSens_RestoreConfig();
 138              		.loc 1 181 0
 139 0002 FFF7FEFF 		bl	PWM_WaSens_RestoreConfig
 140              	.LVL6:
 182:Generated_Source\PSoC5/PWM_WaSens_PM.c **** 
 183:Generated_Source\PSoC5/PWM_WaSens_PM.c ****     if(PWM_WaSens_backup.PWMEnableState != 0u)
 141              		.loc 1 183 0
 142 0006 034B     		ldr	r3, .L14
 143 0008 1B78     		ldrb	r3, [r3]	@ zero_extendqisi2
 144 000a 0BB1     		cbz	r3, .L11
 184:Generated_Source\PSoC5/PWM_WaSens_PM.c ****     {
 185:Generated_Source\PSoC5/PWM_WaSens_PM.c ****         /* Enable component's operation */
 186:Generated_Source\PSoC5/PWM_WaSens_PM.c ****         PWM_WaSens_Enable();
 145              		.loc 1 186 0
 146 000c FFF7FEFF 		bl	PWM_WaSens_Enable
 147              	.LVL7:
 148              	.L11:
 149 0010 08BD     		pop	{r3, pc}
 150              	.L15:
 151 0012 00BF     		.align	2
 152              	.L14:
 153 0014 00000000 		.word	.LANCHOR0
 154              		.cfi_endproc
 155              	.LFE3:
 156              		.size	PWM_WaSens_Wakeup, .-PWM_WaSens_Wakeup
ARM GAS  C:\Users\Lasse\AppData\Local\Temp\ccUqAurH.s 			page 7


 157              		.bss
 158              		.align	2
 159              		.set	.LANCHOR0,. + 0
 160              		.type	PWM_WaSens_backup, %object
 161              		.size	PWM_WaSens_backup, 4
 162              	PWM_WaSens_backup:
 163 0000 00000000 		.space	4
 164              		.text
 165              	.Letext0:
 166              		.file 2 "Generated_Source\\PSoC5\\cytypes.h"
 167              		.file 3 "Generated_Source\\PSoC5\\PWM_WaSens.h"
 168              		.section	.debug_info,"",%progbits
 169              	.Ldebug_info0:
 170 0000 DF010000 		.4byte	0x1df
 171 0004 0400     		.2byte	0x4
 172 0006 00000000 		.4byte	.Ldebug_abbrev0
 173 000a 04       		.byte	0x4
 174 000b 01       		.uleb128 0x1
 175 000c 4E000000 		.4byte	.LASF31
 176 0010 0C       		.byte	0xc
 177 0011 1B010000 		.4byte	.LASF32
 178 0015 9E010000 		.4byte	.LASF33
 179 0019 00000000 		.4byte	.Ldebug_ranges0+0
 180 001d 00000000 		.4byte	0
 181 0021 00000000 		.4byte	.Ldebug_line0
 182 0025 02       		.uleb128 0x2
 183 0026 01       		.byte	0x1
 184 0027 06       		.byte	0x6
 185 0028 BF020000 		.4byte	.LASF0
 186 002c 02       		.uleb128 0x2
 187 002d 01       		.byte	0x1
 188 002e 08       		.byte	0x8
 189 002f 40000000 		.4byte	.LASF1
 190 0033 02       		.uleb128 0x2
 191 0034 02       		.byte	0x2
 192 0035 05       		.byte	0x5
 193 0036 49010000 		.4byte	.LASF2
 194 003a 02       		.uleb128 0x2
 195 003b 02       		.byte	0x2
 196 003c 07       		.byte	0x7
 197 003d 11000000 		.4byte	.LASF3
 198 0041 02       		.uleb128 0x2
 199 0042 04       		.byte	0x4
 200 0043 05       		.byte	0x5
 201 0044 8C020000 		.4byte	.LASF4
 202 0048 02       		.uleb128 0x2
 203 0049 04       		.byte	0x4
 204 004a 07       		.byte	0x7
 205 004b 03010000 		.4byte	.LASF5
 206 004f 02       		.uleb128 0x2
 207 0050 08       		.byte	0x8
 208 0051 05       		.byte	0x5
 209 0052 26020000 		.4byte	.LASF6
 210 0056 02       		.uleb128 0x2
 211 0057 08       		.byte	0x8
 212 0058 07       		.byte	0x7
 213 0059 87010000 		.4byte	.LASF7
ARM GAS  C:\Users\Lasse\AppData\Local\Temp\ccUqAurH.s 			page 8


 214 005d 03       		.uleb128 0x3
 215 005e 04       		.byte	0x4
 216 005f 05       		.byte	0x5
 217 0060 696E7400 		.ascii	"int\000"
 218 0064 02       		.uleb128 0x2
 219 0065 04       		.byte	0x4
 220 0066 07       		.byte	0x7
 221 0067 7A010000 		.4byte	.LASF8
 222 006b 04       		.uleb128 0x4
 223 006c 15010000 		.4byte	.LASF12
 224 0070 02       		.byte	0x2
 225 0071 E401     		.2byte	0x1e4
 226 0073 2C000000 		.4byte	0x2c
 227 0077 02       		.uleb128 0x2
 228 0078 04       		.byte	0x4
 229 0079 04       		.byte	0x4
 230 007a 24000000 		.4byte	.LASF9
 231 007e 02       		.uleb128 0x2
 232 007f 08       		.byte	0x8
 233 0080 04       		.byte	0x4
 234 0081 42010000 		.4byte	.LASF10
 235 0085 02       		.uleb128 0x2
 236 0086 01       		.byte	0x1
 237 0087 08       		.byte	0x8
 238 0088 4B020000 		.4byte	.LASF11
 239 008c 04       		.uleb128 0x4
 240 008d 0C020000 		.4byte	.LASF13
 241 0091 02       		.byte	0x2
 242 0092 8E02     		.2byte	0x28e
 243 0094 98000000 		.4byte	0x98
 244 0098 05       		.uleb128 0x5
 245 0099 6B000000 		.4byte	0x6b
 246 009d 02       		.uleb128 0x2
 247 009e 08       		.byte	0x8
 248 009f 04       		.byte	0x4
 249 00a0 11020000 		.4byte	.LASF14
 250 00a4 02       		.uleb128 0x2
 251 00a5 04       		.byte	0x4
 252 00a6 07       		.byte	0x7
 253 00a7 1D020000 		.4byte	.LASF15
 254 00ab 06       		.uleb128 0x6
 255 00ac 04       		.byte	0x4
 256 00ad 03       		.byte	0x3
 257 00ae 6B       		.byte	0x6b
 258 00af E4000000 		.4byte	0xe4
 259 00b3 07       		.uleb128 0x7
 260 00b4 F4000000 		.4byte	.LASF16
 261 00b8 03       		.byte	0x3
 262 00b9 6E       		.byte	0x6e
 263 00ba 6B000000 		.4byte	0x6b
 264 00be 00       		.byte	0
 265 00bf 07       		.uleb128 0x7
 266 00c0 00000000 		.4byte	.LASF17
 267 00c4 03       		.byte	0x3
 268 00c5 71       		.byte	0x71
 269 00c6 6B000000 		.4byte	0x6b
 270 00ca 01       		.byte	0x1
ARM GAS  C:\Users\Lasse\AppData\Local\Temp\ccUqAurH.s 			page 9


 271 00cb 07       		.uleb128 0x7
 272 00cc 07000000 		.4byte	.LASF18
 273 00d0 03       		.byte	0x3
 274 00d1 73       		.byte	0x73
 275 00d2 6B000000 		.4byte	0x6b
 276 00d6 02       		.byte	0x2
 277 00d7 07       		.uleb128 0x7
 278 00d8 F3020000 		.4byte	.LASF19
 279 00dc 03       		.byte	0x3
 280 00dd 76       		.byte	0x76
 281 00de 6B000000 		.4byte	0x6b
 282 00e2 03       		.byte	0x3
 283 00e3 00       		.byte	0
 284 00e4 08       		.uleb128 0x8
 285 00e5 DC000000 		.4byte	.LASF20
 286 00e9 03       		.byte	0x3
 287 00ea 8B       		.byte	0x8b
 288 00eb AB000000 		.4byte	0xab
 289 00ef 09       		.uleb128 0x9
 290 00f0 DD020000 		.4byte	.LASF21
 291 00f4 01       		.byte	0x1
 292 00f5 2A       		.byte	0x2a
 293 00f6 00000000 		.4byte	.LFB0
 294 00fa 20000000 		.4byte	.LFE0-.LFB0
 295 00fe 01       		.uleb128 0x1
 296 00ff 9C       		.byte	0x9c
 297 0100 17010000 		.4byte	0x117
 298 0104 0A       		.uleb128 0xa
 299 0105 06000000 		.4byte	.LVL0
 300 0109 A0010000 		.4byte	0x1a0
 301 010d 0A       		.uleb128 0xa
 302 010e 0E000000 		.4byte	.LVL1
 303 0112 AB010000 		.4byte	0x1ab
 304 0116 00       		.byte	0
 305 0117 09       		.uleb128 0x9
 306 0118 61020000 		.4byte	.LASF22
 307 011c 01       		.byte	0x1
 308 011d 58       		.byte	0x58
 309 011e 00000000 		.4byte	.LFB1
 310 0122 20000000 		.4byte	.LFE1-.LFB1
 311 0126 01       		.uleb128 0x1
 312 0127 9C       		.byte	0x9c
 313 0128 3F010000 		.4byte	0x13f
 314 012c 0A       		.uleb128 0xa
 315 012d 0A000000 		.4byte	.LVL2
 316 0131 B6010000 		.4byte	0x1b6
 317 0135 0A       		.uleb128 0xa
 318 0136 10000000 		.4byte	.LVL3
 319 013a C1010000 		.4byte	0x1c1
 320 013e 00       		.byte	0
 321 013f 09       		.uleb128 0x9
 322 0140 50020000 		.4byte	.LASF23
 323 0144 01       		.byte	0x1
 324 0145 88       		.byte	0x88
 325 0146 00000000 		.4byte	.LFB2
 326 014a 0C000000 		.4byte	.LFE2-.LFB2
 327 014e 01       		.uleb128 0x1
ARM GAS  C:\Users\Lasse\AppData\Local\Temp\ccUqAurH.s 			page 10


 328 014f 9C       		.byte	0x9c
 329 0150 67010000 		.4byte	0x167
 330 0154 0A       		.uleb128 0xa
 331 0155 06000000 		.4byte	.LVL4
 332 0159 CC010000 		.4byte	0x1cc
 333 015d 0A       		.uleb128 0xa
 334 015e 0A000000 		.4byte	.LVL5
 335 0162 EF000000 		.4byte	0xef
 336 0166 00       		.byte	0
 337 0167 09       		.uleb128 0x9
 338 0168 AD020000 		.4byte	.LASF24
 339 016c 01       		.byte	0x1
 340 016d B2       		.byte	0xb2
 341 016e 00000000 		.4byte	.LFB3
 342 0172 18000000 		.4byte	.LFE3-.LFB3
 343 0176 01       		.uleb128 0x1
 344 0177 9C       		.byte	0x9c
 345 0178 8F010000 		.4byte	0x18f
 346 017c 0A       		.uleb128 0xa
 347 017d 06000000 		.4byte	.LVL6
 348 0181 17010000 		.4byte	0x117
 349 0185 0A       		.uleb128 0xa
 350 0186 10000000 		.4byte	.LVL7
 351 018a D7010000 		.4byte	0x1d7
 352 018e 00       		.byte	0
 353 018f 0B       		.uleb128 0xb
 354 0190 7A020000 		.4byte	.LASF34
 355 0194 01       		.byte	0x1
 356 0195 14       		.byte	0x14
 357 0196 E4000000 		.4byte	0xe4
 358 019a 05       		.uleb128 0x5
 359 019b 03       		.byte	0x3
 360 019c 00000000 		.4byte	PWM_WaSens_backup
 361 01a0 0C       		.uleb128 0xc
 362 01a1 2A000000 		.4byte	.LASF25
 363 01a5 2A000000 		.4byte	.LASF25
 364 01a9 03       		.byte	0x3
 365 01aa C0       		.byte	0xc0
 366 01ab 0C       		.uleb128 0xc
 367 01ac 63010000 		.4byte	.LASF26
 368 01b0 63010000 		.4byte	.LASF26
 369 01b4 03       		.byte	0x3
 370 01b5 B3       		.byte	0xb3
 371 01b6 0C       		.uleb128 0xc
 372 01b7 34020000 		.4byte	.LASF27
 373 01bb 34020000 		.4byte	.LASF27
 374 01bf 03       		.byte	0x3
 375 01c0 BE       		.byte	0xbe
 376 01c1 0C       		.uleb128 0xc
 377 01c2 95020000 		.4byte	.LASF28
 378 01c6 95020000 		.4byte	.LASF28
 379 01ca 03       		.byte	0x3
 380 01cb BA       		.byte	0xba
 381 01cc 0C       		.uleb128 0xc
 382 01cd 53010000 		.4byte	.LASF29
 383 01d1 53010000 		.4byte	.LASF29
 384 01d5 03       		.byte	0x3
ARM GAS  C:\Users\Lasse\AppData\Local\Temp\ccUqAurH.s 			page 11


 385 01d6 93       		.byte	0x93
 386 01d7 0C       		.uleb128 0xc
 387 01d8 CB020000 		.4byte	.LASF30
 388 01dc CB020000 		.4byte	.LASF30
 389 01e0 03       		.byte	0x3
 390 01e1 DB       		.byte	0xdb
 391 01e2 00       		.byte	0
 392              		.section	.debug_abbrev,"",%progbits
 393              	.Ldebug_abbrev0:
 394 0000 01       		.uleb128 0x1
 395 0001 11       		.uleb128 0x11
 396 0002 01       		.byte	0x1
 397 0003 25       		.uleb128 0x25
 398 0004 0E       		.uleb128 0xe
 399 0005 13       		.uleb128 0x13
 400 0006 0B       		.uleb128 0xb
 401 0007 03       		.uleb128 0x3
 402 0008 0E       		.uleb128 0xe
 403 0009 1B       		.uleb128 0x1b
 404 000a 0E       		.uleb128 0xe
 405 000b 55       		.uleb128 0x55
 406 000c 17       		.uleb128 0x17
 407 000d 11       		.uleb128 0x11
 408 000e 01       		.uleb128 0x1
 409 000f 10       		.uleb128 0x10
 410 0010 17       		.uleb128 0x17
 411 0011 00       		.byte	0
 412 0012 00       		.byte	0
 413 0013 02       		.uleb128 0x2
 414 0014 24       		.uleb128 0x24
 415 0015 00       		.byte	0
 416 0016 0B       		.uleb128 0xb
 417 0017 0B       		.uleb128 0xb
 418 0018 3E       		.uleb128 0x3e
 419 0019 0B       		.uleb128 0xb
 420 001a 03       		.uleb128 0x3
 421 001b 0E       		.uleb128 0xe
 422 001c 00       		.byte	0
 423 001d 00       		.byte	0
 424 001e 03       		.uleb128 0x3
 425 001f 24       		.uleb128 0x24
 426 0020 00       		.byte	0
 427 0021 0B       		.uleb128 0xb
 428 0022 0B       		.uleb128 0xb
 429 0023 3E       		.uleb128 0x3e
 430 0024 0B       		.uleb128 0xb
 431 0025 03       		.uleb128 0x3
 432 0026 08       		.uleb128 0x8
 433 0027 00       		.byte	0
 434 0028 00       		.byte	0
 435 0029 04       		.uleb128 0x4
 436 002a 16       		.uleb128 0x16
 437 002b 00       		.byte	0
 438 002c 03       		.uleb128 0x3
 439 002d 0E       		.uleb128 0xe
 440 002e 3A       		.uleb128 0x3a
 441 002f 0B       		.uleb128 0xb
ARM GAS  C:\Users\Lasse\AppData\Local\Temp\ccUqAurH.s 			page 12


 442 0030 3B       		.uleb128 0x3b
 443 0031 05       		.uleb128 0x5
 444 0032 49       		.uleb128 0x49
 445 0033 13       		.uleb128 0x13
 446 0034 00       		.byte	0
 447 0035 00       		.byte	0
 448 0036 05       		.uleb128 0x5
 449 0037 35       		.uleb128 0x35
 450 0038 00       		.byte	0
 451 0039 49       		.uleb128 0x49
 452 003a 13       		.uleb128 0x13
 453 003b 00       		.byte	0
 454 003c 00       		.byte	0
 455 003d 06       		.uleb128 0x6
 456 003e 13       		.uleb128 0x13
 457 003f 01       		.byte	0x1
 458 0040 0B       		.uleb128 0xb
 459 0041 0B       		.uleb128 0xb
 460 0042 3A       		.uleb128 0x3a
 461 0043 0B       		.uleb128 0xb
 462 0044 3B       		.uleb128 0x3b
 463 0045 0B       		.uleb128 0xb
 464 0046 01       		.uleb128 0x1
 465 0047 13       		.uleb128 0x13
 466 0048 00       		.byte	0
 467 0049 00       		.byte	0
 468 004a 07       		.uleb128 0x7
 469 004b 0D       		.uleb128 0xd
 470 004c 00       		.byte	0
 471 004d 03       		.uleb128 0x3
 472 004e 0E       		.uleb128 0xe
 473 004f 3A       		.uleb128 0x3a
 474 0050 0B       		.uleb128 0xb
 475 0051 3B       		.uleb128 0x3b
 476 0052 0B       		.uleb128 0xb
 477 0053 49       		.uleb128 0x49
 478 0054 13       		.uleb128 0x13
 479 0055 38       		.uleb128 0x38
 480 0056 0B       		.uleb128 0xb
 481 0057 00       		.byte	0
 482 0058 00       		.byte	0
 483 0059 08       		.uleb128 0x8
 484 005a 16       		.uleb128 0x16
 485 005b 00       		.byte	0
 486 005c 03       		.uleb128 0x3
 487 005d 0E       		.uleb128 0xe
 488 005e 3A       		.uleb128 0x3a
 489 005f 0B       		.uleb128 0xb
 490 0060 3B       		.uleb128 0x3b
 491 0061 0B       		.uleb128 0xb
 492 0062 49       		.uleb128 0x49
 493 0063 13       		.uleb128 0x13
 494 0064 00       		.byte	0
 495 0065 00       		.byte	0
 496 0066 09       		.uleb128 0x9
 497 0067 2E       		.uleb128 0x2e
 498 0068 01       		.byte	0x1
ARM GAS  C:\Users\Lasse\AppData\Local\Temp\ccUqAurH.s 			page 13


 499 0069 3F       		.uleb128 0x3f
 500 006a 19       		.uleb128 0x19
 501 006b 03       		.uleb128 0x3
 502 006c 0E       		.uleb128 0xe
 503 006d 3A       		.uleb128 0x3a
 504 006e 0B       		.uleb128 0xb
 505 006f 3B       		.uleb128 0x3b
 506 0070 0B       		.uleb128 0xb
 507 0071 27       		.uleb128 0x27
 508 0072 19       		.uleb128 0x19
 509 0073 11       		.uleb128 0x11
 510 0074 01       		.uleb128 0x1
 511 0075 12       		.uleb128 0x12
 512 0076 06       		.uleb128 0x6
 513 0077 40       		.uleb128 0x40
 514 0078 18       		.uleb128 0x18
 515 0079 9742     		.uleb128 0x2117
 516 007b 19       		.uleb128 0x19
 517 007c 01       		.uleb128 0x1
 518 007d 13       		.uleb128 0x13
 519 007e 00       		.byte	0
 520 007f 00       		.byte	0
 521 0080 0A       		.uleb128 0xa
 522 0081 898201   		.uleb128 0x4109
 523 0084 00       		.byte	0
 524 0085 11       		.uleb128 0x11
 525 0086 01       		.uleb128 0x1
 526 0087 31       		.uleb128 0x31
 527 0088 13       		.uleb128 0x13
 528 0089 00       		.byte	0
 529 008a 00       		.byte	0
 530 008b 0B       		.uleb128 0xb
 531 008c 34       		.uleb128 0x34
 532 008d 00       		.byte	0
 533 008e 03       		.uleb128 0x3
 534 008f 0E       		.uleb128 0xe
 535 0090 3A       		.uleb128 0x3a
 536 0091 0B       		.uleb128 0xb
 537 0092 3B       		.uleb128 0x3b
 538 0093 0B       		.uleb128 0xb
 539 0094 49       		.uleb128 0x49
 540 0095 13       		.uleb128 0x13
 541 0096 02       		.uleb128 0x2
 542 0097 18       		.uleb128 0x18
 543 0098 00       		.byte	0
 544 0099 00       		.byte	0
 545 009a 0C       		.uleb128 0xc
 546 009b 2E       		.uleb128 0x2e
 547 009c 00       		.byte	0
 548 009d 3F       		.uleb128 0x3f
 549 009e 19       		.uleb128 0x19
 550 009f 3C       		.uleb128 0x3c
 551 00a0 19       		.uleb128 0x19
 552 00a1 6E       		.uleb128 0x6e
 553 00a2 0E       		.uleb128 0xe
 554 00a3 03       		.uleb128 0x3
 555 00a4 0E       		.uleb128 0xe
ARM GAS  C:\Users\Lasse\AppData\Local\Temp\ccUqAurH.s 			page 14


 556 00a5 3A       		.uleb128 0x3a
 557 00a6 0B       		.uleb128 0xb
 558 00a7 3B       		.uleb128 0x3b
 559 00a8 0B       		.uleb128 0xb
 560 00a9 00       		.byte	0
 561 00aa 00       		.byte	0
 562 00ab 00       		.byte	0
 563              		.section	.debug_aranges,"",%progbits
 564 0000 34000000 		.4byte	0x34
 565 0004 0200     		.2byte	0x2
 566 0006 00000000 		.4byte	.Ldebug_info0
 567 000a 04       		.byte	0x4
 568 000b 00       		.byte	0
 569 000c 0000     		.2byte	0
 570 000e 0000     		.2byte	0
 571 0010 00000000 		.4byte	.LFB0
 572 0014 20000000 		.4byte	.LFE0-.LFB0
 573 0018 00000000 		.4byte	.LFB1
 574 001c 20000000 		.4byte	.LFE1-.LFB1
 575 0020 00000000 		.4byte	.LFB2
 576 0024 0C000000 		.4byte	.LFE2-.LFB2
 577 0028 00000000 		.4byte	.LFB3
 578 002c 18000000 		.4byte	.LFE3-.LFB3
 579 0030 00000000 		.4byte	0
 580 0034 00000000 		.4byte	0
 581              		.section	.debug_ranges,"",%progbits
 582              	.Ldebug_ranges0:
 583 0000 00000000 		.4byte	.LFB0
 584 0004 20000000 		.4byte	.LFE0
 585 0008 00000000 		.4byte	.LFB1
 586 000c 20000000 		.4byte	.LFE1
 587 0010 00000000 		.4byte	.LFB2
 588 0014 0C000000 		.4byte	.LFE2
 589 0018 00000000 		.4byte	.LFB3
 590 001c 18000000 		.4byte	.LFE3
 591 0020 00000000 		.4byte	0
 592 0024 00000000 		.4byte	0
 593              		.section	.debug_line,"",%progbits
 594              	.Ldebug_line0:
 595 0000 AC000000 		.section	.debug_str,"MS",%progbits,1
 595      02005A00 
 595      00000201 
 595      FB0E0D00 
 595      01010101 
 596              	.LASF17:
 597 0000 50574D55 		.ascii	"PWMUdb\000"
 597      646200
 598              	.LASF18:
 599 0007 50574D50 		.ascii	"PWMPeriod\000"
 599      6572696F 
 599      6400
 600              	.LASF3:
 601 0011 73686F72 		.ascii	"short unsigned int\000"
 601      7420756E 
 601      7369676E 
 601      65642069 
 601      6E7400
ARM GAS  C:\Users\Lasse\AppData\Local\Temp\ccUqAurH.s 			page 15


 602              	.LASF9:
 603 0024 666C6F61 		.ascii	"float\000"
 603      7400
 604              	.LASF25:
 605 002a 50574D5F 		.ascii	"PWM_WaSens_ReadPeriod\000"
 605      57615365 
 605      6E735F52 
 605      65616450 
 605      6572696F 
 606              	.LASF1:
 607 0040 756E7369 		.ascii	"unsigned char\000"
 607      676E6564 
 607      20636861 
 607      7200
 608              	.LASF31:
 609 004e 474E5520 		.ascii	"GNU C11 5.4.1 20160609 (release) [ARM/embedded-5-br"
 609      43313120 
 609      352E342E 
 609      31203230 
 609      31363036 
 610 0081 616E6368 		.ascii	"anch revision 237715] -mcpu=cortex-m3 -mthumb -g -O"
 610      20726576 
 610      6973696F 
 610      6E203233 
 610      37373135 
 611 00b4 67202D66 		.ascii	"g -ffunction-sections -ffat-lto-objects\000"
 611      66756E63 
 611      74696F6E 
 611      2D736563 
 611      74696F6E 
 612              	.LASF20:
 613 00dc 50574D5F 		.ascii	"PWM_WaSens_backupStruct\000"
 613      57615365 
 613      6E735F62 
 613      61636B75 
 613      70537472 
 614              	.LASF16:
 615 00f4 50574D45 		.ascii	"PWMEnableState\000"
 615      6E61626C 
 615      65537461 
 615      746500
 616              	.LASF5:
 617 0103 6C6F6E67 		.ascii	"long unsigned int\000"
 617      20756E73 
 617      69676E65 
 617      6420696E 
 617      7400
 618              	.LASF12:
 619 0115 75696E74 		.ascii	"uint8\000"
 619      3800
 620              	.LASF32:
 621 011b 47656E65 		.ascii	"Generated_Source\\PSoC5\\PWM_WaSens_PM.c\000"
 621      72617465 
 621      645F536F 
 621      75726365 
 621      5C50536F 
 622              	.LASF10:
ARM GAS  C:\Users\Lasse\AppData\Local\Temp\ccUqAurH.s 			page 16


 623 0142 646F7562 		.ascii	"double\000"
 623      6C6500
 624              	.LASF2:
 625 0149 73686F72 		.ascii	"short int\000"
 625      7420696E 
 625      7400
 626              	.LASF29:
 627 0153 50574D5F 		.ascii	"PWM_WaSens_Stop\000"
 627      57615365 
 627      6E735F53 
 627      746F7000 
 628              	.LASF26:
 629 0163 50574D5F 		.ascii	"PWM_WaSens_ReadCounter\000"
 629      57615365 
 629      6E735F52 
 629      65616443 
 629      6F756E74 
 630              	.LASF8:
 631 017a 756E7369 		.ascii	"unsigned int\000"
 631      676E6564 
 631      20696E74 
 631      00
 632              	.LASF7:
 633 0187 6C6F6E67 		.ascii	"long long unsigned int\000"
 633      206C6F6E 
 633      6720756E 
 633      7369676E 
 633      65642069 
 634              	.LASF33:
 635 019e 443A5C4F 		.ascii	"D:\\OneDrive - Aarhus Universitet\\Aarhus Universit"
 635      6E654472 
 635      69766520 
 635      2D204161 
 635      72687573 
 636 01cf 65745C45 		.ascii	"et\\E3\\E3PRJ\\I3E3PRJ_Repo\\PSoCcontroller\\PSoCco"
 636      335C4533 
 636      50524A5C 
 636      49334533 
 636      50524A5F 
 637 01fd 6E74726F 		.ascii	"ntroller.cydsn\000"
 637      6C6C6572 
 637      2E637964 
 637      736E00
 638              	.LASF13:
 639 020c 72656738 		.ascii	"reg8\000"
 639      00
 640              	.LASF14:
 641 0211 6C6F6E67 		.ascii	"long double\000"
 641      20646F75 
 641      626C6500 
 642              	.LASF15:
 643 021d 73697A65 		.ascii	"sizetype\000"
 643      74797065 
 643      00
 644              	.LASF6:
 645 0226 6C6F6E67 		.ascii	"long long int\000"
 645      206C6F6E 
ARM GAS  C:\Users\Lasse\AppData\Local\Temp\ccUqAurH.s 			page 17


 645      6720696E 
 645      7400
 646              	.LASF27:
 647 0234 50574D5F 		.ascii	"PWM_WaSens_WritePeriod\000"
 647      57615365 
 647      6E735F57 
 647      72697465 
 647      50657269 
 648              	.LASF11:
 649 024b 63686172 		.ascii	"char\000"
 649      00
 650              	.LASF23:
 651 0250 50574D5F 		.ascii	"PWM_WaSens_Sleep\000"
 651      57615365 
 651      6E735F53 
 651      6C656570 
 651      00
 652              	.LASF22:
 653 0261 50574D5F 		.ascii	"PWM_WaSens_RestoreConfig\000"
 653      57615365 
 653      6E735F52 
 653      6573746F 
 653      7265436F 
 654              	.LASF34:
 655 027a 50574D5F 		.ascii	"PWM_WaSens_backup\000"
 655      57615365 
 655      6E735F62 
 655      61636B75 
 655      7000
 656              	.LASF4:
 657 028c 6C6F6E67 		.ascii	"long int\000"
 657      20696E74 
 657      00
 658              	.LASF28:
 659 0295 50574D5F 		.ascii	"PWM_WaSens_WriteCounter\000"
 659      57615365 
 659      6E735F57 
 659      72697465 
 659      436F756E 
 660              	.LASF24:
 661 02ad 50574D5F 		.ascii	"PWM_WaSens_Wakeup\000"
 661      57615365 
 661      6E735F57 
 661      616B6575 
 661      7000
 662              	.LASF0:
 663 02bf 7369676E 		.ascii	"signed char\000"
 663      65642063 
 663      68617200 
 664              	.LASF30:
 665 02cb 50574D5F 		.ascii	"PWM_WaSens_Enable\000"
 665      57615365 
 665      6E735F45 
 665      6E61626C 
 665      6500
 666              	.LASF21:
 667 02dd 50574D5F 		.ascii	"PWM_WaSens_SaveConfig\000"
ARM GAS  C:\Users\Lasse\AppData\Local\Temp\ccUqAurH.s 			page 18


 667      57615365 
 667      6E735F53 
 667      61766543 
 667      6F6E6669 
 668              	.LASF19:
 669 02f3 496E7465 		.ascii	"InterruptMaskValue\000"
 669      72727570 
 669      744D6173 
 669      6B56616C 
 669      756500
 670              		.ident	"GCC: (GNU Tools for ARM Embedded Processors) 5.4.1 20160609 (release) [ARM/embedded-5-bran
